# corner: ff_125c_3.30v
# process=ff temp=125C supply=3.30V
# ngspice exit: 0
# wall clock: 32.0s (--timeout was 200s)
# result: PASS

# ==== deck (exact input given to ngspice) ====
| * temp-core-startup-en-delayed corner deck -- generated by sim/bin/corner-run.py, do not edit
| * corner: ff_125c_3.30v
| .param vsup=3.3
| .param tramp=100u
| .param ten_start=300u
| .param ten_end=350u
| .param tstop=10m
| .option wnflag=1
| .option method=gear
| .option trtol=50
| .temp 125
| .lib "/home/ubuntu/.volare/sky130A/libs.tech/combined/sky130.lib.spice" ff
| ** sch_path: sim/temp-core-startup-en-delayed/testbench/tb_temp_core_startup_en_delayed.sch
| **.subckt tb_temp_core_startup_en_delayed
| V1 VDD 0 PWL(0 0 'tramp' 'vsup' 'tstop' 'vsup')
| .save i(v1)
| V2 EN 0 PWL(0 0 'ten_start' 0 'ten_end' 'vsup' 'tstop' 'vsup')
| XBIAS VDD 0 IBIAS VREF BIAS_OK bias_core
| XDUT VDD 0 IBIAS EN PTAT CTAT temp_core
| **.ends
| 
| * expanding   symbol:  design/bias_core.sym # of pins=5
| ** sym_path: design/bias_core.sym
| ** sch_path: design/bias_core.sch
| .subckt bias_core VDD VSS IBIAS VREF BIAS_OK
| *.iopin VDD
| *.iopin VSS
| *.opin IBIAS
| *.opin VREF
| *.opin BIAS_OK
| XMP1 NA PG VDD VDD sky130_fd_pr__pfet_g5v0d10v5 L=4 W=8 nf=1 ad=2.32 as=2.32 pd=16.58 ps=16.58 nrd=0.03625 nrs=0.03625 sa=0 sb=0
| + sd=0 mult=1 m=1
| XMP2 NBTOP PG VDD VDD sky130_fd_pr__pfet_g5v0d10v5 L=4 W=8 nf=1 ad=2.32 as=2.32 pd=16.58 ps=16.58 nrd=0.03625 nrs=0.03625 sa=0
| + sb=0 sd=0 mult=1 m=1
| XMP3 VREF PG VDD VDD sky130_fd_pr__pfet_g5v0d10v5 L=4 W=8 nf=1 ad=2.32 as=2.32 pd=16.58 ps=16.58 nrd=0.03625 nrs=0.03625 sa=0 sb=0
| + sd=0 mult=1 m=1
| XMPBN NBG PG VDD VDD sky130_fd_pr__pfet_g5v0d10v5 L=4 W=2 nf=1 ad=0.58 as=0.58 pd=4.58 ps=4.58 nrd=0.145 nrs=0.145 sa=0 sb=0 sd=0
| + mult=1 m=1
| XQ1 VSS VSS NA sky130_fd_pr__pnp_05v5_W3p40L3p40 m=1 mult=1
| XRT NBTOP NB VSS sky130_fd_pr__res_xhigh_po W=2 L=17.5 mult=1 m=1
| XR1 NB EC VSS sky130_fd_pr__res_xhigh_po W=2 L=350.0 mult=1 m=1
| XQ8A VSS VSS EC sky130_fd_pr__pnp_05v5_W3p40L3p40 m=1 mult=1
| XQ8B VSS VSS EC sky130_fd_pr__pnp_05v5_W3p40L3p40 m=1 mult=1
| XQ8C VSS VSS EC sky130_fd_pr__pnp_05v5_W3p40L3p40 m=1 mult=1
| XQ8D VSS VSS EC sky130_fd_pr__pnp_05v5_W3p40L3p40 m=1 mult=1
| XQ8E VSS VSS EC sky130_fd_pr__pnp_05v5_W3p40L3p40 m=1 mult=1
| XQ8F VSS VSS EC sky130_fd_pr__pnp_05v5_W3p40L3p40 m=1 mult=1
| XQ8G VSS VSS EC sky130_fd_pr__pnp_05v5_W3p40L3p40 m=1 mult=1
| XQ8H VSS VSS EC sky130_fd_pr__pnp_05v5_W3p40L3p40 m=1 mult=1
| XR2 VREF ER VSS sky130_fd_pr__res_xhigh_po W=2 L=4104.0 mult=1 m=1
| XQR VSS VSS ER sky130_fd_pr__pnp_05v5_W3p40L3p40 m=1 mult=1
| XMBN NBG NBG VSS VSS sky130_fd_pr__nfet_g5v0d10v5 L=4 W=2 nf=1 ad=0.58 as=0.58 pd=4.58 ps=4.58 nrd=0.145 nrs=0.145 sa=0 sb=0 sd=0
| + mult=1 m=1
| XMBN2 PB NBG VSS VSS sky130_fd_pr__nfet_g5v0d10v5 L=4 W=2 nf=1 ad=0.58 as=0.58 pd=4.58 ps=4.58 nrd=0.145 nrs=0.145 sa=0 sb=0 sd=0
| + mult=1 m=1
| XMBP PB PB VDD VDD sky130_fd_pr__pfet_g5v0d10v5 L=4 W=2 nf=1 ad=0.58 as=0.58 pd=4.58 ps=4.58 nrd=0.145 nrs=0.145 sa=0 sb=0 sd=0
| + mult=1 m=1
| XMPIB IBIAS PB VDD VDD sky130_fd_pr__pfet_g5v0d10v5 L=4 W=40 nf=1 ad=11.6 as=11.6 pd=80.58 ps=80.58 nrd=0.00725 nrs=0.00725 sa=0
| + sb=0 sd=0 mult=1 m=1
| XMPT NT PB VDD VDD sky130_fd_pr__pfet_g5v0d10v5 L=4 W=2 nf=1 ad=0.58 as=0.58 pd=4.58 ps=4.58 nrd=0.145 nrs=0.145 sa=0 sb=0 sd=0
| + mult=1 m=1
| XMI1 N1 NA NT VDD sky130_fd_pr__pfet_g5v0d10v5 L=4 W=16 nf=1 ad=4.64 as=4.64 pd=32.58 ps=32.58 nrd=0.018125 nrs=0.018125 sa=0 sb=0
| + sd=0 mult=1 m=1
| XMI2 N2 NB NT VDD sky130_fd_pr__pfet_g5v0d10v5 L=4 W=16 nf=1 ad=4.64 as=4.64 pd=32.58 ps=32.58 nrd=0.018125 nrs=0.018125 sa=0 sb=0
| + sd=0 mult=1 m=1
| XML1 N1 N1 VSS VSS sky130_fd_pr__nfet_g5v0d10v5 L=8 W=4 nf=1 ad=1.16 as=1.16 pd=8.58 ps=8.58 nrd=0.0725 nrs=0.0725 sa=0 sb=0 sd=0
| + mult=1 m=1
| XML2 N2 N1 VSS VSS sky130_fd_pr__nfet_g5v0d10v5 L=8 W=4 nf=1 ad=1.16 as=1.16 pd=8.58 ps=8.58 nrd=0.0725 nrs=0.0725 sa=0 sb=0 sd=0
| + mult=1 m=1
| XMS2N PG N2 VSS VSS sky130_fd_pr__nfet_g5v0d10v5 L=8 W=8 nf=1 ad=2.32 as=2.32 pd=16.58 ps=16.58 nrd=0.03625 nrs=0.03625 sa=0 sb=0
| + sd=0 mult=1 m=1
| XMS2P PG PB VDD VDD sky130_fd_pr__pfet_g5v0d10v5 L=4 W=2 nf=1 ad=0.58 as=0.58 pd=4.58 ps=4.58 nrd=0.145 nrs=0.145 sa=0 sb=0 sd=0
| + mult=1 m=1
| XCC PG NZ sky130_fd_pr__cap_mim_m3_1 W=20 L=20 MF=1 m=1
| XRZ NZ N2 VSS sky130_fd_pr__res_xhigh_po W=2 L=1016.0 mult=1 m=1
| XKS0 VDD VDD KS1 VSS sky130_fd_pr__nfet_g5v0d10v5 L=8 W=1 nf=1 ad=0.29 as=0.29 pd=2.58 ps=2.58 nrd=0.29 nrs=0.29 sa=0 sb=0 sd=0
| + mult=1 m=1
| XKS1 KS1 KS1 KS2 VSS sky130_fd_pr__nfet_g5v0d10v5 L=8 W=1 nf=1 ad=0.29 as=0.29 pd=2.58 ps=2.58 nrd=0.29 nrs=0.29 sa=0 sb=0 sd=0
| + mult=1 m=1
| XKS2 KS2 KS2 KS3 VSS sky130_fd_pr__nfet_g5v0d10v5 L=8 W=1 nf=1 ad=0.29 as=0.29 pd=2.58 ps=2.58 nrd=0.29 nrs=0.29 sa=0 sb=0 sd=0
| + mult=1 m=1
| XKS3 KS3 KS3 KS4 VSS sky130_fd_pr__nfet_g5v0d10v5 L=8 W=1 nf=1 ad=0.29 as=0.29 pd=2.58 ps=2.58 nrd=0.29 nrs=0.29 sa=0 sb=0 sd=0
| + mult=1 m=1
| XKS4 KS4 KS4 NKG VSS sky130_fd_pr__nfet_g5v0d10v5 L=8 W=1 nf=1 ad=0.29 as=0.29 pd=2.58 ps=2.58 nrd=0.29 nrs=0.29 sa=0 sb=0 sd=0
| + mult=1 m=1
| XKA NKM PB VDD VDD sky130_fd_pr__pfet_g5v0d10v5 L=4 W=1 nf=1 ad=0.29 as=0.29 pd=2.58 ps=2.58 nrd=0.29 nrs=0.29 sa=0 sb=0 sd=0
| + mult=1 m=1
| XKAN NKM NKM VSS VSS sky130_fd_pr__nfet_g5v0d10v5 L=4 W=2 nf=1 ad=0.58 as=0.58 pd=4.58 ps=4.58 nrd=0.145 nrs=0.145 sa=0 sb=0 sd=0
| + mult=1 m=1
| XKPD NKG NKM VSS VSS sky130_fd_pr__nfet_g5v0d10v5 L=4 W=8 nf=1 ad=2.32 as=2.32 pd=16.58 ps=16.58 nrd=0.03625 nrs=0.03625 sa=0 sb=0
| + sd=0 mult=1 m=1
| XKICK PG NKG VSS VSS sky130_fd_pr__nfet_g5v0d10v5 L=4 W=1 nf=1 ad=0.29 as=0.29 pd=2.58 ps=2.58 nrd=0.29 nrs=0.29 sa=0 sb=0 sd=0
| + mult=1 m=1
| XMPOK TOK PB VDD VDD sky130_fd_pr__pfet_g5v0d10v5 L=4 W=1 nf=1 ad=0.29 as=0.29 pd=2.58 ps=2.58 nrd=0.29 nrs=0.29 sa=0 sb=0 sd=0
| + mult=1 m=1
| XMOKA NOKO NA TOK VDD sky130_fd_pr__pfet_g5v0d10v5 L=4 W=8 nf=1 ad=2.32 as=2.32 pd=16.58 ps=16.58 nrd=0.03625 nrs=0.03625 sa=0
| + sb=0 sd=0 mult=1 m=1
| XMOKB NOKL NBTOP TOK VDD sky130_fd_pr__pfet_g5v0d10v5 L=4 W=8 nf=1 ad=2.32 as=2.32 pd=16.58 ps=16.58 nrd=0.03625 nrs=0.03625 sa=0
| + sb=0 sd=0 mult=1 m=1
| XMOL1 NOKL NOKL VSS VSS sky130_fd_pr__nfet_g5v0d10v5 L=4 W=2 nf=1 ad=0.58 as=0.58 pd=4.58 ps=4.58 nrd=0.145 nrs=0.145 sa=0 sb=0
| + sd=0 mult=1 m=1
| XMOL2 NOKO NOKL VSS VSS sky130_fd_pr__nfet_g5v0d10v5 L=4 W=2 nf=1 ad=0.58 as=0.58 pd=4.58 ps=4.58 nrd=0.145 nrs=0.145 sa=0 sb=0
| + sd=0 mult=1 m=1
| XMOKC NOKO NKG VSS VSS sky130_fd_pr__nfet_g5v0d10v5 L=1 W=2 nf=1 ad=0.58 as=0.58 pd=4.58 ps=4.58 nrd=0.145 nrs=0.145 sa=0 sb=0
| + sd=0 mult=1 m=1
| XMOK2 NOKX NOKO VSS VSS sky130_fd_pr__nfet_g5v0d10v5 L=4 W=2 nf=1 ad=0.58 as=0.58 pd=4.58 ps=4.58 nrd=0.145 nrs=0.145 sa=0 sb=0
| + sd=0 mult=1 m=1
| XMOK2P NOKX PB VDD VDD sky130_fd_pr__pfet_g5v0d10v5 L=4 W=1 nf=1 ad=0.29 as=0.29 pd=2.58 ps=2.58 nrd=0.29 nrs=0.29 sa=0 sb=0 sd=0
| + mult=1 m=1
| XCOK VDD NOKX sky130_fd_pr__cap_mim_m3_1 W=6 L=6 MF=1 m=1
| XMO1P BIAS_OK NOKX VDD VDD sky130_fd_pr__pfet_g5v0d10v5 L=4 W=1 nf=1 ad=0.29 as=0.29 pd=2.58 ps=2.58 nrd=0.29 nrs=0.29 sa=0 sb=0
| + sd=0 mult=1 m=1
| XMO1N BIAS_OK NOKX VSS VSS sky130_fd_pr__nfet_g5v0d10v5 L=0.5 W=4 nf=1 ad=1.16 as=1.16 pd=8.58 ps=8.58 nrd=0.0725 nrs=0.0725 sa=0
| + sb=0 sd=0 mult=1 m=1
| .ends
| 
| 
| * expanding   symbol:  design/temp_core.sym # of pins=6
| ** sym_path: design/temp_core.sym
| ** sch_path: design/temp_core.sch
| .subckt temp_core VDD VSS IBIAS EN PTAT CTAT
| *.iopin VDD
| *.iopin VSS
| *.ipin IBIAS
| *.ipin EN
| *.opin PTAT
| *.opin CTAT
| XMBD IBIAS NBG VSS VSS sky130_fd_pr__nfet_g5v0d10v5 L=2 W=4 nf=1 ad=1.16 as=1.16 pd=8.58 ps=8.58 nrd=0.0725 nrs=0.0725 sa=0 sb=0
| + sd=0 mult=1 m=1
| XMPASS IBIAS EN NBG VSS sky130_fd_pr__nfet_g5v0d10v5 L=0.5 W=2 nf=1 ad=0.58 as=0.58 pd=4.58 ps=4.58 nrd=0.145 nrs=0.145 sa=0 sb=0
| + sd=0 mult=1 m=1
| XMDNB NBG ENB VSS VSS sky130_fd_pr__nfet_g5v0d10v5 L=0.5 W=2 nf=1 ad=0.58 as=0.58 pd=4.58 ps=4.58 nrd=0.145 nrs=0.145 sa=0 sb=0
| + sd=0 mult=1 m=1
| XMBN1 PB NBG VSS VSS sky130_fd_pr__nfet_g5v0d10v5 L=2 W=4 nf=1 ad=1.16 as=1.16 pd=8.58 ps=8.58 nrd=0.0725 nrs=0.0725 sa=0 sb=0
| + sd=0 mult=1 m=1
| XMBP PB PB VDD VDD sky130_fd_pr__pfet_g5v0d10v5 L=4 W=10 nf=1 ad=2.9 as=2.9 pd=20.58 ps=20.58 nrd=0.029 nrs=0.029 sa=0 sb=0 sd=0
| + mult=1 m=1
| XMBN2 PCAS NBG VSS VSS sky130_fd_pr__nfet_g5v0d10v5 L=2 W=4 nf=1 ad=1.16 as=1.16 pd=8.58 ps=8.58 nrd=0.0725 nrs=0.0725 sa=0 sb=0
| + sd=0 mult=1 m=1
| XMCB PCAS PCAS VDD VDD sky130_fd_pr__pfet_g5v0d10v5 L=8 W=1 nf=1 ad=0.29 as=0.29 pd=2.58 ps=2.58 nrd=0.29 nrs=0.29 sa=0 sb=0 sd=0
| + mult=1 m=1
| XMINVP ENB EN VDD VDD sky130_fd_pr__pfet_g5v0d10v5 L=0.5 W=2 nf=1 ad=0.58 as=0.58 pd=4.58 ps=4.58 nrd=0.145 nrs=0.145 sa=0 sb=0
| + sd=0 mult=1 m=1
| XMINVN ENB EN VSS VSS sky130_fd_pr__nfet_g5v0d10v5 L=0.5 W=1 nf=1 ad=0.29 as=0.29 pd=2.58 ps=2.58 nrd=0.29 nrs=0.29 sa=0 sb=0 sd=0
| + mult=1 m=1
| XMT NT PB VDD VDD sky130_fd_pr__pfet_g5v0d10v5 L=4 W=20 nf=1 ad=5.8 as=5.8 pd=40.58 ps=40.58 nrd=0.0145 nrs=0.0145 sa=0 sb=0 sd=0
| + mult=1 m=1
| XMI1 N1 NA NT NT sky130_fd_pr__pfet_g5v0d10v5 L=4 W=32 nf=1 ad=9.28 as=9.28 pd=64.58 ps=64.58 nrd=0.0090625 nrs=0.0090625 sa=0
| + sb=0 sd=0 mult=1 m=1
| XMI2 N2 NB NT NT sky130_fd_pr__pfet_g5v0d10v5 L=4 W=32 nf=1 ad=9.28 as=9.28 pd=64.58 ps=64.58 nrd=0.0090625 nrs=0.0090625 sa=0
| + sb=0 sd=0 mult=1 m=1
| XML1 N1 N1 VSS VSS sky130_fd_pr__nfet_g5v0d10v5 L=8 W=8 nf=1 ad=2.32 as=2.32 pd=16.58 ps=16.58 nrd=0.03625 nrs=0.03625 sa=0 sb=0
| + sd=0 mult=1 m=1
| XML2 N2 N1 VSS VSS sky130_fd_pr__nfet_g5v0d10v5 L=8 W=8 nf=1 ad=2.32 as=2.32 pd=16.58 ps=16.58 nrd=0.03625 nrs=0.03625 sa=0 sb=0
| + sd=0 mult=1 m=1
| XMS2N PG N2 VSS VSS sky130_fd_pr__nfet_g5v0d10v5 L=8 W=8 nf=1 ad=2.32 as=2.32 pd=16.58 ps=16.58 nrd=0.03625 nrs=0.03625 sa=0 sb=0
| + sd=0 mult=1 m=1
| XMS2P PG PB VDD VDD sky130_fd_pr__pfet_g5v0d10v5 L=4 W=10 nf=1 ad=2.9 as=2.9 pd=20.58 ps=20.58 nrd=0.029 nrs=0.029 sa=0 sb=0 sd=0
| + mult=1 m=1
| XCC PG NZ sky130_fd_pr__cap_mim_m3_1 W=12 L=12 MF=1 m=1
| XRZ NZ N2 VSS sky130_fd_pr__res_xhigh_po W=2 L=1000 mult=1 m=1
| XMP1 M1D PG VDD VDD sky130_fd_pr__pfet_g5v0d10v5 L=4 W=8 nf=1 ad=2.32 as=2.32 pd=16.58 ps=16.58 nrd=0.03625 nrs=0.03625 sa=0 sb=0
| + sd=0 mult=1 m=1
| XMPC1 NA PCAS M1D VDD sky130_fd_pr__pfet_g5v0d10v5 L=1 W=8 nf=1 ad=2.32 as=2.32 pd=16.58 ps=16.58 nrd=0.03625 nrs=0.03625 sa=0
| + sb=0 sd=0 mult=1 m=1
| XMP2 M2D PG VDD VDD sky130_fd_pr__pfet_g5v0d10v5 L=4 W=8 nf=1 ad=2.32 as=2.32 pd=16.58 ps=16.58 nrd=0.03625 nrs=0.03625 sa=0 sb=0
| + sd=0 mult=1 m=1
| XMPC2 NB PCAS M2D VDD sky130_fd_pr__pfet_g5v0d10v5 L=1 W=8 nf=1 ad=2.32 as=2.32 pd=16.58 ps=16.58 nrd=0.03625 nrs=0.03625 sa=0
| + sb=0 sd=0 mult=1 m=1
| XMP3 M3D PG VDD VDD sky130_fd_pr__pfet_g5v0d10v5 L=4 W=8 nf=1 ad=2.32 as=2.32 pd=16.58 ps=16.58 nrd=0.03625 nrs=0.03625 sa=0 sb=0
| + sd=0 mult=1 m=1
| XMPC3 PTAT PCAS M3D VDD sky130_fd_pr__pfet_g5v0d10v5 L=1 W=8 nf=1 ad=2.32 as=2.32 pd=16.58 ps=16.58 nrd=0.03625 nrs=0.03625 sa=0
| + sb=0 sd=0 mult=1 m=1
| XMSU1 ND PB VDD VDD sky130_fd_pr__pfet_g5v0d10v5 L=8 W=1 nf=1 ad=0.29 as=0.29 pd=2.58 ps=2.58 nrd=0.29 nrs=0.29 sa=0 sb=0 sd=0
| + mult=1 m=1
| XMSU2 ND NR VSS VSS sky130_fd_pr__nfet_g5v0d10v5 L=2 W=2 nf=1 ad=0.58 as=0.58 pd=4.58 ps=4.58 nrd=0.145 nrs=0.145 sa=0 sb=0 sd=0
| + mult=1 m=1
| XMSU3 PG ND VSS VSS sky130_fd_pr__nfet_g5v0d10v5 L=1 W=4 nf=1 ad=1.16 as=1.16 pd=8.58 ps=8.58 nrd=0.0725 nrs=0.0725 sa=0 sb=0 sd=0
| + mult=1 m=1
| XMDND ND ENB VSS VSS sky130_fd_pr__nfet_g5v0d10v5 L=0.5 W=2 nf=1 ad=0.58 as=0.58 pd=4.58 ps=4.58 nrd=0.145 nrs=0.145 sa=0 sb=0
| + sd=0 mult=1 m=1
| XMENPG PG EN VDD VDD sky130_fd_pr__pfet_g5v0d10v5 L=0.5 W=4 nf=1 ad=1.16 as=1.16 pd=8.58 ps=8.58 nrd=0.0725 nrs=0.0725 sa=0 sb=0
| + sd=0 mult=1 m=1
| XMENPT PTAT ENB VSS VSS sky130_fd_pr__nfet_g5v0d10v5 L=1 W=1 nf=1 ad=0.29 as=0.29 pd=2.58 ps=2.58 nrd=0.29 nrs=0.29 sa=0 sb=0 sd=0
| + mult=1 m=1
| XMENCT CTAT ENB VSS VSS sky130_fd_pr__nfet_g5v0d10v5 L=1 W=1 nf=1 ad=0.29 as=0.29 pd=2.58 ps=2.58 nrd=0.29 nrs=0.29 sa=0 sb=0 sd=0
| + mult=1 m=1
| XMSU4 NR PG VDD VDD sky130_fd_pr__pfet_g5v0d10v5 L=4 W=1 nf=1 ad=0.29 as=0.29 pd=2.58 ps=2.58 nrd=0.29 nrs=0.29 sa=0 sb=0 sd=0
| + mult=1 m=1
| XMSU5 NR NR VSS VSS sky130_fd_pr__nfet_g5v0d10v5 L=2 W=2 nf=1 ad=0.58 as=0.58 pd=4.58 ps=4.58 nrd=0.145 nrs=0.145 sa=0 sb=0 sd=0
| + mult=1 m=1
| XMDN2 N2 ENB VSS VSS sky130_fd_pr__nfet_g5v0d10v5 L=1 W=2 nf=1 ad=0.58 as=0.58 pd=4.58 ps=4.58 nrd=0.145 nrs=0.145 sa=0 sb=0 sd=0
| + mult=1 m=1
| XMDNT NT ENB VSS VSS sky130_fd_pr__nfet_g5v0d10v5 L=1 W=2 nf=1 ad=0.58 as=0.58 pd=4.58 ps=4.58 nrd=0.145 nrs=0.145 sa=0 sb=0 sd=0
| + mult=1 m=1
| XQ1 VSS VSS NA sky130_fd_pr__pnp_05v5_W3p40L3p40 m=1 mult=1
| XQ8A VSS VSS NC sky130_fd_pr__pnp_05v5_W3p40L3p40 m=1 mult=1
| XQ8B VSS VSS NC sky130_fd_pr__pnp_05v5_W3p40L3p40 m=1 mult=1
| XQ8C VSS VSS NC sky130_fd_pr__pnp_05v5_W3p40L3p40 m=1 mult=1
| XQ8D VSS VSS NC sky130_fd_pr__pnp_05v5_W3p40L3p40 m=1 mult=1
| XQ8E VSS VSS NC sky130_fd_pr__pnp_05v5_W3p40L3p40 m=1 mult=1
| XQ8F VSS VSS NC sky130_fd_pr__pnp_05v5_W3p40L3p40 m=1 mult=1
| XQ8G VSS VSS NC sky130_fd_pr__pnp_05v5_W3p40L3p40 m=1 mult=1
| XQ8H VSS VSS NC sky130_fd_pr__pnp_05v5_W3p40L3p40 m=1 mult=1
| XR1 NB NC VSS sky130_fd_pr__res_xhigh_po W=2 L=119.47 mult=1 m=1
| XR2 PTAT PTAT_TRIM VSS sky130_fd_pr__res_xhigh_po W=2 L=2652.6 mult=1 m=1
| XR2TRIM PTAT_TRIM VSS VSS sky130_fd_pr__res_xhigh_po W=2 L=450.88 mult=1 m=1
| XRISO NA CTAT VSS sky130_fd_pr__res_xhigh_po W=2 L=111.05 mult=1 m=1
| .ends
| 
| .control
| save all
| tran 10u 10m uic
| let nlast = length(v(ptat))-1
| let meas_ptat = v(ptat)[nlast]
| let meas_ptat_settled = abs(v(ptat)[nlast] - v(ptat)[nlast-100])
| let meas_ctat = v(ctat)[nlast]
| let meas_ctat_settled = abs(v(ctat)[nlast] - v(ctat)[nlast-100])
| let meas_na = v(xdut.na)[nlast]
| let meas_nb = v(xdut.nb)[nlast]
| let meas_isup = -i(v1)[nlast]
| let meas_bias_ok = v(bias_ok)[nlast]
| print meas_ptat
| print meas_ptat_settled
| print meas_ctat
| print meas_ctat_settled
| print meas_na
| print meas_nb
| print meas_isup
| print meas_bias_ok
| quit
| .endc
| .end

# ==== ngspice stdout ====

Note: Compatibility modes selected: hs a


Circuit: * temp-core-startup-en-delayed corner deck -- generated by sim/bin/corner-run.py, do not edit

option SCALE: Scale is set to 1e-06 for instance and model parameters
option SCALE: Scale is set to 1e-06 for instance and model parameters
option SCALE: Scale is set to 1e-06 for instance and model parameters
option SCALE: Scale is set to 1e-06 for instance and model parameters
Doing analysis at TEMP = 125.000000 and TNOM = 27.000000

Using KLU as Direct Linear Solver
Operating point simulation skipped by 'uic',
  now using transient initial conditions.
 Reference value :  1.00000e-07
 Reference value :  8.00000e-07
 Reference value :  3.20000e-06
 Reference value :  1.00000e-05
 Reference value :  1.19200e-05
 Reference value :  1.44800e-05
 Reference value :  1.84350e-05
 Reference value :  2.83258e-05
 Reference value :  4.07450e-05
 Reference value :  4.89815e-05
 Reference value :  5.69646e-05
 Reference value :  7.53124e-05
 Reference value :  1.00000e-04
 Reference value :  1.07000e-04
 Reference value :  1.17856e-04
 Reference value :  1.47856e-04
 Reference value :  1.77856e-04
 Reference value :  2.17856e-04
 Reference value :  2.47856e-04
 Reference value :  2.77856e-04
 Reference value :  3.00000e-04
 Reference value :  3.07000e-04
 Reference value :  3.15000e-04
 Reference value :  3.22694e-04
 Reference value :  3.23619e-04
 Reference value :  3.25470e-04
 Reference value :  3.25750e-04
 Reference value :  3.26753e-04
 Reference value :  3.26864e-04
 Reference value :  3.27087e-04
 Reference value :  3.27120e-04
 Reference value :  3.27287e-04
 Reference value :  3.27592e-04
 Reference value :  3.28661e-04
 Reference value :  3.32390e-04
 Reference value :  3.35887e-04
 Reference value :  3.37243e-04
 Reference value :  3.39700e-04
 Reference value :  3.46025e-04
 Reference value :  3.52801e-04
 Reference value :  3.82403e-04
 Reference value :  4.22403e-04
 Reference value :  4.62403e-04
 Reference value :  5.02403e-04
 Reference value :  5.42403e-04
 Reference value :  5.82403e-04
 Reference value :  6.22403e-04
 Reference value :  6.52403e-04
 Reference value :  6.92403e-04
 Reference value :  7.32403e-04
 Reference value :  7.72403e-04
 Reference value :  8.02403e-04
 Reference value :  8.32403e-04
 Reference value :  8.72403e-04
 Reference value :  9.12403e-04
 Reference value :  9.52403e-04
 Reference value :  9.92403e-04
 Reference value :  1.02240e-03
 Reference value :  1.06240e-03
 Reference value :  1.09240e-03
 Reference value :  1.13240e-03
 Reference value :  1.17240e-03
 Reference value :  1.20240e-03
 Reference value :  1.23240e-03
 Reference value :  1.27240e-03
 Reference value :  1.30240e-03
 Reference value :  1.33240e-03
 Reference value :  1.36240e-03
 Reference value :  1.40240e-03
 Reference value :  1.43240e-03
 Reference value :  1.46240e-03
 Reference value :  1.50240e-03
 Reference value :  1.54240e-03
 Reference value :  1.57240e-03
 Reference value :  1.60240e-03
 Reference value :  1.64240e-03
 Reference value :  1.67240e-03
 Reference value :  1.70240e-03
 Reference value :  1.73240e-03
 Reference value :  1.76240e-03
 Reference value :  1.80240e-03
 Reference value :  1.84240e-03
 Reference value :  1.88240e-03
 Reference value :  1.92240e-03
 Reference value :  1.96240e-03
 Reference value :  2.00240e-03
 Reference value :  2.04240e-03
 Reference value :  2.08240e-03
 Reference value :  2.12240e-03
 Reference value :  2.15240e-03
 Reference value :  2.18240e-03
 Reference value :  2.21240e-03
 Reference value :  2.24240e-03
 Reference value :  2.28240e-03
 Reference value :  2.32240e-03
 Reference value :  2.37240e-03
 Reference value :  2.41240e-03
 Reference value :  2.44240e-03
 Reference value :  2.48240e-03
 Reference value :  2.52240e-03
 Reference value :  2.56240e-03
 Reference value :  2.59240e-03
 Reference value :  2.63240e-03
 Reference value :  2.67240e-03
 Reference value :  2.71240e-03
 Reference value :  2.74240e-03
 Reference value :  2.78240e-03
 Reference value :  2.82240e-03
 Reference value :  2.85240e-03
 Reference value :  2.89240e-03
 Reference value :  2.92240e-03
 Reference value :  2.96240e-03
 Reference value :  3.00240e-03
 Reference value :  3.03240e-03
 Reference value :  3.07240e-03
 Reference value :  3.11240e-03
 Reference value :  3.14240e-03
 Reference value :  3.18240e-03
 Reference value :  3.22240e-03
 Reference value :  3.28240e-03
 Reference value :  3.32240e-03
 Reference value :  3.35240e-03
 Reference value :  3.39240e-03
 Reference value :  3.43240e-03
 Reference value :  3.48240e-03
 Reference value :  3.52240e-03
 Reference value :  3.56240e-03
 Reference value :  3.60240e-03
 Reference value :  3.64240e-03
 Reference value :  3.68240e-03
 Reference value :  3.71240e-03
 Reference value :  3.74240e-03
 Reference value :  3.77240e-03
 Reference value :  3.81240e-03
 Reference value :  3.85240e-03
 Reference value :  3.88240e-03
 Reference value :  3.91240e-03
 Reference value :  3.94240e-03
 Reference value :  3.98240e-03
 Reference value :  4.02240e-03
 Reference value :  4.06240e-03
 Reference value :  4.09240e-03
 Reference value :  4.13240e-03
 Reference value :  4.16240e-03
 Reference value :  4.20240e-03
 Reference value :  4.23240e-03
 Reference value :  4.27240e-03
 Reference value :  4.31240e-03
 Reference value :  4.35240e-03
 Reference value :  4.39240e-03
 Reference value :  4.45240e-03
 Reference value :  4.48240e-03
 Reference value :  4.51240e-03
 Reference value :  4.55240e-03
 Reference value :  4.59240e-03
 Reference value :  4.63240e-03
 Reference value :  4.66240e-03
 Reference value :  4.69240e-03
 Reference value :  4.72240e-03
 Reference value :  4.75240e-03
 Reference value :  4.79240e-03
 Reference value :  4.83240e-03
 Reference value :  4.87240e-03
 Reference value :  4.92240e-03
 Reference value :  4.98240e-03
 Reference value :  5.02240e-03
 Reference value :  5.06240e-03
 Reference value :  5.10240e-03
 Reference value :  5.14240e-03
 Reference value :  5.18240e-03
 Reference value :  5.24240e-03
 Reference value :  5.28240e-03
 Reference value :  5.32240e-03
 Reference value :  5.36240e-03
 Reference value :  5.41240e-03
 Reference value :  5.46240e-03
 Reference value :  5.51240e-03
 Reference value :  5.55240e-03
 Reference value :  5.59240e-03
 Reference value :  5.62240e-03
 Reference value :  5.65240e-03
 Reference value :  5.68240e-03
 Reference value :  5.72240e-03
 Reference value :  5.75240e-03
 Reference value :  5.79240e-03
 Reference value :  5.83240e-03
 Reference value :  5.86240e-03
 Reference value :  5.90240e-03
 Reference value :  5.94240e-03
 Reference value :  5.98240e-03
 Reference value :  6.02240e-03
 Reference value :  6.06240e-03
 Reference value :  6.10240e-03
 Reference value :  6.14240e-03
 Reference value :  6.18240e-03
 Reference value :  6.21240e-03
 Reference value :  6.24240e-03
 Reference value :  6.28240e-03
 Reference value :  6.32240e-03
 Reference value :  6.36240e-03
 Reference value :  6.39240e-03
 Reference value :  6.42240e-03
 Reference value :  6.46240e-03
 Reference value :  6.50240e-03
 Reference value :  6.53240e-03
 Reference value :  6.56240e-03
 Reference value :  6.60240e-03
 Reference value :  6.64240e-03
 Reference value :  6.68240e-03
 Reference value :  6.72240e-03
 Reference value :  6.76240e-03
 Reference value :  6.80240e-03
 Reference value :  6.84240e-03
 Reference value :  6.88240e-03
 Reference value :  6.91240e-03
 Reference value :  6.94240e-03
 Reference value :  6.99240e-03
 Reference value :  7.06240e-03
 Reference value :  7.10240e-03
 Reference value :  7.14240e-03
 Reference value :  7.18240e-03
 Reference value :  7.21240e-03
 Reference value :  7.25240e-03
 Reference value :  7.29240e-03
 Reference value :  7.33240e-03
 Reference value :  7.37240e-03
 Reference value :  7.40240e-03
 Reference value :  7.44240e-03
 Reference value :  7.48240e-03
 Reference value :  7.52240e-03
 Reference value :  7.56240e-03
 Reference value :  7.59240e-03
 Reference value :  7.62240e-03
 Reference value :  7.66240e-03
 Reference value :  7.70240e-03
 Reference value :  7.74240e-03
 Reference value :  7.77240e-03
 Reference value :  7.81240e-03
 Reference value :  7.84240e-03
 Reference value :  7.88240e-03
 Reference value :  7.92240e-03
 Reference value :  7.96240e-03
 Reference value :  8.00240e-03
 Reference value :  8.04240e-03
 Reference value :  8.07240e-03
 Reference value :  8.10240e-03
 Reference value :  8.14240e-03
 Reference value :  8.18240e-03
 Reference value :  8.22240e-03
 Reference value :  8.26240e-03
 Reference value :  8.30240e-03
 Reference value :  8.34240e-03
 Reference value :  8.37240e-03
 Reference value :  8.41240e-03
 Reference value :  8.45240e-03
 Reference value :  8.49240e-03
 Reference value :  8.53240e-03
 Reference value :  8.57240e-03
 Reference value :  8.60240e-03
 Reference value :  8.63240e-03
 Reference value :  8.67240e-03
 Reference value :  8.72240e-03
 Reference value :  8.75240e-03
 Reference value :  8.78240e-03
 Reference value :  8.82240e-03
 Reference value :  8.85240e-03
 Reference value :  8.88240e-03
 Reference value :  8.94240e-03
 Reference value :  8.98240e-03
 Reference value :  9.02240e-03
 Reference value :  9.06240e-03
 Reference value :  9.10240e-03
 Reference value :  9.14240e-03
 Reference value :  9.18240e-03
 Reference value :  9.21240e-03
 Reference value :  9.24240e-03
 Reference value :  9.27240e-03
 Reference value :  9.31240e-03
 Reference value :  9.35240e-03
 Reference value :  9.39240e-03
 Reference value :  9.43240e-03
 Reference value :  9.46240e-03
 Reference value :  9.49240e-03
 Reference value :  9.54240e-03
 Reference value :  9.58240e-03
 Reference value :  9.62240e-03
 Reference value :  9.65240e-03
 Reference value :  9.69240e-03
 Reference value :  9.73240e-03
 Reference value :  9.76240e-03
 Reference value :  9.80240e-03
 Reference value :  9.84240e-03
 Reference value :  9.88240e-03
 Reference value :  9.92240e-03
 Reference value :  9.95240e-03
 Reference value :  9.99120e-03
No. of Data Rows : 1046
meas_ptat = 1.876226e+00
meas_ptat_settled = 2.443259e-10
meas_ctat = 4.658255e-01
meas_ctat_settled = 7.790046e-12
meas_na = 4.658327e-01
meas_nb = 4.658355e-01
meas_isup = 9.690030e-06
meas_bias_ok = 3.299866e+00
ngspice-46 done

# ==== ngspice stderr ====

