# corner: ff_125c_2.97v
# process=ff temp=125C supply=2.97V
# ngspice exit: 0
# wall clock: 32.0s (--timeout was 200s)
# result: PASS

# ==== deck (exact input given to ngspice) ====
| * temp-core-startup-en-delayed corner deck -- generated by sim/bin/corner-run.py, do not edit
| * corner: ff_125c_2.97v
| .param vsup=2.97
| .param tramp=100u
| .param ten_start=300u
| .param ten_end=350u
| .param tstop=10m
| .option wnflag=1
| .option method=gear
| .option trtol=50
| .temp 125
| .lib "/home/ubuntu/.volare/sky130A/libs.tech/combined/sky130.lib.spice" ff
| ** sch_path: sim/temp-core-startup-en-delayed/testbench/tb_temp_core_startup_en_delayed.sch
| **.subckt tb_temp_core_startup_en_delayed
| V1 VDD 0 PWL(0 0 'tramp' 'vsup' 'tstop' 'vsup')
| .save i(v1)
| V2 EN 0 PWL(0 0 'ten_start' 0 'ten_end' 'vsup' 'tstop' 'vsup')
| XBIAS VDD 0 IBIAS VREF BIAS_OK bias_core
| XDUT VDD 0 IBIAS EN PTAT CTAT temp_core
| **.ends
| 
| * expanding   symbol:  design/bias_core.sym # of pins=5
| ** sym_path: design/bias_core.sym
| ** sch_path: design/bias_core.sch
| .subckt bias_core VDD VSS IBIAS VREF BIAS_OK
| *.iopin VDD
| *.iopin VSS
| *.opin IBIAS
| *.opin VREF
| *.opin BIAS_OK
| XMP1 NA PG VDD VDD sky130_fd_pr__pfet_g5v0d10v5 L=4 W=8 nf=1 ad=2.32 as=2.32 pd=16.58 ps=16.58 nrd=0.03625 nrs=0.03625 sa=0 sb=0
| + sd=0 mult=1 m=1
| XMP2 NBTOP PG VDD VDD sky130_fd_pr__pfet_g5v0d10v5 L=4 W=8 nf=1 ad=2.32 as=2.32 pd=16.58 ps=16.58 nrd=0.03625 nrs=0.03625 sa=0
| + sb=0 sd=0 mult=1 m=1
| XMP3 VREF PG VDD VDD sky130_fd_pr__pfet_g5v0d10v5 L=4 W=8 nf=1 ad=2.32 as=2.32 pd=16.58 ps=16.58 nrd=0.03625 nrs=0.03625 sa=0 sb=0
| + sd=0 mult=1 m=1
| XMPBN NBG PG VDD VDD sky130_fd_pr__pfet_g5v0d10v5 L=4 W=2 nf=1 ad=0.58 as=0.58 pd=4.58 ps=4.58 nrd=0.145 nrs=0.145 sa=0 sb=0 sd=0
| + mult=1 m=1
| XQ1 VSS VSS NA sky130_fd_pr__pnp_05v5_W3p40L3p40 m=1 mult=1
| XRT NBTOP NB VSS sky130_fd_pr__res_xhigh_po W=2 L=17.5 mult=1 m=1
| XR1 NB EC VSS sky130_fd_pr__res_xhigh_po W=2 L=350.0 mult=1 m=1
| XQ8A VSS VSS EC sky130_fd_pr__pnp_05v5_W3p40L3p40 m=1 mult=1
| XQ8B VSS VSS EC sky130_fd_pr__pnp_05v5_W3p40L3p40 m=1 mult=1
| XQ8C VSS VSS EC sky130_fd_pr__pnp_05v5_W3p40L3p40 m=1 mult=1
| XQ8D VSS VSS EC sky130_fd_pr__pnp_05v5_W3p40L3p40 m=1 mult=1
| XQ8E VSS VSS EC sky130_fd_pr__pnp_05v5_W3p40L3p40 m=1 mult=1
| XQ8F VSS VSS EC sky130_fd_pr__pnp_05v5_W3p40L3p40 m=1 mult=1
| XQ8G VSS VSS EC sky130_fd_pr__pnp_05v5_W3p40L3p40 m=1 mult=1
| XQ8H VSS VSS EC sky130_fd_pr__pnp_05v5_W3p40L3p40 m=1 mult=1
| XR2 VREF ER VSS sky130_fd_pr__res_xhigh_po W=2 L=4104.0 mult=1 m=1
| XQR VSS VSS ER sky130_fd_pr__pnp_05v5_W3p40L3p40 m=1 mult=1
| XMBN NBG NBG VSS VSS sky130_fd_pr__nfet_g5v0d10v5 L=4 W=2 nf=1 ad=0.58 as=0.58 pd=4.58 ps=4.58 nrd=0.145 nrs=0.145 sa=0 sb=0 sd=0
| + mult=1 m=1
| XMBN2 PB NBG VSS VSS sky130_fd_pr__nfet_g5v0d10v5 L=4 W=2 nf=1 ad=0.58 as=0.58 pd=4.58 ps=4.58 nrd=0.145 nrs=0.145 sa=0 sb=0 sd=0
| + mult=1 m=1
| XMBP PB PB VDD VDD sky130_fd_pr__pfet_g5v0d10v5 L=4 W=2 nf=1 ad=0.58 as=0.58 pd=4.58 ps=4.58 nrd=0.145 nrs=0.145 sa=0 sb=0 sd=0
| + mult=1 m=1
| XMPIB IBIAS PB VDD VDD sky130_fd_pr__pfet_g5v0d10v5 L=4 W=40 nf=1 ad=11.6 as=11.6 pd=80.58 ps=80.58 nrd=0.00725 nrs=0.00725 sa=0
| + sb=0 sd=0 mult=1 m=1
| XMPT NT PB VDD VDD sky130_fd_pr__pfet_g5v0d10v5 L=4 W=2 nf=1 ad=0.58 as=0.58 pd=4.58 ps=4.58 nrd=0.145 nrs=0.145 sa=0 sb=0 sd=0
| + mult=1 m=1
| XMI1 N1 NA NT VDD sky130_fd_pr__pfet_g5v0d10v5 L=4 W=16 nf=1 ad=4.64 as=4.64 pd=32.58 ps=32.58 nrd=0.018125 nrs=0.018125 sa=0 sb=0
| + sd=0 mult=1 m=1
| XMI2 N2 NB NT VDD sky130_fd_pr__pfet_g5v0d10v5 L=4 W=16 nf=1 ad=4.64 as=4.64 pd=32.58 ps=32.58 nrd=0.018125 nrs=0.018125 sa=0 sb=0
| + sd=0 mult=1 m=1
| XML1 N1 N1 VSS VSS sky130_fd_pr__nfet_g5v0d10v5 L=8 W=4 nf=1 ad=1.16 as=1.16 pd=8.58 ps=8.58 nrd=0.0725 nrs=0.0725 sa=0 sb=0 sd=0
| + mult=1 m=1
| XML2 N2 N1 VSS VSS sky130_fd_pr__nfet_g5v0d10v5 L=8 W=4 nf=1 ad=1.16 as=1.16 pd=8.58 ps=8.58 nrd=0.0725 nrs=0.0725 sa=0 sb=0 sd=0
| + mult=1 m=1
| XMS2N PG N2 VSS VSS sky130_fd_pr__nfet_g5v0d10v5 L=8 W=8 nf=1 ad=2.32 as=2.32 pd=16.58 ps=16.58 nrd=0.03625 nrs=0.03625 sa=0 sb=0
| + sd=0 mult=1 m=1
| XMS2P PG PB VDD VDD sky130_fd_pr__pfet_g5v0d10v5 L=4 W=2 nf=1 ad=0.58 as=0.58 pd=4.58 ps=4.58 nrd=0.145 nrs=0.145 sa=0 sb=0 sd=0
| + mult=1 m=1
| XCC PG NZ sky130_fd_pr__cap_mim_m3_1 W=20 L=20 MF=1 m=1
| XRZ NZ N2 VSS sky130_fd_pr__res_xhigh_po W=2 L=1016.0 mult=1 m=1
| XKS0 VDD VDD KS1 VSS sky130_fd_pr__nfet_g5v0d10v5 L=8 W=1 nf=1 ad=0.29 as=0.29 pd=2.58 ps=2.58 nrd=0.29 nrs=0.29 sa=0 sb=0 sd=0
| + mult=1 m=1
| XKS1 KS1 KS1 KS2 VSS sky130_fd_pr__nfet_g5v0d10v5 L=8 W=1 nf=1 ad=0.29 as=0.29 pd=2.58 ps=2.58 nrd=0.29 nrs=0.29 sa=0 sb=0 sd=0
| + mult=1 m=1
| XKS2 KS2 KS2 KS3 VSS sky130_fd_pr__nfet_g5v0d10v5 L=8 W=1 nf=1 ad=0.29 as=0.29 pd=2.58 ps=2.58 nrd=0.29 nrs=0.29 sa=0 sb=0 sd=0
| + mult=1 m=1
| XKS3 KS3 KS3 KS4 VSS sky130_fd_pr__nfet_g5v0d10v5 L=8 W=1 nf=1 ad=0.29 as=0.29 pd=2.58 ps=2.58 nrd=0.29 nrs=0.29 sa=0 sb=0 sd=0
| + mult=1 m=1
| XKS4 KS4 KS4 NKG VSS sky130_fd_pr__nfet_g5v0d10v5 L=8 W=1 nf=1 ad=0.29 as=0.29 pd=2.58 ps=2.58 nrd=0.29 nrs=0.29 sa=0 sb=0 sd=0
| + mult=1 m=1
| XKA NKM PB VDD VDD sky130_fd_pr__pfet_g5v0d10v5 L=4 W=1 nf=1 ad=0.29 as=0.29 pd=2.58 ps=2.58 nrd=0.29 nrs=0.29 sa=0 sb=0 sd=0
| + mult=1 m=1
| XKAN NKM NKM VSS VSS sky130_fd_pr__nfet_g5v0d10v5 L=4 W=2 nf=1 ad=0.58 as=0.58 pd=4.58 ps=4.58 nrd=0.145 nrs=0.145 sa=0 sb=0 sd=0
| + mult=1 m=1
| XKPD NKG NKM VSS VSS sky130_fd_pr__nfet_g5v0d10v5 L=4 W=8 nf=1 ad=2.32 as=2.32 pd=16.58 ps=16.58 nrd=0.03625 nrs=0.03625 sa=0 sb=0
| + sd=0 mult=1 m=1
| XKICK PG NKG VSS VSS sky130_fd_pr__nfet_g5v0d10v5 L=4 W=1 nf=1 ad=0.29 as=0.29 pd=2.58 ps=2.58 nrd=0.29 nrs=0.29 sa=0 sb=0 sd=0
| + mult=1 m=1
| XMPOK TOK PB VDD VDD sky130_fd_pr__pfet_g5v0d10v5 L=4 W=1 nf=1 ad=0.29 as=0.29 pd=2.58 ps=2.58 nrd=0.29 nrs=0.29 sa=0 sb=0 sd=0
| + mult=1 m=1
| XMOKA NOKO NA TOK VDD sky130_fd_pr__pfet_g5v0d10v5 L=4 W=8 nf=1 ad=2.32 as=2.32 pd=16.58 ps=16.58 nrd=0.03625 nrs=0.03625 sa=0
| + sb=0 sd=0 mult=1 m=1
| XMOKB NOKL NBTOP TOK VDD sky130_fd_pr__pfet_g5v0d10v5 L=4 W=8 nf=1 ad=2.32 as=2.32 pd=16.58 ps=16.58 nrd=0.03625 nrs=0.03625 sa=0
| + sb=0 sd=0 mult=1 m=1
| XMOL1 NOKL NOKL VSS VSS sky130_fd_pr__nfet_g5v0d10v5 L=4 W=2 nf=1 ad=0.58 as=0.58 pd=4.58 ps=4.58 nrd=0.145 nrs=0.145 sa=0 sb=0
| + sd=0 mult=1 m=1
| XMOL2 NOKO NOKL VSS VSS sky130_fd_pr__nfet_g5v0d10v5 L=4 W=2 nf=1 ad=0.58 as=0.58 pd=4.58 ps=4.58 nrd=0.145 nrs=0.145 sa=0 sb=0
| + sd=0 mult=1 m=1
| XMOKC NOKO NKG VSS VSS sky130_fd_pr__nfet_g5v0d10v5 L=1 W=2 nf=1 ad=0.58 as=0.58 pd=4.58 ps=4.58 nrd=0.145 nrs=0.145 sa=0 sb=0
| + sd=0 mult=1 m=1
| XMOK2 NOKX NOKO VSS VSS sky130_fd_pr__nfet_g5v0d10v5 L=4 W=2 nf=1 ad=0.58 as=0.58 pd=4.58 ps=4.58 nrd=0.145 nrs=0.145 sa=0 sb=0
| + sd=0 mult=1 m=1
| XMOK2P NOKX PB VDD VDD sky130_fd_pr__pfet_g5v0d10v5 L=4 W=1 nf=1 ad=0.29 as=0.29 pd=2.58 ps=2.58 nrd=0.29 nrs=0.29 sa=0 sb=0 sd=0
| + mult=1 m=1
| XCOK VDD NOKX sky130_fd_pr__cap_mim_m3_1 W=6 L=6 MF=1 m=1
| XMO1P BIAS_OK NOKX VDD VDD sky130_fd_pr__pfet_g5v0d10v5 L=4 W=1 nf=1 ad=0.29 as=0.29 pd=2.58 ps=2.58 nrd=0.29 nrs=0.29 sa=0 sb=0
| + sd=0 mult=1 m=1
| XMO1N BIAS_OK NOKX VSS VSS sky130_fd_pr__nfet_g5v0d10v5 L=0.5 W=4 nf=1 ad=1.16 as=1.16 pd=8.58 ps=8.58 nrd=0.0725 nrs=0.0725 sa=0
| + sb=0 sd=0 mult=1 m=1
| .ends
| 
| 
| * expanding   symbol:  design/temp_core.sym # of pins=6
| ** sym_path: design/temp_core.sym
| ** sch_path: design/temp_core.sch
| .subckt temp_core VDD VSS IBIAS EN PTAT CTAT
| *.iopin VDD
| *.iopin VSS
| *.ipin IBIAS
| *.ipin EN
| *.opin PTAT
| *.opin CTAT
| XMBD IBIAS NBG VSS VSS sky130_fd_pr__nfet_g5v0d10v5 L=2 W=4 nf=1 ad=1.16 as=1.16 pd=8.58 ps=8.58 nrd=0.0725 nrs=0.0725 sa=0 sb=0
| + sd=0 mult=1 m=1
| XMPASS IBIAS EN NBG VSS sky130_fd_pr__nfet_g5v0d10v5 L=0.5 W=2 nf=1 ad=0.58 as=0.58 pd=4.58 ps=4.58 nrd=0.145 nrs=0.145 sa=0 sb=0
| + sd=0 mult=1 m=1
| XMDNB NBG ENB VSS VSS sky130_fd_pr__nfet_g5v0d10v5 L=0.5 W=2 nf=1 ad=0.58 as=0.58 pd=4.58 ps=4.58 nrd=0.145 nrs=0.145 sa=0 sb=0
| + sd=0 mult=1 m=1
| XMBN1 PB NBG VSS VSS sky130_fd_pr__nfet_g5v0d10v5 L=2 W=4 nf=1 ad=1.16 as=1.16 pd=8.58 ps=8.58 nrd=0.0725 nrs=0.0725 sa=0 sb=0
| + sd=0 mult=1 m=1
| XMBP PB PB VDD VDD sky130_fd_pr__pfet_g5v0d10v5 L=4 W=10 nf=1 ad=2.9 as=2.9 pd=20.58 ps=20.58 nrd=0.029 nrs=0.029 sa=0 sb=0 sd=0
| + mult=1 m=1
| XMBN2 PCAS NBG VSS VSS sky130_fd_pr__nfet_g5v0d10v5 L=2 W=4 nf=1 ad=1.16 as=1.16 pd=8.58 ps=8.58 nrd=0.0725 nrs=0.0725 sa=0 sb=0
| + sd=0 mult=1 m=1
| XMCB PCAS PCAS VDD VDD sky130_fd_pr__pfet_g5v0d10v5 L=8 W=1 nf=1 ad=0.29 as=0.29 pd=2.58 ps=2.58 nrd=0.29 nrs=0.29 sa=0 sb=0 sd=0
| + mult=1 m=1
| XMINVP ENB EN VDD VDD sky130_fd_pr__pfet_g5v0d10v5 L=0.5 W=2 nf=1 ad=0.58 as=0.58 pd=4.58 ps=4.58 nrd=0.145 nrs=0.145 sa=0 sb=0
| + sd=0 mult=1 m=1
| XMINVN ENB EN VSS VSS sky130_fd_pr__nfet_g5v0d10v5 L=0.5 W=1 nf=1 ad=0.29 as=0.29 pd=2.58 ps=2.58 nrd=0.29 nrs=0.29 sa=0 sb=0 sd=0
| + mult=1 m=1
| XMT NT PB VDD VDD sky130_fd_pr__pfet_g5v0d10v5 L=4 W=20 nf=1 ad=5.8 as=5.8 pd=40.58 ps=40.58 nrd=0.0145 nrs=0.0145 sa=0 sb=0 sd=0
| + mult=1 m=1
| XMI1 N1 NA NT NT sky130_fd_pr__pfet_g5v0d10v5 L=4 W=32 nf=1 ad=9.28 as=9.28 pd=64.58 ps=64.58 nrd=0.0090625 nrs=0.0090625 sa=0
| + sb=0 sd=0 mult=1 m=1
| XMI2 N2 NB NT NT sky130_fd_pr__pfet_g5v0d10v5 L=4 W=32 nf=1 ad=9.28 as=9.28 pd=64.58 ps=64.58 nrd=0.0090625 nrs=0.0090625 sa=0
| + sb=0 sd=0 mult=1 m=1
| XML1 N1 N1 VSS VSS sky130_fd_pr__nfet_g5v0d10v5 L=8 W=8 nf=1 ad=2.32 as=2.32 pd=16.58 ps=16.58 nrd=0.03625 nrs=0.03625 sa=0 sb=0
| + sd=0 mult=1 m=1
| XML2 N2 N1 VSS VSS sky130_fd_pr__nfet_g5v0d10v5 L=8 W=8 nf=1 ad=2.32 as=2.32 pd=16.58 ps=16.58 nrd=0.03625 nrs=0.03625 sa=0 sb=0
| + sd=0 mult=1 m=1
| XMS2N PG N2 VSS VSS sky130_fd_pr__nfet_g5v0d10v5 L=8 W=8 nf=1 ad=2.32 as=2.32 pd=16.58 ps=16.58 nrd=0.03625 nrs=0.03625 sa=0 sb=0
| + sd=0 mult=1 m=1
| XMS2P PG PB VDD VDD sky130_fd_pr__pfet_g5v0d10v5 L=4 W=10 nf=1 ad=2.9 as=2.9 pd=20.58 ps=20.58 nrd=0.029 nrs=0.029 sa=0 sb=0 sd=0
| + mult=1 m=1
| XCC PG NZ sky130_fd_pr__cap_mim_m3_1 W=12 L=12 MF=1 m=1
| XRZ NZ N2 VSS sky130_fd_pr__res_xhigh_po W=2 L=1000 mult=1 m=1
| XMP1 M1D PG VDD VDD sky130_fd_pr__pfet_g5v0d10v5 L=4 W=8 nf=1 ad=2.32 as=2.32 pd=16.58 ps=16.58 nrd=0.03625 nrs=0.03625 sa=0 sb=0
| + sd=0 mult=1 m=1
| XMPC1 NA PCAS M1D VDD sky130_fd_pr__pfet_g5v0d10v5 L=1 W=8 nf=1 ad=2.32 as=2.32 pd=16.58 ps=16.58 nrd=0.03625 nrs=0.03625 sa=0
| + sb=0 sd=0 mult=1 m=1
| XMP2 M2D PG VDD VDD sky130_fd_pr__pfet_g5v0d10v5 L=4 W=8 nf=1 ad=2.32 as=2.32 pd=16.58 ps=16.58 nrd=0.03625 nrs=0.03625 sa=0 sb=0
| + sd=0 mult=1 m=1
| XMPC2 NB PCAS M2D VDD sky130_fd_pr__pfet_g5v0d10v5 L=1 W=8 nf=1 ad=2.32 as=2.32 pd=16.58 ps=16.58 nrd=0.03625 nrs=0.03625 sa=0
| + sb=0 sd=0 mult=1 m=1
| XMP3 M3D PG VDD VDD sky130_fd_pr__pfet_g5v0d10v5 L=4 W=8 nf=1 ad=2.32 as=2.32 pd=16.58 ps=16.58 nrd=0.03625 nrs=0.03625 sa=0 sb=0
| + sd=0 mult=1 m=1
| XMPC3 PTAT PCAS M3D VDD sky130_fd_pr__pfet_g5v0d10v5 L=1 W=8 nf=1 ad=2.32 as=2.32 pd=16.58 ps=16.58 nrd=0.03625 nrs=0.03625 sa=0
| + sb=0 sd=0 mult=1 m=1
| XMSU1 ND PB VDD VDD sky130_fd_pr__pfet_g5v0d10v5 L=8 W=1 nf=1 ad=0.29 as=0.29 pd=2.58 ps=2.58 nrd=0.29 nrs=0.29 sa=0 sb=0 sd=0
| + mult=1 m=1
| XMSU2 ND NR VSS VSS sky130_fd_pr__nfet_g5v0d10v5 L=2 W=2 nf=1 ad=0.58 as=0.58 pd=4.58 ps=4.58 nrd=0.145 nrs=0.145 sa=0 sb=0 sd=0
| + mult=1 m=1
| XMSU3 PG ND VSS VSS sky130_fd_pr__nfet_g5v0d10v5 L=1 W=4 nf=1 ad=1.16 as=1.16 pd=8.58 ps=8.58 nrd=0.0725 nrs=0.0725 sa=0 sb=0 sd=0
| + mult=1 m=1
| XMDND ND ENB VSS VSS sky130_fd_pr__nfet_g5v0d10v5 L=0.5 W=2 nf=1 ad=0.58 as=0.58 pd=4.58 ps=4.58 nrd=0.145 nrs=0.145 sa=0 sb=0
| + sd=0 mult=1 m=1
| XMENPG PG EN VDD VDD sky130_fd_pr__pfet_g5v0d10v5 L=0.5 W=4 nf=1 ad=1.16 as=1.16 pd=8.58 ps=8.58 nrd=0.0725 nrs=0.0725 sa=0 sb=0
| + sd=0 mult=1 m=1
| XMENPT PTAT ENB VSS VSS sky130_fd_pr__nfet_g5v0d10v5 L=1 W=1 nf=1 ad=0.29 as=0.29 pd=2.58 ps=2.58 nrd=0.29 nrs=0.29 sa=0 sb=0 sd=0
| + mult=1 m=1
| XMENCT CTAT ENB VSS VSS sky130_fd_pr__nfet_g5v0d10v5 L=1 W=1 nf=1 ad=0.29 as=0.29 pd=2.58 ps=2.58 nrd=0.29 nrs=0.29 sa=0 sb=0 sd=0
| + mult=1 m=1
| XMSU4 NR PG VDD VDD sky130_fd_pr__pfet_g5v0d10v5 L=4 W=1 nf=1 ad=0.29 as=0.29 pd=2.58 ps=2.58 nrd=0.29 nrs=0.29 sa=0 sb=0 sd=0
| + mult=1 m=1
| XMSU5 NR NR VSS VSS sky130_fd_pr__nfet_g5v0d10v5 L=2 W=2 nf=1 ad=0.58 as=0.58 pd=4.58 ps=4.58 nrd=0.145 nrs=0.145 sa=0 sb=0 sd=0
| + mult=1 m=1
| XMDN2 N2 ENB VSS VSS sky130_fd_pr__nfet_g5v0d10v5 L=1 W=2 nf=1 ad=0.58 as=0.58 pd=4.58 ps=4.58 nrd=0.145 nrs=0.145 sa=0 sb=0 sd=0
| + mult=1 m=1
| XMDNT NT ENB VSS VSS sky130_fd_pr__nfet_g5v0d10v5 L=1 W=2 nf=1 ad=0.58 as=0.58 pd=4.58 ps=4.58 nrd=0.145 nrs=0.145 sa=0 sb=0 sd=0
| + mult=1 m=1
| XQ1 VSS VSS NA sky130_fd_pr__pnp_05v5_W3p40L3p40 m=1 mult=1
| XQ8A VSS VSS NC sky130_fd_pr__pnp_05v5_W3p40L3p40 m=1 mult=1
| XQ8B VSS VSS NC sky130_fd_pr__pnp_05v5_W3p40L3p40 m=1 mult=1
| XQ8C VSS VSS NC sky130_fd_pr__pnp_05v5_W3p40L3p40 m=1 mult=1
| XQ8D VSS VSS NC sky130_fd_pr__pnp_05v5_W3p40L3p40 m=1 mult=1
| XQ8E VSS VSS NC sky130_fd_pr__pnp_05v5_W3p40L3p40 m=1 mult=1
| XQ8F VSS VSS NC sky130_fd_pr__pnp_05v5_W3p40L3p40 m=1 mult=1
| XQ8G VSS VSS NC sky130_fd_pr__pnp_05v5_W3p40L3p40 m=1 mult=1
| XQ8H VSS VSS NC sky130_fd_pr__pnp_05v5_W3p40L3p40 m=1 mult=1
| XR1 NB NC VSS sky130_fd_pr__res_xhigh_po W=2 L=119.47 mult=1 m=1
| XR2 PTAT PTAT_TRIM VSS sky130_fd_pr__res_xhigh_po W=2 L=2652.6 mult=1 m=1
| XR2TRIM PTAT_TRIM VSS VSS sky130_fd_pr__res_xhigh_po W=2 L=450.88 mult=1 m=1
| XRISO NA CTAT VSS sky130_fd_pr__res_xhigh_po W=2 L=111.05 mult=1 m=1
| .ends
| 
| .control
| save all
| tran 10u 10m uic
| let nlast = length(v(ptat))-1
| let meas_ptat = v(ptat)[nlast]
| let meas_ptat_settled = abs(v(ptat)[nlast] - v(ptat)[nlast-100])
| let meas_ctat = v(ctat)[nlast]
| let meas_ctat_settled = abs(v(ctat)[nlast] - v(ctat)[nlast-100])
| let meas_na = v(xdut.na)[nlast]
| let meas_nb = v(xdut.nb)[nlast]
| let meas_isup = -i(v1)[nlast]
| let meas_bias_ok = v(bias_ok)[nlast]
| print meas_ptat
| print meas_ptat_settled
| print meas_ctat
| print meas_ctat_settled
| print meas_na
| print meas_nb
| print meas_isup
| print meas_bias_ok
| quit
| .endc
| .end

# ==== ngspice stdout ====

Note: Compatibility modes selected: hs a


Circuit: * temp-core-startup-en-delayed corner deck -- generated by sim/bin/corner-run.py, do not edit

option SCALE: Scale is set to 1e-06 for instance and model parameters
option SCALE: Scale is set to 1e-06 for instance and model parameters
option SCALE: Scale is set to 1e-06 for instance and model parameters
option SCALE: Scale is set to 1e-06 for instance and model parameters
Doing analysis at TEMP = 125.000000 and TNOM = 27.000000

Using KLU as Direct Linear Solver
Operating point simulation skipped by 'uic',
  now using transient initial conditions.
 Reference value :  1.00000e-07
 Reference value :  8.00000e-07
 Reference value :  3.20000e-06
 Reference value :  1.00000e-05
 Reference value :  1.19200e-05
 Reference value :  1.82843e-05
 Reference value :  2.76602e-05
 Reference value :  3.93030e-05
 Reference value :  4.68866e-05
 Reference value :  5.42065e-05
 Reference value :  6.26090e-05
 Reference value :  8.07380e-05
 Reference value :  1.01000e-04
 Reference value :  1.07000e-04
 Reference value :  1.28443e-04
 Reference value :  1.58443e-04
 Reference value :  1.98443e-04
 Reference value :  2.28443e-04
 Reference value :  2.68443e-04
 Reference value :  2.94222e-04
 Reference value :  3.03000e-04
 Reference value :  3.15000e-04
 Reference value :  3.22604e-04
 Reference value :  3.23521e-04
 Reference value :  3.23750e-04
 Reference value :  3.25124e-04
 Reference value :  3.25218e-04
 Reference value :  3.25617e-04
 Reference value :  3.26145e-04
 Reference value :  3.26231e-04
 Reference value :  3.26300e-04
 Reference value :  3.26438e-04
 Reference value :  3.26539e-04
 Reference value :  3.26804e-04
 Reference value :  3.27698e-04
 Reference value :  3.31017e-04
 Reference value :  3.37276e-04
 Reference value :  3.37811e-04
 Reference value :  3.41018e-04
 Reference value :  3.50000e-04
 Reference value :  3.57058e-04
 Reference value :  3.84587e-04
 Reference value :  4.24587e-04
 Reference value :  4.54587e-04
 Reference value :  4.84587e-04
 Reference value :  5.14587e-04
 Reference value :  5.54587e-04
 Reference value :  5.84587e-04
 Reference value :  6.24587e-04
 Reference value :  6.64587e-04
 Reference value :  6.94587e-04
 Reference value :  7.54587e-04
 Reference value :  7.94587e-04
 Reference value :  8.24587e-04
 Reference value :  8.64587e-04
 Reference value :  8.94587e-04
 Reference value :  9.24587e-04
 Reference value :  9.64587e-04
 Reference value :  1.00459e-03
 Reference value :  1.04459e-03
 Reference value :  1.07459e-03
 Reference value :  1.11459e-03
 Reference value :  1.14459e-03
 Reference value :  1.17459e-03
 Reference value :  1.20459e-03
 Reference value :  1.23459e-03
 Reference value :  1.26459e-03
 Reference value :  1.29459e-03
 Reference value :  1.32459e-03
 Reference value :  1.35459e-03
 Reference value :  1.39459e-03
 Reference value :  1.42459e-03
 Reference value :  1.45459e-03
 Reference value :  1.48459e-03
 Reference value :  1.52459e-03
 Reference value :  1.55459e-03
 Reference value :  1.59459e-03
 Reference value :  1.62459e-03
 Reference value :  1.65459e-03
 Reference value :  1.68459e-03
 Reference value :  1.72459e-03
 Reference value :  1.75459e-03
 Reference value :  1.79459e-03
 Reference value :  1.83459e-03
 Reference value :  1.87459e-03
 Reference value :  1.90459e-03
 Reference value :  1.94459e-03
 Reference value :  1.97459e-03
 Reference value :  2.00459e-03
 Reference value :  2.04459e-03
 Reference value :  2.07459e-03
 Reference value :  2.10459e-03
 Reference value :  2.14459e-03
 Reference value :  2.18459e-03
 Reference value :  2.21459e-03
 Reference value :  2.25459e-03
 Reference value :  2.28459e-03
 Reference value :  2.31459e-03
 Reference value :  2.34459e-03
 Reference value :  2.39459e-03
 Reference value :  2.42459e-03
 Reference value :  2.46459e-03
 Reference value :  2.49459e-03
 Reference value :  2.52459e-03
 Reference value :  2.56459e-03
 Reference value :  2.59459e-03
 Reference value :  2.62459e-03
 Reference value :  2.65459e-03
 Reference value :  2.69459e-03
 Reference value :  2.72459e-03
 Reference value :  2.75459e-03
 Reference value :  2.78459e-03
 Reference value :  2.82459e-03
 Reference value :  2.86459e-03
 Reference value :  2.89459e-03
 Reference value :  2.93459e-03
 Reference value :  2.96459e-03
 Reference value :  2.99459e-03
 Reference value :  3.03459e-03
 Reference value :  3.07459e-03
 Reference value :  3.11459e-03
 Reference value :  3.14459e-03
 Reference value :  3.18459e-03
 Reference value :  3.21459e-03
 Reference value :  3.25459e-03
 Reference value :  3.28459e-03
 Reference value :  3.31459e-03
 Reference value :  3.34459e-03
 Reference value :  3.37459e-03
 Reference value :  3.41459e-03
 Reference value :  3.44459e-03
 Reference value :  3.48459e-03
 Reference value :  3.51459e-03
 Reference value :  3.54459e-03
 Reference value :  3.57459e-03
 Reference value :  3.60459e-03
 Reference value :  3.64459e-03
 Reference value :  3.68459e-03
 Reference value :  3.71459e-03
 Reference value :  3.74459e-03
 Reference value :  3.78459e-03
 Reference value :  3.81459e-03
 Reference value :  3.85459e-03
 Reference value :  3.88459e-03
 Reference value :  3.92459e-03
 Reference value :  3.96459e-03
 Reference value :  4.00459e-03
 Reference value :  4.04459e-03
 Reference value :  4.08459e-03
 Reference value :  4.12459e-03
 Reference value :  4.16459e-03
 Reference value :  4.20459e-03
 Reference value :  4.23459e-03
 Reference value :  4.27459e-03
 Reference value :  4.31459e-03
 Reference value :  4.35459e-03
 Reference value :  4.38459e-03
 Reference value :  4.42459e-03
 Reference value :  4.45459e-03
 Reference value :  4.48459e-03
 Reference value :  4.52459e-03
 Reference value :  4.55459e-03
 Reference value :  4.59459e-03
 Reference value :  4.62459e-03
 Reference value :  4.65459e-03
 Reference value :  4.68459e-03
 Reference value :  4.72459e-03
 Reference value :  4.75459e-03
 Reference value :  4.79459e-03
 Reference value :  4.82459e-03
 Reference value :  4.85459e-03
 Reference value :  4.88459e-03
 Reference value :  4.91459e-03
 Reference value :  4.95459e-03
 Reference value :  4.98459e-03
 Reference value :  5.02459e-03
 Reference value :  5.05459e-03
 Reference value :  5.09459e-03
 Reference value :  5.12459e-03
 Reference value :  5.15459e-03
 Reference value :  5.18459e-03
 Reference value :  5.22459e-03
 Reference value :  5.25459e-03
 Reference value :  5.29459e-03
 Reference value :  5.32459e-03
 Reference value :  5.35459e-03
 Reference value :  5.38459e-03
 Reference value :  5.42459e-03
 Reference value :  5.46459e-03
 Reference value :  5.49459e-03
 Reference value :  5.53459e-03
 Reference value :  5.56459e-03
 Reference value :  5.59459e-03
 Reference value :  5.62459e-03
 Reference value :  5.66459e-03
 Reference value :  5.69459e-03
 Reference value :  5.73459e-03
 Reference value :  5.77459e-03
 Reference value :  5.80459e-03
 Reference value :  5.83459e-03
 Reference value :  5.86459e-03
 Reference value :  5.90459e-03
 Reference value :  5.94459e-03
 Reference value :  5.98459e-03
 Reference value :  6.01459e-03
 Reference value :  6.04459e-03
 Reference value :  6.07459e-03
 Reference value :  6.10459e-03
 Reference value :  6.13459e-03
 Reference value :  6.17459e-03
 Reference value :  6.20459e-03
 Reference value :  6.23459e-03
 Reference value :  6.26459e-03
 Reference value :  6.29459e-03
 Reference value :  6.33459e-03
 Reference value :  6.36459e-03
 Reference value :  6.39459e-03
 Reference value :  6.42459e-03
 Reference value :  6.46459e-03
 Reference value :  6.50459e-03
 Reference value :  6.54459e-03
 Reference value :  6.57459e-03
 Reference value :  6.60459e-03
 Reference value :  6.63459e-03
 Reference value :  6.67459e-03
 Reference value :  6.71459e-03
 Reference value :  6.75459e-03
 Reference value :  6.78459e-03
 Reference value :  6.81459e-03
 Reference value :  6.85459e-03
 Reference value :  6.88459e-03
 Reference value :  6.91459e-03
 Reference value :  6.94459e-03
 Reference value :  6.98459e-03
 Reference value :  7.02459e-03
 Reference value :  7.06459e-03
 Reference value :  7.09459e-03
 Reference value :  7.13459e-03
 Reference value :  7.16459e-03
 Reference value :  7.20459e-03
 Reference value :  7.24459e-03
 Reference value :  7.28459e-03
 Reference value :  7.31459e-03
 Reference value :  7.35459e-03
 Reference value :  7.39459e-03
 Reference value :  7.43459e-03
 Reference value :  7.47459e-03
 Reference value :  7.51459e-03
 Reference value :  7.55459e-03
 Reference value :  7.58459e-03
 Reference value :  7.61459e-03
 Reference value :  7.65459e-03
 Reference value :  7.69459e-03
 Reference value :  7.73459e-03
 Reference value :  7.76459e-03
 Reference value :  7.80459e-03
 Reference value :  7.83459e-03
 Reference value :  7.86459e-03
 Reference value :  7.90459e-03
 Reference value :  7.94459e-03
 Reference value :  7.97459e-03
 Reference value :  8.01459e-03
 Reference value :  8.05459e-03
 Reference value :  8.09459e-03
 Reference value :  8.12459e-03
 Reference value :  8.15459e-03
 Reference value :  8.18459e-03
 Reference value :  8.21459e-03
 Reference value :  8.24459e-03
 Reference value :  8.27459e-03
 Reference value :  8.31459e-03
 Reference value :  8.35459e-03
 Reference value :  8.39459e-03
 Reference value :  8.43459e-03
 Reference value :  8.46459e-03
 Reference value :  8.50459e-03
 Reference value :  8.53459e-03
 Reference value :  8.56459e-03
 Reference value :  8.60459e-03
 Reference value :  8.63459e-03
 Reference value :  8.67459e-03
 Reference value :  8.70459e-03
 Reference value :  8.74459e-03
 Reference value :  8.77459e-03
 Reference value :  8.81459e-03
 Reference value :  8.84459e-03
 Reference value :  8.88459e-03
 Reference value :  8.91459e-03
 Reference value :  8.94459e-03
 Reference value :  8.98459e-03
 Reference value :  9.01459e-03
 Reference value :  9.05459e-03
 Reference value :  9.08459e-03
 Reference value :  9.11459e-03
 Reference value :  9.14459e-03
 Reference value :  9.18459e-03
 Reference value :  9.21459e-03
 Reference value :  9.25459e-03
 Reference value :  9.28459e-03
 Reference value :  9.31459e-03
 Reference value :  9.35459e-03
 Reference value :  9.38459e-03
 Reference value :  9.42459e-03
 Reference value :  9.46459e-03
 Reference value :  9.49459e-03
 Reference value :  9.53459e-03
 Reference value :  9.56459e-03
 Reference value :  9.59459e-03
 Reference value :  9.62459e-03
 Reference value :  9.65459e-03
 Reference value :  9.69459e-03
 Reference value :  9.73459e-03
 Reference value :  9.77459e-03
 Reference value :  9.81459e-03
 Reference value :  9.85459e-03
 Reference value :  9.89459e-03
 Reference value :  9.92459e-03
 Reference value :  9.95459e-03
 Reference value :  9.99229e-03
No. of Data Rows : 1051
meas_ptat = 1.876019e+00
meas_ptat_settled = 3.757905e-11
meas_ctat = 4.658236e-01
meas_ctat_settled = 2.419120e-12
meas_na = 4.658308e-01
meas_nb = 4.658297e-01
meas_isup = 9.557941e-06
meas_bias_ok = 2.969864e+00
ngspice-46 done

# ==== ngspice stderr ====

