# corner: ff_27c_3.63v
# process=ff temp=27C supply=3.63V
# ngspice exit: 0
# wall clock: 32.5s (--timeout was 200s)
# result: PASS

# ==== deck (exact input given to ngspice) ====
| * temp-core-startup-en-delayed corner deck -- generated by sim/bin/corner-run.py, do not edit
| * corner: ff_27c_3.63v
| .param vsup=3.63
| .param tramp=100u
| .param ten_start=300u
| .param ten_end=350u
| .param tstop=10m
| .option wnflag=1
| .option method=gear
| .option trtol=50
| .temp 27
| .lib "/home/ubuntu/.volare/sky130A/libs.tech/combined/sky130.lib.spice" ff
| ** sch_path: sim/temp-core-startup-en-delayed/testbench/tb_temp_core_startup_en_delayed.sch
| **.subckt tb_temp_core_startup_en_delayed
| V1 VDD 0 PWL(0 0 'tramp' 'vsup' 'tstop' 'vsup')
| .save i(v1)
| V2 EN 0 PWL(0 0 'ten_start' 0 'ten_end' 'vsup' 'tstop' 'vsup')
| XBIAS VDD 0 IBIAS VREF BIAS_OK bias_core
| XDUT VDD 0 IBIAS EN PTAT CTAT temp_core
| **.ends
| 
| * expanding   symbol:  design/bias_core.sym # of pins=5
| ** sym_path: design/bias_core.sym
| ** sch_path: design/bias_core.sch
| .subckt bias_core VDD VSS IBIAS VREF BIAS_OK
| *.iopin VDD
| *.iopin VSS
| *.opin IBIAS
| *.opin VREF
| *.opin BIAS_OK
| XMP1 NA PG VDD VDD sky130_fd_pr__pfet_g5v0d10v5 L=4 W=8 nf=1 ad=2.32 as=2.32 pd=16.58 ps=16.58 nrd=0.03625 nrs=0.03625 sa=0 sb=0
| + sd=0 mult=1 m=1
| XMP2 NBTOP PG VDD VDD sky130_fd_pr__pfet_g5v0d10v5 L=4 W=8 nf=1 ad=2.32 as=2.32 pd=16.58 ps=16.58 nrd=0.03625 nrs=0.03625 sa=0
| + sb=0 sd=0 mult=1 m=1
| XMP3 VREF PG VDD VDD sky130_fd_pr__pfet_g5v0d10v5 L=4 W=8 nf=1 ad=2.32 as=2.32 pd=16.58 ps=16.58 nrd=0.03625 nrs=0.03625 sa=0 sb=0
| + sd=0 mult=1 m=1
| XMPBN NBG PG VDD VDD sky130_fd_pr__pfet_g5v0d10v5 L=4 W=2 nf=1 ad=0.58 as=0.58 pd=4.58 ps=4.58 nrd=0.145 nrs=0.145 sa=0 sb=0 sd=0
| + mult=1 m=1
| XQ1 VSS VSS NA sky130_fd_pr__pnp_05v5_W3p40L3p40 m=1 mult=1
| XRT NBTOP NB VSS sky130_fd_pr__res_xhigh_po W=2 L=17.5 mult=1 m=1
| XR1 NB EC VSS sky130_fd_pr__res_xhigh_po W=2 L=350.0 mult=1 m=1
| XQ8A VSS VSS EC sky130_fd_pr__pnp_05v5_W3p40L3p40 m=1 mult=1
| XQ8B VSS VSS EC sky130_fd_pr__pnp_05v5_W3p40L3p40 m=1 mult=1
| XQ8C VSS VSS EC sky130_fd_pr__pnp_05v5_W3p40L3p40 m=1 mult=1
| XQ8D VSS VSS EC sky130_fd_pr__pnp_05v5_W3p40L3p40 m=1 mult=1
| XQ8E VSS VSS EC sky130_fd_pr__pnp_05v5_W3p40L3p40 m=1 mult=1
| XQ8F VSS VSS EC sky130_fd_pr__pnp_05v5_W3p40L3p40 m=1 mult=1
| XQ8G VSS VSS EC sky130_fd_pr__pnp_05v5_W3p40L3p40 m=1 mult=1
| XQ8H VSS VSS EC sky130_fd_pr__pnp_05v5_W3p40L3p40 m=1 mult=1
| XR2 VREF ER VSS sky130_fd_pr__res_xhigh_po W=2 L=4104.0 mult=1 m=1
| XQR VSS VSS ER sky130_fd_pr__pnp_05v5_W3p40L3p40 m=1 mult=1
| XMBN NBG NBG VSS VSS sky130_fd_pr__nfet_g5v0d10v5 L=4 W=2 nf=1 ad=0.58 as=0.58 pd=4.58 ps=4.58 nrd=0.145 nrs=0.145 sa=0 sb=0 sd=0
| + mult=1 m=1
| XMBN2 PB NBG VSS VSS sky130_fd_pr__nfet_g5v0d10v5 L=4 W=2 nf=1 ad=0.58 as=0.58 pd=4.58 ps=4.58 nrd=0.145 nrs=0.145 sa=0 sb=0 sd=0
| + mult=1 m=1
| XMBP PB PB VDD VDD sky130_fd_pr__pfet_g5v0d10v5 L=4 W=2 nf=1 ad=0.58 as=0.58 pd=4.58 ps=4.58 nrd=0.145 nrs=0.145 sa=0 sb=0 sd=0
| + mult=1 m=1
| XMPIB IBIAS PB VDD VDD sky130_fd_pr__pfet_g5v0d10v5 L=4 W=40 nf=1 ad=11.6 as=11.6 pd=80.58 ps=80.58 nrd=0.00725 nrs=0.00725 sa=0
| + sb=0 sd=0 mult=1 m=1
| XMPT NT PB VDD VDD sky130_fd_pr__pfet_g5v0d10v5 L=4 W=2 nf=1 ad=0.58 as=0.58 pd=4.58 ps=4.58 nrd=0.145 nrs=0.145 sa=0 sb=0 sd=0
| + mult=1 m=1
| XMI1 N1 NA NT VDD sky130_fd_pr__pfet_g5v0d10v5 L=4 W=16 nf=1 ad=4.64 as=4.64 pd=32.58 ps=32.58 nrd=0.018125 nrs=0.018125 sa=0 sb=0
| + sd=0 mult=1 m=1
| XMI2 N2 NB NT VDD sky130_fd_pr__pfet_g5v0d10v5 L=4 W=16 nf=1 ad=4.64 as=4.64 pd=32.58 ps=32.58 nrd=0.018125 nrs=0.018125 sa=0 sb=0
| + sd=0 mult=1 m=1
| XML1 N1 N1 VSS VSS sky130_fd_pr__nfet_g5v0d10v5 L=8 W=4 nf=1 ad=1.16 as=1.16 pd=8.58 ps=8.58 nrd=0.0725 nrs=0.0725 sa=0 sb=0 sd=0
| + mult=1 m=1
| XML2 N2 N1 VSS VSS sky130_fd_pr__nfet_g5v0d10v5 L=8 W=4 nf=1 ad=1.16 as=1.16 pd=8.58 ps=8.58 nrd=0.0725 nrs=0.0725 sa=0 sb=0 sd=0
| + mult=1 m=1
| XMS2N PG N2 VSS VSS sky130_fd_pr__nfet_g5v0d10v5 L=8 W=8 nf=1 ad=2.32 as=2.32 pd=16.58 ps=16.58 nrd=0.03625 nrs=0.03625 sa=0 sb=0
| + sd=0 mult=1 m=1
| XMS2P PG PB VDD VDD sky130_fd_pr__pfet_g5v0d10v5 L=4 W=2 nf=1 ad=0.58 as=0.58 pd=4.58 ps=4.58 nrd=0.145 nrs=0.145 sa=0 sb=0 sd=0
| + mult=1 m=1
| XCC PG NZ sky130_fd_pr__cap_mim_m3_1 W=20 L=20 MF=1 m=1
| XRZ NZ N2 VSS sky130_fd_pr__res_xhigh_po W=2 L=1016.0 mult=1 m=1
| XKS0 VDD VDD KS1 VSS sky130_fd_pr__nfet_g5v0d10v5 L=8 W=1 nf=1 ad=0.29 as=0.29 pd=2.58 ps=2.58 nrd=0.29 nrs=0.29 sa=0 sb=0 sd=0
| + mult=1 m=1
| XKS1 KS1 KS1 KS2 VSS sky130_fd_pr__nfet_g5v0d10v5 L=8 W=1 nf=1 ad=0.29 as=0.29 pd=2.58 ps=2.58 nrd=0.29 nrs=0.29 sa=0 sb=0 sd=0
| + mult=1 m=1
| XKS2 KS2 KS2 KS3 VSS sky130_fd_pr__nfet_g5v0d10v5 L=8 W=1 nf=1 ad=0.29 as=0.29 pd=2.58 ps=2.58 nrd=0.29 nrs=0.29 sa=0 sb=0 sd=0
| + mult=1 m=1
| XKS3 KS3 KS3 KS4 VSS sky130_fd_pr__nfet_g5v0d10v5 L=8 W=1 nf=1 ad=0.29 as=0.29 pd=2.58 ps=2.58 nrd=0.29 nrs=0.29 sa=0 sb=0 sd=0
| + mult=1 m=1
| XKS4 KS4 KS4 NKG VSS sky130_fd_pr__nfet_g5v0d10v5 L=8 W=1 nf=1 ad=0.29 as=0.29 pd=2.58 ps=2.58 nrd=0.29 nrs=0.29 sa=0 sb=0 sd=0
| + mult=1 m=1
| XKA NKM PB VDD VDD sky130_fd_pr__pfet_g5v0d10v5 L=4 W=1 nf=1 ad=0.29 as=0.29 pd=2.58 ps=2.58 nrd=0.29 nrs=0.29 sa=0 sb=0 sd=0
| + mult=1 m=1
| XKAN NKM NKM VSS VSS sky130_fd_pr__nfet_g5v0d10v5 L=4 W=2 nf=1 ad=0.58 as=0.58 pd=4.58 ps=4.58 nrd=0.145 nrs=0.145 sa=0 sb=0 sd=0
| + mult=1 m=1
| XKPD NKG NKM VSS VSS sky130_fd_pr__nfet_g5v0d10v5 L=4 W=8 nf=1 ad=2.32 as=2.32 pd=16.58 ps=16.58 nrd=0.03625 nrs=0.03625 sa=0 sb=0
| + sd=0 mult=1 m=1
| XKICK PG NKG VSS VSS sky130_fd_pr__nfet_g5v0d10v5 L=4 W=1 nf=1 ad=0.29 as=0.29 pd=2.58 ps=2.58 nrd=0.29 nrs=0.29 sa=0 sb=0 sd=0
| + mult=1 m=1
| XMPOK TOK PB VDD VDD sky130_fd_pr__pfet_g5v0d10v5 L=4 W=1 nf=1 ad=0.29 as=0.29 pd=2.58 ps=2.58 nrd=0.29 nrs=0.29 sa=0 sb=0 sd=0
| + mult=1 m=1
| XMOKA NOKO NA TOK VDD sky130_fd_pr__pfet_g5v0d10v5 L=4 W=8 nf=1 ad=2.32 as=2.32 pd=16.58 ps=16.58 nrd=0.03625 nrs=0.03625 sa=0
| + sb=0 sd=0 mult=1 m=1
| XMOKB NOKL NBTOP TOK VDD sky130_fd_pr__pfet_g5v0d10v5 L=4 W=8 nf=1 ad=2.32 as=2.32 pd=16.58 ps=16.58 nrd=0.03625 nrs=0.03625 sa=0
| + sb=0 sd=0 mult=1 m=1
| XMOL1 NOKL NOKL VSS VSS sky130_fd_pr__nfet_g5v0d10v5 L=4 W=2 nf=1 ad=0.58 as=0.58 pd=4.58 ps=4.58 nrd=0.145 nrs=0.145 sa=0 sb=0
| + sd=0 mult=1 m=1
| XMOL2 NOKO NOKL VSS VSS sky130_fd_pr__nfet_g5v0d10v5 L=4 W=2 nf=1 ad=0.58 as=0.58 pd=4.58 ps=4.58 nrd=0.145 nrs=0.145 sa=0 sb=0
| + sd=0 mult=1 m=1
| XMOKC NOKO NKG VSS VSS sky130_fd_pr__nfet_g5v0d10v5 L=1 W=2 nf=1 ad=0.58 as=0.58 pd=4.58 ps=4.58 nrd=0.145 nrs=0.145 sa=0 sb=0
| + sd=0 mult=1 m=1
| XMOK2 NOKX NOKO VSS VSS sky130_fd_pr__nfet_g5v0d10v5 L=4 W=2 nf=1 ad=0.58 as=0.58 pd=4.58 ps=4.58 nrd=0.145 nrs=0.145 sa=0 sb=0
| + sd=0 mult=1 m=1
| XMOK2P NOKX PB VDD VDD sky130_fd_pr__pfet_g5v0d10v5 L=4 W=1 nf=1 ad=0.29 as=0.29 pd=2.58 ps=2.58 nrd=0.29 nrs=0.29 sa=0 sb=0 sd=0
| + mult=1 m=1
| XCOK VDD NOKX sky130_fd_pr__cap_mim_m3_1 W=6 L=6 MF=1 m=1
| XMO1P BIAS_OK NOKX VDD VDD sky130_fd_pr__pfet_g5v0d10v5 L=4 W=1 nf=1 ad=0.29 as=0.29 pd=2.58 ps=2.58 nrd=0.29 nrs=0.29 sa=0 sb=0
| + sd=0 mult=1 m=1
| XMO1N BIAS_OK NOKX VSS VSS sky130_fd_pr__nfet_g5v0d10v5 L=0.5 W=4 nf=1 ad=1.16 as=1.16 pd=8.58 ps=8.58 nrd=0.0725 nrs=0.0725 sa=0
| + sb=0 sd=0 mult=1 m=1
| .ends
| 
| 
| * expanding   symbol:  design/temp_core.sym # of pins=6
| ** sym_path: design/temp_core.sym
| ** sch_path: design/temp_core.sch
| .subckt temp_core VDD VSS IBIAS EN PTAT CTAT
| *.iopin VDD
| *.iopin VSS
| *.ipin IBIAS
| *.ipin EN
| *.opin PTAT
| *.opin CTAT
| XMBD IBIAS NBG VSS VSS sky130_fd_pr__nfet_g5v0d10v5 L=2 W=4 nf=1 ad=1.16 as=1.16 pd=8.58 ps=8.58 nrd=0.0725 nrs=0.0725 sa=0 sb=0
| + sd=0 mult=1 m=1
| XMPASS IBIAS EN NBG VSS sky130_fd_pr__nfet_g5v0d10v5 L=0.5 W=2 nf=1 ad=0.58 as=0.58 pd=4.58 ps=4.58 nrd=0.145 nrs=0.145 sa=0 sb=0
| + sd=0 mult=1 m=1
| XMDNB NBG ENB VSS VSS sky130_fd_pr__nfet_g5v0d10v5 L=0.5 W=2 nf=1 ad=0.58 as=0.58 pd=4.58 ps=4.58 nrd=0.145 nrs=0.145 sa=0 sb=0
| + sd=0 mult=1 m=1
| XMBN1 PB NBG VSS VSS sky130_fd_pr__nfet_g5v0d10v5 L=2 W=4 nf=1 ad=1.16 as=1.16 pd=8.58 ps=8.58 nrd=0.0725 nrs=0.0725 sa=0 sb=0
| + sd=0 mult=1 m=1
| XMBP PB PB VDD VDD sky130_fd_pr__pfet_g5v0d10v5 L=4 W=10 nf=1 ad=2.9 as=2.9 pd=20.58 ps=20.58 nrd=0.029 nrs=0.029 sa=0 sb=0 sd=0
| + mult=1 m=1
| XMBN2 PCAS NBG VSS VSS sky130_fd_pr__nfet_g5v0d10v5 L=2 W=4 nf=1 ad=1.16 as=1.16 pd=8.58 ps=8.58 nrd=0.0725 nrs=0.0725 sa=0 sb=0
| + sd=0 mult=1 m=1
| XMCB PCAS PCAS VDD VDD sky130_fd_pr__pfet_g5v0d10v5 L=8 W=1 nf=1 ad=0.29 as=0.29 pd=2.58 ps=2.58 nrd=0.29 nrs=0.29 sa=0 sb=0 sd=0
| + mult=1 m=1
| XMINVP ENB EN VDD VDD sky130_fd_pr__pfet_g5v0d10v5 L=0.5 W=2 nf=1 ad=0.58 as=0.58 pd=4.58 ps=4.58 nrd=0.145 nrs=0.145 sa=0 sb=0
| + sd=0 mult=1 m=1
| XMINVN ENB EN VSS VSS sky130_fd_pr__nfet_g5v0d10v5 L=0.5 W=1 nf=1 ad=0.29 as=0.29 pd=2.58 ps=2.58 nrd=0.29 nrs=0.29 sa=0 sb=0 sd=0
| + mult=1 m=1
| XMT NT PB VDD VDD sky130_fd_pr__pfet_g5v0d10v5 L=4 W=20 nf=1 ad=5.8 as=5.8 pd=40.58 ps=40.58 nrd=0.0145 nrs=0.0145 sa=0 sb=0 sd=0
| + mult=1 m=1
| XMI1 N1 NA NT NT sky130_fd_pr__pfet_g5v0d10v5 L=4 W=32 nf=1 ad=9.28 as=9.28 pd=64.58 ps=64.58 nrd=0.0090625 nrs=0.0090625 sa=0
| + sb=0 sd=0 mult=1 m=1
| XMI2 N2 NB NT NT sky130_fd_pr__pfet_g5v0d10v5 L=4 W=32 nf=1 ad=9.28 as=9.28 pd=64.58 ps=64.58 nrd=0.0090625 nrs=0.0090625 sa=0
| + sb=0 sd=0 mult=1 m=1
| XML1 N1 N1 VSS VSS sky130_fd_pr__nfet_g5v0d10v5 L=8 W=8 nf=1 ad=2.32 as=2.32 pd=16.58 ps=16.58 nrd=0.03625 nrs=0.03625 sa=0 sb=0
| + sd=0 mult=1 m=1
| XML2 N2 N1 VSS VSS sky130_fd_pr__nfet_g5v0d10v5 L=8 W=8 nf=1 ad=2.32 as=2.32 pd=16.58 ps=16.58 nrd=0.03625 nrs=0.03625 sa=0 sb=0
| + sd=0 mult=1 m=1
| XMS2N PG N2 VSS VSS sky130_fd_pr__nfet_g5v0d10v5 L=8 W=8 nf=1 ad=2.32 as=2.32 pd=16.58 ps=16.58 nrd=0.03625 nrs=0.03625 sa=0 sb=0
| + sd=0 mult=1 m=1
| XMS2P PG PB VDD VDD sky130_fd_pr__pfet_g5v0d10v5 L=4 W=10 nf=1 ad=2.9 as=2.9 pd=20.58 ps=20.58 nrd=0.029 nrs=0.029 sa=0 sb=0 sd=0
| + mult=1 m=1
| XCC PG NZ sky130_fd_pr__cap_mim_m3_1 W=12 L=12 MF=1 m=1
| XRZ NZ N2 VSS sky130_fd_pr__res_xhigh_po W=2 L=1000 mult=1 m=1
| XMP1 M1D PG VDD VDD sky130_fd_pr__pfet_g5v0d10v5 L=4 W=8 nf=1 ad=2.32 as=2.32 pd=16.58 ps=16.58 nrd=0.03625 nrs=0.03625 sa=0 sb=0
| + sd=0 mult=1 m=1
| XMPC1 NA PCAS M1D VDD sky130_fd_pr__pfet_g5v0d10v5 L=1 W=8 nf=1 ad=2.32 as=2.32 pd=16.58 ps=16.58 nrd=0.03625 nrs=0.03625 sa=0
| + sb=0 sd=0 mult=1 m=1
| XMP2 M2D PG VDD VDD sky130_fd_pr__pfet_g5v0d10v5 L=4 W=8 nf=1 ad=2.32 as=2.32 pd=16.58 ps=16.58 nrd=0.03625 nrs=0.03625 sa=0 sb=0
| + sd=0 mult=1 m=1
| XMPC2 NB PCAS M2D VDD sky130_fd_pr__pfet_g5v0d10v5 L=1 W=8 nf=1 ad=2.32 as=2.32 pd=16.58 ps=16.58 nrd=0.03625 nrs=0.03625 sa=0
| + sb=0 sd=0 mult=1 m=1
| XMP3 M3D PG VDD VDD sky130_fd_pr__pfet_g5v0d10v5 L=4 W=8 nf=1 ad=2.32 as=2.32 pd=16.58 ps=16.58 nrd=0.03625 nrs=0.03625 sa=0 sb=0
| + sd=0 mult=1 m=1
| XMPC3 PTAT PCAS M3D VDD sky130_fd_pr__pfet_g5v0d10v5 L=1 W=8 nf=1 ad=2.32 as=2.32 pd=16.58 ps=16.58 nrd=0.03625 nrs=0.03625 sa=0
| + sb=0 sd=0 mult=1 m=1
| XMSU1 ND PB VDD VDD sky130_fd_pr__pfet_g5v0d10v5 L=8 W=1 nf=1 ad=0.29 as=0.29 pd=2.58 ps=2.58 nrd=0.29 nrs=0.29 sa=0 sb=0 sd=0
| + mult=1 m=1
| XMSU2 ND NR VSS VSS sky130_fd_pr__nfet_g5v0d10v5 L=2 W=2 nf=1 ad=0.58 as=0.58 pd=4.58 ps=4.58 nrd=0.145 nrs=0.145 sa=0 sb=0 sd=0
| + mult=1 m=1
| XMSU3 PG ND VSS VSS sky130_fd_pr__nfet_g5v0d10v5 L=1 W=4 nf=1 ad=1.16 as=1.16 pd=8.58 ps=8.58 nrd=0.0725 nrs=0.0725 sa=0 sb=0 sd=0
| + mult=1 m=1
| XMDND ND ENB VSS VSS sky130_fd_pr__nfet_g5v0d10v5 L=0.5 W=2 nf=1 ad=0.58 as=0.58 pd=4.58 ps=4.58 nrd=0.145 nrs=0.145 sa=0 sb=0
| + sd=0 mult=1 m=1
| XMENPG PG EN VDD VDD sky130_fd_pr__pfet_g5v0d10v5 L=0.5 W=4 nf=1 ad=1.16 as=1.16 pd=8.58 ps=8.58 nrd=0.0725 nrs=0.0725 sa=0 sb=0
| + sd=0 mult=1 m=1
| XMENPT PTAT ENB VSS VSS sky130_fd_pr__nfet_g5v0d10v5 L=1 W=1 nf=1 ad=0.29 as=0.29 pd=2.58 ps=2.58 nrd=0.29 nrs=0.29 sa=0 sb=0 sd=0
| + mult=1 m=1
| XMENCT CTAT ENB VSS VSS sky130_fd_pr__nfet_g5v0d10v5 L=1 W=1 nf=1 ad=0.29 as=0.29 pd=2.58 ps=2.58 nrd=0.29 nrs=0.29 sa=0 sb=0 sd=0
| + mult=1 m=1
| XMSU4 NR PG VDD VDD sky130_fd_pr__pfet_g5v0d10v5 L=4 W=1 nf=1 ad=0.29 as=0.29 pd=2.58 ps=2.58 nrd=0.29 nrs=0.29 sa=0 sb=0 sd=0
| + mult=1 m=1
| XMSU5 NR NR VSS VSS sky130_fd_pr__nfet_g5v0d10v5 L=2 W=2 nf=1 ad=0.58 as=0.58 pd=4.58 ps=4.58 nrd=0.145 nrs=0.145 sa=0 sb=0 sd=0
| + mult=1 m=1
| XMDN2 N2 ENB VSS VSS sky130_fd_pr__nfet_g5v0d10v5 L=1 W=2 nf=1 ad=0.58 as=0.58 pd=4.58 ps=4.58 nrd=0.145 nrs=0.145 sa=0 sb=0 sd=0
| + mult=1 m=1
| XMDNT NT ENB VSS VSS sky130_fd_pr__nfet_g5v0d10v5 L=1 W=2 nf=1 ad=0.58 as=0.58 pd=4.58 ps=4.58 nrd=0.145 nrs=0.145 sa=0 sb=0 sd=0
| + mult=1 m=1
| XQ1 VSS VSS NA sky130_fd_pr__pnp_05v5_W3p40L3p40 m=1 mult=1
| XQ8A VSS VSS NC sky130_fd_pr__pnp_05v5_W3p40L3p40 m=1 mult=1
| XQ8B VSS VSS NC sky130_fd_pr__pnp_05v5_W3p40L3p40 m=1 mult=1
| XQ8C VSS VSS NC sky130_fd_pr__pnp_05v5_W3p40L3p40 m=1 mult=1
| XQ8D VSS VSS NC sky130_fd_pr__pnp_05v5_W3p40L3p40 m=1 mult=1
| XQ8E VSS VSS NC sky130_fd_pr__pnp_05v5_W3p40L3p40 m=1 mult=1
| XQ8F VSS VSS NC sky130_fd_pr__pnp_05v5_W3p40L3p40 m=1 mult=1
| XQ8G VSS VSS NC sky130_fd_pr__pnp_05v5_W3p40L3p40 m=1 mult=1
| XQ8H VSS VSS NC sky130_fd_pr__pnp_05v5_W3p40L3p40 m=1 mult=1
| XR1 NB NC VSS sky130_fd_pr__res_xhigh_po W=2 L=119.47 mult=1 m=1
| XR2 PTAT PTAT_TRIM VSS sky130_fd_pr__res_xhigh_po W=2 L=2652.6 mult=1 m=1
| XR2TRIM PTAT_TRIM VSS VSS sky130_fd_pr__res_xhigh_po W=2 L=450.88 mult=1 m=1
| XRISO NA CTAT VSS sky130_fd_pr__res_xhigh_po W=2 L=111.05 mult=1 m=1
| .ends
| 
| .control
| save all
| tran 10u 10m uic
| let nlast = length(v(ptat))-1
| let meas_ptat = v(ptat)[nlast]
| let meas_ptat_settled = abs(v(ptat)[nlast] - v(ptat)[nlast-100])
| let meas_ctat = v(ctat)[nlast]
| let meas_ctat_settled = abs(v(ctat)[nlast] - v(ctat)[nlast-100])
| let meas_na = v(xdut.na)[nlast]
| let meas_nb = v(xdut.nb)[nlast]
| let meas_isup = -i(v1)[nlast]
| let meas_bias_ok = v(bias_ok)[nlast]
| print meas_ptat
| print meas_ptat_settled
| print meas_ctat
| print meas_ctat_settled
| print meas_na
| print meas_nb
| print meas_isup
| print meas_bias_ok
| quit
| .endc
| .end

# ==== ngspice stdout ====

Note: Compatibility modes selected: hs a


Circuit: * temp-core-startup-en-delayed corner deck -- generated by sim/bin/corner-run.py, do not edit

option SCALE: Scale is set to 1e-06 for instance and model parameters
option SCALE: Scale is set to 1e-06 for instance and model parameters
option SCALE: Scale is set to 1e-06 for instance and model parameters
option SCALE: Scale is set to 1e-06 for instance and model parameters
Doing analysis at TEMP = 27.000000 and TNOM = 27.000000

Using KLU as Direct Linear Solver
Operating point simulation skipped by 'uic',
  now using transient initial conditions.
 Reference value :  1.00000e-07
 Reference value :  8.00000e-07
 Reference value :  6.40000e-06
 Reference value :  1.00000e-05
 Reference value :  1.19200e-05
 Reference value :  1.96000e-05
 Reference value :  2.42998e-05
 Reference value :  3.41095e-05
 Reference value :  4.72327e-05
 Reference value :  5.48386e-05
 Reference value :  6.32640e-05
 Reference value :  8.10879e-05
 Reference value :  1.00000e-04
 Reference value :  1.03000e-04
 Reference value :  1.06450e-04
 Reference value :  1.17274e-04
 Reference value :  1.47274e-04
 Reference value :  1.77274e-04
 Reference value :  2.17274e-04
 Reference value :  2.57274e-04
 Reference value :  2.87274e-04
 Reference value :  3.01000e-04
 Reference value :  3.15000e-04
 Reference value :  3.22497e-04
 Reference value :  3.23402e-04
 Reference value :  3.23629e-04
 Reference value :  3.24152e-04
 Reference value :  3.24293e-04
 Reference value :  3.24475e-04
 Reference value :  3.24656e-04
 Reference value :  3.24848e-04
 Reference value :  3.24870e-04
 Reference value :  3.24972e-04
 Reference value :  3.25023e-04
 Reference value :  3.25122e-04
 Reference value :  3.25232e-04
 Reference value :  3.25409e-04
 Reference value :  3.27378e-04
 Reference value :  3.30854e-04
 Reference value :  3.32967e-04
 Reference value :  3.33812e-04
 Reference value :  3.35312e-04
 Reference value :  3.37138e-04
 Reference value :  3.42252e-04
 Reference value :  3.50000e-04
 Reference value :  3.53171e-04
 Reference value :  3.84043e-04
 Reference value :  4.24043e-04
 Reference value :  4.54043e-04
 Reference value :  4.84043e-04
 Reference value :  5.24043e-04
 Reference value :  5.64043e-04
 Reference value :  5.94043e-04
 Reference value :  6.24043e-04
 Reference value :  6.54043e-04
 Reference value :  6.94043e-04
 Reference value :  7.44043e-04
 Reference value :  7.84043e-04
 Reference value :  8.24043e-04
 Reference value :  8.54043e-04
 Reference value :  8.94043e-04
 Reference value :  9.34043e-04
 Reference value :  9.74043e-04
 Reference value :  1.01404e-03
 Reference value :  1.05404e-03
 Reference value :  1.09404e-03
 Reference value :  1.12404e-03
 Reference value :  1.16404e-03
 Reference value :  1.22404e-03
 Reference value :  1.26404e-03
 Reference value :  1.29404e-03
 Reference value :  1.33404e-03
 Reference value :  1.36404e-03
 Reference value :  1.40404e-03
 Reference value :  1.44404e-03
 Reference value :  1.47404e-03
 Reference value :  1.51404e-03
 Reference value :  1.54404e-03
 Reference value :  1.57404e-03
 Reference value :  1.61404e-03
 Reference value :  1.65404e-03
 Reference value :  1.69404e-03
 Reference value :  1.72404e-03
 Reference value :  1.75404e-03
 Reference value :  1.79404e-03
 Reference value :  1.83404e-03
 Reference value :  1.97404e-03
 Reference value :  2.01404e-03
 Reference value :  2.05404e-03
 Reference value :  2.08404e-03
 Reference value :  2.12404e-03
 Reference value :  2.15404e-03
 Reference value :  2.19404e-03
 Reference value :  2.23404e-03
 Reference value :  2.27404e-03
 Reference value :  2.30404e-03
 Reference value :  2.33404e-03
 Reference value :  2.37404e-03
 Reference value :  2.41404e-03
 Reference value :  2.44404e-03
 Reference value :  2.48404e-03
 Reference value :  2.54404e-03
 Reference value :  2.57404e-03
 Reference value :  2.60404e-03
 Reference value :  2.63404e-03
 Reference value :  2.68404e-03
 Reference value :  2.72404e-03
 Reference value :  2.76404e-03
 Reference value :  2.80404e-03
 Reference value :  2.83404e-03
 Reference value :  2.86404e-03
 Reference value :  2.90404e-03
 Reference value :  2.93404e-03
 Reference value :  2.97404e-03
 Reference value :  3.00404e-03
 Reference value :  3.03404e-03
 Reference value :  3.07404e-03
 Reference value :  3.11404e-03
 Reference value :  3.16404e-03
 Reference value :  3.19404e-03
 Reference value :  3.23404e-03
 Reference value :  3.27404e-03
 Reference value :  3.31404e-03
 Reference value :  3.35404e-03
 Reference value :  3.38404e-03
 Reference value :  3.41404e-03
 Reference value :  3.45404e-03
 Reference value :  3.49404e-03
 Reference value :  3.53404e-03
 Reference value :  3.56404e-03
 Reference value :  3.59404e-03
 Reference value :  3.62404e-03
 Reference value :  3.66404e-03
 Reference value :  3.70404e-03
 Reference value :  3.74404e-03
 Reference value :  3.77404e-03
 Reference value :  3.81404e-03
 Reference value :  3.84404e-03
 Reference value :  3.87404e-03
 Reference value :  3.91404e-03
 Reference value :  3.95404e-03
 Reference value :  3.99404e-03
 Reference value :  4.02404e-03
 Reference value :  4.05404e-03
 Reference value :  4.09404e-03
 Reference value :  4.13404e-03
 Reference value :  4.16404e-03
 Reference value :  4.20404e-03
 Reference value :  4.23404e-03
 Reference value :  4.33404e-03
 Reference value :  4.36404e-03
 Reference value :  4.39404e-03
 Reference value :  4.42404e-03
 Reference value :  4.46404e-03
 Reference value :  4.49404e-03
 Reference value :  4.52404e-03
 Reference value :  4.55404e-03
 Reference value :  4.59404e-03
 Reference value :  4.63404e-03
 Reference value :  4.67404e-03
 Reference value :  4.71404e-03
 Reference value :  4.75404e-03
 Reference value :  4.79404e-03
 Reference value :  4.83404e-03
 Reference value :  4.87404e-03
 Reference value :  4.91404e-03
 Reference value :  4.94404e-03
 Reference value :  4.97404e-03
 Reference value :  5.02404e-03
 Reference value :  5.07404e-03
 Reference value :  5.11404e-03
 Reference value :  5.14404e-03
 Reference value :  5.18404e-03
 Reference value :  5.21404e-03
 Reference value :  5.24404e-03
 Reference value :  5.28404e-03
 Reference value :  5.32404e-03
 Reference value :  5.36404e-03
 Reference value :  5.40404e-03
 Reference value :  5.43404e-03
 Reference value :  5.46404e-03
 Reference value :  5.50404e-03
 Reference value :  5.53404e-03
 Reference value :  5.57404e-03
 Reference value :  5.60404e-03
 Reference value :  5.64404e-03
 Reference value :  5.68404e-03
 Reference value :  5.72404e-03
 Reference value :  5.76404e-03
 Reference value :  5.80404e-03
 Reference value :  5.84404e-03
 Reference value :  5.88404e-03
 Reference value :  5.92404e-03
 Reference value :  5.96404e-03
 Reference value :  5.99404e-03
 Reference value :  6.03404e-03
 Reference value :  6.07404e-03
 Reference value :  6.11404e-03
 Reference value :  6.15404e-03
 Reference value :  6.18404e-03
 Reference value :  6.22404e-03
 Reference value :  6.29404e-03
 Reference value :  6.33404e-03
 Reference value :  6.37404e-03
 Reference value :  6.40404e-03
 Reference value :  6.44404e-03
 Reference value :  6.48404e-03
 Reference value :  6.52404e-03
 Reference value :  6.55404e-03
 Reference value :  6.59404e-03
 Reference value :  6.64404e-03
 Reference value :  6.68404e-03
 Reference value :  6.73404e-03
 Reference value :  6.77404e-03
 Reference value :  6.81404e-03
 Reference value :  6.85404e-03
 Reference value :  6.89404e-03
 Reference value :  6.93404e-03
 Reference value :  6.97404e-03
 Reference value :  7.01404e-03
 Reference value :  7.04404e-03
 Reference value :  7.07404e-03
 Reference value :  7.11404e-03
 Reference value :  7.15404e-03
 Reference value :  7.19404e-03
 Reference value :  7.23404e-03
 Reference value :  7.27404e-03
 Reference value :  7.31404e-03
 Reference value :  7.35404e-03
 Reference value :  7.38404e-03
 Reference value :  7.41404e-03
 Reference value :  7.44404e-03
 Reference value :  7.48404e-03
 Reference value :  7.52404e-03
 Reference value :  7.55404e-03
 Reference value :  7.58404e-03
 Reference value :  7.61404e-03
 Reference value :  7.64404e-03
 Reference value :  7.68404e-03
 Reference value :  7.72404e-03
 Reference value :  7.76404e-03
 Reference value :  7.79404e-03
 Reference value :  7.82404e-03
 Reference value :  7.85404e-03
 Reference value :  7.89404e-03
 Reference value :  7.92404e-03
 Reference value :  7.95404e-03
 Reference value :  7.99404e-03
 Reference value :  8.03404e-03
 Reference value :  8.06404e-03
 Reference value :  8.10404e-03
 Reference value :  8.14404e-03
 Reference value :  8.18404e-03
 Reference value :  8.21404e-03
 Reference value :  8.25404e-03
 Reference value :  8.29404e-03
 Reference value :  8.32404e-03
 Reference value :  8.35404e-03
 Reference value :  8.38404e-03
 Reference value :  8.42404e-03
 Reference value :  8.45404e-03
 Reference value :  8.50404e-03
 Reference value :  8.54404e-03
 Reference value :  8.58404e-03
 Reference value :  8.62404e-03
 Reference value :  8.66404e-03
 Reference value :  8.70404e-03
 Reference value :  8.73404e-03
 Reference value :  8.76404e-03
 Reference value :  8.80404e-03
 Reference value :  8.83404e-03
 Reference value :  8.87404e-03
 Reference value :  8.91404e-03
 Reference value :  8.94404e-03
 Reference value :  8.98404e-03
 Reference value :  9.03404e-03
 Reference value :  9.06404e-03
 Reference value :  9.09404e-03
 Reference value :  9.13404e-03
 Reference value :  9.16404e-03
 Reference value :  9.21404e-03
 Reference value :  9.25404e-03
 Reference value :  9.28404e-03
 Reference value :  9.31404e-03
 Reference value :  9.35404e-03
 Reference value :  9.39404e-03
 Reference value :  9.43404e-03
 Reference value :  9.46404e-03
 Reference value :  9.50404e-03
 Reference value :  9.53404e-03
 Reference value :  9.56404e-03
 Reference value :  9.61404e-03
 Reference value :  9.65404e-03
 Reference value :  9.68404e-03
 Reference value :  9.71404e-03
 Reference value :  9.75404e-03
 Reference value :  9.79404e-03
 Reference value :  9.83404e-03
 Reference value :  9.86404e-03
 Reference value :  9.89404e-03
 Reference value :  9.92404e-03
 Reference value :  9.96404e-03
 Reference value :  1.00000e-02
No. of Data Rows : 1058
meas_ptat = 1.413979e+00
meas_ptat_settled = 1.372604e-10
meas_ctat = 6.578925e-01
meas_ctat_settled = 1.194045e-12
meas_na = 6.578926e-01
meas_nb = 6.578966e-01
meas_isup = 7.449548e-06
meas_bias_ok = 3.629999e+00
ngspice-46 done

# ==== ngspice stderr ====

