# corner: sf_27c_2.97v
# process=sf temp=27C supply=2.97V
# ngspice exit: 0
# wall clock: 33.4s (--timeout was 200s)
# result: PASS

# ==== deck (exact input given to ngspice) ====
| * temp-core-startup-en-delayed corner deck -- generated by sim/bin/corner-run.py, do not edit
| * corner: sf_27c_2.97v
| .param vsup=2.97
| .param tramp=100u
| .param ten_start=300u
| .param ten_end=350u
| .param tstop=10m
| .option wnflag=1
| .option method=gear
| .option trtol=50
| .temp 27
| .lib "/home/ubuntu/.volare/sky130A/libs.tech/combined/sky130.lib.spice" sf
| ** sch_path: sim/temp-core-startup-en-delayed/testbench/tb_temp_core_startup_en_delayed.sch
| **.subckt tb_temp_core_startup_en_delayed
| V1 VDD 0 PWL(0 0 'tramp' 'vsup' 'tstop' 'vsup')
| .save i(v1)
| V2 EN 0 PWL(0 0 'ten_start' 0 'ten_end' 'vsup' 'tstop' 'vsup')
| XBIAS VDD 0 IBIAS VREF BIAS_OK bias_core
| XDUT VDD 0 IBIAS EN PTAT CTAT temp_core
| **.ends
| 
| * expanding   symbol:  design/bias_core.sym # of pins=5
| ** sym_path: design/bias_core.sym
| ** sch_path: design/bias_core.sch
| .subckt bias_core VDD VSS IBIAS VREF BIAS_OK
| *.iopin VDD
| *.iopin VSS
| *.opin IBIAS
| *.opin VREF
| *.opin BIAS_OK
| XMP1 NA PG VDD VDD sky130_fd_pr__pfet_g5v0d10v5 L=4 W=8 nf=1 ad=2.32 as=2.32 pd=16.58 ps=16.58 nrd=0.03625 nrs=0.03625 sa=0 sb=0
| + sd=0 mult=1 m=1
| XMP2 NBTOP PG VDD VDD sky130_fd_pr__pfet_g5v0d10v5 L=4 W=8 nf=1 ad=2.32 as=2.32 pd=16.58 ps=16.58 nrd=0.03625 nrs=0.03625 sa=0
| + sb=0 sd=0 mult=1 m=1
| XMP3 VREF PG VDD VDD sky130_fd_pr__pfet_g5v0d10v5 L=4 W=8 nf=1 ad=2.32 as=2.32 pd=16.58 ps=16.58 nrd=0.03625 nrs=0.03625 sa=0 sb=0
| + sd=0 mult=1 m=1
| XMPBN NBG PG VDD VDD sky130_fd_pr__pfet_g5v0d10v5 L=4 W=2 nf=1 ad=0.58 as=0.58 pd=4.58 ps=4.58 nrd=0.145 nrs=0.145 sa=0 sb=0 sd=0
| + mult=1 m=1
| XQ1 VSS VSS NA sky130_fd_pr__pnp_05v5_W3p40L3p40 m=1 mult=1
| XRT NBTOP NB VSS sky130_fd_pr__res_xhigh_po W=2 L=17.5 mult=1 m=1
| XR1 NB EC VSS sky130_fd_pr__res_xhigh_po W=2 L=350.0 mult=1 m=1
| XQ8A VSS VSS EC sky130_fd_pr__pnp_05v5_W3p40L3p40 m=1 mult=1
| XQ8B VSS VSS EC sky130_fd_pr__pnp_05v5_W3p40L3p40 m=1 mult=1
| XQ8C VSS VSS EC sky130_fd_pr__pnp_05v5_W3p40L3p40 m=1 mult=1
| XQ8D VSS VSS EC sky130_fd_pr__pnp_05v5_W3p40L3p40 m=1 mult=1
| XQ8E VSS VSS EC sky130_fd_pr__pnp_05v5_W3p40L3p40 m=1 mult=1
| XQ8F VSS VSS EC sky130_fd_pr__pnp_05v5_W3p40L3p40 m=1 mult=1
| XQ8G VSS VSS EC sky130_fd_pr__pnp_05v5_W3p40L3p40 m=1 mult=1
| XQ8H VSS VSS EC sky130_fd_pr__pnp_05v5_W3p40L3p40 m=1 mult=1
| XR2 VREF ER VSS sky130_fd_pr__res_xhigh_po W=2 L=4104.0 mult=1 m=1
| XQR VSS VSS ER sky130_fd_pr__pnp_05v5_W3p40L3p40 m=1 mult=1
| XMBN NBG NBG VSS VSS sky130_fd_pr__nfet_g5v0d10v5 L=4 W=2 nf=1 ad=0.58 as=0.58 pd=4.58 ps=4.58 nrd=0.145 nrs=0.145 sa=0 sb=0 sd=0
| + mult=1 m=1
| XMBN2 PB NBG VSS VSS sky130_fd_pr__nfet_g5v0d10v5 L=4 W=2 nf=1 ad=0.58 as=0.58 pd=4.58 ps=4.58 nrd=0.145 nrs=0.145 sa=0 sb=0 sd=0
| + mult=1 m=1
| XMBP PB PB VDD VDD sky130_fd_pr__pfet_g5v0d10v5 L=4 W=2 nf=1 ad=0.58 as=0.58 pd=4.58 ps=4.58 nrd=0.145 nrs=0.145 sa=0 sb=0 sd=0
| + mult=1 m=1
| XMPIB IBIAS PB VDD VDD sky130_fd_pr__pfet_g5v0d10v5 L=4 W=40 nf=1 ad=11.6 as=11.6 pd=80.58 ps=80.58 nrd=0.00725 nrs=0.00725 sa=0
| + sb=0 sd=0 mult=1 m=1
| XMPT NT PB VDD VDD sky130_fd_pr__pfet_g5v0d10v5 L=4 W=2 nf=1 ad=0.58 as=0.58 pd=4.58 ps=4.58 nrd=0.145 nrs=0.145 sa=0 sb=0 sd=0
| + mult=1 m=1
| XMI1 N1 NA NT VDD sky130_fd_pr__pfet_g5v0d10v5 L=4 W=16 nf=1 ad=4.64 as=4.64 pd=32.58 ps=32.58 nrd=0.018125 nrs=0.018125 sa=0 sb=0
| + sd=0 mult=1 m=1
| XMI2 N2 NB NT VDD sky130_fd_pr__pfet_g5v0d10v5 L=4 W=16 nf=1 ad=4.64 as=4.64 pd=32.58 ps=32.58 nrd=0.018125 nrs=0.018125 sa=0 sb=0
| + sd=0 mult=1 m=1
| XML1 N1 N1 VSS VSS sky130_fd_pr__nfet_g5v0d10v5 L=8 W=4 nf=1 ad=1.16 as=1.16 pd=8.58 ps=8.58 nrd=0.0725 nrs=0.0725 sa=0 sb=0 sd=0
| + mult=1 m=1
| XML2 N2 N1 VSS VSS sky130_fd_pr__nfet_g5v0d10v5 L=8 W=4 nf=1 ad=1.16 as=1.16 pd=8.58 ps=8.58 nrd=0.0725 nrs=0.0725 sa=0 sb=0 sd=0
| + mult=1 m=1
| XMS2N PG N2 VSS VSS sky130_fd_pr__nfet_g5v0d10v5 L=8 W=8 nf=1 ad=2.32 as=2.32 pd=16.58 ps=16.58 nrd=0.03625 nrs=0.03625 sa=0 sb=0
| + sd=0 mult=1 m=1
| XMS2P PG PB VDD VDD sky130_fd_pr__pfet_g5v0d10v5 L=4 W=2 nf=1 ad=0.58 as=0.58 pd=4.58 ps=4.58 nrd=0.145 nrs=0.145 sa=0 sb=0 sd=0
| + mult=1 m=1
| XCC PG NZ sky130_fd_pr__cap_mim_m3_1 W=20 L=20 MF=1 m=1
| XRZ NZ N2 VSS sky130_fd_pr__res_xhigh_po W=2 L=1016.0 mult=1 m=1
| XKS0 VDD VDD KS1 VSS sky130_fd_pr__nfet_g5v0d10v5 L=8 W=1 nf=1 ad=0.29 as=0.29 pd=2.58 ps=2.58 nrd=0.29 nrs=0.29 sa=0 sb=0 sd=0
| + mult=1 m=1
| XKS1 KS1 KS1 KS2 VSS sky130_fd_pr__nfet_g5v0d10v5 L=8 W=1 nf=1 ad=0.29 as=0.29 pd=2.58 ps=2.58 nrd=0.29 nrs=0.29 sa=0 sb=0 sd=0
| + mult=1 m=1
| XKS2 KS2 KS2 KS3 VSS sky130_fd_pr__nfet_g5v0d10v5 L=8 W=1 nf=1 ad=0.29 as=0.29 pd=2.58 ps=2.58 nrd=0.29 nrs=0.29 sa=0 sb=0 sd=0
| + mult=1 m=1
| XKS3 KS3 KS3 KS4 VSS sky130_fd_pr__nfet_g5v0d10v5 L=8 W=1 nf=1 ad=0.29 as=0.29 pd=2.58 ps=2.58 nrd=0.29 nrs=0.29 sa=0 sb=0 sd=0
| + mult=1 m=1
| XKS4 KS4 KS4 NKG VSS sky130_fd_pr__nfet_g5v0d10v5 L=8 W=1 nf=1 ad=0.29 as=0.29 pd=2.58 ps=2.58 nrd=0.29 nrs=0.29 sa=0 sb=0 sd=0
| + mult=1 m=1
| XKA NKM PB VDD VDD sky130_fd_pr__pfet_g5v0d10v5 L=4 W=1 nf=1 ad=0.29 as=0.29 pd=2.58 ps=2.58 nrd=0.29 nrs=0.29 sa=0 sb=0 sd=0
| + mult=1 m=1
| XKAN NKM NKM VSS VSS sky130_fd_pr__nfet_g5v0d10v5 L=4 W=2 nf=1 ad=0.58 as=0.58 pd=4.58 ps=4.58 nrd=0.145 nrs=0.145 sa=0 sb=0 sd=0
| + mult=1 m=1
| XKPD NKG NKM VSS VSS sky130_fd_pr__nfet_g5v0d10v5 L=4 W=8 nf=1 ad=2.32 as=2.32 pd=16.58 ps=16.58 nrd=0.03625 nrs=0.03625 sa=0 sb=0
| + sd=0 mult=1 m=1
| XKICK PG NKG VSS VSS sky130_fd_pr__nfet_g5v0d10v5 L=4 W=1 nf=1 ad=0.29 as=0.29 pd=2.58 ps=2.58 nrd=0.29 nrs=0.29 sa=0 sb=0 sd=0
| + mult=1 m=1
| XMPOK TOK PB VDD VDD sky130_fd_pr__pfet_g5v0d10v5 L=4 W=1 nf=1 ad=0.29 as=0.29 pd=2.58 ps=2.58 nrd=0.29 nrs=0.29 sa=0 sb=0 sd=0
| + mult=1 m=1
| XMOKA NOKO NA TOK VDD sky130_fd_pr__pfet_g5v0d10v5 L=4 W=8 nf=1 ad=2.32 as=2.32 pd=16.58 ps=16.58 nrd=0.03625 nrs=0.03625 sa=0
| + sb=0 sd=0 mult=1 m=1
| XMOKB NOKL NBTOP TOK VDD sky130_fd_pr__pfet_g5v0d10v5 L=4 W=8 nf=1 ad=2.32 as=2.32 pd=16.58 ps=16.58 nrd=0.03625 nrs=0.03625 sa=0
| + sb=0 sd=0 mult=1 m=1
| XMOL1 NOKL NOKL VSS VSS sky130_fd_pr__nfet_g5v0d10v5 L=4 W=2 nf=1 ad=0.58 as=0.58 pd=4.58 ps=4.58 nrd=0.145 nrs=0.145 sa=0 sb=0
| + sd=0 mult=1 m=1
| XMOL2 NOKO NOKL VSS VSS sky130_fd_pr__nfet_g5v0d10v5 L=4 W=2 nf=1 ad=0.58 as=0.58 pd=4.58 ps=4.58 nrd=0.145 nrs=0.145 sa=0 sb=0
| + sd=0 mult=1 m=1
| XMOKC NOKO NKG VSS VSS sky130_fd_pr__nfet_g5v0d10v5 L=1 W=2 nf=1 ad=0.58 as=0.58 pd=4.58 ps=4.58 nrd=0.145 nrs=0.145 sa=0 sb=0
| + sd=0 mult=1 m=1
| XMOK2 NOKX NOKO VSS VSS sky130_fd_pr__nfet_g5v0d10v5 L=4 W=2 nf=1 ad=0.58 as=0.58 pd=4.58 ps=4.58 nrd=0.145 nrs=0.145 sa=0 sb=0
| + sd=0 mult=1 m=1
| XMOK2P NOKX PB VDD VDD sky130_fd_pr__pfet_g5v0d10v5 L=4 W=1 nf=1 ad=0.29 as=0.29 pd=2.58 ps=2.58 nrd=0.29 nrs=0.29 sa=0 sb=0 sd=0
| + mult=1 m=1
| XCOK VDD NOKX sky130_fd_pr__cap_mim_m3_1 W=6 L=6 MF=1 m=1
| XMO1P BIAS_OK NOKX VDD VDD sky130_fd_pr__pfet_g5v0d10v5 L=4 W=1 nf=1 ad=0.29 as=0.29 pd=2.58 ps=2.58 nrd=0.29 nrs=0.29 sa=0 sb=0
| + sd=0 mult=1 m=1
| XMO1N BIAS_OK NOKX VSS VSS sky130_fd_pr__nfet_g5v0d10v5 L=0.5 W=4 nf=1 ad=1.16 as=1.16 pd=8.58 ps=8.58 nrd=0.0725 nrs=0.0725 sa=0
| + sb=0 sd=0 mult=1 m=1
| .ends
| 
| 
| * expanding   symbol:  design/temp_core.sym # of pins=6
| ** sym_path: design/temp_core.sym
| ** sch_path: design/temp_core.sch
| .subckt temp_core VDD VSS IBIAS EN PTAT CTAT
| *.iopin VDD
| *.iopin VSS
| *.ipin IBIAS
| *.ipin EN
| *.opin PTAT
| *.opin CTAT
| XMBD IBIAS NBG VSS VSS sky130_fd_pr__nfet_g5v0d10v5 L=2 W=4 nf=1 ad=1.16 as=1.16 pd=8.58 ps=8.58 nrd=0.0725 nrs=0.0725 sa=0 sb=0
| + sd=0 mult=1 m=1
| XMPASS IBIAS EN NBG VSS sky130_fd_pr__nfet_g5v0d10v5 L=0.5 W=2 nf=1 ad=0.58 as=0.58 pd=4.58 ps=4.58 nrd=0.145 nrs=0.145 sa=0 sb=0
| + sd=0 mult=1 m=1
| XMDNB NBG ENB VSS VSS sky130_fd_pr__nfet_g5v0d10v5 L=0.5 W=2 nf=1 ad=0.58 as=0.58 pd=4.58 ps=4.58 nrd=0.145 nrs=0.145 sa=0 sb=0
| + sd=0 mult=1 m=1
| XMBN1 PB NBG VSS VSS sky130_fd_pr__nfet_g5v0d10v5 L=2 W=4 nf=1 ad=1.16 as=1.16 pd=8.58 ps=8.58 nrd=0.0725 nrs=0.0725 sa=0 sb=0
| + sd=0 mult=1 m=1
| XMBP PB PB VDD VDD sky130_fd_pr__pfet_g5v0d10v5 L=4 W=10 nf=1 ad=2.9 as=2.9 pd=20.58 ps=20.58 nrd=0.029 nrs=0.029 sa=0 sb=0 sd=0
| + mult=1 m=1
| XMBN2 PCAS NBG VSS VSS sky130_fd_pr__nfet_g5v0d10v5 L=2 W=4 nf=1 ad=1.16 as=1.16 pd=8.58 ps=8.58 nrd=0.0725 nrs=0.0725 sa=0 sb=0
| + sd=0 mult=1 m=1
| XMCB PCAS PCAS VDD VDD sky130_fd_pr__pfet_g5v0d10v5 L=8 W=1 nf=1 ad=0.29 as=0.29 pd=2.58 ps=2.58 nrd=0.29 nrs=0.29 sa=0 sb=0 sd=0
| + mult=1 m=1
| XMINVP ENB EN VDD VDD sky130_fd_pr__pfet_g5v0d10v5 L=0.5 W=2 nf=1 ad=0.58 as=0.58 pd=4.58 ps=4.58 nrd=0.145 nrs=0.145 sa=0 sb=0
| + sd=0 mult=1 m=1
| XMINVN ENB EN VSS VSS sky130_fd_pr__nfet_g5v0d10v5 L=0.5 W=1 nf=1 ad=0.29 as=0.29 pd=2.58 ps=2.58 nrd=0.29 nrs=0.29 sa=0 sb=0 sd=0
| + mult=1 m=1
| XMT NT PB VDD VDD sky130_fd_pr__pfet_g5v0d10v5 L=4 W=20 nf=1 ad=5.8 as=5.8 pd=40.58 ps=40.58 nrd=0.0145 nrs=0.0145 sa=0 sb=0 sd=0
| + mult=1 m=1
| XMI1 N1 NA NT NT sky130_fd_pr__pfet_g5v0d10v5 L=4 W=32 nf=1 ad=9.28 as=9.28 pd=64.58 ps=64.58 nrd=0.0090625 nrs=0.0090625 sa=0
| + sb=0 sd=0 mult=1 m=1
| XMI2 N2 NB NT NT sky130_fd_pr__pfet_g5v0d10v5 L=4 W=32 nf=1 ad=9.28 as=9.28 pd=64.58 ps=64.58 nrd=0.0090625 nrs=0.0090625 sa=0
| + sb=0 sd=0 mult=1 m=1
| XML1 N1 N1 VSS VSS sky130_fd_pr__nfet_g5v0d10v5 L=8 W=8 nf=1 ad=2.32 as=2.32 pd=16.58 ps=16.58 nrd=0.03625 nrs=0.03625 sa=0 sb=0
| + sd=0 mult=1 m=1
| XML2 N2 N1 VSS VSS sky130_fd_pr__nfet_g5v0d10v5 L=8 W=8 nf=1 ad=2.32 as=2.32 pd=16.58 ps=16.58 nrd=0.03625 nrs=0.03625 sa=0 sb=0
| + sd=0 mult=1 m=1
| XMS2N PG N2 VSS VSS sky130_fd_pr__nfet_g5v0d10v5 L=8 W=8 nf=1 ad=2.32 as=2.32 pd=16.58 ps=16.58 nrd=0.03625 nrs=0.03625 sa=0 sb=0
| + sd=0 mult=1 m=1
| XMS2P PG PB VDD VDD sky130_fd_pr__pfet_g5v0d10v5 L=4 W=10 nf=1 ad=2.9 as=2.9 pd=20.58 ps=20.58 nrd=0.029 nrs=0.029 sa=0 sb=0 sd=0
| + mult=1 m=1
| XCC PG NZ sky130_fd_pr__cap_mim_m3_1 W=12 L=12 MF=1 m=1
| XRZ NZ N2 VSS sky130_fd_pr__res_xhigh_po W=2 L=1000 mult=1 m=1
| XMP1 M1D PG VDD VDD sky130_fd_pr__pfet_g5v0d10v5 L=4 W=8 nf=1 ad=2.32 as=2.32 pd=16.58 ps=16.58 nrd=0.03625 nrs=0.03625 sa=0 sb=0
| + sd=0 mult=1 m=1
| XMPC1 NA PCAS M1D VDD sky130_fd_pr__pfet_g5v0d10v5 L=1 W=8 nf=1 ad=2.32 as=2.32 pd=16.58 ps=16.58 nrd=0.03625 nrs=0.03625 sa=0
| + sb=0 sd=0 mult=1 m=1
| XMP2 M2D PG VDD VDD sky130_fd_pr__pfet_g5v0d10v5 L=4 W=8 nf=1 ad=2.32 as=2.32 pd=16.58 ps=16.58 nrd=0.03625 nrs=0.03625 sa=0 sb=0
| + sd=0 mult=1 m=1
| XMPC2 NB PCAS M2D VDD sky130_fd_pr__pfet_g5v0d10v5 L=1 W=8 nf=1 ad=2.32 as=2.32 pd=16.58 ps=16.58 nrd=0.03625 nrs=0.03625 sa=0
| + sb=0 sd=0 mult=1 m=1
| XMP3 M3D PG VDD VDD sky130_fd_pr__pfet_g5v0d10v5 L=4 W=8 nf=1 ad=2.32 as=2.32 pd=16.58 ps=16.58 nrd=0.03625 nrs=0.03625 sa=0 sb=0
| + sd=0 mult=1 m=1
| XMPC3 PTAT PCAS M3D VDD sky130_fd_pr__pfet_g5v0d10v5 L=1 W=8 nf=1 ad=2.32 as=2.32 pd=16.58 ps=16.58 nrd=0.03625 nrs=0.03625 sa=0
| + sb=0 sd=0 mult=1 m=1
| XMSU1 ND PB VDD VDD sky130_fd_pr__pfet_g5v0d10v5 L=8 W=1 nf=1 ad=0.29 as=0.29 pd=2.58 ps=2.58 nrd=0.29 nrs=0.29 sa=0 sb=0 sd=0
| + mult=1 m=1
| XMSU2 ND NR VSS VSS sky130_fd_pr__nfet_g5v0d10v5 L=2 W=2 nf=1 ad=0.58 as=0.58 pd=4.58 ps=4.58 nrd=0.145 nrs=0.145 sa=0 sb=0 sd=0
| + mult=1 m=1
| XMSU3 PG ND VSS VSS sky130_fd_pr__nfet_g5v0d10v5 L=1 W=4 nf=1 ad=1.16 as=1.16 pd=8.58 ps=8.58 nrd=0.0725 nrs=0.0725 sa=0 sb=0 sd=0
| + mult=1 m=1
| XMDND ND ENB VSS VSS sky130_fd_pr__nfet_g5v0d10v5 L=0.5 W=2 nf=1 ad=0.58 as=0.58 pd=4.58 ps=4.58 nrd=0.145 nrs=0.145 sa=0 sb=0
| + sd=0 mult=1 m=1
| XMENPG PG EN VDD VDD sky130_fd_pr__pfet_g5v0d10v5 L=0.5 W=4 nf=1 ad=1.16 as=1.16 pd=8.58 ps=8.58 nrd=0.0725 nrs=0.0725 sa=0 sb=0
| + sd=0 mult=1 m=1
| XMENPT PTAT ENB VSS VSS sky130_fd_pr__nfet_g5v0d10v5 L=1 W=1 nf=1 ad=0.29 as=0.29 pd=2.58 ps=2.58 nrd=0.29 nrs=0.29 sa=0 sb=0 sd=0
| + mult=1 m=1
| XMENCT CTAT ENB VSS VSS sky130_fd_pr__nfet_g5v0d10v5 L=1 W=1 nf=1 ad=0.29 as=0.29 pd=2.58 ps=2.58 nrd=0.29 nrs=0.29 sa=0 sb=0 sd=0
| + mult=1 m=1
| XMSU4 NR PG VDD VDD sky130_fd_pr__pfet_g5v0d10v5 L=4 W=1 nf=1 ad=0.29 as=0.29 pd=2.58 ps=2.58 nrd=0.29 nrs=0.29 sa=0 sb=0 sd=0
| + mult=1 m=1
| XMSU5 NR NR VSS VSS sky130_fd_pr__nfet_g5v0d10v5 L=2 W=2 nf=1 ad=0.58 as=0.58 pd=4.58 ps=4.58 nrd=0.145 nrs=0.145 sa=0 sb=0 sd=0
| + mult=1 m=1
| XMDN2 N2 ENB VSS VSS sky130_fd_pr__nfet_g5v0d10v5 L=1 W=2 nf=1 ad=0.58 as=0.58 pd=4.58 ps=4.58 nrd=0.145 nrs=0.145 sa=0 sb=0 sd=0
| + mult=1 m=1
| XMDNT NT ENB VSS VSS sky130_fd_pr__nfet_g5v0d10v5 L=1 W=2 nf=1 ad=0.58 as=0.58 pd=4.58 ps=4.58 nrd=0.145 nrs=0.145 sa=0 sb=0 sd=0
| + mult=1 m=1
| XQ1 VSS VSS NA sky130_fd_pr__pnp_05v5_W3p40L3p40 m=1 mult=1
| XQ8A VSS VSS NC sky130_fd_pr__pnp_05v5_W3p40L3p40 m=1 mult=1
| XQ8B VSS VSS NC sky130_fd_pr__pnp_05v5_W3p40L3p40 m=1 mult=1
| XQ8C VSS VSS NC sky130_fd_pr__pnp_05v5_W3p40L3p40 m=1 mult=1
| XQ8D VSS VSS NC sky130_fd_pr__pnp_05v5_W3p40L3p40 m=1 mult=1
| XQ8E VSS VSS NC sky130_fd_pr__pnp_05v5_W3p40L3p40 m=1 mult=1
| XQ8F VSS VSS NC sky130_fd_pr__pnp_05v5_W3p40L3p40 m=1 mult=1
| XQ8G VSS VSS NC sky130_fd_pr__pnp_05v5_W3p40L3p40 m=1 mult=1
| XQ8H VSS VSS NC sky130_fd_pr__pnp_05v5_W3p40L3p40 m=1 mult=1
| XR1 NB NC VSS sky130_fd_pr__res_xhigh_po W=2 L=119.47 mult=1 m=1
| XR2 PTAT PTAT_TRIM VSS sky130_fd_pr__res_xhigh_po W=2 L=2652.6 mult=1 m=1
| XR2TRIM PTAT_TRIM VSS VSS sky130_fd_pr__res_xhigh_po W=2 L=450.88 mult=1 m=1
| XRISO NA CTAT VSS sky130_fd_pr__res_xhigh_po W=2 L=111.05 mult=1 m=1
| .ends
| 
| .control
| save all
| tran 10u 10m uic
| let nlast = length(v(ptat))-1
| let meas_ptat = v(ptat)[nlast]
| let meas_ptat_settled = abs(v(ptat)[nlast] - v(ptat)[nlast-100])
| let meas_ctat = v(ctat)[nlast]
| let meas_ctat_settled = abs(v(ctat)[nlast] - v(ctat)[nlast-100])
| let meas_na = v(xdut.na)[nlast]
| let meas_nb = v(xdut.nb)[nlast]
| let meas_isup = -i(v1)[nlast]
| let meas_bias_ok = v(bias_ok)[nlast]
| print meas_ptat
| print meas_ptat_settled
| print meas_ctat
| print meas_ctat_settled
| print meas_na
| print meas_nb
| print meas_isup
| print meas_bias_ok
| quit
| .endc
| .end

# ==== ngspice stdout ====

Note: Compatibility modes selected: hs a


Circuit: * temp-core-startup-en-delayed corner deck -- generated by sim/bin/corner-run.py, do not edit

option SCALE: Scale is set to 1e-06 for instance and model parameters
option SCALE: Scale is set to 1e-06 for instance and model parameters
option SCALE: Scale is set to 1e-06 for instance and model parameters
option SCALE: Scale is set to 1e-06 for instance and model parameters
Doing analysis at TEMP = 27.000000 and TNOM = 27.000000

Using KLU as Direct Linear Solver
Operating point simulation skipped by 'uic',
  now using transient initial conditions.
 Reference value :  1.00000e-07
 Reference value :  8.00000e-07
 Reference value :  6.40000e-06
 Reference value :  1.06400e-05
 Reference value :  1.96000e-05
 Reference value :  2.96000e-05
 Reference value :  4.87388e-05
 Reference value :  5.87388e-05
 Reference value :  5.99888e-05
 Reference value :  6.24888e-05
 Reference value :  6.54060e-05
 Reference value :  6.82434e-05
 Reference value :  7.15033e-05
 Reference value :  7.45492e-05
 Reference value :  9.17969e-05
 Reference value :  1.03000e-04
 Reference value :  1.10815e-04
 Reference value :  1.38444e-04
 Reference value :  1.68444e-04
 Reference value :  2.08444e-04
 Reference value :  2.48444e-04
 Reference value :  2.88444e-04
 Reference value :  3.01000e-04
 Reference value :  3.15000e-04
 Reference value :  3.16035e-04
 Reference value :  3.18622e-04
 Reference value :  3.21727e-04
 Reference value :  3.21986e-04
 Reference value :  3.22503e-04
 Reference value :  3.22564e-04
 Reference value :  3.22616e-04
 Reference value :  3.22632e-04
 Reference value :  3.25243e-04
 Reference value :  3.25644e-04
 Reference value :  3.26125e-04
 Reference value :  3.26457e-04
 Reference value :  3.27320e-04
 Reference value :  3.33180e-04
 Reference value :  3.33721e-04
 Reference value :  3.41296e-04
 Reference value :  3.50870e-04
 Reference value :  3.73056e-04
 Reference value :  4.03056e-04
 Reference value :  4.43056e-04
 Reference value :  4.83056e-04
 Reference value :  5.13056e-04
 Reference value :  5.43056e-04
 Reference value :  5.73056e-04
 Reference value :  6.03056e-04
 Reference value :  6.33056e-04
 Reference value :  6.63056e-04
 Reference value :  6.93056e-04
 Reference value :  7.33056e-04
 Reference value :  7.63056e-04
 Reference value :  7.93056e-04
 Reference value :  8.23056e-04
 Reference value :  8.53056e-04
 Reference value :  8.83056e-04
 Reference value :  9.13056e-04
 Reference value :  9.53056e-04
 Reference value :  9.93056e-04
 Reference value :  1.02306e-03
 Reference value :  1.05306e-03
 Reference value :  1.08306e-03
 Reference value :  1.11306e-03
 Reference value :  1.14306e-03
 Reference value :  1.17306e-03
 Reference value :  1.21306e-03
 Reference value :  1.24306e-03
 Reference value :  1.27306e-03
 Reference value :  1.31306e-03
 Reference value :  1.35306e-03
 Reference value :  1.39306e-03
 Reference value :  1.43306e-03
 Reference value :  1.46306e-03
 Reference value :  1.49306e-03
 Reference value :  1.52306e-03
 Reference value :  1.55306e-03
 Reference value :  1.59306e-03
 Reference value :  1.62306e-03
 Reference value :  1.66306e-03
 Reference value :  1.69306e-03
 Reference value :  1.73306e-03
 Reference value :  1.76306e-03
 Reference value :  1.80306e-03
 Reference value :  1.83306e-03
 Reference value :  1.87306e-03
 Reference value :  1.91306e-03
 Reference value :  1.95306e-03
 Reference value :  1.98306e-03
 Reference value :  2.01306e-03
 Reference value :  2.05306e-03
 Reference value :  2.08306e-03
 Reference value :  2.11306e-03
 Reference value :  2.15306e-03
 Reference value :  2.18306e-03
 Reference value :  2.22306e-03
 Reference value :  2.25306e-03
 Reference value :  2.29306e-03
 Reference value :  2.33306e-03
 Reference value :  2.36306e-03
 Reference value :  2.40306e-03
 Reference value :  2.43306e-03
 Reference value :  2.47306e-03
 Reference value :  2.50306e-03
 Reference value :  2.53306e-03
 Reference value :  2.56306e-03
 Reference value :  2.59306e-03
 Reference value :  2.63306e-03
 Reference value :  2.66306e-03
 Reference value :  2.69306e-03
 Reference value :  2.73306e-03
 Reference value :  2.76306e-03
 Reference value :  2.79306e-03
 Reference value :  2.82306e-03
 Reference value :  2.85306e-03
 Reference value :  2.88306e-03
 Reference value :  2.91306e-03
 Reference value :  2.94306e-03
 Reference value :  2.97306e-03
 Reference value :  3.00306e-03
 Reference value :  3.04306e-03
 Reference value :  3.07306e-03
 Reference value :  3.11306e-03
 Reference value :  3.14306e-03
 Reference value :  3.18306e-03
 Reference value :  3.21306e-03
 Reference value :  3.25306e-03
 Reference value :  3.28306e-03
 Reference value :  3.31306e-03
 Reference value :  3.34306e-03
 Reference value :  3.37306e-03
 Reference value :  3.40306e-03
 Reference value :  3.43306e-03
 Reference value :  3.46306e-03
 Reference value :  3.49306e-03
 Reference value :  3.53306e-03
 Reference value :  3.56306e-03
 Reference value :  3.59306e-03
 Reference value :  3.62306e-03
 Reference value :  3.65306e-03
 Reference value :  3.69306e-03
 Reference value :  3.72306e-03
 Reference value :  3.76306e-03
 Reference value :  3.79306e-03
 Reference value :  3.83306e-03
 Reference value :  3.86306e-03
 Reference value :  3.89306e-03
 Reference value :  3.92306e-03
 Reference value :  3.96306e-03
 Reference value :  4.00306e-03
 Reference value :  4.04306e-03
 Reference value :  4.07306e-03
 Reference value :  4.11306e-03
 Reference value :  4.14306e-03
 Reference value :  4.17306e-03
 Reference value :  4.20306e-03
 Reference value :  4.23306e-03
 Reference value :  4.27306e-03
 Reference value :  4.30306e-03
 Reference value :  4.33306e-03
 Reference value :  4.36306e-03
 Reference value :  4.39306e-03
 Reference value :  4.43306e-03
 Reference value :  4.46306e-03
 Reference value :  4.50306e-03
 Reference value :  4.54306e-03
 Reference value :  4.58306e-03
 Reference value :  4.61306e-03
 Reference value :  4.65306e-03
 Reference value :  4.68306e-03
 Reference value :  4.72306e-03
 Reference value :  4.75306e-03
 Reference value :  4.79306e-03
 Reference value :  4.83306e-03
 Reference value :  4.86306e-03
 Reference value :  4.90306e-03
 Reference value :  4.94306e-03
 Reference value :  4.98306e-03
 Reference value :  5.02306e-03
 Reference value :  5.05306e-03
 Reference value :  5.08306e-03
 Reference value :  5.11306e-03
 Reference value :  5.14306e-03
 Reference value :  5.17306e-03
 Reference value :  5.20306e-03
 Reference value :  5.23306e-03
 Reference value :  5.26306e-03
 Reference value :  5.30306e-03
 Reference value :  5.33306e-03
 Reference value :  5.36306e-03
 Reference value :  5.40306e-03
 Reference value :  5.44306e-03
 Reference value :  5.47306e-03
 Reference value :  5.51306e-03
 Reference value :  5.55306e-03
 Reference value :  5.58306e-03
 Reference value :  5.61306e-03
 Reference value :  5.64306e-03
 Reference value :  5.67306e-03
 Reference value :  5.70306e-03
 Reference value :  5.74306e-03
 Reference value :  5.77306e-03
 Reference value :  5.80306e-03
 Reference value :  5.83306e-03
 Reference value :  5.87306e-03
 Reference value :  5.91306e-03
 Reference value :  5.94306e-03
 Reference value :  5.97306e-03
 Reference value :  6.01306e-03
 Reference value :  6.04306e-03
 Reference value :  6.07306e-03
 Reference value :  6.10306e-03
 Reference value :  6.14306e-03
 Reference value :  6.17306e-03
 Reference value :  6.20306e-03
 Reference value :  6.23306e-03
 Reference value :  6.26306e-03
 Reference value :  6.29306e-03
 Reference value :  6.33306e-03
 Reference value :  6.36306e-03
 Reference value :  6.40306e-03
 Reference value :  6.43306e-03
 Reference value :  6.46306e-03
 Reference value :  6.50306e-03
 Reference value :  6.53306e-03
 Reference value :  6.57306e-03
 Reference value :  6.60306e-03
 Reference value :  6.63306e-03
 Reference value :  6.66306e-03
 Reference value :  6.70306e-03
 Reference value :  6.74306e-03
 Reference value :  6.78306e-03
 Reference value :  6.82306e-03
 Reference value :  6.85306e-03
 Reference value :  6.89306e-03
 Reference value :  6.93306e-03
 Reference value :  6.96306e-03
 Reference value :  6.99306e-03
 Reference value :  7.02306e-03
 Reference value :  7.06306e-03
 Reference value :  7.10306e-03
 Reference value :  7.13306e-03
 Reference value :  7.17306e-03
 Reference value :  7.20306e-03
 Reference value :  7.23306e-03
 Reference value :  7.27306e-03
 Reference value :  7.30306e-03
 Reference value :  7.34306e-03
 Reference value :  7.37306e-03
 Reference value :  7.40306e-03
 Reference value :  7.43306e-03
 Reference value :  7.46306e-03
 Reference value :  7.50306e-03
 Reference value :  7.53306e-03
 Reference value :  7.57306e-03
 Reference value :  7.60306e-03
 Reference value :  7.63306e-03
 Reference value :  7.66306e-03
 Reference value :  7.70306e-03
 Reference value :  7.73306e-03
 Reference value :  7.77306e-03
 Reference value :  7.80306e-03
 Reference value :  7.84306e-03
 Reference value :  7.87306e-03
 Reference value :  7.90306e-03
 Reference value :  7.93306e-03
 Reference value :  7.96306e-03
 Reference value :  7.99306e-03
 Reference value :  8.02306e-03
 Reference value :  8.06306e-03
 Reference value :  8.10306e-03
 Reference value :  8.14306e-03
 Reference value :  8.18306e-03
 Reference value :  8.21306e-03
 Reference value :  8.24306e-03
 Reference value :  8.28306e-03
 Reference value :  8.32306e-03
 Reference value :  8.36306e-03
 Reference value :  8.40306e-03
 Reference value :  8.43306e-03
 Reference value :  8.46306e-03
 Reference value :  8.49306e-03
 Reference value :  8.52306e-03
 Reference value :  8.56306e-03
 Reference value :  8.59306e-03
 Reference value :  8.62306e-03
 Reference value :  8.65306e-03
 Reference value :  8.69306e-03
 Reference value :  8.73306e-03
 Reference value :  8.77306e-03
 Reference value :  8.80306e-03
 Reference value :  8.83306e-03
 Reference value :  8.87306e-03
 Reference value :  8.91306e-03
 Reference value :  8.95306e-03
 Reference value :  8.98306e-03
 Reference value :  9.02306e-03
 Reference value :  9.06306e-03
 Reference value :  9.10306e-03
 Reference value :  9.13306e-03
 Reference value :  9.16306e-03
 Reference value :  9.20306e-03
 Reference value :  9.24306e-03
 Reference value :  9.27306e-03
 Reference value :  9.30306e-03
 Reference value :  9.33306e-03
 Reference value :  9.37306e-03
 Reference value :  9.40306e-03
 Reference value :  9.44306e-03
 Reference value :  9.48306e-03
 Reference value :  9.52306e-03
 Reference value :  9.55306e-03
 Reference value :  9.59306e-03
 Reference value :  9.63306e-03
 Reference value :  9.67306e-03
 Reference value :  9.70306e-03
 Reference value :  9.74306e-03
 Reference value :  9.77306e-03
 Reference value :  9.81306e-03
 Reference value :  9.85306e-03
 Reference value :  9.89306e-03
 Reference value :  9.93306e-03
 Reference value :  9.97306e-03
 Reference value :  1.00000e-02
No. of Data Rows : 1073
meas_ptat = 1.413004e+00
meas_ptat_settled = 2.596590e-11
meas_ctat = 6.563146e-01
meas_ctat_settled = 1.247225e-12
meas_na = 6.563148e-01
meas_nb = 6.563124e-01
meas_isup = 7.165988e-06
meas_bias_ok = 2.969997e+00
ngspice-46 done

# ==== ngspice stderr ====

