# corner: sf_27c_3.30v
# process=sf temp=27C supply=3.30V
# ngspice exit: 0
# wall clock: 33.8s (--timeout was 200s)
# result: PASS

# ==== deck (exact input given to ngspice) ====
| * temp-core-startup-en-delayed corner deck -- generated by sim/bin/corner-run.py, do not edit
| * corner: sf_27c_3.30v
| .param vsup=3.3
| .param tramp=100u
| .param ten_start=300u
| .param ten_end=350u
| .param tstop=10m
| .option wnflag=1
| .option method=gear
| .option trtol=50
| .temp 27
| .lib "/home/ubuntu/.volare/sky130A/libs.tech/combined/sky130.lib.spice" sf
| ** sch_path: sim/temp-core-startup-en-delayed/testbench/tb_temp_core_startup_en_delayed.sch
| **.subckt tb_temp_core_startup_en_delayed
| V1 VDD 0 PWL(0 0 'tramp' 'vsup' 'tstop' 'vsup')
| .save i(v1)
| V2 EN 0 PWL(0 0 'ten_start' 0 'ten_end' 'vsup' 'tstop' 'vsup')
| XBIAS VDD 0 IBIAS VREF BIAS_OK bias_core
| XDUT VDD 0 IBIAS EN PTAT CTAT temp_core
| **.ends
| 
| * expanding   symbol:  design/bias_core.sym # of pins=5
| ** sym_path: design/bias_core.sym
| ** sch_path: design/bias_core.sch
| .subckt bias_core VDD VSS IBIAS VREF BIAS_OK
| *.iopin VDD
| *.iopin VSS
| *.opin IBIAS
| *.opin VREF
| *.opin BIAS_OK
| XMP1 NA PG VDD VDD sky130_fd_pr__pfet_g5v0d10v5 L=4 W=8 nf=1 ad=2.32 as=2.32 pd=16.58 ps=16.58 nrd=0.03625 nrs=0.03625 sa=0 sb=0
| + sd=0 mult=1 m=1
| XMP2 NBTOP PG VDD VDD sky130_fd_pr__pfet_g5v0d10v5 L=4 W=8 nf=1 ad=2.32 as=2.32 pd=16.58 ps=16.58 nrd=0.03625 nrs=0.03625 sa=0
| + sb=0 sd=0 mult=1 m=1
| XMP3 VREF PG VDD VDD sky130_fd_pr__pfet_g5v0d10v5 L=4 W=8 nf=1 ad=2.32 as=2.32 pd=16.58 ps=16.58 nrd=0.03625 nrs=0.03625 sa=0 sb=0
| + sd=0 mult=1 m=1
| XMPBN NBG PG VDD VDD sky130_fd_pr__pfet_g5v0d10v5 L=4 W=2 nf=1 ad=0.58 as=0.58 pd=4.58 ps=4.58 nrd=0.145 nrs=0.145 sa=0 sb=0 sd=0
| + mult=1 m=1
| XQ1 VSS VSS NA sky130_fd_pr__pnp_05v5_W3p40L3p40 m=1 mult=1
| XRT NBTOP NB VSS sky130_fd_pr__res_xhigh_po W=2 L=17.5 mult=1 m=1
| XR1 NB EC VSS sky130_fd_pr__res_xhigh_po W=2 L=350.0 mult=1 m=1
| XQ8A VSS VSS EC sky130_fd_pr__pnp_05v5_W3p40L3p40 m=1 mult=1
| XQ8B VSS VSS EC sky130_fd_pr__pnp_05v5_W3p40L3p40 m=1 mult=1
| XQ8C VSS VSS EC sky130_fd_pr__pnp_05v5_W3p40L3p40 m=1 mult=1
| XQ8D VSS VSS EC sky130_fd_pr__pnp_05v5_W3p40L3p40 m=1 mult=1
| XQ8E VSS VSS EC sky130_fd_pr__pnp_05v5_W3p40L3p40 m=1 mult=1
| XQ8F VSS VSS EC sky130_fd_pr__pnp_05v5_W3p40L3p40 m=1 mult=1
| XQ8G VSS VSS EC sky130_fd_pr__pnp_05v5_W3p40L3p40 m=1 mult=1
| XQ8H VSS VSS EC sky130_fd_pr__pnp_05v5_W3p40L3p40 m=1 mult=1
| XR2 VREF ER VSS sky130_fd_pr__res_xhigh_po W=2 L=4104.0 mult=1 m=1
| XQR VSS VSS ER sky130_fd_pr__pnp_05v5_W3p40L3p40 m=1 mult=1
| XMBN NBG NBG VSS VSS sky130_fd_pr__nfet_g5v0d10v5 L=4 W=2 nf=1 ad=0.58 as=0.58 pd=4.58 ps=4.58 nrd=0.145 nrs=0.145 sa=0 sb=0 sd=0
| + mult=1 m=1
| XMBN2 PB NBG VSS VSS sky130_fd_pr__nfet_g5v0d10v5 L=4 W=2 nf=1 ad=0.58 as=0.58 pd=4.58 ps=4.58 nrd=0.145 nrs=0.145 sa=0 sb=0 sd=0
| + mult=1 m=1
| XMBP PB PB VDD VDD sky130_fd_pr__pfet_g5v0d10v5 L=4 W=2 nf=1 ad=0.58 as=0.58 pd=4.58 ps=4.58 nrd=0.145 nrs=0.145 sa=0 sb=0 sd=0
| + mult=1 m=1
| XMPIB IBIAS PB VDD VDD sky130_fd_pr__pfet_g5v0d10v5 L=4 W=40 nf=1 ad=11.6 as=11.6 pd=80.58 ps=80.58 nrd=0.00725 nrs=0.00725 sa=0
| + sb=0 sd=0 mult=1 m=1
| XMPT NT PB VDD VDD sky130_fd_pr__pfet_g5v0d10v5 L=4 W=2 nf=1 ad=0.58 as=0.58 pd=4.58 ps=4.58 nrd=0.145 nrs=0.145 sa=0 sb=0 sd=0
| + mult=1 m=1
| XMI1 N1 NA NT VDD sky130_fd_pr__pfet_g5v0d10v5 L=4 W=16 nf=1 ad=4.64 as=4.64 pd=32.58 ps=32.58 nrd=0.018125 nrs=0.018125 sa=0 sb=0
| + sd=0 mult=1 m=1
| XMI2 N2 NB NT VDD sky130_fd_pr__pfet_g5v0d10v5 L=4 W=16 nf=1 ad=4.64 as=4.64 pd=32.58 ps=32.58 nrd=0.018125 nrs=0.018125 sa=0 sb=0
| + sd=0 mult=1 m=1
| XML1 N1 N1 VSS VSS sky130_fd_pr__nfet_g5v0d10v5 L=8 W=4 nf=1 ad=1.16 as=1.16 pd=8.58 ps=8.58 nrd=0.0725 nrs=0.0725 sa=0 sb=0 sd=0
| + mult=1 m=1
| XML2 N2 N1 VSS VSS sky130_fd_pr__nfet_g5v0d10v5 L=8 W=4 nf=1 ad=1.16 as=1.16 pd=8.58 ps=8.58 nrd=0.0725 nrs=0.0725 sa=0 sb=0 sd=0
| + mult=1 m=1
| XMS2N PG N2 VSS VSS sky130_fd_pr__nfet_g5v0d10v5 L=8 W=8 nf=1 ad=2.32 as=2.32 pd=16.58 ps=16.58 nrd=0.03625 nrs=0.03625 sa=0 sb=0
| + sd=0 mult=1 m=1
| XMS2P PG PB VDD VDD sky130_fd_pr__pfet_g5v0d10v5 L=4 W=2 nf=1 ad=0.58 as=0.58 pd=4.58 ps=4.58 nrd=0.145 nrs=0.145 sa=0 sb=0 sd=0
| + mult=1 m=1
| XCC PG NZ sky130_fd_pr__cap_mim_m3_1 W=20 L=20 MF=1 m=1
| XRZ NZ N2 VSS sky130_fd_pr__res_xhigh_po W=2 L=1016.0 mult=1 m=1
| XKS0 VDD VDD KS1 VSS sky130_fd_pr__nfet_g5v0d10v5 L=8 W=1 nf=1 ad=0.29 as=0.29 pd=2.58 ps=2.58 nrd=0.29 nrs=0.29 sa=0 sb=0 sd=0
| + mult=1 m=1
| XKS1 KS1 KS1 KS2 VSS sky130_fd_pr__nfet_g5v0d10v5 L=8 W=1 nf=1 ad=0.29 as=0.29 pd=2.58 ps=2.58 nrd=0.29 nrs=0.29 sa=0 sb=0 sd=0
| + mult=1 m=1
| XKS2 KS2 KS2 KS3 VSS sky130_fd_pr__nfet_g5v0d10v5 L=8 W=1 nf=1 ad=0.29 as=0.29 pd=2.58 ps=2.58 nrd=0.29 nrs=0.29 sa=0 sb=0 sd=0
| + mult=1 m=1
| XKS3 KS3 KS3 KS4 VSS sky130_fd_pr__nfet_g5v0d10v5 L=8 W=1 nf=1 ad=0.29 as=0.29 pd=2.58 ps=2.58 nrd=0.29 nrs=0.29 sa=0 sb=0 sd=0
| + mult=1 m=1
| XKS4 KS4 KS4 NKG VSS sky130_fd_pr__nfet_g5v0d10v5 L=8 W=1 nf=1 ad=0.29 as=0.29 pd=2.58 ps=2.58 nrd=0.29 nrs=0.29 sa=0 sb=0 sd=0
| + mult=1 m=1
| XKA NKM PB VDD VDD sky130_fd_pr__pfet_g5v0d10v5 L=4 W=1 nf=1 ad=0.29 as=0.29 pd=2.58 ps=2.58 nrd=0.29 nrs=0.29 sa=0 sb=0 sd=0
| + mult=1 m=1
| XKAN NKM NKM VSS VSS sky130_fd_pr__nfet_g5v0d10v5 L=4 W=2 nf=1 ad=0.58 as=0.58 pd=4.58 ps=4.58 nrd=0.145 nrs=0.145 sa=0 sb=0 sd=0
| + mult=1 m=1
| XKPD NKG NKM VSS VSS sky130_fd_pr__nfet_g5v0d10v5 L=4 W=8 nf=1 ad=2.32 as=2.32 pd=16.58 ps=16.58 nrd=0.03625 nrs=0.03625 sa=0 sb=0
| + sd=0 mult=1 m=1
| XKICK PG NKG VSS VSS sky130_fd_pr__nfet_g5v0d10v5 L=4 W=1 nf=1 ad=0.29 as=0.29 pd=2.58 ps=2.58 nrd=0.29 nrs=0.29 sa=0 sb=0 sd=0
| + mult=1 m=1
| XMPOK TOK PB VDD VDD sky130_fd_pr__pfet_g5v0d10v5 L=4 W=1 nf=1 ad=0.29 as=0.29 pd=2.58 ps=2.58 nrd=0.29 nrs=0.29 sa=0 sb=0 sd=0
| + mult=1 m=1
| XMOKA NOKO NA TOK VDD sky130_fd_pr__pfet_g5v0d10v5 L=4 W=8 nf=1 ad=2.32 as=2.32 pd=16.58 ps=16.58 nrd=0.03625 nrs=0.03625 sa=0
| + sb=0 sd=0 mult=1 m=1
| XMOKB NOKL NBTOP TOK VDD sky130_fd_pr__pfet_g5v0d10v5 L=4 W=8 nf=1 ad=2.32 as=2.32 pd=16.58 ps=16.58 nrd=0.03625 nrs=0.03625 sa=0
| + sb=0 sd=0 mult=1 m=1
| XMOL1 NOKL NOKL VSS VSS sky130_fd_pr__nfet_g5v0d10v5 L=4 W=2 nf=1 ad=0.58 as=0.58 pd=4.58 ps=4.58 nrd=0.145 nrs=0.145 sa=0 sb=0
| + sd=0 mult=1 m=1
| XMOL2 NOKO NOKL VSS VSS sky130_fd_pr__nfet_g5v0d10v5 L=4 W=2 nf=1 ad=0.58 as=0.58 pd=4.58 ps=4.58 nrd=0.145 nrs=0.145 sa=0 sb=0
| + sd=0 mult=1 m=1
| XMOKC NOKO NKG VSS VSS sky130_fd_pr__nfet_g5v0d10v5 L=1 W=2 nf=1 ad=0.58 as=0.58 pd=4.58 ps=4.58 nrd=0.145 nrs=0.145 sa=0 sb=0
| + sd=0 mult=1 m=1
| XMOK2 NOKX NOKO VSS VSS sky130_fd_pr__nfet_g5v0d10v5 L=4 W=2 nf=1 ad=0.58 as=0.58 pd=4.58 ps=4.58 nrd=0.145 nrs=0.145 sa=0 sb=0
| + sd=0 mult=1 m=1
| XMOK2P NOKX PB VDD VDD sky130_fd_pr__pfet_g5v0d10v5 L=4 W=1 nf=1 ad=0.29 as=0.29 pd=2.58 ps=2.58 nrd=0.29 nrs=0.29 sa=0 sb=0 sd=0
| + mult=1 m=1
| XCOK VDD NOKX sky130_fd_pr__cap_mim_m3_1 W=6 L=6 MF=1 m=1
| XMO1P BIAS_OK NOKX VDD VDD sky130_fd_pr__pfet_g5v0d10v5 L=4 W=1 nf=1 ad=0.29 as=0.29 pd=2.58 ps=2.58 nrd=0.29 nrs=0.29 sa=0 sb=0
| + sd=0 mult=1 m=1
| XMO1N BIAS_OK NOKX VSS VSS sky130_fd_pr__nfet_g5v0d10v5 L=0.5 W=4 nf=1 ad=1.16 as=1.16 pd=8.58 ps=8.58 nrd=0.0725 nrs=0.0725 sa=0
| + sb=0 sd=0 mult=1 m=1
| .ends
| 
| 
| * expanding   symbol:  design/temp_core.sym # of pins=6
| ** sym_path: design/temp_core.sym
| ** sch_path: design/temp_core.sch
| .subckt temp_core VDD VSS IBIAS EN PTAT CTAT
| *.iopin VDD
| *.iopin VSS
| *.ipin IBIAS
| *.ipin EN
| *.opin PTAT
| *.opin CTAT
| XMBD IBIAS NBG VSS VSS sky130_fd_pr__nfet_g5v0d10v5 L=2 W=4 nf=1 ad=1.16 as=1.16 pd=8.58 ps=8.58 nrd=0.0725 nrs=0.0725 sa=0 sb=0
| + sd=0 mult=1 m=1
| XMPASS IBIAS EN NBG VSS sky130_fd_pr__nfet_g5v0d10v5 L=0.5 W=2 nf=1 ad=0.58 as=0.58 pd=4.58 ps=4.58 nrd=0.145 nrs=0.145 sa=0 sb=0
| + sd=0 mult=1 m=1
| XMDNB NBG ENB VSS VSS sky130_fd_pr__nfet_g5v0d10v5 L=0.5 W=2 nf=1 ad=0.58 as=0.58 pd=4.58 ps=4.58 nrd=0.145 nrs=0.145 sa=0 sb=0
| + sd=0 mult=1 m=1
| XMBN1 PB NBG VSS VSS sky130_fd_pr__nfet_g5v0d10v5 L=2 W=4 nf=1 ad=1.16 as=1.16 pd=8.58 ps=8.58 nrd=0.0725 nrs=0.0725 sa=0 sb=0
| + sd=0 mult=1 m=1
| XMBP PB PB VDD VDD sky130_fd_pr__pfet_g5v0d10v5 L=4 W=10 nf=1 ad=2.9 as=2.9 pd=20.58 ps=20.58 nrd=0.029 nrs=0.029 sa=0 sb=0 sd=0
| + mult=1 m=1
| XMBN2 PCAS NBG VSS VSS sky130_fd_pr__nfet_g5v0d10v5 L=2 W=4 nf=1 ad=1.16 as=1.16 pd=8.58 ps=8.58 nrd=0.0725 nrs=0.0725 sa=0 sb=0
| + sd=0 mult=1 m=1
| XMCB PCAS PCAS VDD VDD sky130_fd_pr__pfet_g5v0d10v5 L=8 W=1 nf=1 ad=0.29 as=0.29 pd=2.58 ps=2.58 nrd=0.29 nrs=0.29 sa=0 sb=0 sd=0
| + mult=1 m=1
| XMINVP ENB EN VDD VDD sky130_fd_pr__pfet_g5v0d10v5 L=0.5 W=2 nf=1 ad=0.58 as=0.58 pd=4.58 ps=4.58 nrd=0.145 nrs=0.145 sa=0 sb=0
| + sd=0 mult=1 m=1
| XMINVN ENB EN VSS VSS sky130_fd_pr__nfet_g5v0d10v5 L=0.5 W=1 nf=1 ad=0.29 as=0.29 pd=2.58 ps=2.58 nrd=0.29 nrs=0.29 sa=0 sb=0 sd=0
| + mult=1 m=1
| XMT NT PB VDD VDD sky130_fd_pr__pfet_g5v0d10v5 L=4 W=20 nf=1 ad=5.8 as=5.8 pd=40.58 ps=40.58 nrd=0.0145 nrs=0.0145 sa=0 sb=0 sd=0
| + mult=1 m=1
| XMI1 N1 NA NT NT sky130_fd_pr__pfet_g5v0d10v5 L=4 W=32 nf=1 ad=9.28 as=9.28 pd=64.58 ps=64.58 nrd=0.0090625 nrs=0.0090625 sa=0
| + sb=0 sd=0 mult=1 m=1
| XMI2 N2 NB NT NT sky130_fd_pr__pfet_g5v0d10v5 L=4 W=32 nf=1 ad=9.28 as=9.28 pd=64.58 ps=64.58 nrd=0.0090625 nrs=0.0090625 sa=0
| + sb=0 sd=0 mult=1 m=1
| XML1 N1 N1 VSS VSS sky130_fd_pr__nfet_g5v0d10v5 L=8 W=8 nf=1 ad=2.32 as=2.32 pd=16.58 ps=16.58 nrd=0.03625 nrs=0.03625 sa=0 sb=0
| + sd=0 mult=1 m=1
| XML2 N2 N1 VSS VSS sky130_fd_pr__nfet_g5v0d10v5 L=8 W=8 nf=1 ad=2.32 as=2.32 pd=16.58 ps=16.58 nrd=0.03625 nrs=0.03625 sa=0 sb=0
| + sd=0 mult=1 m=1
| XMS2N PG N2 VSS VSS sky130_fd_pr__nfet_g5v0d10v5 L=8 W=8 nf=1 ad=2.32 as=2.32 pd=16.58 ps=16.58 nrd=0.03625 nrs=0.03625 sa=0 sb=0
| + sd=0 mult=1 m=1
| XMS2P PG PB VDD VDD sky130_fd_pr__pfet_g5v0d10v5 L=4 W=10 nf=1 ad=2.9 as=2.9 pd=20.58 ps=20.58 nrd=0.029 nrs=0.029 sa=0 sb=0 sd=0
| + mult=1 m=1
| XCC PG NZ sky130_fd_pr__cap_mim_m3_1 W=12 L=12 MF=1 m=1
| XRZ NZ N2 VSS sky130_fd_pr__res_xhigh_po W=2 L=1000 mult=1 m=1
| XMP1 M1D PG VDD VDD sky130_fd_pr__pfet_g5v0d10v5 L=4 W=8 nf=1 ad=2.32 as=2.32 pd=16.58 ps=16.58 nrd=0.03625 nrs=0.03625 sa=0 sb=0
| + sd=0 mult=1 m=1
| XMPC1 NA PCAS M1D VDD sky130_fd_pr__pfet_g5v0d10v5 L=1 W=8 nf=1 ad=2.32 as=2.32 pd=16.58 ps=16.58 nrd=0.03625 nrs=0.03625 sa=0
| + sb=0 sd=0 mult=1 m=1
| XMP2 M2D PG VDD VDD sky130_fd_pr__pfet_g5v0d10v5 L=4 W=8 nf=1 ad=2.32 as=2.32 pd=16.58 ps=16.58 nrd=0.03625 nrs=0.03625 sa=0 sb=0
| + sd=0 mult=1 m=1
| XMPC2 NB PCAS M2D VDD sky130_fd_pr__pfet_g5v0d10v5 L=1 W=8 nf=1 ad=2.32 as=2.32 pd=16.58 ps=16.58 nrd=0.03625 nrs=0.03625 sa=0
| + sb=0 sd=0 mult=1 m=1
| XMP3 M3D PG VDD VDD sky130_fd_pr__pfet_g5v0d10v5 L=4 W=8 nf=1 ad=2.32 as=2.32 pd=16.58 ps=16.58 nrd=0.03625 nrs=0.03625 sa=0 sb=0
| + sd=0 mult=1 m=1
| XMPC3 PTAT PCAS M3D VDD sky130_fd_pr__pfet_g5v0d10v5 L=1 W=8 nf=1 ad=2.32 as=2.32 pd=16.58 ps=16.58 nrd=0.03625 nrs=0.03625 sa=0
| + sb=0 sd=0 mult=1 m=1
| XMSU1 ND PB VDD VDD sky130_fd_pr__pfet_g5v0d10v5 L=8 W=1 nf=1 ad=0.29 as=0.29 pd=2.58 ps=2.58 nrd=0.29 nrs=0.29 sa=0 sb=0 sd=0
| + mult=1 m=1
| XMSU2 ND NR VSS VSS sky130_fd_pr__nfet_g5v0d10v5 L=2 W=2 nf=1 ad=0.58 as=0.58 pd=4.58 ps=4.58 nrd=0.145 nrs=0.145 sa=0 sb=0 sd=0
| + mult=1 m=1
| XMSU3 PG ND VSS VSS sky130_fd_pr__nfet_g5v0d10v5 L=1 W=4 nf=1 ad=1.16 as=1.16 pd=8.58 ps=8.58 nrd=0.0725 nrs=0.0725 sa=0 sb=0 sd=0
| + mult=1 m=1
| XMDND ND ENB VSS VSS sky130_fd_pr__nfet_g5v0d10v5 L=0.5 W=2 nf=1 ad=0.58 as=0.58 pd=4.58 ps=4.58 nrd=0.145 nrs=0.145 sa=0 sb=0
| + sd=0 mult=1 m=1
| XMENPG PG EN VDD VDD sky130_fd_pr__pfet_g5v0d10v5 L=0.5 W=4 nf=1 ad=1.16 as=1.16 pd=8.58 ps=8.58 nrd=0.0725 nrs=0.0725 sa=0 sb=0
| + sd=0 mult=1 m=1
| XMENPT PTAT ENB VSS VSS sky130_fd_pr__nfet_g5v0d10v5 L=1 W=1 nf=1 ad=0.29 as=0.29 pd=2.58 ps=2.58 nrd=0.29 nrs=0.29 sa=0 sb=0 sd=0
| + mult=1 m=1
| XMENCT CTAT ENB VSS VSS sky130_fd_pr__nfet_g5v0d10v5 L=1 W=1 nf=1 ad=0.29 as=0.29 pd=2.58 ps=2.58 nrd=0.29 nrs=0.29 sa=0 sb=0 sd=0
| + mult=1 m=1
| XMSU4 NR PG VDD VDD sky130_fd_pr__pfet_g5v0d10v5 L=4 W=1 nf=1 ad=0.29 as=0.29 pd=2.58 ps=2.58 nrd=0.29 nrs=0.29 sa=0 sb=0 sd=0
| + mult=1 m=1
| XMSU5 NR NR VSS VSS sky130_fd_pr__nfet_g5v0d10v5 L=2 W=2 nf=1 ad=0.58 as=0.58 pd=4.58 ps=4.58 nrd=0.145 nrs=0.145 sa=0 sb=0 sd=0
| + mult=1 m=1
| XMDN2 N2 ENB VSS VSS sky130_fd_pr__nfet_g5v0d10v5 L=1 W=2 nf=1 ad=0.58 as=0.58 pd=4.58 ps=4.58 nrd=0.145 nrs=0.145 sa=0 sb=0 sd=0
| + mult=1 m=1
| XMDNT NT ENB VSS VSS sky130_fd_pr__nfet_g5v0d10v5 L=1 W=2 nf=1 ad=0.58 as=0.58 pd=4.58 ps=4.58 nrd=0.145 nrs=0.145 sa=0 sb=0 sd=0
| + mult=1 m=1
| XQ1 VSS VSS NA sky130_fd_pr__pnp_05v5_W3p40L3p40 m=1 mult=1
| XQ8A VSS VSS NC sky130_fd_pr__pnp_05v5_W3p40L3p40 m=1 mult=1
| XQ8B VSS VSS NC sky130_fd_pr__pnp_05v5_W3p40L3p40 m=1 mult=1
| XQ8C VSS VSS NC sky130_fd_pr__pnp_05v5_W3p40L3p40 m=1 mult=1
| XQ8D VSS VSS NC sky130_fd_pr__pnp_05v5_W3p40L3p40 m=1 mult=1
| XQ8E VSS VSS NC sky130_fd_pr__pnp_05v5_W3p40L3p40 m=1 mult=1
| XQ8F VSS VSS NC sky130_fd_pr__pnp_05v5_W3p40L3p40 m=1 mult=1
| XQ8G VSS VSS NC sky130_fd_pr__pnp_05v5_W3p40L3p40 m=1 mult=1
| XQ8H VSS VSS NC sky130_fd_pr__pnp_05v5_W3p40L3p40 m=1 mult=1
| XR1 NB NC VSS sky130_fd_pr__res_xhigh_po W=2 L=119.47 mult=1 m=1
| XR2 PTAT PTAT_TRIM VSS sky130_fd_pr__res_xhigh_po W=2 L=2652.6 mult=1 m=1
| XR2TRIM PTAT_TRIM VSS VSS sky130_fd_pr__res_xhigh_po W=2 L=450.88 mult=1 m=1
| XRISO NA CTAT VSS sky130_fd_pr__res_xhigh_po W=2 L=111.05 mult=1 m=1
| .ends
| 
| .control
| save all
| tran 10u 10m uic
| let nlast = length(v(ptat))-1
| let meas_ptat = v(ptat)[nlast]
| let meas_ptat_settled = abs(v(ptat)[nlast] - v(ptat)[nlast-100])
| let meas_ctat = v(ctat)[nlast]
| let meas_ctat_settled = abs(v(ctat)[nlast] - v(ctat)[nlast-100])
| let meas_na = v(xdut.na)[nlast]
| let meas_nb = v(xdut.nb)[nlast]
| let meas_isup = -i(v1)[nlast]
| let meas_bias_ok = v(bias_ok)[nlast]
| print meas_ptat
| print meas_ptat_settled
| print meas_ctat
| print meas_ctat_settled
| print meas_na
| print meas_nb
| print meas_isup
| print meas_bias_ok
| quit
| .endc
| .end

# ==== ngspice stdout ====

Note: Compatibility modes selected: hs a


Circuit: * temp-core-startup-en-delayed corner deck -- generated by sim/bin/corner-run.py, do not edit

option SCALE: Scale is set to 1e-06 for instance and model parameters
option SCALE: Scale is set to 1e-06 for instance and model parameters
option SCALE: Scale is set to 1e-06 for instance and model parameters
option SCALE: Scale is set to 1e-06 for instance and model parameters
Doing analysis at TEMP = 27.000000 and TNOM = 27.000000

Using KLU as Direct Linear Solver
Operating point simulation skipped by 'uic',
  now using transient initial conditions.
 Reference value :  1.00000e-07
 Reference value :  8.00000e-07
 Reference value :  6.40000e-06
 Reference value :  1.06400e-05
 Reference value :  1.96000e-05
 Reference value :  2.96000e-05
 Reference value :  4.83398e-05
 Reference value :  4.95898e-05
 Reference value :  5.20898e-05
 Reference value :  5.45258e-05
 Reference value :  5.68772e-05
 Reference value :  5.97783e-05
 Reference value :  6.29481e-05
 Reference value :  6.63529e-05
 Reference value :  7.28649e-05
 Reference value :  9.46821e-05
 Reference value :  1.03000e-04
 Reference value :  1.10588e-04
 Reference value :  1.37848e-04
 Reference value :  1.77848e-04
 Reference value :  2.17848e-04
 Reference value :  2.57848e-04
 Reference value :  2.93924e-04
 Reference value :  3.03000e-04
 Reference value :  3.15000e-04
 Reference value :  3.16046e-04
 Reference value :  3.22325e-04
 Reference value :  3.22380e-04
 Reference value :  3.22708e-04
 Reference value :  3.22900e-04
 Reference value :  3.23094e-04
 Reference value :  3.23894e-04
 Reference value :  3.25734e-04
 Reference value :  3.27322e-04
 Reference value :  3.27774e-04
 Reference value :  3.28189e-04
 Reference value :  3.31251e-04
 Reference value :  3.35326e-04
 Reference value :  3.42791e-04
 Reference value :  3.50721e-04
 Reference value :  3.60813e-04
 Reference value :  4.00813e-04
 Reference value :  4.40813e-04
 Reference value :  4.70813e-04
 Reference value :  5.10813e-04
 Reference value :  5.40813e-04
 Reference value :  5.70813e-04
 Reference value :  6.10813e-04
 Reference value :  6.40813e-04
 Reference value :  6.80813e-04
 Reference value :  7.10813e-04
 Reference value :  7.50813e-04
 Reference value :  7.80813e-04
 Reference value :  8.20813e-04
 Reference value :  8.60813e-04
 Reference value :  8.90813e-04
 Reference value :  9.20813e-04
 Reference value :  9.50813e-04
 Reference value :  9.80813e-04
 Reference value :  1.01081e-03
 Reference value :  1.05081e-03
 Reference value :  1.08081e-03
 Reference value :  1.11081e-03
 Reference value :  1.14081e-03
 Reference value :  1.17081e-03
 Reference value :  1.20081e-03
 Reference value :  1.24081e-03
 Reference value :  1.27081e-03
 Reference value :  1.31081e-03
 Reference value :  1.34081e-03
 Reference value :  1.38081e-03
 Reference value :  1.41081e-03
 Reference value :  1.45081e-03
 Reference value :  1.49081e-03
 Reference value :  1.53081e-03
 Reference value :  1.57081e-03
 Reference value :  1.61081e-03
 Reference value :  1.64081e-03
 Reference value :  1.67081e-03
 Reference value :  1.71081e-03
 Reference value :  1.74081e-03
 Reference value :  1.77081e-03
 Reference value :  1.81081e-03
 Reference value :  1.85081e-03
 Reference value :  1.89081e-03
 Reference value :  1.93081e-03
 Reference value :  1.96081e-03
 Reference value :  1.99081e-03
 Reference value :  2.02081e-03
 Reference value :  2.05081e-03
 Reference value :  2.08081e-03
 Reference value :  2.11081e-03
 Reference value :  2.14081e-03
 Reference value :  2.17081e-03
 Reference value :  2.20081e-03
 Reference value :  2.23081e-03
 Reference value :  2.26081e-03
 Reference value :  2.29081e-03
 Reference value :  2.32081e-03
 Reference value :  2.36081e-03
 Reference value :  2.39081e-03
 Reference value :  2.43081e-03
 Reference value :  2.47081e-03
 Reference value :  2.50081e-03
 Reference value :  2.53081e-03
 Reference value :  2.57081e-03
 Reference value :  2.60081e-03
 Reference value :  2.63081e-03
 Reference value :  2.67081e-03
 Reference value :  2.70081e-03
 Reference value :  2.74081e-03
 Reference value :  2.78081e-03
 Reference value :  2.81081e-03
 Reference value :  2.84081e-03
 Reference value :  2.88081e-03
 Reference value :  2.91081e-03
 Reference value :  2.94081e-03
 Reference value :  2.98081e-03
 Reference value :  3.02081e-03
 Reference value :  3.06081e-03
 Reference value :  3.09081e-03
 Reference value :  3.13081e-03
 Reference value :  3.16081e-03
 Reference value :  3.19081e-03
 Reference value :  3.23081e-03
 Reference value :  3.27081e-03
 Reference value :  3.30081e-03
 Reference value :  3.33081e-03
 Reference value :  3.37081e-03
 Reference value :  3.40081e-03
 Reference value :  3.44081e-03
 Reference value :  3.47081e-03
 Reference value :  3.51081e-03
 Reference value :  3.54081e-03
 Reference value :  3.57081e-03
 Reference value :  3.61081e-03
 Reference value :  3.65081e-03
 Reference value :  3.68081e-03
 Reference value :  3.71081e-03
 Reference value :  3.74081e-03
 Reference value :  3.77081e-03
 Reference value :  3.80081e-03
 Reference value :  3.83081e-03
 Reference value :  3.86081e-03
 Reference value :  3.90081e-03
 Reference value :  3.94081e-03
 Reference value :  3.98081e-03
 Reference value :  4.01081e-03
 Reference value :  4.04081e-03
 Reference value :  4.08081e-03
 Reference value :  4.12081e-03
 Reference value :  4.15081e-03
 Reference value :  4.19081e-03
 Reference value :  4.23081e-03
 Reference value :  4.26081e-03
 Reference value :  4.29081e-03
 Reference value :  4.33081e-03
 Reference value :  4.36081e-03
 Reference value :  4.39081e-03
 Reference value :  4.42081e-03
 Reference value :  4.46081e-03
 Reference value :  4.50081e-03
 Reference value :  4.54081e-03
 Reference value :  4.57081e-03
 Reference value :  4.60081e-03
 Reference value :  4.63081e-03
 Reference value :  4.67081e-03
 Reference value :  4.70081e-03
 Reference value :  4.73081e-03
 Reference value :  4.76081e-03
 Reference value :  4.79081e-03
 Reference value :  4.83081e-03
 Reference value :  4.86081e-03
 Reference value :  4.90081e-03
 Reference value :  4.93081e-03
 Reference value :  4.97081e-03
 Reference value :  5.00081e-03
 Reference value :  5.04081e-03
 Reference value :  5.07081e-03
 Reference value :  5.11081e-03
 Reference value :  5.15081e-03
 Reference value :  5.19081e-03
 Reference value :  5.23081e-03
 Reference value :  5.27081e-03
 Reference value :  5.31081e-03
 Reference value :  5.35081e-03
 Reference value :  5.39081e-03
 Reference value :  5.43081e-03
 Reference value :  5.47081e-03
 Reference value :  5.51081e-03
 Reference value :  5.55081e-03
 Reference value :  5.59081e-03
 Reference value :  5.63081e-03
 Reference value :  5.66081e-03
 Reference value :  5.69081e-03
 Reference value :  5.73081e-03
 Reference value :  5.77081e-03
 Reference value :  5.81081e-03
 Reference value :  5.85081e-03
 Reference value :  5.88081e-03
 Reference value :  5.92081e-03
 Reference value :  5.95081e-03
 Reference value :  5.98081e-03
 Reference value :  6.02081e-03
 Reference value :  6.05081e-03
 Reference value :  6.09081e-03
 Reference value :  6.12081e-03
 Reference value :  6.15081e-03
 Reference value :  6.19081e-03
 Reference value :  6.23081e-03
 Reference value :  6.27081e-03
 Reference value :  6.31081e-03
 Reference value :  6.34081e-03
 Reference value :  6.38081e-03
 Reference value :  6.41081e-03
 Reference value :  6.45081e-03
 Reference value :  6.48081e-03
 Reference value :  6.52081e-03
 Reference value :  6.56081e-03
 Reference value :  6.59081e-03
 Reference value :  6.62081e-03
 Reference value :  6.65081e-03
 Reference value :  6.69081e-03
 Reference value :  6.73081e-03
 Reference value :  6.76081e-03
 Reference value :  6.80081e-03
 Reference value :  6.83081e-03
 Reference value :  6.87081e-03
 Reference value :  6.90081e-03
 Reference value :  6.93081e-03
 Reference value :  6.97081e-03
 Reference value :  7.01081e-03
 Reference value :  7.04081e-03
 Reference value :  7.08081e-03
 Reference value :  7.12081e-03
 Reference value :  7.16081e-03
 Reference value :  7.20081e-03
 Reference value :  7.24081e-03
 Reference value :  7.27081e-03
 Reference value :  7.30081e-03
 Reference value :  7.34081e-03
 Reference value :  7.38081e-03
 Reference value :  7.41081e-03
 Reference value :  7.44081e-03
 Reference value :  7.48081e-03
 Reference value :  7.51081e-03
 Reference value :  7.54081e-03
 Reference value :  7.58081e-03
 Reference value :  7.61081e-03
 Reference value :  7.65081e-03
 Reference value :  7.68081e-03
 Reference value :  7.72081e-03
 Reference value :  7.75081e-03
 Reference value :  7.79081e-03
 Reference value :  7.83081e-03
 Reference value :  7.87081e-03
 Reference value :  7.90081e-03
 Reference value :  7.94081e-03
 Reference value :  7.97081e-03
 Reference value :  8.00081e-03
 Reference value :  8.03081e-03
 Reference value :  8.06081e-03
 Reference value :  8.09081e-03
 Reference value :  8.12081e-03
 Reference value :  8.15081e-03
 Reference value :  8.19081e-03
 Reference value :  8.23081e-03
 Reference value :  8.27081e-03
 Reference value :  8.31081e-03
 Reference value :  8.34081e-03
 Reference value :  8.37081e-03
 Reference value :  8.40081e-03
 Reference value :  8.44081e-03
 Reference value :  8.48081e-03
 Reference value :  8.51081e-03
 Reference value :  8.55081e-03
 Reference value :  8.59081e-03
 Reference value :  8.62081e-03
 Reference value :  8.66081e-03
 Reference value :  8.69081e-03
 Reference value :  8.73081e-03
 Reference value :  8.76081e-03
 Reference value :  8.79081e-03
 Reference value :  8.83081e-03
 Reference value :  8.87081e-03
 Reference value :  8.90081e-03
 Reference value :  8.93081e-03
 Reference value :  8.97081e-03
 Reference value :  9.00081e-03
 Reference value :  9.04081e-03
 Reference value :  9.07081e-03
 Reference value :  9.10081e-03
 Reference value :  9.13081e-03
 Reference value :  9.17081e-03
 Reference value :  9.20081e-03
 Reference value :  9.24081e-03
 Reference value :  9.28081e-03
 Reference value :  9.41081e-03
 Reference value :  9.44081e-03
 Reference value :  9.48081e-03
 Reference value :  9.51081e-03
 Reference value :  9.55081e-03
 Reference value :  9.59081e-03
 Reference value :  9.63081e-03
 Reference value :  9.66081e-03
 Reference value :  9.70081e-03
 Reference value :  9.73081e-03
 Reference value :  9.77081e-03
 Reference value :  9.80081e-03
 Reference value :  9.83081e-03
 Reference value :  9.86081e-03
 Reference value :  9.89081e-03
 Reference value :  9.93081e-03
 Reference value :  9.96081e-03
No. of Data Rows : 1050
meas_ptat = 1.413083e+00
meas_ptat_settled = 4.932721e-11
meas_ctat = 6.563156e-01
meas_ctat_settled = 2.912892e-12
meas_na = 6.563158e-01
meas_nb = 6.563157e-01
meas_isup = 7.274635e-06
meas_bias_ok = 3.299997e+00
ngspice-46 done

# ==== ngspice stderr ====

