# corner: ss_27c_3.63v
# process=ss temp=27C supply=3.63V
# ngspice exit: 0
# wall clock: 29.4s (--timeout was 200s)
# result: PASS

# ==== deck (exact input given to ngspice) ====
| * temp-core-startup-en-delayed corner deck -- generated by sim/bin/corner-run.py, do not edit
| * corner: ss_27c_3.63v
| .param vsup=3.63
| .param tramp=100u
| .param ten_start=300u
| .param ten_end=350u
| .param tstop=10m
| .option wnflag=1
| .option method=gear
| .option trtol=50
| .temp 27
| .lib "/home/ubuntu/.volare/sky130A/libs.tech/combined/sky130.lib.spice" ss
| ** sch_path: sim/temp-core-startup-en-delayed/testbench/tb_temp_core_startup_en_delayed.sch
| **.subckt tb_temp_core_startup_en_delayed
| V1 VDD 0 PWL(0 0 'tramp' 'vsup' 'tstop' 'vsup')
| .save i(v1)
| V2 EN 0 PWL(0 0 'ten_start' 0 'ten_end' 'vsup' 'tstop' 'vsup')
| XBIAS VDD 0 IBIAS VREF BIAS_OK bias_core
| XDUT VDD 0 IBIAS EN PTAT CTAT temp_core
| **.ends
| 
| * expanding   symbol:  design/bias_core.sym # of pins=5
| ** sym_path: design/bias_core.sym
| ** sch_path: design/bias_core.sch
| .subckt bias_core VDD VSS IBIAS VREF BIAS_OK
| *.iopin VDD
| *.iopin VSS
| *.opin IBIAS
| *.opin VREF
| *.opin BIAS_OK
| XMP1 NA PG VDD VDD sky130_fd_pr__pfet_g5v0d10v5 L=4 W=8 nf=1 ad=2.32 as=2.32 pd=16.58 ps=16.58 nrd=0.03625 nrs=0.03625 sa=0 sb=0
| + sd=0 mult=1 m=1
| XMP2 NBTOP PG VDD VDD sky130_fd_pr__pfet_g5v0d10v5 L=4 W=8 nf=1 ad=2.32 as=2.32 pd=16.58 ps=16.58 nrd=0.03625 nrs=0.03625 sa=0
| + sb=0 sd=0 mult=1 m=1
| XMP3 VREF PG VDD VDD sky130_fd_pr__pfet_g5v0d10v5 L=4 W=8 nf=1 ad=2.32 as=2.32 pd=16.58 ps=16.58 nrd=0.03625 nrs=0.03625 sa=0 sb=0
| + sd=0 mult=1 m=1
| XMPBN NBG PG VDD VDD sky130_fd_pr__pfet_g5v0d10v5 L=4 W=2 nf=1 ad=0.58 as=0.58 pd=4.58 ps=4.58 nrd=0.145 nrs=0.145 sa=0 sb=0 sd=0
| + mult=1 m=1
| XQ1 VSS VSS NA sky130_fd_pr__pnp_05v5_W3p40L3p40 m=1 mult=1
| XRT NBTOP NB VSS sky130_fd_pr__res_xhigh_po W=2 L=17.5 mult=1 m=1
| XR1 NB EC VSS sky130_fd_pr__res_xhigh_po W=2 L=350.0 mult=1 m=1
| XQ8A VSS VSS EC sky130_fd_pr__pnp_05v5_W3p40L3p40 m=1 mult=1
| XQ8B VSS VSS EC sky130_fd_pr__pnp_05v5_W3p40L3p40 m=1 mult=1
| XQ8C VSS VSS EC sky130_fd_pr__pnp_05v5_W3p40L3p40 m=1 mult=1
| XQ8D VSS VSS EC sky130_fd_pr__pnp_05v5_W3p40L3p40 m=1 mult=1
| XQ8E VSS VSS EC sky130_fd_pr__pnp_05v5_W3p40L3p40 m=1 mult=1
| XQ8F VSS VSS EC sky130_fd_pr__pnp_05v5_W3p40L3p40 m=1 mult=1
| XQ8G VSS VSS EC sky130_fd_pr__pnp_05v5_W3p40L3p40 m=1 mult=1
| XQ8H VSS VSS EC sky130_fd_pr__pnp_05v5_W3p40L3p40 m=1 mult=1
| XR2 VREF ER VSS sky130_fd_pr__res_xhigh_po W=2 L=4104.0 mult=1 m=1
| XQR VSS VSS ER sky130_fd_pr__pnp_05v5_W3p40L3p40 m=1 mult=1
| XMBN NBG NBG VSS VSS sky130_fd_pr__nfet_g5v0d10v5 L=4 W=2 nf=1 ad=0.58 as=0.58 pd=4.58 ps=4.58 nrd=0.145 nrs=0.145 sa=0 sb=0 sd=0
| + mult=1 m=1
| XMBN2 PB NBG VSS VSS sky130_fd_pr__nfet_g5v0d10v5 L=4 W=2 nf=1 ad=0.58 as=0.58 pd=4.58 ps=4.58 nrd=0.145 nrs=0.145 sa=0 sb=0 sd=0
| + mult=1 m=1
| XMBP PB PB VDD VDD sky130_fd_pr__pfet_g5v0d10v5 L=4 W=2 nf=1 ad=0.58 as=0.58 pd=4.58 ps=4.58 nrd=0.145 nrs=0.145 sa=0 sb=0 sd=0
| + mult=1 m=1
| XMPIB IBIAS PB VDD VDD sky130_fd_pr__pfet_g5v0d10v5 L=4 W=40 nf=1 ad=11.6 as=11.6 pd=80.58 ps=80.58 nrd=0.00725 nrs=0.00725 sa=0
| + sb=0 sd=0 mult=1 m=1
| XMPT NT PB VDD VDD sky130_fd_pr__pfet_g5v0d10v5 L=4 W=2 nf=1 ad=0.58 as=0.58 pd=4.58 ps=4.58 nrd=0.145 nrs=0.145 sa=0 sb=0 sd=0
| + mult=1 m=1
| XMI1 N1 NA NT VDD sky130_fd_pr__pfet_g5v0d10v5 L=4 W=16 nf=1 ad=4.64 as=4.64 pd=32.58 ps=32.58 nrd=0.018125 nrs=0.018125 sa=0 sb=0
| + sd=0 mult=1 m=1
| XMI2 N2 NB NT VDD sky130_fd_pr__pfet_g5v0d10v5 L=4 W=16 nf=1 ad=4.64 as=4.64 pd=32.58 ps=32.58 nrd=0.018125 nrs=0.018125 sa=0 sb=0
| + sd=0 mult=1 m=1
| XML1 N1 N1 VSS VSS sky130_fd_pr__nfet_g5v0d10v5 L=8 W=4 nf=1 ad=1.16 as=1.16 pd=8.58 ps=8.58 nrd=0.0725 nrs=0.0725 sa=0 sb=0 sd=0
| + mult=1 m=1
| XML2 N2 N1 VSS VSS sky130_fd_pr__nfet_g5v0d10v5 L=8 W=4 nf=1 ad=1.16 as=1.16 pd=8.58 ps=8.58 nrd=0.0725 nrs=0.0725 sa=0 sb=0 sd=0
| + mult=1 m=1
| XMS2N PG N2 VSS VSS sky130_fd_pr__nfet_g5v0d10v5 L=8 W=8 nf=1 ad=2.32 as=2.32 pd=16.58 ps=16.58 nrd=0.03625 nrs=0.03625 sa=0 sb=0
| + sd=0 mult=1 m=1
| XMS2P PG PB VDD VDD sky130_fd_pr__pfet_g5v0d10v5 L=4 W=2 nf=1 ad=0.58 as=0.58 pd=4.58 ps=4.58 nrd=0.145 nrs=0.145 sa=0 sb=0 sd=0
| + mult=1 m=1
| XCC PG NZ sky130_fd_pr__cap_mim_m3_1 W=20 L=20 MF=1 m=1
| XRZ NZ N2 VSS sky130_fd_pr__res_xhigh_po W=2 L=1016.0 mult=1 m=1
| XKS0 VDD VDD KS1 VSS sky130_fd_pr__nfet_g5v0d10v5 L=8 W=1 nf=1 ad=0.29 as=0.29 pd=2.58 ps=2.58 nrd=0.29 nrs=0.29 sa=0 sb=0 sd=0
| + mult=1 m=1
| XKS1 KS1 KS1 KS2 VSS sky130_fd_pr__nfet_g5v0d10v5 L=8 W=1 nf=1 ad=0.29 as=0.29 pd=2.58 ps=2.58 nrd=0.29 nrs=0.29 sa=0 sb=0 sd=0
| + mult=1 m=1
| XKS2 KS2 KS2 KS3 VSS sky130_fd_pr__nfet_g5v0d10v5 L=8 W=1 nf=1 ad=0.29 as=0.29 pd=2.58 ps=2.58 nrd=0.29 nrs=0.29 sa=0 sb=0 sd=0
| + mult=1 m=1
| XKS3 KS3 KS3 KS4 VSS sky130_fd_pr__nfet_g5v0d10v5 L=8 W=1 nf=1 ad=0.29 as=0.29 pd=2.58 ps=2.58 nrd=0.29 nrs=0.29 sa=0 sb=0 sd=0
| + mult=1 m=1
| XKS4 KS4 KS4 NKG VSS sky130_fd_pr__nfet_g5v0d10v5 L=8 W=1 nf=1 ad=0.29 as=0.29 pd=2.58 ps=2.58 nrd=0.29 nrs=0.29 sa=0 sb=0 sd=0
| + mult=1 m=1
| XKA NKM PB VDD VDD sky130_fd_pr__pfet_g5v0d10v5 L=4 W=1 nf=1 ad=0.29 as=0.29 pd=2.58 ps=2.58 nrd=0.29 nrs=0.29 sa=0 sb=0 sd=0
| + mult=1 m=1
| XKAN NKM NKM VSS VSS sky130_fd_pr__nfet_g5v0d10v5 L=4 W=2 nf=1 ad=0.58 as=0.58 pd=4.58 ps=4.58 nrd=0.145 nrs=0.145 sa=0 sb=0 sd=0
| + mult=1 m=1
| XKPD NKG NKM VSS VSS sky130_fd_pr__nfet_g5v0d10v5 L=4 W=8 nf=1 ad=2.32 as=2.32 pd=16.58 ps=16.58 nrd=0.03625 nrs=0.03625 sa=0 sb=0
| + sd=0 mult=1 m=1
| XKICK PG NKG VSS VSS sky130_fd_pr__nfet_g5v0d10v5 L=4 W=1 nf=1 ad=0.29 as=0.29 pd=2.58 ps=2.58 nrd=0.29 nrs=0.29 sa=0 sb=0 sd=0
| + mult=1 m=1
| XMPOK TOK PB VDD VDD sky130_fd_pr__pfet_g5v0d10v5 L=4 W=1 nf=1 ad=0.29 as=0.29 pd=2.58 ps=2.58 nrd=0.29 nrs=0.29 sa=0 sb=0 sd=0
| + mult=1 m=1
| XMOKA NOKO NA TOK VDD sky130_fd_pr__pfet_g5v0d10v5 L=4 W=8 nf=1 ad=2.32 as=2.32 pd=16.58 ps=16.58 nrd=0.03625 nrs=0.03625 sa=0
| + sb=0 sd=0 mult=1 m=1
| XMOKB NOKL NBTOP TOK VDD sky130_fd_pr__pfet_g5v0d10v5 L=4 W=8 nf=1 ad=2.32 as=2.32 pd=16.58 ps=16.58 nrd=0.03625 nrs=0.03625 sa=0
| + sb=0 sd=0 mult=1 m=1
| XMOL1 NOKL NOKL VSS VSS sky130_fd_pr__nfet_g5v0d10v5 L=4 W=2 nf=1 ad=0.58 as=0.58 pd=4.58 ps=4.58 nrd=0.145 nrs=0.145 sa=0 sb=0
| + sd=0 mult=1 m=1
| XMOL2 NOKO NOKL VSS VSS sky130_fd_pr__nfet_g5v0d10v5 L=4 W=2 nf=1 ad=0.58 as=0.58 pd=4.58 ps=4.58 nrd=0.145 nrs=0.145 sa=0 sb=0
| + sd=0 mult=1 m=1
| XMOKC NOKO NKG VSS VSS sky130_fd_pr__nfet_g5v0d10v5 L=1 W=2 nf=1 ad=0.58 as=0.58 pd=4.58 ps=4.58 nrd=0.145 nrs=0.145 sa=0 sb=0
| + sd=0 mult=1 m=1
| XMOK2 NOKX NOKO VSS VSS sky130_fd_pr__nfet_g5v0d10v5 L=4 W=2 nf=1 ad=0.58 as=0.58 pd=4.58 ps=4.58 nrd=0.145 nrs=0.145 sa=0 sb=0
| + sd=0 mult=1 m=1
| XMOK2P NOKX PB VDD VDD sky130_fd_pr__pfet_g5v0d10v5 L=4 W=1 nf=1 ad=0.29 as=0.29 pd=2.58 ps=2.58 nrd=0.29 nrs=0.29 sa=0 sb=0 sd=0
| + mult=1 m=1
| XCOK VDD NOKX sky130_fd_pr__cap_mim_m3_1 W=6 L=6 MF=1 m=1
| XMO1P BIAS_OK NOKX VDD VDD sky130_fd_pr__pfet_g5v0d10v5 L=4 W=1 nf=1 ad=0.29 as=0.29 pd=2.58 ps=2.58 nrd=0.29 nrs=0.29 sa=0 sb=0
| + sd=0 mult=1 m=1
| XMO1N BIAS_OK NOKX VSS VSS sky130_fd_pr__nfet_g5v0d10v5 L=0.5 W=4 nf=1 ad=1.16 as=1.16 pd=8.58 ps=8.58 nrd=0.0725 nrs=0.0725 sa=0
| + sb=0 sd=0 mult=1 m=1
| .ends
| 
| 
| * expanding   symbol:  design/temp_core.sym # of pins=6
| ** sym_path: design/temp_core.sym
| ** sch_path: design/temp_core.sch
| .subckt temp_core VDD VSS IBIAS EN PTAT CTAT
| *.iopin VDD
| *.iopin VSS
| *.ipin IBIAS
| *.ipin EN
| *.opin PTAT
| *.opin CTAT
| XMBD IBIAS NBG VSS VSS sky130_fd_pr__nfet_g5v0d10v5 L=2 W=4 nf=1 ad=1.16 as=1.16 pd=8.58 ps=8.58 nrd=0.0725 nrs=0.0725 sa=0 sb=0
| + sd=0 mult=1 m=1
| XMPASS IBIAS EN NBG VSS sky130_fd_pr__nfet_g5v0d10v5 L=0.5 W=2 nf=1 ad=0.58 as=0.58 pd=4.58 ps=4.58 nrd=0.145 nrs=0.145 sa=0 sb=0
| + sd=0 mult=1 m=1
| XMDNB NBG ENB VSS VSS sky130_fd_pr__nfet_g5v0d10v5 L=0.5 W=2 nf=1 ad=0.58 as=0.58 pd=4.58 ps=4.58 nrd=0.145 nrs=0.145 sa=0 sb=0
| + sd=0 mult=1 m=1
| XMBN1 PB NBG VSS VSS sky130_fd_pr__nfet_g5v0d10v5 L=2 W=4 nf=1 ad=1.16 as=1.16 pd=8.58 ps=8.58 nrd=0.0725 nrs=0.0725 sa=0 sb=0
| + sd=0 mult=1 m=1
| XMBP PB PB VDD VDD sky130_fd_pr__pfet_g5v0d10v5 L=4 W=10 nf=1 ad=2.9 as=2.9 pd=20.58 ps=20.58 nrd=0.029 nrs=0.029 sa=0 sb=0 sd=0
| + mult=1 m=1
| XMBN2 PCAS NBG VSS VSS sky130_fd_pr__nfet_g5v0d10v5 L=2 W=4 nf=1 ad=1.16 as=1.16 pd=8.58 ps=8.58 nrd=0.0725 nrs=0.0725 sa=0 sb=0
| + sd=0 mult=1 m=1
| XMCB PCAS PCAS VDD VDD sky130_fd_pr__pfet_g5v0d10v5 L=8 W=1 nf=1 ad=0.29 as=0.29 pd=2.58 ps=2.58 nrd=0.29 nrs=0.29 sa=0 sb=0 sd=0
| + mult=1 m=1
| XMINVP ENB EN VDD VDD sky130_fd_pr__pfet_g5v0d10v5 L=0.5 W=2 nf=1 ad=0.58 as=0.58 pd=4.58 ps=4.58 nrd=0.145 nrs=0.145 sa=0 sb=0
| + sd=0 mult=1 m=1
| XMINVN ENB EN VSS VSS sky130_fd_pr__nfet_g5v0d10v5 L=0.5 W=1 nf=1 ad=0.29 as=0.29 pd=2.58 ps=2.58 nrd=0.29 nrs=0.29 sa=0 sb=0 sd=0
| + mult=1 m=1
| XMT NT PB VDD VDD sky130_fd_pr__pfet_g5v0d10v5 L=4 W=20 nf=1 ad=5.8 as=5.8 pd=40.58 ps=40.58 nrd=0.0145 nrs=0.0145 sa=0 sb=0 sd=0
| + mult=1 m=1
| XMI1 N1 NA NT NT sky130_fd_pr__pfet_g5v0d10v5 L=4 W=32 nf=1 ad=9.28 as=9.28 pd=64.58 ps=64.58 nrd=0.0090625 nrs=0.0090625 sa=0
| + sb=0 sd=0 mult=1 m=1
| XMI2 N2 NB NT NT sky130_fd_pr__pfet_g5v0d10v5 L=4 W=32 nf=1 ad=9.28 as=9.28 pd=64.58 ps=64.58 nrd=0.0090625 nrs=0.0090625 sa=0
| + sb=0 sd=0 mult=1 m=1
| XML1 N1 N1 VSS VSS sky130_fd_pr__nfet_g5v0d10v5 L=8 W=8 nf=1 ad=2.32 as=2.32 pd=16.58 ps=16.58 nrd=0.03625 nrs=0.03625 sa=0 sb=0
| + sd=0 mult=1 m=1
| XML2 N2 N1 VSS VSS sky130_fd_pr__nfet_g5v0d10v5 L=8 W=8 nf=1 ad=2.32 as=2.32 pd=16.58 ps=16.58 nrd=0.03625 nrs=0.03625 sa=0 sb=0
| + sd=0 mult=1 m=1
| XMS2N PG N2 VSS VSS sky130_fd_pr__nfet_g5v0d10v5 L=8 W=8 nf=1 ad=2.32 as=2.32 pd=16.58 ps=16.58 nrd=0.03625 nrs=0.03625 sa=0 sb=0
| + sd=0 mult=1 m=1
| XMS2P PG PB VDD VDD sky130_fd_pr__pfet_g5v0d10v5 L=4 W=10 nf=1 ad=2.9 as=2.9 pd=20.58 ps=20.58 nrd=0.029 nrs=0.029 sa=0 sb=0 sd=0
| + mult=1 m=1
| XCC PG NZ sky130_fd_pr__cap_mim_m3_1 W=12 L=12 MF=1 m=1
| XRZ NZ N2 VSS sky130_fd_pr__res_xhigh_po W=2 L=1000 mult=1 m=1
| XMP1 M1D PG VDD VDD sky130_fd_pr__pfet_g5v0d10v5 L=4 W=8 nf=1 ad=2.32 as=2.32 pd=16.58 ps=16.58 nrd=0.03625 nrs=0.03625 sa=0 sb=0
| + sd=0 mult=1 m=1
| XMPC1 NA PCAS M1D VDD sky130_fd_pr__pfet_g5v0d10v5 L=1 W=8 nf=1 ad=2.32 as=2.32 pd=16.58 ps=16.58 nrd=0.03625 nrs=0.03625 sa=0
| + sb=0 sd=0 mult=1 m=1
| XMP2 M2D PG VDD VDD sky130_fd_pr__pfet_g5v0d10v5 L=4 W=8 nf=1 ad=2.32 as=2.32 pd=16.58 ps=16.58 nrd=0.03625 nrs=0.03625 sa=0 sb=0
| + sd=0 mult=1 m=1
| XMPC2 NB PCAS M2D VDD sky130_fd_pr__pfet_g5v0d10v5 L=1 W=8 nf=1 ad=2.32 as=2.32 pd=16.58 ps=16.58 nrd=0.03625 nrs=0.03625 sa=0
| + sb=0 sd=0 mult=1 m=1
| XMP3 M3D PG VDD VDD sky130_fd_pr__pfet_g5v0d10v5 L=4 W=8 nf=1 ad=2.32 as=2.32 pd=16.58 ps=16.58 nrd=0.03625 nrs=0.03625 sa=0 sb=0
| + sd=0 mult=1 m=1
| XMPC3 PTAT PCAS M3D VDD sky130_fd_pr__pfet_g5v0d10v5 L=1 W=8 nf=1 ad=2.32 as=2.32 pd=16.58 ps=16.58 nrd=0.03625 nrs=0.03625 sa=0
| + sb=0 sd=0 mult=1 m=1
| XMSU1 ND PB VDD VDD sky130_fd_pr__pfet_g5v0d10v5 L=8 W=1 nf=1 ad=0.29 as=0.29 pd=2.58 ps=2.58 nrd=0.29 nrs=0.29 sa=0 sb=0 sd=0
| + mult=1 m=1
| XMSU2 ND NR VSS VSS sky130_fd_pr__nfet_g5v0d10v5 L=2 W=2 nf=1 ad=0.58 as=0.58 pd=4.58 ps=4.58 nrd=0.145 nrs=0.145 sa=0 sb=0 sd=0
| + mult=1 m=1
| XMSU3 PG ND VSS VSS sky130_fd_pr__nfet_g5v0d10v5 L=1 W=4 nf=1 ad=1.16 as=1.16 pd=8.58 ps=8.58 nrd=0.0725 nrs=0.0725 sa=0 sb=0 sd=0
| + mult=1 m=1
| XMDND ND ENB VSS VSS sky130_fd_pr__nfet_g5v0d10v5 L=0.5 W=2 nf=1 ad=0.58 as=0.58 pd=4.58 ps=4.58 nrd=0.145 nrs=0.145 sa=0 sb=0
| + sd=0 mult=1 m=1
| XMENPG PG EN VDD VDD sky130_fd_pr__pfet_g5v0d10v5 L=0.5 W=4 nf=1 ad=1.16 as=1.16 pd=8.58 ps=8.58 nrd=0.0725 nrs=0.0725 sa=0 sb=0
| + sd=0 mult=1 m=1
| XMENPT PTAT ENB VSS VSS sky130_fd_pr__nfet_g5v0d10v5 L=1 W=1 nf=1 ad=0.29 as=0.29 pd=2.58 ps=2.58 nrd=0.29 nrs=0.29 sa=0 sb=0 sd=0
| + mult=1 m=1
| XMENCT CTAT ENB VSS VSS sky130_fd_pr__nfet_g5v0d10v5 L=1 W=1 nf=1 ad=0.29 as=0.29 pd=2.58 ps=2.58 nrd=0.29 nrs=0.29 sa=0 sb=0 sd=0
| + mult=1 m=1
| XMSU4 NR PG VDD VDD sky130_fd_pr__pfet_g5v0d10v5 L=4 W=1 nf=1 ad=0.29 as=0.29 pd=2.58 ps=2.58 nrd=0.29 nrs=0.29 sa=0 sb=0 sd=0
| + mult=1 m=1
| XMSU5 NR NR VSS VSS sky130_fd_pr__nfet_g5v0d10v5 L=2 W=2 nf=1 ad=0.58 as=0.58 pd=4.58 ps=4.58 nrd=0.145 nrs=0.145 sa=0 sb=0 sd=0
| + mult=1 m=1
| XMDN2 N2 ENB VSS VSS sky130_fd_pr__nfet_g5v0d10v5 L=1 W=2 nf=1 ad=0.58 as=0.58 pd=4.58 ps=4.58 nrd=0.145 nrs=0.145 sa=0 sb=0 sd=0
| + mult=1 m=1
| XMDNT NT ENB VSS VSS sky130_fd_pr__nfet_g5v0d10v5 L=1 W=2 nf=1 ad=0.58 as=0.58 pd=4.58 ps=4.58 nrd=0.145 nrs=0.145 sa=0 sb=0 sd=0
| + mult=1 m=1
| XQ1 VSS VSS NA sky130_fd_pr__pnp_05v5_W3p40L3p40 m=1 mult=1
| XQ8A VSS VSS NC sky130_fd_pr__pnp_05v5_W3p40L3p40 m=1 mult=1
| XQ8B VSS VSS NC sky130_fd_pr__pnp_05v5_W3p40L3p40 m=1 mult=1
| XQ8C VSS VSS NC sky130_fd_pr__pnp_05v5_W3p40L3p40 m=1 mult=1
| XQ8D VSS VSS NC sky130_fd_pr__pnp_05v5_W3p40L3p40 m=1 mult=1
| XQ8E VSS VSS NC sky130_fd_pr__pnp_05v5_W3p40L3p40 m=1 mult=1
| XQ8F VSS VSS NC sky130_fd_pr__pnp_05v5_W3p40L3p40 m=1 mult=1
| XQ8G VSS VSS NC sky130_fd_pr__pnp_05v5_W3p40L3p40 m=1 mult=1
| XQ8H VSS VSS NC sky130_fd_pr__pnp_05v5_W3p40L3p40 m=1 mult=1
| XR1 NB NC VSS sky130_fd_pr__res_xhigh_po W=2 L=119.47 mult=1 m=1
| XR2 PTAT PTAT_TRIM VSS sky130_fd_pr__res_xhigh_po W=2 L=2652.6 mult=1 m=1
| XR2TRIM PTAT_TRIM VSS VSS sky130_fd_pr__res_xhigh_po W=2 L=450.88 mult=1 m=1
| XRISO NA CTAT VSS sky130_fd_pr__res_xhigh_po W=2 L=111.05 mult=1 m=1
| .ends
| 
| .control
| save all
| tran 10u 10m uic
| let nlast = length(v(ptat))-1
| let meas_ptat = v(ptat)[nlast]
| let meas_ptat_settled = abs(v(ptat)[nlast] - v(ptat)[nlast-100])
| let meas_ctat = v(ctat)[nlast]
| let meas_ctat_settled = abs(v(ctat)[nlast] - v(ctat)[nlast-100])
| let meas_na = v(xdut.na)[nlast]
| let meas_nb = v(xdut.nb)[nlast]
| let meas_isup = -i(v1)[nlast]
| let meas_bias_ok = v(bias_ok)[nlast]
| print meas_ptat
| print meas_ptat_settled
| print meas_ctat
| print meas_ctat_settled
| print meas_na
| print meas_nb
| print meas_isup
| print meas_bias_ok
| quit
| .endc
| .end

# ==== ngspice stdout ====

Note: Compatibility modes selected: hs a


Circuit: * temp-core-startup-en-delayed corner deck -- generated by sim/bin/corner-run.py, do not edit

option SCALE: Scale is set to 1e-06 for instance and model parameters
option SCALE: Scale is set to 1e-06 for instance and model parameters
option SCALE: Scale is set to 1e-06 for instance and model parameters
option SCALE: Scale is set to 1e-06 for instance and model parameters
Doing analysis at TEMP = 27.000000 and TNOM = 27.000000

Using KLU as Direct Linear Solver
Operating point simulation skipped by 'uic',
  now using transient initial conditions.
 Reference value :  1.00000e-07
 Reference value :  8.00000e-07
 Reference value :  6.40000e-06
 Reference value :  1.19200e-05
 Reference value :  1.96000e-05
 Reference value :  2.78961e-05
 Reference value :  3.53993e-05
 Reference value :  4.30366e-05
 Reference value :  4.40000e-05
 Reference value :  4.77563e-05
 Reference value :  5.17478e-05
 Reference value :  1.01000e-04
 Reference value :  1.37274e-04
 Reference value :  1.67274e-04
 Reference value :  2.07274e-04
 Reference value :  2.37274e-04
 Reference value :  2.67274e-04
 Reference value :  2.93637e-04
 Reference value :  3.03000e-04
 Reference value :  3.15000e-04
 Reference value :  3.23165e-04
 Reference value :  3.24092e-04
 Reference value :  3.24159e-04
 Reference value :  3.24294e-04
 Reference value :  3.24456e-04
 Reference value :  3.24475e-04
 Reference value :  3.24513e-04
 Reference value :  3.24544e-04
 Reference value :  3.24573e-04
 Reference value :  3.28694e-04
 Reference value :  3.28719e-04
 Reference value :  3.33520e-04
 Reference value :  3.37352e-04
 Reference value :  3.37908e-04
 Reference value :  4.41191e-04
 Reference value :  7.71191e-04
 Reference value :  8.01191e-04
 Reference value :  8.41191e-04
 Reference value :  8.71191e-04
 Reference value :  9.01191e-04
 Reference value :  9.41191e-04
 Reference value :  9.81191e-04
 Reference value :  1.01119e-03
 Reference value :  1.04119e-03
 Reference value :  1.07119e-03
 Reference value :  1.12119e-03
 Reference value :  1.15119e-03
 Reference value :  1.18119e-03
 Reference value :  1.21119e-03
 Reference value :  1.25119e-03
 Reference value :  1.28119e-03
 Reference value :  1.31119e-03
 Reference value :  1.34119e-03
 Reference value :  1.37119e-03
 Reference value :  1.41119e-03
 Reference value :  1.45119e-03
 Reference value :  1.49119e-03
 Reference value :  1.53119e-03
 Reference value :  1.56119e-03
 Reference value :  1.59119e-03
 Reference value :  1.62119e-03
 Reference value :  1.65119e-03
 Reference value :  1.69119e-03
 Reference value :  1.72119e-03
 Reference value :  1.76119e-03
 Reference value :  1.79119e-03
 Reference value :  1.82119e-03
 Reference value :  1.85119e-03
 Reference value :  1.89119e-03
 Reference value :  2.12119e-03
 Reference value :  2.15119e-03
 Reference value :  2.19119e-03
 Reference value :  2.23119e-03
 Reference value :  2.26119e-03
 Reference value :  2.30119e-03
 Reference value :  2.33119e-03
 Reference value :  2.36119e-03
 Reference value :  2.39119e-03
 Reference value :  2.42119e-03
 Reference value :  2.46119e-03
 Reference value :  2.49119e-03
 Reference value :  2.53119e-03
 Reference value :  2.56119e-03
 Reference value :  2.60119e-03
 Reference value :  2.63119e-03
 Reference value :  2.67119e-03
 Reference value :  2.71119e-03
 Reference value :  2.75119e-03
 Reference value :  2.78119e-03
 Reference value :  2.82119e-03
 Reference value :  2.86119e-03
 Reference value :  2.90119e-03
 Reference value :  2.94119e-03
 Reference value :  2.98119e-03
 Reference value :  3.02119e-03
 Reference value :  3.05119e-03
 Reference value :  3.08119e-03
 Reference value :  3.11119e-03
 Reference value :  3.14119e-03
 Reference value :  3.18119e-03
 Reference value :  3.21119e-03
 Reference value :  3.24119e-03
 Reference value :  3.27119e-03
 Reference value :  3.30119e-03
 Reference value :  3.34119e-03
 Reference value :  3.55119e-03
 Reference value :  3.59119e-03
 Reference value :  3.75119e-03
 Reference value :  3.97119e-03
 Reference value :  4.00119e-03
 Reference value :  4.04119e-03
 Reference value :  4.08119e-03
 Reference value :  4.12119e-03
 Reference value :  4.15119e-03
 Reference value :  4.18119e-03
 Reference value :  4.21119e-03
 Reference value :  4.24119e-03
 Reference value :  4.28119e-03
 Reference value :  4.41119e-03
 Reference value :  4.45119e-03
 Reference value :  4.49119e-03
 Reference value :  4.52119e-03
 Reference value :  4.56119e-03
 Reference value :  4.60119e-03
 Reference value :  4.63119e-03
 Reference value :  4.66119e-03
 Reference value :  4.69119e-03
 Reference value :  4.73119e-03
 Reference value :  4.76119e-03
 Reference value :  4.79119e-03
 Reference value :  4.82119e-03
 Reference value :  4.86119e-03
 Reference value :  4.89119e-03
 Reference value :  4.93119e-03
 Reference value :  4.97119e-03
 Reference value :  5.00119e-03
 Reference value :  5.03119e-03
 Reference value :  5.07119e-03
 Reference value :  5.10119e-03
 Reference value :  5.14119e-03
 Reference value :  5.17119e-03
 Reference value :  5.32119e-03
 Reference value :  5.35119e-03
 Reference value :  5.39119e-03
 Reference value :  5.43119e-03
 Reference value :  5.47119e-03
 Reference value :  5.50119e-03
 Reference value :  5.53119e-03
 Reference value :  5.57119e-03
 Reference value :  5.60119e-03
 Reference value :  5.64119e-03
 Reference value :  5.68119e-03
 Reference value :  5.71119e-03
 Reference value :  5.75119e-03
 Reference value :  5.78119e-03
 Reference value :  5.92119e-03
 Reference value :  5.96119e-03
 Reference value :  5.99119e-03
 Reference value :  6.02119e-03
 Reference value :  6.05119e-03
 Reference value :  6.09119e-03
 Reference value :  6.12119e-03
 Reference value :  6.15119e-03
 Reference value :  6.18119e-03
 Reference value :  6.22119e-03
 Reference value :  6.25119e-03
 Reference value :  6.29119e-03
 Reference value :  6.32119e-03
 Reference value :  6.36119e-03
 Reference value :  6.40119e-03
 Reference value :  6.44119e-03
 Reference value :  6.48119e-03
 Reference value :  6.52119e-03
 Reference value :  6.55119e-03
 Reference value :  6.59119e-03
 Reference value :  6.62119e-03
 Reference value :  6.66119e-03
 Reference value :  6.83119e-03
 Reference value :  6.89119e-03
 Reference value :  7.07119e-03
 Reference value :  7.25119e-03
 Reference value :  7.28119e-03
 Reference value :  7.31119e-03
 Reference value :  7.35119e-03
 Reference value :  7.38119e-03
 Reference value :  7.41119e-03
 Reference value :  7.45119e-03
 Reference value :  7.49119e-03
 Reference value :  7.53119e-03
 Reference value :  7.57119e-03
 Reference value :  7.61119e-03
 Reference value :  7.65119e-03
 Reference value :  7.68119e-03
 Reference value :  7.71119e-03
 Reference value :  7.74119e-03
 Reference value :  7.78119e-03
 Reference value :  7.81119e-03
 Reference value :  7.84119e-03
 Reference value :  7.87119e-03
 Reference value :  7.91119e-03
 Reference value :  7.95119e-03
 Reference value :  7.98119e-03
 Reference value :  8.02119e-03
 Reference value :  8.05119e-03
 Reference value :  8.08119e-03
 Reference value :  8.13119e-03
 Reference value :  8.16119e-03
 Reference value :  8.20119e-03
 Reference value :  8.23119e-03
 Reference value :  8.27119e-03
 Reference value :  8.30119e-03
 Reference value :  8.34119e-03
 Reference value :  8.38119e-03
 Reference value :  8.42119e-03
 Reference value :  8.46119e-03
 Reference value :  8.49119e-03
 Reference value :  8.63119e-03
 Reference value :  8.84119e-03
 Reference value :  8.88119e-03
 Reference value :  8.92119e-03
 Reference value :  8.95119e-03
 Reference value :  8.98119e-03
 Reference value :  9.02119e-03
 Reference value :  9.06119e-03
 Reference value :  9.10119e-03
 Reference value :  9.14119e-03
 Reference value :  9.17119e-03
 Reference value :  9.20119e-03
 Reference value :  9.24119e-03
 Reference value :  9.28119e-03
 Reference value :  9.31119e-03
 Reference value :  9.34119e-03
 Reference value :  9.37119e-03
 Reference value :  9.41119e-03
 Reference value :  9.44119e-03
 Reference value :  9.48119e-03
 Reference value :  9.51119e-03
 Reference value :  9.54119e-03
 Reference value :  9.58119e-03
 Reference value :  9.61119e-03
 Reference value :  9.64119e-03
 Reference value :  9.67119e-03
 Reference value :  9.71119e-03
 Reference value :  9.74119e-03
 Reference value :  9.78119e-03
 Reference value :  9.81119e-03
 Reference value :  9.84119e-03
 Reference value :  9.87119e-03
 Reference value :  9.91119e-03
 Reference value :  9.94119e-03
No. of Data Rows : 1060
meas_ptat = 1.414345e+00
meas_ptat_settled = 5.789933e-10
meas_ctat = 6.586130e-01
meas_ctat_settled = 9.391155e-12
meas_na = 6.586131e-01
meas_nb = 6.586162e-01
meas_isup = 7.381305e-06
meas_bias_ok = 3.630000e+00
ngspice-46 done

# ==== ngspice stderr ====

