# point: por-comparator-thresholds real-bias-core r50 ff_-40c
# process=ff temp=-40C rate=50 V/s tstop=0.1452s klt status: pass

# ==== klt sim deck ====
| * klt sim -- generated corner deck, do not edit
| .lib /opt/pdk/sky130A/libs.tech/combined/sky130.lib.spice ff
| .include /var/tmp/eda-job-klt-sim-34aea90a673a/inputs/netlist.cir
| .temp -40
| .meas tran vdd_end FIND v(vdd) AT=0.145199
| .meas tran por_raw_max MAX v(por_raw)
| .control
| alter vset=3.63
| set filetype=ascii
| tran 1u 0.1452 0 2e-05
| write /var/tmp/eda-job-klt-sim-34aea90a673a/outputs/artifacts/ff_3p630V_n40C/waveform.raw
| quit
| .endc
| .end

# ==== klt diagnostics ====

# ==== ngspice stdout+stderr ====

Note: No compatibility mode selected!


Circuit: * klt sim -- generated corner deck, do not edit

Doing analysis at TEMP = -40.000000 and TNOM = 27.000000

Using SPARSE 1.3 as Direct Linear Solver

Initial Transient Solution
--------------------------

Node                                   Voltage
----                                   -------
vsetn                                     3.63
vdd                                          0
xdut.bias_okb                       1.6444e-33
bias_ok                                      0
ibias                             -6.08725e-30
xdut.nbg                             2.008e-29
xdut.sns                                     0
xdut.xrtop.t1                                0
xdut.xrtop.t2                                0
xdut.snsb                                    0
xdut.xrbot.t1                                0
xdut.xrbot.t2                                0
xdut.xrhys.t1                                0
xdut.xrhys.t2                                0
xdut.n1                           -8.02278e-17
xdut.tn                            7.56902e-21
xdut.na                           -3.00859e-21
xdut.cmpo                         -9.35018e-21
vref                               2.62091e-92
xdut.vdda                          8.46367e-26
por_raw                            4.27444e-19
xbias.na                          2.57019e-100
xbias.pg                          -2.84296e-99
xbias.nbtop                        4.75841e-87
xbias.nbg                          -3.7648e-92
xbias.xrt.t1                       4.75841e-87
xbias.xrt.t2                       4.75841e-87
xbias.nb                           4.75841e-87
xbias.xr1.t1                       4.75841e-87
xbias.xr1.t2                       4.75841e-87
xbias.ec                           4.75841e-87
xbias.xr2.t1                       2.62091e-92
xbias.xr2.t2                       2.62092e-92
xbias.er                           2.62092e-92
xbias.pb                           7.04088e-82
xbias.nt                         -4.92221e-115
xbias.n1                          2.40368e-114
xbias.n2                         -2.55261e-117
xbias.nz                         -2.55261e-117
xbias.xrz.t1                     -2.55261e-117
xbias.xrz.t2                     -2.55261e-117
xbias.ks1                          4.01797e-52
xbias.ks2                          -2.0622e-50
xbias.ks3                          8.15891e-49
xbias.ks4                         -3.17883e-47
xbias.nkg                          1.23777e-45
xbias.nkm                        -1.57551e-120
xbias.tok                        -1.92246e-114
xbias.noko                           8.48e-113
xbias.nokl                        7.64675e-110
xbias.nokx                         2.38171e-87
bvdd#branch                       -7.98301e-29
vset#branch                                  0


No. of Data Rows : 7282

  Measurements for Transient Analysis

vdd_end             =  5.00000e-05
por_raw_max         =  3.62998e+00 at=  7.26005e-02

ASCII raw file "/var/tmp/eda-job-klt-sim-34aea90a673a/outputs/artifacts/ff_3p630V_n40C/waveform.raw"
ngspice-46 done
