# point: por-comparator-thresholds real-bias-core r50 fs_27c
# process=fs temp=27C rate=50 V/s tstop=0.1452s klt status: pass

# ==== klt sim deck ====
| * klt sim -- generated corner deck, do not edit
| .lib /opt/pdk/sky130A/libs.tech/combined/sky130.lib.spice fs
| .include /var/tmp/eda-job-klt-sim-34aea90a673a/inputs/netlist.cir
| .temp 27
| .meas tran vdd_end FIND v(vdd) AT=0.145199
| .meas tran por_raw_max MAX v(por_raw)
| .control
| alter vset=3.63
| set filetype=ascii
| tran 1u 0.1452 0 2e-05
| write /var/tmp/eda-job-klt-sim-34aea90a673a/outputs/artifacts/fs_3p630V_27C/waveform.raw
| quit
| .endc
| .end

# ==== klt diagnostics ====

# ==== ngspice stdout+stderr ====

Note: No compatibility mode selected!


Circuit: * klt sim -- generated corner deck, do not edit

Doing analysis at TEMP = 27.000000 and TNOM = 27.000000

Using SPARSE 1.3 as Direct Linear Solver

Initial Transient Solution
--------------------------

Node                                   Voltage
----                                   -------
vsetn                                     3.63
vdd                                          0
xdut.bias_okb                      1.71456e-18
bias_ok                            1.97494e-19
ibias                             -1.11551e-19
xdut.nbg                           2.94289e-19
xdut.sns                          2.29456e-184
xdut.xrtop.t1                     2.29454e-184
xdut.xrtop.t2                     1.58311e-189
xdut.snsb                          4.2612e-184
xdut.xrbot.t1                     4.26119e-184
xdut.xrbot.t2                     2.29457e-184
xdut.xrhys.t1                     2.99584e-188
xdut.xrhys.t2                      4.2609e-184
xdut.n1                           -2.34249e-18
xdut.tn                           -1.00283e-18
xdut.na                            2.26689e-18
xdut.cmpo                         -6.13061e-18
vref                              -1.84821e-33
xdut.vdda                          2.99651e-19
por_raw                            1.50678e-18
xbias.na                           1.53438e-33
xbias.pg                          1.03532e-234
xbias.nbtop                       -2.58481e-31
xbias.nbg                          4.72925e-49
xbias.xrt.t1                      -2.58481e-31
xbias.xrt.t2                      -2.58481e-31
xbias.nb                          -2.58481e-31
xbias.xr1.t1                      -2.58481e-31
xbias.xr1.t2                      -2.58481e-31
xbias.ec                          -2.58481e-31
xbias.xr2.t1                      -1.84821e-33
xbias.xr2.t2                      -1.84821e-33
xbias.er                          -1.84821e-33
xbias.pb                          -2.69311e-42
xbias.nt                          -2.20572e-33
xbias.n1                           2.43905e-33
xbias.n2                           2.45128e-33
xbias.nz                           2.45128e-33
xbias.xrz.t1                       2.45128e-33
xbias.xrz.t2                       2.45128e-33
xbias.ks1                          3.64017e-45
xbias.ks2                         -3.98011e-43
xbias.ks3                          4.37148e-41
xbias.ks4                         -4.80296e-39
xbias.nkg                          5.27706e-37
xbias.nkm                          3.62593e-41
xbias.tok                         -4.14873e-25
xbias.noko                         8.06902e-23
xbias.nokl                         3.21583e-27
xbias.nokx                         2.47233e-50
bvdd#branch                       -2.63033e-30
vset#branch                                  0


No. of Data Rows : 7273

  Measurements for Transient Analysis

vdd_end             =  5.00000e-05
por_raw_max         =  3.62998e+00 at=  7.26005e-02

ASCII raw file "/var/tmp/eda-job-klt-sim-34aea90a673a/outputs/artifacts/fs_3p630V_27C/waveform.raw"
ngspice-46 done
