# point: por-comparator-thresholds real-bias-core r50 sf_125c
# process=sf temp=125C rate=50 V/s tstop=0.1452s klt status: pass

# ==== klt sim deck ====
| * klt sim -- generated corner deck, do not edit
| .lib /opt/pdk/sky130A/libs.tech/combined/sky130.lib.spice sf
| .include /var/tmp/eda-job-klt-sim-34aea90a673a/inputs/netlist.cir
| .temp 125
| .meas tran vdd_end FIND v(vdd) AT=0.145199
| .meas tran por_raw_max MAX v(por_raw)
| .control
| alter vset=3.63
| set filetype=ascii
| tran 1u 0.1452 0 2e-05
| write /var/tmp/eda-job-klt-sim-34aea90a673a/outputs/artifacts/sf_3p630V_125C/waveform.raw
| quit
| .endc
| .end

# ==== klt diagnostics ====

# ==== ngspice stdout+stderr ====

Note: No compatibility mode selected!


Circuit: * klt sim -- generated corner deck, do not edit

Doing analysis at TEMP = 125.000000 and TNOM = 27.000000

Using SPARSE 1.3 as Direct Linear Solver

Initial Transient Solution
--------------------------

Node                                   Voltage
----                                   -------
vsetn                                     3.63
vdd                                          0
xdut.bias_okb                     -1.72215e-19
bias_ok                           -3.06551e-18
ibias                             -1.10182e-12
xdut.nbg                          -1.50646e-14
xdut.sns                          -1.3616e-160
xdut.xrtop.t1                    -1.36159e-160
xdut.xrtop.t2                    -7.77659e-166
xdut.snsb                        -2.52868e-160
xdut.xrbot.t1                    -2.52867e-160
xdut.xrbot.t2                    -1.36161e-160
xdut.xrhys.t1                    -1.47165e-164
xdut.xrhys.t2                    -2.52853e-160
xdut.n1                            4.13059e-19
xdut.tn                           -1.69273e-16
xdut.na                           -4.79184e-15
xdut.cmpo                         -7.07238e-17
vref                              -1.04249e-18
xdut.vdda                         -6.71373e-17
por_raw                           -5.34283e-18
xbias.na                           7.58723e-19
xbias.pg                          -6.02375e-19
xbias.nbtop                        -1.5641e-18
xbias.nbg                         -6.61559e-19
xbias.xrt.t1                       -1.5641e-18
xbias.xrt.t2                       -1.5641e-18
xbias.nb                           -1.5641e-18
xbias.xr1.t1                       -1.5641e-18
xbias.xr1.t2                       -1.5641e-18
xbias.ec                           -1.5641e-18
xbias.xr2.t1                      -1.04249e-18
xbias.xr2.t2                      -1.04249e-18
xbias.er                          -1.04249e-18
xbias.pb                           1.14569e-19
xbias.nt                          -1.43638e-18
xbias.n1                          -1.27588e-18
xbias.n2                          -1.58687e-18
xbias.nz                          -1.58687e-18
xbias.xrz.t1                      -1.58687e-18
xbias.xrz.t2                      -1.58687e-18
xbias.ks1                         -1.66981e-18
xbias.ks2                         -1.26486e-18
xbias.ks3                         -3.21943e-18
xbias.ks4                         -1.18267e-18
xbias.nkg                          7.28558e-19
xbias.nkm                         -6.84826e-19
xbias.tok                           2.6929e-18
xbias.noko                        -2.90305e-18
xbias.nokl                         4.74341e-19
xbias.nokx                        -4.58356e-18
bvdd#branch                       -5.18586e-22
vset#branch                                  0


No. of Data Rows : 7279

  Measurements for Transient Analysis

vdd_end             =  5.00000e-05
por_raw_max         =  3.62989e+00 at=  7.26020e-02

ASCII raw file "/var/tmp/eda-job-klt-sim-34aea90a673a/outputs/artifacts/sf_3p630V_125C/waveform.raw"
ngspice-46 done
