# point: por-comparator-thresholds real-bias-core r50 tt_-40c
# process=tt temp=-40C rate=50 V/s tstop=0.1452s klt status: pass

# ==== klt sim deck ====
| * klt sim -- generated corner deck, do not edit
| .lib /opt/pdk/sky130A/libs.tech/combined/sky130.lib.spice tt
| .include /var/tmp/eda-job-klt-sim-34aea90a673a/inputs/netlist.cir
| .temp -40
| .meas tran vdd_end FIND v(vdd) AT=0.145199
| .meas tran por_raw_max MAX v(por_raw)
| .control
| alter vset=3.63
| set filetype=ascii
| tran 1u 0.1452 0 2e-05
| write /var/tmp/eda-job-klt-sim-34aea90a673a/outputs/artifacts/tt_3p630V_n40C/waveform.raw
| quit
| .endc
| .end

# ==== klt diagnostics ====

# ==== ngspice stdout+stderr ====

Note: No compatibility mode selected!


Circuit: * klt sim -- generated corner deck, do not edit

Doing analysis at TEMP = -40.000000 and TNOM = 27.000000

Using SPARSE 1.3 as Direct Linear Solver

Initial Transient Solution
--------------------------

Node                                   Voltage
----                                   -------
vsetn                                     3.63
vdd                                          0
xdut.bias_okb                     -4.36684e-27
bias_ok                           -3.40023e-27
ibias                              6.82823e-23
xdut.nbg                          -2.22175e-22
xdut.sns                          8.23382e-149
xdut.xrtop.t1                     8.23387e-149
xdut.xrtop.t2                    -4.64723e-154
xdut.snsb                        -1.28672e-150
xdut.xrbot.t1                    -1.28626e-150
xdut.xrbot.t2                     8.23377e-149
xdut.xrhys.t1                     4.64704e-154
xdut.xrhys.t2                    -1.28719e-150
xdut.n1                           -1.65596e-15
xdut.tn                            2.38772e-29
xdut.na                           -1.78653e-29
xdut.cmpo                         -1.70515e-29
vref                              -6.3021e-112
xdut.vdda                          -4.7225e-35
por_raw                            3.08972e-18
xbias.na                          5.81585e-114
xbias.pg                         -5.21854e-102
xbias.nbtop                       9.29387e-108
xbias.nbg                         5.80293e-122
xbias.xrt.t1                      9.29387e-108
xbias.xrt.t2                      9.29387e-108
xbias.nb                          9.29387e-108
xbias.xr1.t1                      9.29387e-108
xbias.xr1.t2                      9.29387e-108
xbias.ec                          9.29387e-108
xbias.xr2.t1                      -6.3021e-112
xbias.xr2.t2                     -6.30213e-112
xbias.er                         -6.30213e-112
xbias.pb                          -1.08982e-93
xbias.nt                          3.08645e-124
xbias.n1                         -8.69938e-124
xbias.n2                         -8.58765e-124
xbias.nz                         -8.58765e-124
xbias.xrz.t1                     -8.58765e-124
xbias.xrz.t2                     -8.58765e-124
xbias.ks1                         -1.49702e-94
xbias.ks2                          6.92523e-93
xbias.ks3                         -3.20212e-91
xbias.ks4                          1.48061e-89
xbias.nkg                         -6.84612e-88
xbias.nkm                         5.88278e-104
xbias.tok                         -2.02467e-53
xbias.noko                         3.03969e-48
xbias.nokl                         2.02385e-58
xbias.nokx                                   0
bvdd#branch                       -1.65309e-27
vset#branch                                  0


No. of Data Rows : 7295

  Measurements for Transient Analysis

vdd_end             =  5.00000e-05
por_raw_max         =  3.62994e+00 at=  7.26013e-02

ASCII raw file "/var/tmp/eda-job-klt-sim-34aea90a673a/outputs/artifacts/tt_3p630V_n40C/waveform.raw"
ngspice-46 done
