# point: por-comparator-thresholds real-bias-core r50 tt_27c
# process=tt temp=27C rate=50 V/s tstop=0.1452s klt status: pass

# ==== klt sim deck ====
| * klt sim -- generated corner deck, do not edit
| .lib /opt/pdk/sky130A/libs.tech/combined/sky130.lib.spice tt
| .include /var/tmp/eda-job-klt-sim-34aea90a673a/inputs/netlist.cir
| .temp 27
| .meas tran vdd_end FIND v(vdd) AT=0.145199
| .meas tran por_raw_max MAX v(por_raw)
| .control
| alter vset=3.63
| set filetype=ascii
| tran 1u 0.1452 0 2e-05
| write /var/tmp/eda-job-klt-sim-34aea90a673a/outputs/artifacts/tt_3p630V_27C/waveform.raw
| quit
| .endc
| .end

# ==== klt diagnostics ====

# ==== ngspice stdout+stderr ====

Note: No compatibility mode selected!


Circuit: * klt sim -- generated corner deck, do not edit

Doing analysis at TEMP = 27.000000 and TNOM = 27.000000

Using SPARSE 1.3 as Direct Linear Solver

Initial Transient Solution
--------------------------

Node                                   Voltage
----                                   -------
vsetn                                     3.63
vdd                                          0
xdut.bias_okb                     -1.45566e-18
bias_ok                           -3.54087e-19
ibias                              1.00691e-18
xdut.nbg                           2.38143e-18
xdut.sns                           3.81862e-91
xdut.xrtop.t1                       3.8186e-91
xdut.xrtop.t2                      2.63478e-96
xdut.snsb                          7.09173e-91
xdut.xrbot.t1                       7.0917e-91
xdut.xrbot.t2                      3.81865e-91
xdut.xrhys.t1                      4.98602e-95
xdut.xrhys.t2                      7.09123e-91
xdut.n1                           -1.72562e-17
xdut.tn                            6.37164e-20
xdut.na                           -4.89247e-19
xdut.cmpo                          5.71851e-19
vref                              -8.28748e-46
xdut.vdda                         -1.75665e-23
por_raw                           -1.20265e-17
xbias.na                           3.87654e-45
xbias.pg                                     0
xbias.nbtop                       -1.03777e-41
xbias.nbg                         -9.35021e-50
xbias.xrt.t1                      -1.03777e-41
xbias.xrt.t2                      -1.03777e-41
xbias.nb                          -1.03777e-41
xbias.xr1.t1                      -1.03777e-41
xbias.xr1.t2                      -1.03777e-41
xbias.ec                          -1.03777e-41
xbias.xr2.t1                      -8.28748e-46
xbias.xr2.t2                       -8.2875e-46
xbias.er                           -8.2875e-46
xbias.pb                           1.17894e-43
xbias.nt                          -3.91709e-50
xbias.n1                           3.66925e-49
xbias.n2                           2.65715e-50
xbias.nz                           2.65715e-50
xbias.xrz.t1                       2.65715e-50
xbias.xrz.t2                       2.65715e-50
xbias.ks1                          1.21926e-42
xbias.ks2                         -6.61354e-41
xbias.ks3                          2.70698e-39
xbias.ks4                         -2.22358e-30
xbias.nkg                         -7.11543e-19
xbias.nkm                          9.56526e-46
xbias.tok                          -3.6489e-24
xbias.noko                         1.80239e-20
xbias.nokl                         1.11689e-27
xbias.nokx                        1.10122e-261
bvdd#branch                       -3.26276e-29
vset#branch                                  0


No. of Data Rows : 7286

  Measurements for Transient Analysis

vdd_end             =  5.00000e-05
por_raw_max         =  3.62998e+00 at=  7.26005e-02

ASCII raw file "/var/tmp/eda-job-klt-sim-34aea90a673a/outputs/artifacts/tt_3p630V_27C/waveform.raw"
ngspice-46 done
