# point: por-comparator-thresholds real-bias-core r100 hh_-40c
# process=hh temp=-40C rate=100 V/s tstop=0.0726s klt status: pass

# ==== klt sim deck ====
| * klt sim -- generated corner deck, do not edit
| .lib /opt/pdk/sky130A/libs.tech/combined/sky130.lib.spice hh
| .include /var/tmp/eda-job-klt-sim-945beda51712/inputs/netlist.cir
| .temp -40
| .meas tran vdd_end FIND v(vdd) AT=0.072599
| .meas tran por_raw_max MAX v(por_raw)
| .control
| alter vset=3.63
| set filetype=ascii
| tran 1u 0.0726 0 2e-05
| write /var/tmp/eda-job-klt-sim-945beda51712/outputs/artifacts/hh_3p630V_n40C/waveform.raw
| quit
| .endc
| .end

# ==== klt diagnostics ====

# ==== ngspice stdout+stderr ====

Note: No compatibility mode selected!


Circuit: * klt sim -- generated corner deck, do not edit

Doing analysis at TEMP = -40.000000 and TNOM = 27.000000

Using SPARSE 1.3 as Direct Linear Solver

Initial Transient Solution
--------------------------

Node                                   Voltage
----                                   -------
vsetn                                     3.63
vdd                                          0
xdut.bias_okb                      1.16036e-21
bias_ok                           -1.08234e-21
ibias                              4.23355e-21
xdut.nbg                          -1.22873e-20
xdut.sns                                     0
xdut.xrtop.t1                                0
xdut.xrtop.t2                                0
xdut.snsb                                    0
xdut.xrbot.t1                                0
xdut.xrbot.t2                                0
xdut.xrhys.t1                                0
xdut.xrhys.t2                                0
xdut.n1                            2.01634e-19
xdut.tn                            6.50217e-18
xdut.na                            2.07727e-18
xdut.cmpo                         -1.73025e-17
vref                             -4.66328e-101
xdut.vdda                         -1.32679e-22
por_raw                           -1.43009e-21
xbias.na                          1.96344e-105
xbias.pg                         -6.58752e-106
xbias.nbtop                        1.03781e-92
xbias.nbg                        -5.59834e-108
xbias.xrt.t1                       1.03781e-92
xbias.xrt.t2                       1.03781e-92
xbias.nb                           1.03781e-92
xbias.xr1.t1                       1.03781e-92
xbias.xr1.t2                       1.03781e-92
xbias.ec                           1.03781e-92
xbias.xr2.t1                     -4.66328e-101
xbias.xr2.t2                      -4.6633e-101
xbias.er                          -4.6633e-101
xbias.pb                         -8.85545e-170
xbias.nt                          3.51242e-138
xbias.n1                          4.97887e-133
xbias.n2                          3.21465e-131
xbias.nz                          3.21465e-131
xbias.xrz.t1                      3.21465e-131
xbias.xrz.t2                      3.21465e-131
xbias.ks1                         2.36307e-117
xbias.ks2                        -1.09316e-115
xbias.ks3                         5.05461e-114
xbias.ks4                        -2.33717e-112
xbias.nkg                         1.08067e-110
xbias.nkm                          3.0494e-132
xbias.tok                          3.89157e-36
xbias.noko                        -5.84252e-31
xbias.nokl                        -3.88999e-41
xbias.nokx                        3.92744e-159
bvdd#branch                       -1.50212e-29
vset#branch                                  0


No. of Data Rows : 3654

  Measurements for Transient Analysis

vdd_end             =  1.00000e-04
por_raw_max         =  3.62995e+00 at=  3.63005e-02

ASCII raw file "/var/tmp/eda-job-klt-sim-945beda51712/outputs/artifacts/hh_3p630V_n40C/waveform.raw"
ngspice-46 done
