# point: por-comparator-thresholds real-bias-core r100 hh_27c
# process=hh temp=27C rate=100 V/s tstop=0.0726s klt status: pass

# ==== klt sim deck ====
| * klt sim -- generated corner deck, do not edit
| .lib /opt/pdk/sky130A/libs.tech/combined/sky130.lib.spice hh
| .include /var/tmp/eda-job-klt-sim-945beda51712/inputs/netlist.cir
| .temp 27
| .meas tran vdd_end FIND v(vdd) AT=0.072599
| .meas tran por_raw_max MAX v(por_raw)
| .control
| alter vset=3.63
| set filetype=ascii
| tran 1u 0.0726 0 2e-05
| write /var/tmp/eda-job-klt-sim-945beda51712/outputs/artifacts/hh_3p630V_27C/waveform.raw
| quit
| .endc
| .end

# ==== klt diagnostics ====

# ==== ngspice stdout+stderr ====

Note: No compatibility mode selected!


Circuit: * klt sim -- generated corner deck, do not edit

Doing analysis at TEMP = 27.000000 and TNOM = 27.000000

Using SPARSE 1.3 as Direct Linear Solver

Initial Transient Solution
--------------------------

Node                                   Voltage
----                                   -------
vsetn                                     3.63
vdd                                          0
xdut.bias_okb                      1.57919e-18
bias_ok                           -1.22842e-18
ibias                              2.64009e-19
xdut.nbg                          -1.79483e-18
xdut.sns                          8.79828e-125
xdut.xrtop.t1                     8.79822e-125
xdut.xrtop.t2                     5.93868e-130
xdut.snsb                         1.63397e-124
xdut.xrbot.t1                     1.63396e-124
xdut.xrbot.t2                     8.79834e-125
xdut.xrhys.t1                      1.1238e-128
xdut.xrhys.t2                     1.63385e-124
xdut.n1                           -5.51483e-18
xdut.tn                           -7.38276e-17
xdut.na                           -1.68165e-18
xdut.cmpo                          1.01492e-17
vref                               -1.6933e-20
xdut.vdda                           4.4046e-20
por_raw                            5.55819e-18
xbias.na                          -2.40408e-20
xbias.pg                         -1.64066e-173
xbias.nbtop                        1.48825e-14
xbias.nbg                          2.71962e-30
xbias.xrt.t1                       1.48825e-14
xbias.xrt.t2                       1.48825e-14
xbias.nb                           1.48825e-14
xbias.xr1.t1                       1.48825e-14
xbias.xr1.t2                       1.48825e-14
xbias.ec                           1.48825e-14
xbias.xr2.t1                       -1.6933e-20
xbias.xr2.t2                      -1.69331e-20
xbias.er                          -1.69331e-20
xbias.pb                           3.25937e-23
xbias.nt                          -1.74182e-28
xbias.n1                           2.42385e-27
xbias.n2                            2.9895e-28
xbias.nz                            2.9895e-28
xbias.xrz.t1                        2.9895e-28
xbias.xrz.t2                        2.9895e-28
xbias.ks1                          5.56704e-23
xbias.ks2                         -3.65546e-23
xbias.ks3                         -4.39217e-24
xbias.ks4                         -1.87342e-24
xbias.nkg                         -7.11313e-19
xbias.nkm                          1.52105e-25
xbias.tok                          6.36584e-23
xbias.noko                        -3.17518e-19
xbias.nokl                         2.42457e-23
xbias.nokx                         3.5496e-117
bvdd#branch                        9.31409e-27
vset#branch                                  0


No. of Data Rows : 3643

  Measurements for Transient Analysis

vdd_end             =  1.00000e-04
por_raw_max         =  3.62995e+00 at=  3.63005e-02

ASCII raw file "/var/tmp/eda-job-klt-sim-945beda51712/outputs/artifacts/hh_3p630V_27C/waveform.raw"
ngspice-46 done
