# point: por-comparator-thresholds real-bias-core r100 ll_125c
# process=ll temp=125C rate=100 V/s tstop=0.0726s klt status: pass

# ==== klt sim deck ====
| * klt sim -- generated corner deck, do not edit
| .lib /opt/pdk/sky130A/libs.tech/combined/sky130.lib.spice ll
| .include /var/tmp/eda-job-klt-sim-945beda51712/inputs/netlist.cir
| .temp 125
| .meas tran vdd_end FIND v(vdd) AT=0.072599
| .meas tran por_raw_max MAX v(por_raw)
| .control
| alter vset=3.63
| set filetype=ascii
| tran 1u 0.0726 0 2e-05
| write /var/tmp/eda-job-klt-sim-945beda51712/outputs/artifacts/ll_3p630V_125C/waveform.raw
| quit
| .endc
| .end

# ==== klt diagnostics ====

# ==== ngspice stdout+stderr ====

Note: No compatibility mode selected!


Circuit: * klt sim -- generated corner deck, do not edit

Doing analysis at TEMP = 125.000000 and TNOM = 27.000000

Using SPARSE 1.3 as Direct Linear Solver

Initial Transient Solution
--------------------------

Node                                   Voltage
----                                   -------
vsetn                                     3.63
vdd                                          0
xdut.bias_okb                     -1.16305e-18
bias_ok                            1.59053e-18
ibias                             -1.90103e-18
xdut.nbg                          -1.73632e-18
xdut.sns                         -4.54933e-197
xdut.xrtop.t1                    -4.54931e-197
xdut.xrtop.t2                    -2.67471e-202
xdut.snsb                        -8.44876e-197
xdut.xrbot.t1                    -8.44873e-197
xdut.xrbot.t2                    -4.54936e-197
xdut.xrhys.t1                    -5.06162e-201
xdut.xrhys.t2                    -8.44825e-197
xdut.n1                           -2.86227e-18
xdut.tn                            1.60226e-18
xdut.na                            -5.6119e-19
xdut.cmpo                          4.36904e-18
vref                               1.64631e-19
xdut.vdda                         -1.68934e-18
por_raw                           -1.68719e-18
xbias.na                           4.79192e-19
xbias.pg                          -1.77585e-18
xbias.nbtop                         1.1109e-18
xbias.nbg                         -1.57372e-19
xbias.xrt.t1                        1.1109e-18
xbias.xrt.t2                        1.1109e-18
xbias.nb                            1.1109e-18
xbias.xr1.t1                        1.1109e-18
xbias.xr1.t2                        1.1109e-18
xbias.ec                            1.1109e-18
xbias.xr2.t1                       1.64631e-19
xbias.xr2.t2                       1.64631e-19
xbias.er                           1.64631e-19
xbias.pb                          -2.41632e-18
xbias.nt                           7.50081e-19
xbias.n1                          -1.78135e-18
xbias.n2                          -1.56082e-18
xbias.nz                          -1.56082e-18
xbias.xrz.t1                      -1.56082e-18
xbias.xrz.t2                      -1.56082e-18
xbias.ks1                          1.16181e-18
xbias.ks2                         -2.08376e-18
xbias.ks3                         -9.50266e-19
xbias.ks4                         -1.29369e-18
xbias.nkg                         -2.74489e-18
xbias.nkm                         -2.37434e-18
xbias.tok                         -1.91279e-18
xbias.noko                        -2.53267e-18
xbias.nokl                         4.23975e-19
xbias.nokx                        -1.81242e-18
bvdd#branch                       -2.36094e-28
vset#branch                                  0


No. of Data Rows : 3647

  Measurements for Transient Analysis

vdd_end             =  1.00000e-04
por_raw_max         =  3.62929e+00 at=  3.62929e-02

ASCII raw file "/var/tmp/eda-job-klt-sim-945beda51712/outputs/artifacts/ll_3p630V_125C/waveform.raw"
ngspice-46 done
