corner fs_27c_2.97v  combo en-high__ramp1u  verdict-input status=fail
graded: ptat=2.95968; ctat=0.768631; na=0.768631; nb=2.74105; isup=-0.00333389; bias_ok=2.97; ptat_settled=8.10382e-10; ctat_settled=2.24432e-09  fails=['ptat', 'isup']
--- deck ---
* klt sim -- generated corner deck, do not edit
.lib /opt/pdk/sky130A/libs.tech/combined/sky130.lib.spice fs
.include /var/tmp/eda-job-klt-sim-c96980ddbcde/inputs/netlist.cir
.temp 27
.meas tran vdd_end FIND v(vdd) AT=0.01
.control
alter vset=2.97
set filetype=ascii
tran 1e-05 0.01 uic
write /var/tmp/eda-job-klt-sim-c96980ddbcde/outputs/artifacts/fs_2p970V_27C/waveform.raw
quit
.endc
.end

--- ngspice log ---

Note: No compatibility mode selected!


Circuit: * klt sim -- generated corner deck, do not edit

Doing analysis at TEMP = 27.000000 and TNOM = 27.000000

Using SPARSE 1.3 as Direct Linear Solver
Operating point simulation skipped by 'uic',
  now using transient initial conditions.

No. of Data Rows : 1029

  Measurements for Transient Analysis

vdd_end             =  2.97000e+00

ASCII raw file "/var/tmp/eda-job-klt-sim-c96980ddbcde/outputs/artifacts/fs_2p970V_27C/waveform.raw"
ngspice-46 done

