corner fs_125c_3.30v  combo en-delayed__ramp2m  verdict-input status=fail
graded: ptat=3.69809e-05; ctat=0.0348721; na=0.0348732; nb=0.0281038; isup=-0.00177083; bias_ok=3.29999; ptat_settled=1.05254e-12; ctat_settled=0.000155046  fails=['ptat', 'ctat', 'isup']
--- deck ---
* klt sim -- generated corner deck, do not edit
.lib /opt/pdk/sky130A/libs.tech/combined/sky130.lib.spice fs
.include /var/tmp/eda-job-klt-sim-28ebb30bb384/inputs/netlist.cir
.temp 125
.meas tran vdd_end FIND v(vdd) AT=0.01
.control
alter vset=3.3
set filetype=ascii
tran 1e-05 0.01 uic
write /var/tmp/eda-job-klt-sim-28ebb30bb384/outputs/artifacts/fs_3p300V_125C/waveform.raw
quit
.endc
.end

--- ngspice log ---

Note: No compatibility mode selected!


Circuit: * klt sim -- generated corner deck, do not edit

Doing analysis at TEMP = 125.000000 and TNOM = 27.000000

Using SPARSE 1.3 as Direct Linear Solver
Operating point simulation skipped by 'uic',
  now using transient initial conditions.

No. of Data Rows : 1030

  Measurements for Transient Analysis

vdd_end             =  3.30000e+00

ASCII raw file "/var/tmp/eda-job-klt-sim-28ebb30bb384/outputs/artifacts/fs_3p300V_125C/waveform.raw"
ngspice-46 done

