# corner: ff_-40c_2.97v
# process=ff temp=-40C supply=2.97V
# ngspice exit: 0
# wall clock: 12.8s (--timeout was 200s)
# result: PASS

# ==== deck (exact input given to ngspice) ====
| * temp-core-startup corner deck -- generated by sim/bin/corner-run.py, do not edit
| * corner: ff_-40c_2.97v
| .param vsup=2.97
| .param tramp=100u
| .param tstop=10m
| .option wnflag=1
| .option method=gear
| .option trtol=50
| .temp -40
| .lib "/home/ubuntu/.volare/sky130A/libs.tech/combined/sky130.lib.spice" ff
| ** sch_path: sim/temp-core-startup/testbench/tb_temp_core_startup.sch
| **.subckt tb_temp_core_startup
| V1 VDD 0 PWL(0 0 'tramp' 'vsup' 'tstop' 'vsup')
| .save i(v1)
| XBIAS VDD 0 IBIAS VREF BIAS_OK bias_core
| XDUT VDD 0 IBIAS VDD PTAT CTAT temp_core
| **.ends
| 
| * expanding   symbol:  design/bias_core.sym # of pins=5
| ** sym_path: design/bias_core.sym
| ** sch_path: design/bias_core.sch
| .subckt bias_core VDD VSS IBIAS VREF BIAS_OK
| *.iopin VDD
| *.iopin VSS
| *.opin IBIAS
| *.opin VREF
| *.opin BIAS_OK
| XMP1 NA PG VDD VDD sky130_fd_pr__pfet_g5v0d10v5 L=4 W=8 nf=1 ad=2.32 as=2.32 pd=16.58 ps=16.58 nrd=0.03625 nrs=0.03625 sa=0 sb=0
| + sd=0 mult=1 m=1
| XMP2 NBTOP PG VDD VDD sky130_fd_pr__pfet_g5v0d10v5 L=4 W=8 nf=1 ad=2.32 as=2.32 pd=16.58 ps=16.58 nrd=0.03625 nrs=0.03625 sa=0
| + sb=0 sd=0 mult=1 m=1
| XMP3 VREF PG VDD VDD sky130_fd_pr__pfet_g5v0d10v5 L=4 W=8 nf=1 ad=2.32 as=2.32 pd=16.58 ps=16.58 nrd=0.03625 nrs=0.03625 sa=0 sb=0
| + sd=0 mult=1 m=1
| XMPBN NBG PG VDD VDD sky130_fd_pr__pfet_g5v0d10v5 L=4 W=2 nf=1 ad=0.58 as=0.58 pd=4.58 ps=4.58 nrd=0.145 nrs=0.145 sa=0 sb=0 sd=0
| + mult=1 m=1
| XQ1 VSS VSS NA sky130_fd_pr__pnp_05v5_W3p40L3p40 m=1 mult=1
| XRT NBTOP NB VSS sky130_fd_pr__res_xhigh_po W=2 L=17.5 mult=1 m=1
| XR1 NB EC VSS sky130_fd_pr__res_xhigh_po W=2 L=350.0 mult=1 m=1
| XQ8A VSS VSS EC sky130_fd_pr__pnp_05v5_W3p40L3p40 m=1 mult=1
| XQ8B VSS VSS EC sky130_fd_pr__pnp_05v5_W3p40L3p40 m=1 mult=1
| XQ8C VSS VSS EC sky130_fd_pr__pnp_05v5_W3p40L3p40 m=1 mult=1
| XQ8D VSS VSS EC sky130_fd_pr__pnp_05v5_W3p40L3p40 m=1 mult=1
| XQ8E VSS VSS EC sky130_fd_pr__pnp_05v5_W3p40L3p40 m=1 mult=1
| XQ8F VSS VSS EC sky130_fd_pr__pnp_05v5_W3p40L3p40 m=1 mult=1
| XQ8G VSS VSS EC sky130_fd_pr__pnp_05v5_W3p40L3p40 m=1 mult=1
| XQ8H VSS VSS EC sky130_fd_pr__pnp_05v5_W3p40L3p40 m=1 mult=1
| XR2 VREF ER VSS sky130_fd_pr__res_xhigh_po W=2 L=4104.0 mult=1 m=1
| XQR VSS VSS ER sky130_fd_pr__pnp_05v5_W3p40L3p40 m=1 mult=1
| XMBN NBG NBG VSS VSS sky130_fd_pr__nfet_g5v0d10v5 L=4 W=2 nf=1 ad=0.58 as=0.58 pd=4.58 ps=4.58 nrd=0.145 nrs=0.145 sa=0 sb=0 sd=0
| + mult=1 m=1
| XMBN2 PB NBG VSS VSS sky130_fd_pr__nfet_g5v0d10v5 L=4 W=2 nf=1 ad=0.58 as=0.58 pd=4.58 ps=4.58 nrd=0.145 nrs=0.145 sa=0 sb=0 sd=0
| + mult=1 m=1
| XMBP PB PB VDD VDD sky130_fd_pr__pfet_g5v0d10v5 L=4 W=2 nf=1 ad=0.58 as=0.58 pd=4.58 ps=4.58 nrd=0.145 nrs=0.145 sa=0 sb=0 sd=0
| + mult=1 m=1
| XMPIB IBIAS PB VDD VDD sky130_fd_pr__pfet_g5v0d10v5 L=4 W=40 nf=1 ad=11.6 as=11.6 pd=80.58 ps=80.58 nrd=0.00725 nrs=0.00725 sa=0
| + sb=0 sd=0 mult=1 m=1
| XMPT NT PB VDD VDD sky130_fd_pr__pfet_g5v0d10v5 L=4 W=2 nf=1 ad=0.58 as=0.58 pd=4.58 ps=4.58 nrd=0.145 nrs=0.145 sa=0 sb=0 sd=0
| + mult=1 m=1
| XMI1 N1 NA NT VDD sky130_fd_pr__pfet_g5v0d10v5 L=4 W=16 nf=1 ad=4.64 as=4.64 pd=32.58 ps=32.58 nrd=0.018125 nrs=0.018125 sa=0 sb=0
| + sd=0 mult=1 m=1
| XMI2 N2 NB NT VDD sky130_fd_pr__pfet_g5v0d10v5 L=4 W=16 nf=1 ad=4.64 as=4.64 pd=32.58 ps=32.58 nrd=0.018125 nrs=0.018125 sa=0 sb=0
| + sd=0 mult=1 m=1
| XML1 N1 N1 VSS VSS sky130_fd_pr__nfet_g5v0d10v5 L=8 W=4 nf=1 ad=1.16 as=1.16 pd=8.58 ps=8.58 nrd=0.0725 nrs=0.0725 sa=0 sb=0 sd=0
| + mult=1 m=1
| XML2 N2 N1 VSS VSS sky130_fd_pr__nfet_g5v0d10v5 L=8 W=4 nf=1 ad=1.16 as=1.16 pd=8.58 ps=8.58 nrd=0.0725 nrs=0.0725 sa=0 sb=0 sd=0
| + mult=1 m=1
| XMS2N PG N2 VSS VSS sky130_fd_pr__nfet_g5v0d10v5 L=8 W=8 nf=1 ad=2.32 as=2.32 pd=16.58 ps=16.58 nrd=0.03625 nrs=0.03625 sa=0 sb=0
| + sd=0 mult=1 m=1
| XMS2P PG PB VDD VDD sky130_fd_pr__pfet_g5v0d10v5 L=4 W=2 nf=1 ad=0.58 as=0.58 pd=4.58 ps=4.58 nrd=0.145 nrs=0.145 sa=0 sb=0 sd=0
| + mult=1 m=1
| XCC PG NZ sky130_fd_pr__cap_mim_m3_1 W=20 L=20 MF=1 m=1
| XRZ NZ N2 VSS sky130_fd_pr__res_xhigh_po W=2 L=1016.0 mult=1 m=1
| XKS0 VDD VDD KS1 VSS sky130_fd_pr__nfet_g5v0d10v5 L=8 W=1 nf=1 ad=0.29 as=0.29 pd=2.58 ps=2.58 nrd=0.29 nrs=0.29 sa=0 sb=0 sd=0
| + mult=1 m=1
| XKS1 KS1 KS1 KS2 VSS sky130_fd_pr__nfet_g5v0d10v5 L=8 W=1 nf=1 ad=0.29 as=0.29 pd=2.58 ps=2.58 nrd=0.29 nrs=0.29 sa=0 sb=0 sd=0
| + mult=1 m=1
| XKS2 KS2 KS2 KS3 VSS sky130_fd_pr__nfet_g5v0d10v5 L=8 W=1 nf=1 ad=0.29 as=0.29 pd=2.58 ps=2.58 nrd=0.29 nrs=0.29 sa=0 sb=0 sd=0
| + mult=1 m=1
| XKS3 KS3 KS3 KS4 VSS sky130_fd_pr__nfet_g5v0d10v5 L=8 W=1 nf=1 ad=0.29 as=0.29 pd=2.58 ps=2.58 nrd=0.29 nrs=0.29 sa=0 sb=0 sd=0
| + mult=1 m=1
| XKS4 KS4 KS4 NKG VSS sky130_fd_pr__nfet_g5v0d10v5 L=8 W=1 nf=1 ad=0.29 as=0.29 pd=2.58 ps=2.58 nrd=0.29 nrs=0.29 sa=0 sb=0 sd=0
| + mult=1 m=1
| XKA NKM PB VDD VDD sky130_fd_pr__pfet_g5v0d10v5 L=4 W=1 nf=1 ad=0.29 as=0.29 pd=2.58 ps=2.58 nrd=0.29 nrs=0.29 sa=0 sb=0 sd=0
| + mult=1 m=1
| XKAN NKM NKM VSS VSS sky130_fd_pr__nfet_g5v0d10v5 L=4 W=2 nf=1 ad=0.58 as=0.58 pd=4.58 ps=4.58 nrd=0.145 nrs=0.145 sa=0 sb=0 sd=0
| + mult=1 m=1
| XKPD NKG NKM VSS VSS sky130_fd_pr__nfet_g5v0d10v5 L=4 W=8 nf=1 ad=2.32 as=2.32 pd=16.58 ps=16.58 nrd=0.03625 nrs=0.03625 sa=0 sb=0
| + sd=0 mult=1 m=1
| XKICK PG NKG VSS VSS sky130_fd_pr__nfet_g5v0d10v5 L=4 W=1 nf=1 ad=0.29 as=0.29 pd=2.58 ps=2.58 nrd=0.29 nrs=0.29 sa=0 sb=0 sd=0
| + mult=1 m=1
| XMPOK TOK PB VDD VDD sky130_fd_pr__pfet_g5v0d10v5 L=4 W=1 nf=1 ad=0.29 as=0.29 pd=2.58 ps=2.58 nrd=0.29 nrs=0.29 sa=0 sb=0 sd=0
| + mult=1 m=1
| XMOKA NOKO NA TOK VDD sky130_fd_pr__pfet_g5v0d10v5 L=4 W=8 nf=1 ad=2.32 as=2.32 pd=16.58 ps=16.58 nrd=0.03625 nrs=0.03625 sa=0
| + sb=0 sd=0 mult=1 m=1
| XMOKB NOKL NBTOP TOK VDD sky130_fd_pr__pfet_g5v0d10v5 L=4 W=8 nf=1 ad=2.32 as=2.32 pd=16.58 ps=16.58 nrd=0.03625 nrs=0.03625 sa=0
| + sb=0 sd=0 mult=1 m=1
| XMOL1 NOKL NOKL VSS VSS sky130_fd_pr__nfet_g5v0d10v5 L=4 W=2 nf=1 ad=0.58 as=0.58 pd=4.58 ps=4.58 nrd=0.145 nrs=0.145 sa=0 sb=0
| + sd=0 mult=1 m=1
| XMOL2 NOKO NOKL VSS VSS sky130_fd_pr__nfet_g5v0d10v5 L=4 W=2 nf=1 ad=0.58 as=0.58 pd=4.58 ps=4.58 nrd=0.145 nrs=0.145 sa=0 sb=0
| + sd=0 mult=1 m=1
| XMOKC NOKO NKG VSS VSS sky130_fd_pr__nfet_g5v0d10v5 L=1 W=2 nf=1 ad=0.58 as=0.58 pd=4.58 ps=4.58 nrd=0.145 nrs=0.145 sa=0 sb=0
| + sd=0 mult=1 m=1
| XMOK2 NOKX NOKO VSS VSS sky130_fd_pr__nfet_g5v0d10v5 L=4 W=2 nf=1 ad=0.58 as=0.58 pd=4.58 ps=4.58 nrd=0.145 nrs=0.145 sa=0 sb=0
| + sd=0 mult=1 m=1
| XMOK2P NOKX PB VDD VDD sky130_fd_pr__pfet_g5v0d10v5 L=4 W=1 nf=1 ad=0.29 as=0.29 pd=2.58 ps=2.58 nrd=0.29 nrs=0.29 sa=0 sb=0 sd=0
| + mult=1 m=1
| XCOK VDD NOKX sky130_fd_pr__cap_mim_m3_1 W=6 L=6 MF=1 m=1
| XMO1P BIAS_OK NOKX VDD VDD sky130_fd_pr__pfet_g5v0d10v5 L=4 W=1 nf=1 ad=0.29 as=0.29 pd=2.58 ps=2.58 nrd=0.29 nrs=0.29 sa=0 sb=0
| + sd=0 mult=1 m=1
| XMO1N BIAS_OK NOKX VSS VSS sky130_fd_pr__nfet_g5v0d10v5 L=0.5 W=4 nf=1 ad=1.16 as=1.16 pd=8.58 ps=8.58 nrd=0.0725 nrs=0.0725 sa=0
| + sb=0 sd=0 mult=1 m=1
| .ends
| 
| 
| * expanding   symbol:  design/temp_core.sym # of pins=6
| ** sym_path: design/temp_core.sym
| ** sch_path: design/temp_core.sch
| .subckt temp_core VDD VSS IBIAS EN PTAT CTAT
| *.iopin VDD
| *.iopin VSS
| *.ipin IBIAS
| *.ipin EN
| *.opin PTAT
| *.opin CTAT
| XMBD IBIAS NBG VSS VSS sky130_fd_pr__nfet_g5v0d10v5 L=2 W=4 nf=1 ad=1.16 as=1.16 pd=8.58 ps=8.58 nrd=0.0725 nrs=0.0725 sa=0 sb=0
| + sd=0 mult=1 m=1
| XMPASS IBIAS EN NBG VSS sky130_fd_pr__nfet_g5v0d10v5 L=0.5 W=2 nf=1 ad=0.58 as=0.58 pd=4.58 ps=4.58 nrd=0.145 nrs=0.145 sa=0 sb=0
| + sd=0 mult=1 m=1
| XMDNB NBG ENB VSS VSS sky130_fd_pr__nfet_g5v0d10v5 L=0.5 W=2 nf=1 ad=0.58 as=0.58 pd=4.58 ps=4.58 nrd=0.145 nrs=0.145 sa=0 sb=0
| + sd=0 mult=1 m=1
| XMBN1 PB NBG VSS VSS sky130_fd_pr__nfet_g5v0d10v5 L=2 W=4 nf=1 ad=1.16 as=1.16 pd=8.58 ps=8.58 nrd=0.0725 nrs=0.0725 sa=0 sb=0
| + sd=0 mult=1 m=1
| XMBP PB PB VDD VDD sky130_fd_pr__pfet_g5v0d10v5 L=4 W=10 nf=1 ad=2.9 as=2.9 pd=20.58 ps=20.58 nrd=0.029 nrs=0.029 sa=0 sb=0 sd=0
| + mult=1 m=1
| XMBN2 PCAS NBG VSS VSS sky130_fd_pr__nfet_g5v0d10v5 L=2 W=4 nf=1 ad=1.16 as=1.16 pd=8.58 ps=8.58 nrd=0.0725 nrs=0.0725 sa=0 sb=0
| + sd=0 mult=1 m=1
| XMCB PCAS PCAS VDD VDD sky130_fd_pr__pfet_g5v0d10v5 L=8 W=1 nf=1 ad=0.29 as=0.29 pd=2.58 ps=2.58 nrd=0.29 nrs=0.29 sa=0 sb=0 sd=0
| + mult=1 m=1
| XMINVP ENB EN VDD VDD sky130_fd_pr__pfet_g5v0d10v5 L=0.5 W=2 nf=1 ad=0.58 as=0.58 pd=4.58 ps=4.58 nrd=0.145 nrs=0.145 sa=0 sb=0
| + sd=0 mult=1 m=1
| XMINVN ENB EN VSS VSS sky130_fd_pr__nfet_g5v0d10v5 L=0.5 W=1 nf=1 ad=0.29 as=0.29 pd=2.58 ps=2.58 nrd=0.29 nrs=0.29 sa=0 sb=0 sd=0
| + mult=1 m=1
| XMT NT PB VDD VDD sky130_fd_pr__pfet_g5v0d10v5 L=4 W=20 nf=1 ad=5.8 as=5.8 pd=40.58 ps=40.58 nrd=0.0145 nrs=0.0145 sa=0 sb=0 sd=0
| + mult=1 m=1
| XMI1 N1 NA NT NT sky130_fd_pr__pfet_g5v0d10v5 L=4 W=32 nf=1 ad=9.28 as=9.28 pd=64.58 ps=64.58 nrd=0.0090625 nrs=0.0090625 sa=0
| + sb=0 sd=0 mult=1 m=1
| XMI2 N2 NB NT NT sky130_fd_pr__pfet_g5v0d10v5 L=4 W=32 nf=1 ad=9.28 as=9.28 pd=64.58 ps=64.58 nrd=0.0090625 nrs=0.0090625 sa=0
| + sb=0 sd=0 mult=1 m=1
| XML1 N1 N1 VSS VSS sky130_fd_pr__nfet_g5v0d10v5 L=8 W=8 nf=1 ad=2.32 as=2.32 pd=16.58 ps=16.58 nrd=0.03625 nrs=0.03625 sa=0 sb=0
| + sd=0 mult=1 m=1
| XML2 N2 N1 VSS VSS sky130_fd_pr__nfet_g5v0d10v5 L=8 W=8 nf=1 ad=2.32 as=2.32 pd=16.58 ps=16.58 nrd=0.03625 nrs=0.03625 sa=0 sb=0
| + sd=0 mult=1 m=1
| XMS2N PG N2 VSS VSS sky130_fd_pr__nfet_g5v0d10v5 L=8 W=8 nf=1 ad=2.32 as=2.32 pd=16.58 ps=16.58 nrd=0.03625 nrs=0.03625 sa=0 sb=0
| + sd=0 mult=1 m=1
| XMS2P PG PB VDD VDD sky130_fd_pr__pfet_g5v0d10v5 L=4 W=10 nf=1 ad=2.9 as=2.9 pd=20.58 ps=20.58 nrd=0.029 nrs=0.029 sa=0 sb=0 sd=0
| + mult=1 m=1
| XCC PG NZ sky130_fd_pr__cap_mim_m3_1 W=12 L=12 MF=1 m=1
| XRZ NZ N2 VSS sky130_fd_pr__res_xhigh_po W=2 L=1000 mult=1 m=1
| XMP1 M1D PG VDD VDD sky130_fd_pr__pfet_g5v0d10v5 L=4 W=8 nf=1 ad=2.32 as=2.32 pd=16.58 ps=16.58 nrd=0.03625 nrs=0.03625 sa=0 sb=0
| + sd=0 mult=1 m=1
| XMPC1 NA PCAS M1D VDD sky130_fd_pr__pfet_g5v0d10v5 L=1 W=8 nf=1 ad=2.32 as=2.32 pd=16.58 ps=16.58 nrd=0.03625 nrs=0.03625 sa=0
| + sb=0 sd=0 mult=1 m=1
| XMP2 M2D PG VDD VDD sky130_fd_pr__pfet_g5v0d10v5 L=4 W=8 nf=1 ad=2.32 as=2.32 pd=16.58 ps=16.58 nrd=0.03625 nrs=0.03625 sa=0 sb=0
| + sd=0 mult=1 m=1
| XMPC2 NB PCAS M2D VDD sky130_fd_pr__pfet_g5v0d10v5 L=1 W=8 nf=1 ad=2.32 as=2.32 pd=16.58 ps=16.58 nrd=0.03625 nrs=0.03625 sa=0
| + sb=0 sd=0 mult=1 m=1
| XMP3 M3D PG VDD VDD sky130_fd_pr__pfet_g5v0d10v5 L=4 W=8 nf=1 ad=2.32 as=2.32 pd=16.58 ps=16.58 nrd=0.03625 nrs=0.03625 sa=0 sb=0
| + sd=0 mult=1 m=1
| XMPC3 PTAT PCAS M3D VDD sky130_fd_pr__pfet_g5v0d10v5 L=1 W=8 nf=1 ad=2.32 as=2.32 pd=16.58 ps=16.58 nrd=0.03625 nrs=0.03625 sa=0
| + sb=0 sd=0 mult=1 m=1
| XMSU1 ND PB VDD VDD sky130_fd_pr__pfet_g5v0d10v5 L=8 W=1 nf=1 ad=0.29 as=0.29 pd=2.58 ps=2.58 nrd=0.29 nrs=0.29 sa=0 sb=0 sd=0
| + mult=1 m=1
| XMSU2 ND NR VSS VSS sky130_fd_pr__nfet_g5v0d10v5 L=2 W=2 nf=1 ad=0.58 as=0.58 pd=4.58 ps=4.58 nrd=0.145 nrs=0.145 sa=0 sb=0 sd=0
| + mult=1 m=1
| XMSU3 PG ND VSS VSS sky130_fd_pr__nfet_g5v0d10v5 L=1 W=4 nf=1 ad=1.16 as=1.16 pd=8.58 ps=8.58 nrd=0.0725 nrs=0.0725 sa=0 sb=0 sd=0
| + mult=1 m=1
| XMDND ND ENB VSS VSS sky130_fd_pr__nfet_g5v0d10v5 L=0.5 W=2 nf=1 ad=0.58 as=0.58 pd=4.58 ps=4.58 nrd=0.145 nrs=0.145 sa=0 sb=0
| + sd=0 mult=1 m=1
| XMENPG PG EN VDD VDD sky130_fd_pr__pfet_g5v0d10v5 L=0.5 W=4 nf=1 ad=1.16 as=1.16 pd=8.58 ps=8.58 nrd=0.0725 nrs=0.0725 sa=0 sb=0
| + sd=0 mult=1 m=1
| XMENPT PTAT ENB VSS VSS sky130_fd_pr__nfet_g5v0d10v5 L=1 W=1 nf=1 ad=0.29 as=0.29 pd=2.58 ps=2.58 nrd=0.29 nrs=0.29 sa=0 sb=0 sd=0
| + mult=1 m=1
| XMENCT CTAT ENB VSS VSS sky130_fd_pr__nfet_g5v0d10v5 L=1 W=1 nf=1 ad=0.29 as=0.29 pd=2.58 ps=2.58 nrd=0.29 nrs=0.29 sa=0 sb=0 sd=0
| + mult=1 m=1
| XMSU4 NR PG VDD VDD sky130_fd_pr__pfet_g5v0d10v5 L=4 W=1 nf=1 ad=0.29 as=0.29 pd=2.58 ps=2.58 nrd=0.29 nrs=0.29 sa=0 sb=0 sd=0
| + mult=1 m=1
| XMSU5 NR NR VSS VSS sky130_fd_pr__nfet_g5v0d10v5 L=2 W=2 nf=1 ad=0.58 as=0.58 pd=4.58 ps=4.58 nrd=0.145 nrs=0.145 sa=0 sb=0 sd=0
| + mult=1 m=1
| XMDN2 N2 ENB VSS VSS sky130_fd_pr__nfet_g5v0d10v5 L=1 W=2 nf=1 ad=0.58 as=0.58 pd=4.58 ps=4.58 nrd=0.145 nrs=0.145 sa=0 sb=0 sd=0
| + mult=1 m=1
| XMDNT NT ENB VSS VSS sky130_fd_pr__nfet_g5v0d10v5 L=1 W=2 nf=1 ad=0.58 as=0.58 pd=4.58 ps=4.58 nrd=0.145 nrs=0.145 sa=0 sb=0 sd=0
| + mult=1 m=1
| XQ1 VSS VSS NA sky130_fd_pr__pnp_05v5_W3p40L3p40 m=1 mult=1
| XQ8A VSS VSS NC sky130_fd_pr__pnp_05v5_W3p40L3p40 m=1 mult=1
| XQ8B VSS VSS NC sky130_fd_pr__pnp_05v5_W3p40L3p40 m=1 mult=1
| XQ8C VSS VSS NC sky130_fd_pr__pnp_05v5_W3p40L3p40 m=1 mult=1
| XQ8D VSS VSS NC sky130_fd_pr__pnp_05v5_W3p40L3p40 m=1 mult=1
| XQ8E VSS VSS NC sky130_fd_pr__pnp_05v5_W3p40L3p40 m=1 mult=1
| XQ8F VSS VSS NC sky130_fd_pr__pnp_05v5_W3p40L3p40 m=1 mult=1
| XQ8G VSS VSS NC sky130_fd_pr__pnp_05v5_W3p40L3p40 m=1 mult=1
| XQ8H VSS VSS NC sky130_fd_pr__pnp_05v5_W3p40L3p40 m=1 mult=1
| XR1 NB NC VSS sky130_fd_pr__res_xhigh_po W=2 L=119.47 mult=1 m=1
| XR2 PTAT PTAT_TRIM VSS sky130_fd_pr__res_xhigh_po W=2 L=2652.6 mult=1 m=1
| XR2TRIM PTAT_TRIM VSS VSS sky130_fd_pr__res_xhigh_po W=2 L=450.88 mult=1 m=1
| XRISO NA CTAT VSS sky130_fd_pr__res_xhigh_po W=2 L=111.05 mult=1 m=1
| .ends
| 
| .control
| save all
| tran 10u 10m uic
| let nlast = length(v(ptat))-1
| let meas_ptat = v(ptat)[nlast]
| let meas_ptat_settled = abs(v(ptat)[nlast] - v(ptat)[nlast-100])
| let meas_ctat = v(ctat)[nlast]
| let meas_ctat_settled = abs(v(ctat)[nlast] - v(ctat)[nlast-100])
| let meas_na = v(xdut.na)[nlast]
| let meas_nb = v(xdut.nb)[nlast]
| let meas_isup = -i(v1)[nlast]
| let meas_bias_ok = v(bias_ok)[nlast]
| print meas_ptat
| print meas_ptat_settled
| print meas_ctat
| print meas_ctat_settled
| print meas_na
| print meas_nb
| print meas_isup
| print meas_bias_ok
| quit
| .endc
| .end

# ==== ngspice stdout ====

Note: Compatibility modes selected: hs a


Circuit: * temp-core-startup corner deck -- generated by sim/bin/corner-run.py, do not edit

option SCALE: Scale is set to 1e-06 for instance and model parameters
option SCALE: Scale is set to 1e-06 for instance and model parameters
option SCALE: Scale is set to 1e-06 for instance and model parameters
option SCALE: Scale is set to 1e-06 for instance and model parameters
Doing analysis at TEMP = -40.000000 and TNOM = 27.000000

Using KLU as Direct Linear Solver
Operating point simulation skipped by 'uic',
  now using transient initial conditions.
 Reference value :  1.00000e-07
 Reference value :  5.97562e-05
 Reference value :  1.01000e-04
 Reference value :  1.25500e-03
 Reference value :  1.90500e-03
 Reference value :  2.98500e-03
 Reference value :  4.10500e-03
 Reference value :  5.33500e-03
 Reference value :  6.27500e-03
 Reference value :  7.50500e-03
 Reference value :  8.53500e-03
 Reference value :  9.43500e-03
 Reference value :  9.98500e-03
No. of Data Rows : 1034
meas_ptat = 1.099145e+00
meas_ptat_settled = 1.729872e-10
meas_ctat = 7.820314e-01
meas_ctat_settled = 7.133627e-12
meas_na = 7.820315e-01
meas_nb = 7.820294e-01
meas_isup = 5.646691e-06
meas_bias_ok = 2.970000e+00
ngspice-46 done

# ==== ngspice stderr ====

