corner ff_-40c_2.97v  combo en-delayed__base  verdict-input status=pass
graded: ptat=1.09914; ctat=0.782031; na=0.782032; nb=0.782029; isup=5.6778e-06; bias_ok=2.97; ptat_settled=6.20557e-11; ctat_settled=2.32914e-12  fails=[]
--- deck ---
* klt sim -- generated corner deck, do not edit
.lib /opt/pdk/sky130A/libs.tech/combined/sky130.lib.spice ff
.include /var/tmp/eda-job-klt-sim-16d68468d213/inputs/netlist.cir
.temp -40
.meas tran vdd_end FIND v(vdd) AT=0.01
.control
alter vset=2.97
set filetype=ascii
tran 1e-05 0.01 uic
write /var/tmp/eda-job-klt-sim-16d68468d213/outputs/artifacts/ff_2p970V_n40C/waveform.raw
quit
.endc
.end

--- ngspice log ---

Note: No compatibility mode selected!


Circuit: * klt sim -- generated corner deck, do not edit

Doing analysis at TEMP = -40.000000 and TNOM = 27.000000

Using SPARSE 1.3 as Direct Linear Solver
Operating point simulation skipped by 'uic',
  now using transient initial conditions.

No. of Data Rows : 1045

  Measurements for Transient Analysis

vdd_end             =  2.97000e+00

ASCII raw file "/var/tmp/eda-job-klt-sim-16d68468d213/outputs/artifacts/ff_2p970V_n40C/waveform.raw"
ngspice-46 done

