corner tt_-40c_3.63v  combo en-delayed__base  verdict-input status=fail
graded: ptat=1.5815e-05; ctat=0.528887; na=0.528887; nb=0.441274; isup=-0.00121782; bias_ok=3.63; ptat_settled=9.16894e-12; ctat_settled=0.000631075  fails=['ptat', 'isup']
--- deck ---
* klt sim -- generated corner deck, do not edit
.lib /opt/pdk/sky130A/libs.tech/combined/sky130.lib.spice tt
.include /var/tmp/eda-job-klt-sim-16d68468d213/inputs/netlist.cir
.temp -40
.meas tran vdd_end FIND v(vdd) AT=0.01
.control
alter vset=3.63
set filetype=ascii
tran 1e-05 0.01 uic
write /var/tmp/eda-job-klt-sim-16d68468d213/outputs/artifacts/tt_3p630V_n40C/waveform.raw
quit
.endc
.end

--- ngspice log ---

Note: No compatibility mode selected!


Circuit: * klt sim -- generated corner deck, do not edit

Doing analysis at TEMP = -40.000000 and TNOM = 27.000000

Using SPARSE 1.3 as Direct Linear Solver
Operating point simulation skipped by 'uic',
  now using transient initial conditions.

No. of Data Rows : 1028

  Measurements for Transient Analysis

vdd_end             =  3.63000e+00

ASCII raw file "/var/tmp/eda-job-klt-sim-16d68468d213/outputs/artifacts/tt_3p630V_n40C/waveform.raw"
ngspice-46 done

