# point: por-comparator-thresholds ideal-bias r50 hh_-40c
# process=hh temp=-40C rate=50 V/s tstop=0.1452s klt status: pass

# ==== klt sim deck ====
| * klt sim -- generated corner deck, do not edit
| .lib /opt/pdk/sky130A/libs.tech/combined/sky130.lib.spice hh
| .include /var/tmp/eda-job-klt-sim-ca85a86086dd/inputs/netlist.cir
| .temp -40
| .meas tran vdd_end FIND v(vdd) AT=0.145199
| .meas tran por_raw_max MAX v(por_raw)
| .control
| alter vset=3.63
| set filetype=ascii
| tran 1u 0.1452 0 2e-05
| write /var/tmp/eda-job-klt-sim-ca85a86086dd/outputs/artifacts/hh_3p630V_n40C/waveform.raw
| quit
| .endc
| .end

# ==== klt diagnostics ====

# ==== ngspice stdout+stderr ====

Note: No compatibility mode selected!


Circuit: * klt sim -- generated corner deck, do not edit

Doing analysis at TEMP = -40.000000 and TNOM = 27.000000

Using SPARSE 1.3 as Direct Linear Solver

Initial Transient Solution
--------------------------

Node                                   Voltage
----                                   -------
vsetn                                     3.63
vdd                                          0
xdut.bias_okb                     -1.00747e-41
bias_ok                                      0
ibias                                  170.235
xdut.nbg                              0.388694
xdut.sns                                     0
xdut.xrtop.t1                                0
xdut.xrtop.t2                                0
xdut.snsb                                    0
xdut.xrbot.t1                                0
xdut.xrbot.t2                                0
xdut.xrhys.t1                                0
xdut.xrhys.t2                                0
xdut.n1                           8.46742e-123
xdut.tn                           -1.83598e-11
xdut.na                           -1.21106e-13
xdut.cmpo                         -8.04135e-14
vref                                         0
xdut.vdda                         -2.19789e-20
por_raw                             4.4251e-27
bbok#branch                                  0
bvref#branch                                 0
bvdd#branch                        -2.0152e-25
vset#branch                                  0


No. of Data Rows : 7284

  Measurements for Transient Analysis

vdd_end             =  5.00000e-05
por_raw_max         =  3.62998e+00 at=  7.26005e-02

ASCII raw file "/var/tmp/eda-job-klt-sim-ca85a86086dd/outputs/artifacts/hh_3p630V_n40C/waveform.raw"
ngspice-46 done
