# point: por-comparator-thresholds ideal-bias r50 hh_125c
# process=hh temp=125C rate=50 V/s tstop=0.1452s klt status: pass

# ==== klt sim deck ====
| * klt sim -- generated corner deck, do not edit
| .lib /opt/pdk/sky130A/libs.tech/combined/sky130.lib.spice hh
| .include /var/tmp/eda-job-klt-sim-ca85a86086dd/inputs/netlist.cir
| .temp 125
| .meas tran vdd_end FIND v(vdd) AT=0.145199
| .meas tran por_raw_max MAX v(por_raw)
| .control
| alter vset=3.63
| set filetype=ascii
| tran 1u 0.1452 0 2e-05
| write /var/tmp/eda-job-klt-sim-ca85a86086dd/outputs/artifacts/hh_3p630V_125C/waveform.raw
| quit
| .endc
| .end

# ==== klt diagnostics ====

# ==== ngspice stdout+stderr ====

Note: No compatibility mode selected!


Circuit: * klt sim -- generated corner deck, do not edit

Doing analysis at TEMP = 125.000000 and TNOM = 27.000000

Using SPARSE 1.3 as Direct Linear Solver

Initial Transient Solution
--------------------------

Node                                   Voltage
----                                   -------
vsetn                                     3.63
vdd                                          0
xdut.bias_okb                      1.20878e-18
bias_ok                                      0
ibias                                  36.2272
xdut.nbg                              0.408258
xdut.sns                         -1.06809e-252
xdut.xrtop.t1                    -1.06808e-252
xdut.xrtop.t2                    -5.96764e-258
xdut.snsb                        -1.98359e-252
xdut.xrbot.t1                    -1.98359e-252
xdut.xrbot.t2                    -1.06809e-252
xdut.xrhys.t1                    -1.12932e-256
xdut.xrhys.t2                    -1.98348e-252
xdut.n1                           -1.06219e-18
xdut.tn                           -3.73072e-13
xdut.na                           -5.14568e-14
xdut.cmpo                         -2.14504e-14
vref                                         0
xdut.vdda                          -4.7295e-15
por_raw                           -2.26635e-18
bbok#branch                                  0
bvref#branch                                 0
bvdd#branch                       -2.95743e-24
vset#branch                                  0


No. of Data Rows : 7275

  Measurements for Transient Analysis

vdd_end             =  5.00000e-05
por_raw_max         =  3.62997e+00 at=  7.26005e-02

ASCII raw file "/var/tmp/eda-job-klt-sim-ca85a86086dd/outputs/artifacts/hh_3p630V_125C/waveform.raw"
ngspice-46 done
