# point: supply-ramp-top as-drawn r10000 sf_125c_2.97v
# process=sf temp=125C final_supply=2.97V rate=10000 V/s tstop=0.015363s
# klt status: pass   runtime on runner: 126.04 s   outcome: PASS

# ==== klt sim deck (exact input given to ngspice on the runner) ====
| * klt sim -- generated corner deck, do not edit
| .lib /opt/pdk/sky130A/libs.tech/combined/sky130.lib.spice sf
| .include /var/tmp/eda-job-klt-sim-f029fd6daacc/inputs/netlist.cir
| .temp 125
| .meas tran vdd_end FIND v(vdd) AT=0.015263
| .meas tran resetn_end FIND v(resetn) AT=0.015263
| .meas tran resetn_max MAX v(resetn)
| .meas tran por_raw_max MAX v(xdut.por_raw)
| .meas tran ibias_end FIND v(xdut.ibias) AT=0.015263
| .control
| alter vset=2.97
| set filetype=ascii
| tran 1u 0.015363 0 5e-06
| write /var/tmp/eda-job-klt-sim-f029fd6daacc/outputs/artifacts/sf_2p970V_125C/waveform.raw
| quit
| .endc
| .end

# ==== klt diagnostics ====

# ==== ngspice stdout+stderr ====

Note: No compatibility mode selected!


Circuit: * klt sim -- generated corner deck, do not edit

Doing analysis at TEMP = 125.000000 and TNOM = 27.000000

Using SPARSE 1.3 as Direct Linear Solver

Initial Transient Solution
--------------------------

Node                                   Voltage
----                                   -------
vsetn                                     2.97
vdd                                          0
xdut.xbias.na                     -8.05759e-19
xdut.xbias.pg                     -7.16366e-19
xdut.xbias.nbtop                   8.82024e-19
xdut.vref                         -7.79717e-19
xdut.xbias.nbg                    -1.53866e-19
xdut.xbias.xrt.t1                  8.82024e-19
xdut.xbias.xrt.t2                  8.82024e-19
xdut.xbias.nb                      8.82024e-19
xdut.xbias.xr1.t1                  8.82024e-19
xdut.xbias.xr1.t2                  8.82024e-19
xdut.xbias.ec                      8.82024e-19
xdut.xbias.xr2.t1                 -7.79717e-19
xdut.xbias.xr2.t2                 -7.79717e-19
xdut.xbias.er                     -7.79717e-19
xdut.xbias.pb                     -3.53905e-20
xdut.ibias                         -2.6153e-18
xdut.xbias.nt                      2.14346e-18
xdut.xbias.n1                     -4.12248e-19
xdut.xbias.n2                      -8.9132e-19
xdut.xbias.nz                      -8.9132e-19
xdut.xbias.xrz.t1                  -8.9132e-19
xdut.xbias.xrz.t2                  -8.9132e-19
xdut.xbias.ks1                    -1.22242e-18
xdut.xbias.ks2                    -3.34565e-18
xdut.xbias.ks3                    -2.84605e-18
xdut.xbias.ks4                    -1.29468e-18
xdut.xbias.nkg                     1.46745e-18
xdut.xbias.nkm                      1.6296e-18
xdut.xbias.tok                     1.78646e-18
xdut.xbias.noko                    2.01764e-19
xdut.xbias.nokl                    1.87583e-18
xdut.xbias.nokx                   -1.23484e-18
xdut.bias_ok                       1.92678e-18
xdut.xcmp.bias_okb                -4.68128e-24
xdut.xcmp.nbg                      -1.1551e-18
xdut.xcmp.sns                      5.4257e-148
xdut.xcmp.xrtop.t1                5.42566e-148
xdut.xcmp.xrtop.t2                3.09882e-153
xdut.xcmp.snsb                    1.00763e-147
xdut.xcmp.xrbot.t1                1.00763e-147
xdut.xcmp.xrbot.t2                5.42573e-148
xdut.xcmp.xrhys.t1                5.86422e-152
xdut.xcmp.xrhys.t2                1.00757e-147
xdut.xcmp.n1                      -5.52985e-22
xdut.xcmp.tn                       5.89941e-19
xdut.xcmp.na                      -1.46262e-20
xdut.xcmp.cmpo                      1.8783e-18
xdut.xcmp.vdda                    -1.83963e-19
xdut.por_raw                        8.9128e-22
xdut.xpor.pdn                      3.48071e-19
xdut.xpor.ndl                      1.07636e-18
xdut.xpor.ndgp                     -1.2055e-18
xdut.xpor.ndg                     -1.16742e-18
xdut.xpor.ndgn                    -1.15051e-18
xdut.xpor.pgdg                    -1.50131e-18
xdut.xpor.pgdgb                   -1.01246e-14
xdut.xpor.nts                     -6.51012e-20
xdut.xpor.tim                      3.79183e-18
xdut.xpor.nd1                      2.76237e-18
xdut.xpor.trip                    -2.28323e-18
resetn                            -5.09891e-20
xdut.xpor.rstb                     1.15609e-18
xdut.xpor.nnand                   -6.00083e-19
xdut.xtemp.nbg                    -2.20013e-18
xdut.xtemp.enb                     1.48945e-20
xdut.xtemp.pb                      -2.4341e-19
xdut.xtemp.pcas                    3.72762e-60
xdut.xtemp.nt                     -2.68312e-18
xdut.xtemp.n1                     -2.16363e-19
xdut.xtemp.na                      1.31058e-18
xdut.xtemp.n2                      1.50656e-18
xdut.xtemp.nb                      4.63896e-19
xdut.xtemp.pg                      5.38401e-19
xdut.xtemp.nz                      1.50656e-18
xdut.xtemp.xrz.t1                  1.50656e-18
xdut.xtemp.xrz.t2                  1.50656e-18
xdut.xtemp.m1d                     3.29446e-19
xdut.xtemp.m2d                     3.16244e-18
xdut.xtemp.m3d                      1.2285e-18
ptat                              -4.76439e-25
xdut.xtemp.nd                     -2.36243e-18
xdut.xtemp.nr                      4.96264e-20
ctat                               1.31058e-18
xdut.xtemp.nc                      4.63896e-19
xdut.xtemp.xr1.t1                  4.63896e-19
xdut.xtemp.xr1.t2                  4.63896e-19
xdut.xtemp.xr2.t1                 -4.76432e-25
xdut.xtemp.xr2.t2                 -6.92283e-26
xdut.xtemp.ptat_trim              -6.92214e-26
xdut.xtemp.xr2trim.t1             -6.92144e-26
xdut.xtemp.xr2trim.t2             -6.92433e-30
xdut.xtemp.xriso.t1                1.31058e-18
xdut.xtemp.xriso.t2                1.31058e-18
bvdd#branch                       -4.58399e-25
vset#branch                                  0


No. of Data Rows : 3114

  Measurements for Transient Analysis

vdd_end             =  2.97000e+00
resetn_end          =  2.72743e+00
resetn_max          =  2.72743e+00 at=  2.00618e-03
por_raw_max         =  2.97000e+00 at=  3.08462e-04
ibias_end           =  6.41686e-01

ASCII raw file "/var/tmp/eda-job-klt-sim-f029fd6daacc/outputs/artifacts/sf_2p970V_125C/waveform.raw"
ngspice-46 done
