# point: supply-ramp-top as-drawn r10000 tt_27c_3.63v
# process=tt temp=27C final_supply=3.63V rate=10000 V/s tstop=0.015363s
# klt status: pass   runtime on runner: 136.679 s   outcome: PASS

# ==== klt sim deck (exact input given to ngspice on the runner) ====
| * klt sim -- generated corner deck, do not edit
| .lib /opt/pdk/sky130A/libs.tech/combined/sky130.lib.spice tt
| .include /var/tmp/eda-job-klt-sim-f029fd6daacc/inputs/netlist.cir
| .temp 27
| .meas tran vdd_end FIND v(vdd) AT=0.015263
| .meas tran resetn_end FIND v(resetn) AT=0.015263
| .meas tran resetn_max MAX v(resetn)
| .meas tran por_raw_max MAX v(xdut.por_raw)
| .meas tran ibias_end FIND v(xdut.ibias) AT=0.015263
| .control
| alter vset=3.63
| set filetype=ascii
| tran 1u 0.015363 0 5e-06
| write /var/tmp/eda-job-klt-sim-f029fd6daacc/outputs/artifacts/tt_3p630V_27C/waveform.raw
| quit
| .endc
| .end

# ==== klt diagnostics ====

# ==== ngspice stdout+stderr ====

Note: No compatibility mode selected!


Circuit: * klt sim -- generated corner deck, do not edit

Doing analysis at TEMP = 27.000000 and TNOM = 27.000000

Using SPARSE 1.3 as Direct Linear Solver

Initial Transient Solution
--------------------------

Node                                   Voltage
----                                   -------
vsetn                                     3.63
vdd                                          0
xdut.xbias.na                     -4.21234e-68
xdut.xbias.pg                      3.27177e-62
xdut.xbias.nbtop                  -4.27691e-62
xdut.vref                         -7.41596e-66
xdut.xbias.nbg                     1.04519e-64
xdut.xbias.xrt.t1                 -4.27691e-62
xdut.xbias.xrt.t2                 -4.27691e-62
xdut.xbias.nb                     -4.27691e-62
xdut.xbias.xr1.t1                 -4.27691e-62
xdut.xbias.xr1.t2                 -4.27691e-62
xdut.xbias.ec                     -4.27691e-62
xdut.xbias.xr2.t1                 -7.41596e-66
xdut.xbias.xr2.t2                 -7.41598e-66
xdut.xbias.er                     -7.41598e-66
xdut.xbias.pb                      3.97357e-68
xdut.ibias                         -3.6316e-18
xdut.xbias.nt                     -1.04333e-82
xdut.xbias.n1                      1.14161e-81
xdut.xbias.n2                     -4.48232e-83
xdut.xbias.nz                     -4.48232e-83
xdut.xbias.xrz.t1                 -4.48232e-83
xdut.xbias.xrz.t2                 -4.48232e-83
xdut.xbias.ks1                    -1.12122e-54
xdut.xbias.ks2                    -3.58732e-43
xdut.xbias.ks3                     3.67342e-40
xdut.xbias.ks4                     2.22358e-30
xdut.xbias.nkg                     7.11544e-19
xdut.xbias.nkm                     5.85411e-79
xdut.xbias.tok                     -2.7112e-25
xdut.xbias.noko                    1.33921e-21
xdut.xbias.nokl                    8.29871e-29
xdut.xbias.nokx                   4.05754e-192
xdut.bias_ok                      -3.39391e-19
xdut.xcmp.bias_okb                -5.67059e-20
xdut.xcmp.nbg                     -4.53316e-18
xdut.xcmp.sns                                0
xdut.xcmp.xrtop.t1                           0
xdut.xcmp.xrtop.t2                           0
xdut.xcmp.snsb                               0
xdut.xcmp.xrbot.t1                           0
xdut.xcmp.xrbot.t2                           0
xdut.xcmp.xrhys.t1                           0
xdut.xcmp.xrhys.t2                           0
xdut.xcmp.n1                       1.02786e-18
xdut.xcmp.tn                      -4.08675e-20
xdut.xcmp.na                      -1.48095e-19
xdut.xcmp.cmpo                     2.78732e-19
xdut.xcmp.vdda                    -2.33051e-23
xdut.por_raw                       -2.7275e-19
xdut.xpor.pdn                    -5.48271e-110
xdut.xpor.ndl                      3.67453e-68
xdut.xpor.ndgp                      3.5781e-20
xdut.xpor.ndg                      1.53575e-18
xdut.xpor.ndgn                     -1.5811e-18
xdut.xpor.pgdg                      1.6327e-19
xdut.xpor.pgdgb                   -5.51414e-25
xdut.xpor.nts                      1.00522e-22
xdut.xpor.tim                     -1.59164e-19
xdut.xpor.nd1                      5.08093e-20
xdut.xpor.trip                      4.7483e-20
resetn                             7.66866e-19
xdut.xpor.rstb                    -4.53783e-19
xdut.xpor.nnand                    1.33174e-18
xdut.xtemp.nbg                    -2.26755e-18
xdut.xtemp.enb                    -8.59096e-20
xdut.xtemp.pb                     -7.92637e-19
xdut.xtemp.pcas                    2.53551e-19
xdut.xtemp.nt                      9.76307e-19
xdut.xtemp.n1                       4.5259e-19
xdut.xtemp.na                     -2.23323e-19
xdut.xtemp.n2                     -3.45031e-18
xdut.xtemp.nb                     -2.84242e-19
xdut.xtemp.pg                     -8.08567e-19
xdut.xtemp.nz                     -3.45031e-18
xdut.xtemp.xrz.t1                 -3.45031e-18
xdut.xtemp.xrz.t2                 -3.45031e-18
xdut.xtemp.m1d                     3.21773e-22
xdut.xtemp.m2d                     2.53276e-18
xdut.xtemp.m3d                     -1.2104e-38
ptat                              -7.79348e-44
xdut.xtemp.nd                     -4.62388e-19
xdut.xtemp.nr                     -1.56216e-19
ctat                              -2.23323e-19
xdut.xtemp.nc                     -2.84242e-19
xdut.xtemp.xr1.t1                 -2.84242e-19
xdut.xtemp.xr1.t2                 -2.84242e-19
xdut.xtemp.xr2.t1                 -7.79335e-44
xdut.xtemp.xr2.t2                 -1.13248e-44
xdut.xtemp.ptat_trim              -1.13234e-44
xdut.xtemp.xr2trim.t1             -1.13221e-44
xdut.xtemp.xr2trim.t2             -1.36834e-48
xdut.xtemp.xriso.t1               -2.23323e-19
xdut.xtemp.xriso.t2               -2.23323e-19
bvdd#branch                       -1.25544e-30
vset#branch                                  0


No. of Data Rows : 3108

  Measurements for Transient Analysis

vdd_end             =  3.63000e+00
resetn_end          =  3.31497e+00
resetn_max          =  3.31497e+00 at=  2.96714e-03
por_raw_max         =  3.63000e+00 at=  3.67017e-04
ibias_end           =  8.09110e-01

ASCII raw file "/var/tmp/eda-job-klt-sim-f029fd6daacc/outputs/artifacts/tt_3p630V_27C/waveform.raw"
ngspice-46 done
