corner sf_125c_3.30v  combo en-high__base  verdict-input status=fail
graded: ptat=3.28639; ctat=0.608222; na=0.608235; nb=2.97728; isup=-0.00344933; bias_ok=3.2997; ptat_settled=1.34241e-09; ctat_settled=3.89894e-09  fails=['ptat', 'isup']
--- deck ---
* klt sim -- generated corner deck, do not edit
.lib /opt/pdk/sky130A/libs.tech/combined/sky130.lib.spice sf
.include /var/tmp/eda-job-klt-sim-2c8d2822f83b/inputs/netlist.cir
.temp 125
.meas tran vdd_end FIND v(vdd) AT=0.01
.control
alter vset=3.3
set filetype=ascii
tran 1e-05 0.01 uic
write /var/tmp/eda-job-klt-sim-2c8d2822f83b/outputs/artifacts/sf_3p300V_125C/waveform.raw
quit
.endc
.end

--- ngspice log ---

Note: No compatibility mode selected!


Circuit: * klt sim -- generated corner deck, do not edit

Doing analysis at TEMP = 125.000000 and TNOM = 27.000000

Using SPARSE 1.3 as Direct Linear Solver
Operating point simulation skipped by 'uic',
  now using transient initial conditions.

No. of Data Rows : 1014

  Measurements for Transient Analysis

vdd_end             =  3.30000e+00

ASCII raw file "/var/tmp/eda-job-klt-sim-2c8d2822f83b/outputs/artifacts/sf_3p300V_125C/waveform.raw"
ngspice-46 done

