# point: por-comparator-thresholds ideal-bias r100 sf_27c
# process=sf temp=27C rate=100 V/s tstop=0.0726s klt status: pass

# ==== klt sim deck ====
| * klt sim -- generated corner deck, do not edit
| .lib /opt/pdk/sky130A/libs.tech/combined/sky130.lib.spice sf
| .include /var/tmp/eda-job-klt-sim-2371181be7d8/inputs/netlist.cir
| .temp 27
| .meas tran vdd_end FIND v(vdd) AT=0.072599
| .meas tran por_raw_max MAX v(por_raw)
| .control
| alter vset=3.63
| set filetype=ascii
| tran 1u 0.0726 0 2e-05
| write /var/tmp/eda-job-klt-sim-2371181be7d8/outputs/artifacts/sf_3p630V_27C/waveform.raw
| quit
| .endc
| .end

# ==== klt diagnostics ====

# ==== ngspice stdout+stderr ====

Note: No compatibility mode selected!


Circuit: * klt sim -- generated corner deck, do not edit

Doing analysis at TEMP = 27.000000 and TNOM = 27.000000

Using SPARSE 1.3 as Direct Linear Solver
Note: Starting dynamic gmin stepping
Note: Dynamic gmin stepping completed

Initial Transient Solution
--------------------------

Node                                   Voltage
----                                   -------
vsetn                                     3.63
vdd                                          0
xdut.bias_okb                      -2.282e-103
bias_ok                                      0
ibias                                  67.1746
xdut.nbg                              0.451991
xdut.sns                         -2.10946e-299
xdut.xrtop.t1                    -2.10945e-299
xdut.xrtop.t2                    -1.45549e-304
xdut.snsb                        -3.91757e-299
xdut.xrbot.t1                    -3.91756e-299
xdut.xrbot.t2                    -2.10948e-299
xdut.xrhys.t1                    -2.75432e-303
xdut.xrhys.t2                     -3.9173e-299
xdut.n1                                      0
xdut.tn                            4.95376e-35
xdut.na                           -2.29508e-32
xdut.cmpo                         -6.57184e-32
vref                                         0
xdut.vdda                           8.9791e-37
por_raw                            1.4023e-106
bbok#branch                                  0
bvref#branch                                 0
bvdd#branch                       -8.86631e-44
vset#branch                                  0


No. of Data Rows : 3646

  Measurements for Transient Analysis

vdd_end             =  1.00000e-04
por_raw_max         =  3.62995e+00 at=  3.63005e-02

ASCII raw file "/var/tmp/eda-job-klt-sim-2371181be7d8/outputs/artifacts/sf_3p630V_27C/waveform.raw"
ngspice-46 done
