# point: por-comparator-thresholds ideal-bias r100 tt_-40c
# process=tt temp=-40C rate=100 V/s tstop=0.0726s klt status: pass

# ==== klt sim deck ====
| * klt sim -- generated corner deck, do not edit
| .lib /opt/pdk/sky130A/libs.tech/combined/sky130.lib.spice tt
| .include /var/tmp/eda-job-klt-sim-2371181be7d8/inputs/netlist.cir
| .temp -40
| .meas tran vdd_end FIND v(vdd) AT=0.072599
| .meas tran por_raw_max MAX v(por_raw)
| .control
| alter vset=3.63
| set filetype=ascii
| tran 1u 0.0726 0 2e-05
| write /var/tmp/eda-job-klt-sim-2371181be7d8/outputs/artifacts/tt_3p630V_n40C/waveform.raw
| quit
| .endc
| .end

# ==== klt diagnostics ====

# ==== ngspice stdout+stderr ====

Note: No compatibility mode selected!


Circuit: * klt sim -- generated corner deck, do not edit

Doing analysis at TEMP = -40.000000 and TNOM = 27.000000

Using SPARSE 1.3 as Direct Linear Solver

Initial Transient Solution
--------------------------

Node                                   Voltage
----                                   -------
vsetn                                     3.63
vdd                                          0
xdut.bias_okb                     -7.04218e-55
bias_ok                                      0
ibias                                  170.235
xdut.nbg                              0.388695
xdut.sns                          1.85275e-317
xdut.xrtop.t1                     1.85273e-317
xdut.xrtop.t2                     1.23516e-322
xdut.snsb                        -2.96439e-323
xdut.xrbot.t1                    -1.58101e-322
xdut.xrbot.t2                     1.85276e-317
xdut.xrhys.t1                                0
xdut.xrhys.t2                    -2.96439e-323
xdut.n1                           -1.28419e-19
xdut.tn                            2.35526e-17
xdut.na                            2.75384e-19
xdut.cmpo                          2.36678e-19
vref                                         0
xdut.vdda                         -7.85586e-25
por_raw                          -1.18097e-192
bbok#branch                                  0
bvref#branch                                 0
bvdd#branch                        3.83619e-31
vset#branch                                  0


No. of Data Rows : 3657

  Measurements for Transient Analysis

vdd_end             =  1.00000e-04
por_raw_max         =  3.62995e+00 at=  3.63005e-02

ASCII raw file "/var/tmp/eda-job-klt-sim-2371181be7d8/outputs/artifacts/tt_3p630V_n40C/waveform.raw"
ngspice-46 done
