# point: por-comparator-thresholds ideal-bias r100 tt_27c
# process=tt temp=27C rate=100 V/s tstop=0.0726s klt status: pass

# ==== klt sim deck ====
| * klt sim -- generated corner deck, do not edit
| .lib /opt/pdk/sky130A/libs.tech/combined/sky130.lib.spice tt
| .include /var/tmp/eda-job-klt-sim-2371181be7d8/inputs/netlist.cir
| .temp 27
| .meas tran vdd_end FIND v(vdd) AT=0.072599
| .meas tran por_raw_max MAX v(por_raw)
| .control
| alter vset=3.63
| set filetype=ascii
| tran 1u 0.0726 0 2e-05
| write /var/tmp/eda-job-klt-sim-2371181be7d8/outputs/artifacts/tt_3p630V_27C/waveform.raw
| quit
| .endc
| .end

# ==== klt diagnostics ====

# ==== ngspice stdout+stderr ====

Note: No compatibility mode selected!


Circuit: * klt sim -- generated corner deck, do not edit

Doing analysis at TEMP = 27.000000 and TNOM = 27.000000

Using SPARSE 1.3 as Direct Linear Solver

Initial Transient Solution
--------------------------

Node                                   Voltage
----                                   -------
vsetn                                     3.63
vdd                                          0
xdut.bias_okb                      1.58534e-19
bias_ok                                      0
ibias                                   86.715
xdut.nbg                              0.477955
xdut.sns                           2.04613e-90
xdut.xrtop.t1                      2.04611e-90
xdut.xrtop.t2                      1.41171e-95
xdut.snsb                          3.79986e-90
xdut.xrbot.t1                      3.79984e-90
xdut.xrbot.t2                      2.04614e-90
xdut.xrhys.t1                      2.67155e-94
xdut.xrhys.t2                      3.79959e-90
xdut.n1                           -5.76513e-18
xdut.tn                            5.40378e-14
xdut.na                            4.33329e-14
xdut.cmpo                          2.28009e-14
vref                                         0
xdut.vdda                          1.02461e-16
por_raw                           -1.78301e-18
bbok#branch                                  0
bvref#branch                                 0
bvdd#branch                        6.64934e-26
vset#branch                                  0


No. of Data Rows : 3643

  Measurements for Transient Analysis

vdd_end             =  1.00000e-04
por_raw_max         =  3.62995e+00 at=  3.63005e-02

ASCII raw file "/var/tmp/eda-job-klt-sim-2371181be7d8/outputs/artifacts/tt_3p630V_27C/waveform.raw"
ngspice-46 done
