# point: supply-ramp-top diag-mn1-l20 r10000 tt_27c_2.97v
# process=tt temp=27C final_supply=2.97V rate=10000 V/s tstop=0.015363s
# klt status: pass   runtime on runner: 130.532 s   outcome: FAIL

# ==== klt sim deck (exact input given to ngspice on the runner) ====
| * klt sim -- generated corner deck, do not edit
| .lib /opt/pdk/sky130A/libs.tech/combined/sky130.lib.spice tt
| .include /var/tmp/eda-job-klt-sim-cfbbcb2fe2b0/inputs/netlist.cir
| .temp 27
| .meas tran vdd_end FIND v(vdd) AT=0.015263
| .meas tran resetn_end FIND v(resetn) AT=0.015263
| .meas tran resetn_max MAX v(resetn)
| .meas tran por_raw_max MAX v(xdut.por_raw)
| .meas tran ibias_end FIND v(xdut.ibias) AT=0.015263
| .control
| alter vset=2.97
| set filetype=ascii
| tran 1u 0.015363 0 5e-06
| write /var/tmp/eda-job-klt-sim-cfbbcb2fe2b0/outputs/artifacts/tt_2p970V_27C/waveform.raw
| quit
| .endc
| .end

# ==== klt diagnostics ====

# ==== ngspice stdout+stderr ====

Note: No compatibility mode selected!


Circuit: * klt sim -- generated corner deck, do not edit

Doing analysis at TEMP = 27.000000 and TNOM = 27.000000

Using SPARSE 1.3 as Direct Linear Solver

Initial Transient Solution
--------------------------

Node                                   Voltage
----                                   -------
vsetn                                     2.97
vdd                                          0
xdut.xbias.na                     -4.02381e-39
xdut.xbias.pg                      4.85653e-37
xdut.xbias.nbtop                   -1.7299e-35
xdut.vref                         -7.08418e-37
xdut.xbias.nbg                     2.56535e-41
xdut.xbias.xrt.t1                  -1.7299e-35
xdut.xbias.xrt.t2                  -1.7299e-35
xdut.xbias.nb                      -1.7299e-35
xdut.xbias.xr1.t1                  -1.7299e-35
xdut.xbias.xr1.t2                  -1.7299e-35
xdut.xbias.ec                      -1.7299e-35
xdut.xbias.xr2.t1                 -7.08418e-37
xdut.xbias.xr2.t2                 -7.08419e-37
xdut.xbias.er                     -7.08419e-37
xdut.xbias.pb                      9.75282e-45
xdut.ibias                        -3.13822e-19
xdut.xbias.nt                      1.17858e-58
xdut.xbias.n1                       8.5543e-56
xdut.xbias.n2                      9.83918e-58
xdut.xbias.nz                      9.83918e-58
xdut.xbias.xrz.t1                  9.83918e-58
xdut.xbias.xrz.t2                  9.83918e-58
xdut.xbias.ks1                    -5.15422e-37
xdut.xbias.ks2                      2.7202e-35
xdut.xbias.ks3                    -1.43514e-33
xdut.xbias.ks4                     2.29929e-30
xdut.xbias.nkg                     7.11544e-19
xdut.xbias.nkm                     2.24387e-55
xdut.xbias.tok                    -2.14021e-23
xdut.xbias.noko                    1.05717e-19
xdut.xbias.nokl                    6.55095e-27
xdut.xbias.nokx                   -1.38821e-50
xdut.bias_ok                      -1.17909e-18
xdut.xcmp.bias_okb                -2.57547e-19
xdut.xcmp.nbg                      1.30432e-18
xdut.xcmp.sns                                0
xdut.xcmp.xrtop.t1                           0
xdut.xcmp.xrtop.t2                           0
xdut.xcmp.snsb                               0
xdut.xcmp.xrbot.t1                           0
xdut.xcmp.xrbot.t2                           0
xdut.xcmp.xrhys.t1                           0
xdut.xcmp.xrhys.t2                           0
xdut.xcmp.n1                      -1.73198e-19
xdut.xcmp.tn                      -3.98561e-19
xdut.xcmp.na                      -7.43452e-19
xdut.xcmp.cmpo                      3.0021e-19
xdut.xcmp.vdda                     1.53268e-21
xdut.por_raw                       -3.2623e-18
xdut.xpor.pdn                     -5.85995e-63
xdut.xpor.ndl                     -1.36032e-56
xdut.xpor.ndgp                     -5.8423e-20
xdut.xpor.ndg                     -2.50768e-18
xdut.xpor.ndgn                     2.50161e-18
xdut.xpor.pgdg                    -6.44887e-12
xdut.xpor.pgdgb                     1.1511e-17
xdut.xpor.nts                     -7.91108e-22
xdut.xpor.tim                      1.24538e-18
xdut.xpor.nd1                      2.91164e-20
xdut.xpor.trip                    -2.65006e-19
resetn                             1.64162e-18
xdut.xpor.rstb                     -3.4211e-16
xdut.xpor.nnand                   -4.28641e-16
xdut.xtemp.nbg                    -6.03188e-19
xdut.xtemp.enb                    -1.39779e-19
xdut.xtemp.pb                      1.13511e-84
xdut.xtemp.pcas                    1.82887e-20
xdut.xtemp.nt                      9.31439e-19
xdut.xtemp.n1                      4.67979e-19
xdut.xtemp.na                     -8.28835e-20
xdut.xtemp.n2                      9.31439e-19
xdut.xtemp.nb                         -3191.17
xdut.xtemp.pg                      7.84049e-19
xdut.xtemp.nz                      9.31439e-19
xdut.xtemp.xrz.t1                  9.31439e-19
xdut.xtemp.xrz.t2                  9.31439e-19
xdut.xtemp.m1d                     1.19422e-22
xdut.xtemp.m2d                       -0.136009
xdut.xtemp.m3d                     5.98082e-69
ptat                               3.85091e-74
xdut.xtemp.nd                      4.91176e-19
xdut.xtemp.nr                     -2.39166e-25
ctat                              -8.28835e-20
xdut.xtemp.nc                         0.880938
xdut.xtemp.xr1.t1                      -3191.5
xdut.xtemp.xr1.t2                      1.21343
xdut.xtemp.xr2.t1                  3.85084e-74
xdut.xtemp.xr2.t2                   5.5958e-75
xdut.xtemp.ptat_trim               5.59512e-75
xdut.xtemp.xr2trim.t1              5.59444e-75
xdut.xtemp.xr2trim.t2              6.76125e-79
xdut.xtemp.xriso.t1               -8.28835e-20
xdut.xtemp.xriso.t2               -8.28835e-20
bvdd#branch                        -0.00593095
vset#branch                                  0


No. of Data Rows : 3099

  Measurements for Transient Analysis

vdd_end             =  2.97000e+00
resetn_end          =  2.71005e+00
resetn_max          =  2.71095e+00 at=  2.27149e-03
por_raw_max         =  2.97001e+00 at=  3.09666e-04
ibias_end           =  8.07410e-01

ASCII raw file "/var/tmp/eda-job-klt-sim-cfbbcb2fe2b0/outputs/artifacts/tt_2p970V_27C/waveform.raw"
ngspice-46 done
