# point: supply-ramp-top as-drawn r100000 ff_-40c_3.63v
# process=ff temp=-40C final_supply=3.63V rate=100000 V/s tstop=0.0150363s
# klt status: pass   runtime on runner: 131.056 s   outcome: PASS

# ==== klt sim deck (exact input given to ngspice on the runner) ====
| * klt sim -- generated corner deck, do not edit
| .lib /opt/pdk/sky130A/libs.tech/combined/sky130.lib.spice ff
| .include /var/tmp/eda-job-klt-sim-00a5d317d907/inputs/netlist.cir
| .temp -40
| .meas tran vdd_end FIND v(vdd) AT=0.0149363
| .meas tran resetn_end FIND v(resetn) AT=0.0149363
| .meas tran resetn_max MAX v(resetn)
| .meas tran por_raw_max MAX v(xdut.por_raw)
| .meas tran ibias_end FIND v(xdut.ibias) AT=0.0149363
| .control
| alter vset=3.63
| set filetype=ascii
| tran 1u 0.0150363 0 5e-06
| write /var/tmp/eda-job-klt-sim-00a5d317d907/outputs/artifacts/ff_3p630V_n40C/waveform.raw
| quit
| .endc
| .end

# ==== klt diagnostics ====
| warning/singular_matrix: Warning: singular matrix:  check node xdut.xtemp.xr2.t2

# ==== ngspice stdout+stderr ====

Note: No compatibility mode selected!


Circuit: * klt sim -- generated corner deck, do not edit

Doing analysis at TEMP = -40.000000 and TNOM = 27.000000

Using SPARSE 1.3 as Direct Linear Solver
Warning: singular matrix:  check node xdut.xtemp.xr2.t2

Note: Starting dynamic gmin stepping
Note: Dynamic gmin stepping completed

Initial Transient Solution
--------------------------

Node                                   Voltage
----                                   -------
vsetn                                     3.63
vdd                                          0
xdut.xbias.na                    -2.07955e-146
xdut.xbias.pg                     3.09397e-165
xdut.xbias.nbtop                 -9.50023e-129
xdut.vref                         3.39277e-142
xdut.xbias.nbg                    1.38972e-164
xdut.xbias.xrt.t1                -9.50023e-129
xdut.xbias.xrt.t2                -9.50023e-129
xdut.xbias.nb                    -9.50023e-129
xdut.xbias.xr1.t1                -9.50023e-129
xdut.xbias.xr1.t2                -9.50023e-129
xdut.xbias.ec                    -9.50023e-129
xdut.xbias.xr2.t1                 3.39277e-142
xdut.xbias.xr2.t2                 3.39279e-142
xdut.xbias.er                     3.39279e-142
xdut.xbias.pb                     1.39396e-164
xdut.ibias                       -2.39855e-101
xdut.xbias.nt                     2.07323e-182
xdut.xbias.n1                     2.67597e-177
xdut.xbias.n2                     5.91406e-176
xdut.xbias.nz                     5.91406e-176
xdut.xbias.xrz.t1                 5.91406e-176
xdut.xbias.xrz.t2                 5.91406e-176
xdut.xbias.ks1                    -6.1052e-164
xdut.xbias.ks2                    2.37877e-162
xdut.xbias.ks3                   -9.26233e-161
xdut.xbias.ks4                    3.60651e-159
xdut.xbias.nkg                   -1.40429e-157
xdut.xbias.nkm                    1.78819e-164
xdut.xbias.tok                   -1.95261e-120
xdut.xbias.noko                   2.14017e-115
xdut.xbias.nokl                   2.67372e-125
xdut.xbias.nokx                   4.80748e-180
xdut.bias_ok                      -2.4978e-108
xdut.xcmp.bias_okb               -3.28269e-103
xdut.xcmp.nbg                     1.48878e-100
xdut.xcmp.sns                     3.82048e-138
xdut.xcmp.xrtop.t1                3.82046e-138
xdut.xcmp.xrtop.t2                 2.5673e-143
xdut.xcmp.snsb                    7.09519e-138
xdut.xcmp.xrbot.t1                7.09516e-138
xdut.xcmp.xrbot.t2                3.82051e-138
xdut.xcmp.xrhys.t1                4.85828e-142
xdut.xcmp.xrhys.t2                 7.0947e-138
xdut.xcmp.n1                      4.75403e-229
xdut.xcmp.tn                      -1.92556e-24
xdut.xcmp.na                      -2.98015e-26
xdut.xcmp.cmpo                    -1.96897e-26
xdut.xcmp.vdda                     -1.9481e-32
xdut.por_raw                      1.77269e-103
xdut.xpor.pdn                      2.69616e-25
xdut.xpor.ndl                      2.69616e-25
xdut.xpor.ndgp                   -8.70495e-104
xdut.xpor.ndg                      1.42159e-99
xdut.xpor.ndgn                     -1.4215e-99
xdut.xpor.pgdg                   -8.49209e-108
xdut.xpor.pgdgb                  -6.07235e-156
xdut.xpor.nts                     7.81449e-118
xdut.xpor.tim                    -3.57503e-113
xdut.xpor.nd1                      5.2815e-219
xdut.xpor.trip                   -2.28075e-114
resetn                            -5.23329e-64
xdut.xpor.rstb                   -2.11287e-100
xdut.xpor.nnand                   7.41931e-100
xdut.xtemp.nbg                   -2.52806e-102
xdut.xtemp.enb                    1.05163e-221
xdut.xtemp.pb                     5.69746e-138
xdut.xtemp.pcas                  -3.63922e-133
xdut.xtemp.nt                     4.50479e-115
xdut.xtemp.n1                     2.25242e-115
xdut.xtemp.na                      -2.7708e-98
xdut.xtemp.n2                     1.22028e-114
xdut.xtemp.nb                    -6.01485e-128
xdut.xtemp.pg                    -6.29346e-113
xdut.xtemp.nz                     1.22028e-114
xdut.xtemp.xrz.t1                 1.22028e-114
xdut.xtemp.xrz.t2                 1.22028e-114
xdut.xtemp.m1d                    9.90437e-103
xdut.xtemp.m2d                    7.79447e-129
xdut.xtemp.m3d                     9.0144e-138
ptat                             -3.53773e-139
xdut.xtemp.nd                    -3.43398e-107
xdut.xtemp.nr                     2.05163e-126
ctat                               -2.7708e-98
xdut.xtemp.nc                    -6.01485e-128
xdut.xtemp.xr1.t1                -6.01485e-128
xdut.xtemp.xr1.t2                -6.01485e-128
xdut.xtemp.xr2.t1                -3.53767e-139
xdut.xtemp.xr2.t2                -5.14067e-140
xdut.xtemp.ptat_trim             -5.14006e-140
xdut.xtemp.xr2trim.t1            -5.13946e-140
xdut.xtemp.xr2trim.t2            -6.04935e-144
xdut.xtemp.xriso.t1                -2.7708e-98
xdut.xtemp.xriso.t2                -2.7708e-98
bvdd#branch                       -5.88723e-37
vset#branch                                  0


No. of Data Rows : 3057

  Measurements for Transient Analysis

vdd_end             =  3.63000e+00
resetn_end          =  3.26630e+00
resetn_max          =  3.26630e+00 at=  2.55494e-03
por_raw_max         =  3.63001e+00 at=  4.84715e-05
ibias_end           =  8.56841e-01

ASCII raw file "/var/tmp/eda-job-klt-sim-00a5d317d907/outputs/artifacts/ff_3p630V_n40C/waveform.raw"
ngspice-46 done
