# point: supply-ramp-top as-drawn r100000 tt_125c_3.63v
# process=tt temp=125C final_supply=3.63V rate=100000 V/s tstop=0.0150363s
# klt status: pass   runtime on runner: 27.416 s   outcome: PASS

# ==== klt sim deck (exact input given to ngspice on the runner) ====
| * klt sim -- generated corner deck, do not edit
| .lib /opt/pdk/sky130A/libs.tech/combined/sky130.lib.spice tt
| .include /var/tmp/eda-job-klt-sim-00a5d317d907/inputs/netlist.cir
| .temp 125
| .meas tran vdd_end FIND v(vdd) AT=0.0149363
| .meas tran resetn_end FIND v(resetn) AT=0.0149363
| .meas tran resetn_max MAX v(resetn)
| .meas tran por_raw_max MAX v(xdut.por_raw)
| .meas tran ibias_end FIND v(xdut.ibias) AT=0.0149363
| .control
| alter vset=3.63
| set filetype=ascii
| tran 1u 0.0150363 0 5e-06
| write /var/tmp/eda-job-klt-sim-00a5d317d907/outputs/artifacts/tt_3p630V_125C/waveform.raw
| quit
| .endc
| .end

# ==== klt diagnostics ====

# ==== ngspice stdout+stderr ====

Note: No compatibility mode selected!


Circuit: * klt sim -- generated corner deck, do not edit

Doing analysis at TEMP = 125.000000 and TNOM = 27.000000

Using SPARSE 1.3 as Direct Linear Solver

Initial Transient Solution
--------------------------

Node                                   Voltage
----                                   -------
vsetn                                     3.63
vdd                                          0
xdut.xbias.na                      1.02689e-18
xdut.xbias.pg                     -2.57059e-18
xdut.xbias.nbtop                  -1.10228e-18
xdut.vref                          7.27304e-19
xdut.xbias.nbg                     1.20436e-20
xdut.xbias.xrt.t1                 -1.10228e-18
xdut.xbias.xrt.t2                 -1.10228e-18
xdut.xbias.nb                     -1.10228e-18
xdut.xbias.xr1.t1                 -1.10228e-18
xdut.xbias.xr1.t2                 -1.10228e-18
xdut.xbias.ec                     -1.10228e-18
xdut.xbias.xr2.t1                  7.27304e-19
xdut.xbias.xr2.t2                  7.27303e-19
xdut.xbias.er                      7.27303e-19
xdut.xbias.pb                     -8.21431e-19
xdut.ibias                        -1.07681e-18
xdut.xbias.nt                      4.53956e-19
xdut.xbias.n1                     -2.71038e-18
xdut.xbias.n2                     -2.57336e-18
xdut.xbias.nz                     -2.57336e-18
xdut.xbias.xrz.t1                 -2.57336e-18
xdut.xbias.xrz.t2                 -2.57336e-18
xdut.xbias.ks1                    -3.87312e-19
xdut.xbias.ks2                     1.64245e-18
xdut.xbias.ks3                    -7.53785e-19
xdut.xbias.ks4                    -1.69227e-18
xdut.xbias.nkg                     7.64801e-19
xdut.xbias.nkm                    -5.06468e-19
xdut.xbias.tok                     8.70494e-19
xdut.xbias.noko                    1.26828e-18
xdut.xbias.nokl                   -2.01508e-18
xdut.xbias.nokx                   -9.27384e-19
xdut.bias_ok                       7.84211e-19
xdut.xcmp.bias_okb                 1.04762e-19
xdut.xcmp.nbg                      1.69723e-18
xdut.xcmp.sns                    -1.81772e-177
xdut.xcmp.xrtop.t1               -1.81771e-177
xdut.xcmp.xrtop.t2               -1.03817e-182
xdut.xcmp.snsb                   -3.37577e-177
xdut.xcmp.xrbot.t1               -3.37576e-177
xdut.xcmp.xrbot.t2               -1.81773e-177
xdut.xcmp.xrhys.t1               -1.96464e-181
xdut.xcmp.xrhys.t2               -3.37557e-177
xdut.xcmp.n1                       1.76722e-18
xdut.xcmp.tn                      -9.11748e-19
xdut.xcmp.na                       1.03689e-18
xdut.xcmp.cmpo                    -2.47186e-18
xdut.xcmp.vdda                    -1.12836e-19
xdut.por_raw                       1.74341e-19
xdut.xpor.pdn                      8.15551e-19
xdut.xpor.ndl                     -1.58734e-18
xdut.xpor.ndgp                    -3.38186e-19
xdut.xpor.ndg                     -2.73114e-18
xdut.xpor.ndgn                    -1.37837e-18
xdut.xpor.pgdg                    -1.44791e-18
xdut.xpor.pgdgb                   -1.61599e-19
xdut.xpor.nts                      5.48361e-19
xdut.xpor.tim                      1.66049e-18
xdut.xpor.nd1                      3.64292e-20
xdut.xpor.trip                     1.91325e-18
resetn                             5.04449e-18
xdut.xpor.rstb                     2.30329e-18
xdut.xpor.nnand                    3.39409e-18
xdut.xtemp.nbg                    -5.17809e-19
xdut.xtemp.enb                    -2.02207e-18
xdut.xtemp.pb                      -2.4376e-18
xdut.xtemp.pcas                   -1.06239e-18
xdut.xtemp.nt                     -8.13131e-19
xdut.xtemp.n1                     -3.34791e-19
xdut.xtemp.na                     -1.89658e-18
xdut.xtemp.n2                      1.04453e-18
xdut.xtemp.nb                       2.4152e-19
xdut.xtemp.pg                     -1.42051e-18
xdut.xtemp.nz                      1.04453e-18
xdut.xtemp.xrz.t1                  1.04453e-18
xdut.xtemp.xrz.t2                  1.04453e-18
xdut.xtemp.m1d                     5.22442e-19
xdut.xtemp.m2d                    -1.09861e-18
xdut.xtemp.m3d                     8.30033e-19
ptat                              -1.14812e-24
xdut.xtemp.nd                     -9.51928e-19
xdut.xtemp.nr                       1.4243e-18
ctat                              -1.89658e-18
xdut.xtemp.nc                       2.4152e-19
xdut.xtemp.xr1.t1                   2.4152e-19
xdut.xtemp.xr1.t2                   2.4152e-19
xdut.xtemp.xr2.t1                  -1.1481e-24
xdut.xtemp.xr2.t2                 -1.66826e-25
xdut.xtemp.ptat_trim              -1.66809e-25
xdut.xtemp.xr2trim.t1             -1.66792e-25
xdut.xtemp.xr2trim.t2             -1.66862e-29
xdut.xtemp.xriso.t1               -1.89658e-18
xdut.xtemp.xriso.t2               -1.89658e-18
bvdd#branch                        5.94917e-28
vset#branch                                  0


No. of Data Rows : 3062

  Measurements for Transient Analysis

vdd_end             =  3.63000e+00
resetn_end          =  3.36603e+00
resetn_max          =  3.36604e+00 at=  2.74375e-03
por_raw_max         =  3.63000e+00 at=  5.90184e-05
ibias_end           =  7.03542e-01

ASCII raw file "/var/tmp/eda-job-klt-sim-00a5d317d907/outputs/artifacts/tt_3p630V_125C/waveform.raw"
ngspice-46 done
