# point: por-comparator-thresholds ideal-bias r100 ll_-40c
# process=ll temp=-40C rate=100 V/s tstop=0.0726s klt status: pass

# ==== klt sim deck ====
| * klt sim -- generated corner deck, do not edit
| .lib /opt/pdk/sky130A/libs.tech/combined/sky130.lib.spice ll
| .include /var/tmp/eda-job-klt-sim-878a92fb9e38/inputs/netlist.cir
| .temp -40
| .meas tran vdd_end FIND v(vdd) AT=0.072599
| .meas tran por_raw_max MAX v(por_raw)
| .control
| alter vset=3.63
| set filetype=ascii
| tran 1u 0.0726 0 2e-05
| write /var/tmp/eda-job-klt-sim-878a92fb9e38/outputs/artifacts/ll_3p630V_n40C/waveform.raw
| quit
| .endc
| .end

# ==== klt diagnostics ====

# ==== ngspice stdout+stderr ====

Note: No compatibility mode selected!


Circuit: * klt sim -- generated corner deck, do not edit

Doing analysis at TEMP = -40.000000 and TNOM = 27.000000

Using SPARSE 1.3 as Direct Linear Solver

Initial Transient Solution
--------------------------

Node                                   Voltage
----                                   -------
vsetn                                     3.63
vdd                                          0
xdut.bias_okb                     -2.03907e-53
bias_ok                                      0
ibias                                  170.235
xdut.nbg                              0.388694
xdut.sns                                     0
xdut.xrtop.t1                                0
xdut.xrtop.t2                                0
xdut.snsb                                    0
xdut.xrbot.t1                                0
xdut.xrbot.t2                                0
xdut.xrhys.t1                                0
xdut.xrhys.t2                                0
xdut.n1                           -2.81163e-15
xdut.tn                            2.23798e-29
xdut.na                           -2.82895e-29
xdut.cmpo                         -3.07779e-29
vref                                         0
xdut.vdda                         -9.95856e-35
por_raw                            7.08982e-20
bbok#branch                                  0
bvref#branch                                 0
bvdd#branch                       -2.81193e-27
vset#branch                                  0


No. of Data Rows : 3643

  Measurements for Transient Analysis

vdd_end             =  1.00000e-04
por_raw_max         =  3.62995e+00 at=  3.63005e-02

ASCII raw file "/var/tmp/eda-job-klt-sim-878a92fb9e38/outputs/artifacts/ll_3p630V_n40C/waveform.raw"
ngspice-46 done
