# point: por-comparator-thresholds ideal-bias r100 ll_125c
# process=ll temp=125C rate=100 V/s tstop=0.0726s klt status: pass

# ==== klt sim deck ====
| * klt sim -- generated corner deck, do not edit
| .lib /opt/pdk/sky130A/libs.tech/combined/sky130.lib.spice ll
| .include /var/tmp/eda-job-klt-sim-878a92fb9e38/inputs/netlist.cir
| .temp 125
| .meas tran vdd_end FIND v(vdd) AT=0.072599
| .meas tran por_raw_max MAX v(por_raw)
| .control
| alter vset=3.63
| set filetype=ascii
| tran 1u 0.0726 0 2e-05
| write /var/tmp/eda-job-klt-sim-878a92fb9e38/outputs/artifacts/ll_3p630V_125C/waveform.raw
| quit
| .endc
| .end

# ==== klt diagnostics ====

# ==== ngspice stdout+stderr ====

Note: No compatibility mode selected!


Circuit: * klt sim -- generated corner deck, do not edit

Doing analysis at TEMP = 125.000000 and TNOM = 27.000000

Using SPARSE 1.3 as Direct Linear Solver

Initial Transient Solution
--------------------------

Node                                   Voltage
----                                   -------
vsetn                                     3.63
vdd                                          0
xdut.bias_okb                      1.20989e-18
bias_ok                                      0
ibias                                  36.2272
xdut.nbg                              0.408258
xdut.sns                           3.3507e-250
xdut.xrtop.t1                     3.35068e-250
xdut.xrtop.t2                     1.96999e-255
xdut.snsb                         6.22273e-250
xdut.xrbot.t1                     6.22271e-250
xdut.xrbot.t2                     3.35072e-250
xdut.xrhys.t1                     3.72802e-254
xdut.xrhys.t2                     6.22236e-250
xdut.n1                           -8.01194e-19
xdut.tn                           -9.05786e-13
xdut.na                           -1.39053e-13
xdut.cmpo                         -5.18497e-14
vref                                         0
xdut.vdda                         -1.15266e-14
por_raw                            1.12893e-18
bbok#branch                                  0
bvref#branch                                 0
bvdd#branch                        -7.9222e-24
vset#branch                                  0


No. of Data Rows : 3643

  Measurements for Transient Analysis

vdd_end             =  1.00000e-04
por_raw_max         =  3.62995e+00 at=  3.63005e-02

ASCII raw file "/var/tmp/eda-job-klt-sim-878a92fb9e38/outputs/artifacts/ll_3p630V_125C/waveform.raw"
ngspice-46 done
