# point: por-comparator-thresholds ideal-bias r100 ll_27c
# process=ll temp=27C rate=100 V/s tstop=0.0726s klt status: pass

# ==== klt sim deck ====
| * klt sim -- generated corner deck, do not edit
| .lib /opt/pdk/sky130A/libs.tech/combined/sky130.lib.spice ll
| .include /var/tmp/eda-job-klt-sim-878a92fb9e38/inputs/netlist.cir
| .temp 27
| .meas tran vdd_end FIND v(vdd) AT=0.072599
| .meas tran por_raw_max MAX v(por_raw)
| .control
| alter vset=3.63
| set filetype=ascii
| tran 1u 0.0726 0 2e-05
| write /var/tmp/eda-job-klt-sim-878a92fb9e38/outputs/artifacts/ll_3p630V_27C/waveform.raw
| quit
| .endc
| .end

# ==== klt diagnostics ====

# ==== ngspice stdout+stderr ====

Note: No compatibility mode selected!


Circuit: * klt sim -- generated corner deck, do not edit

Doing analysis at TEMP = 27.000000 and TNOM = 27.000000

Using SPARSE 1.3 as Direct Linear Solver

Initial Transient Solution
--------------------------

Node                                   Voltage
----                                   -------
vsetn                                     3.63
vdd                                          0
xdut.bias_okb                      1.58534e-19
bias_ok                                      0
ibias                                   86.715
xdut.nbg                              0.477955
xdut.sns                           4.20527e-91
xdut.xrtop.t1                      4.20524e-91
xdut.xrtop.t2                      2.98689e-96
xdut.snsb                          7.80978e-91
xdut.xrbot.t1                      7.80975e-91
xdut.xrbot.t2                       4.2053e-91
xdut.xrhys.t1                      5.65236e-95
xdut.xrhys.t2                      7.80922e-91
xdut.n1                            2.38076e-18
xdut.tn                             4.0908e-14
xdut.na                            3.28037e-14
xdut.cmpo                           1.7258e-14
vref                                         0
xdut.vdda                          7.76497e-17
por_raw                           -3.47406e-18
bbok#branch                                  0
bvref#branch                                 0
bvdd#branch                        5.03386e-26
vset#branch                                  0


No. of Data Rows : 3656

  Measurements for Transient Analysis

vdd_end             =  1.00000e-04
por_raw_max         =  3.62995e+00 at=  3.63005e-02

ASCII raw file "/var/tmp/eda-job-klt-sim-878a92fb9e38/outputs/artifacts/ll_3p630V_27C/waveform.raw"
ngspice-46 done
