# point: supply-ramp-top as-drawn r500 ff_27c_2.97v
# process=ff temp=27C final_supply=2.97V rate=500 V/s tstop=0.02226s
# klt status: pass   runtime on runner: 178.125 s   outcome: FAIL

# ==== klt sim deck (exact input given to ngspice on the runner) ====
| * klt sim -- generated corner deck, do not edit
| .lib /opt/pdk/sky130A/libs.tech/combined/sky130.lib.spice ff
| .include /var/tmp/eda-job-klt-sim-b910dd796664/inputs/netlist.cir
| .temp 27
| .meas tran vdd_end FIND v(vdd) AT=0.02216
| .meas tran resetn_end FIND v(resetn) AT=0.02216
| .meas tran resetn_max MAX v(resetn)
| .meas tran por_raw_max MAX v(xdut.por_raw)
| .meas tran ibias_end FIND v(xdut.ibias) AT=0.02216
| .control
| alter vset=2.97
| set filetype=ascii
| tran 1u 0.02226 0 5e-06
| write /var/tmp/eda-job-klt-sim-b910dd796664/outputs/artifacts/ff_2p970V_27C/waveform.raw
| quit
| .endc
| .end

# ==== klt diagnostics ====

# ==== ngspice stdout+stderr ====

Note: No compatibility mode selected!


Circuit: * klt sim -- generated corner deck, do not edit

Doing analysis at TEMP = 27.000000 and TNOM = 27.000000

Using SPARSE 1.3 as Direct Linear Solver

Initial Transient Solution
--------------------------

Node                                   Voltage
----                                   -------
vsetn                                     2.97
vdd                                          0
xdut.xbias.na                      1.72587e-71
xdut.xbias.pg                      6.11892e-59
xdut.xbias.nbtop                  -5.19934e-66
xdut.vref                          8.81737e-69
xdut.xbias.nbg                     5.40907e-59
xdut.xbias.xrt.t1                 -5.19934e-66
xdut.xbias.xrt.t2                 -5.19934e-66
xdut.xbias.nb                     -5.19934e-66
xdut.xbias.xr1.t1                 -5.19934e-66
xdut.xbias.xr1.t2                 -5.19934e-66
xdut.xbias.ec                     -5.19934e-66
xdut.xbias.xr2.t1                  8.81737e-69
xdut.xbias.xr2.t2                  8.81739e-69
xdut.xbias.er                      8.81739e-69
xdut.xbias.pb                       1.4677e-62
xdut.ibias                         1.04168e-18
xdut.xbias.nt                     -3.57039e-79
xdut.xbias.n1                      1.54041e-78
xdut.xbias.n2                      4.92856e-79
xdut.xbias.nz                      4.92856e-79
xdut.xbias.xrz.t1                  4.92856e-79
xdut.xbias.xrz.t2                  4.92856e-79
xdut.xbias.ks1                     -1.3171e-49
xdut.xbias.ks2                      5.3828e-48
xdut.xbias.ks3                    -2.19856e-46
xdut.xbias.ks4                     8.97985e-45
xdut.xbias.nkg                    -3.66775e-43
xdut.xbias.nkm                    -7.51221e-69
xdut.xbias.tok                     4.72063e-24
xdut.xbias.noko                    -1.8343e-20
xdut.xbias.nokl                   -1.83677e-27
xdut.xbias.nokx                              0
xdut.bias_ok                       9.18134e-19
xdut.xcmp.bias_okb                 1.07424e-18
xdut.xcmp.nbg                      2.05373e-19
xdut.xcmp.sns                                0
xdut.xcmp.xrtop.t1                           0
xdut.xcmp.xrtop.t2                           0
xdut.xcmp.snsb                               0
xdut.xcmp.xrbot.t1                           0
xdut.xcmp.xrbot.t2                           0
xdut.xcmp.xrhys.t1                           0
xdut.xcmp.xrhys.t2                           0
xdut.xcmp.n1                       9.92461e-19
xdut.xcmp.tn                       -2.9477e-19
xdut.xcmp.na                       3.00638e-19
xdut.xcmp.cmpo                      9.8699e-20
xdut.xcmp.vdda                     -9.5188e-23
xdut.por_raw                      -1.47423e-18
xdut.xpor.pdn                      7.6738e-103
xdut.xpor.ndl                      1.17023e-63
xdut.xpor.ndgp                    -1.49584e-22
xdut.xpor.ndg                      1.06201e-19
xdut.xpor.ndgn                    -1.06114e-19
xdut.xpor.pgdg                    -1.77588e-18
xdut.xpor.pgdgb                   -2.45228e-21
xdut.xpor.nts                     -7.17349e-21
xdut.xpor.tim                     -1.04022e-18
xdut.xpor.nd1                        2.664e-19
xdut.xpor.trip                    -1.91221e-19
resetn                            -8.70089e-19
xdut.xpor.rstb                     3.55142e-20
xdut.xpor.nnand                    2.31178e-19
xdut.xtemp.nbg                     5.18297e-19
xdut.xtemp.enb                     4.10066e-18
xdut.xtemp.pb                     -1.79189e-19
xdut.xtemp.pcas                   -2.33275e-19
xdut.xtemp.nt                      1.51052e-18
xdut.xtemp.n1                      1.51052e-18
xdut.xtemp.na                         -2727.17
xdut.xtemp.n2                     -7.66953e-17
xdut.xtemp.nb                      1.27619e-37
xdut.xtemp.pg                     -6.33801e-19
xdut.xtemp.nz                     -7.66953e-17
xdut.xtemp.xrz.t1                 -7.66953e-17
xdut.xtemp.xrz.t2                 -7.66953e-17
xdut.xtemp.m1d                       -0.149551
xdut.xtemp.m2d                     2.62252e-39
xdut.xtemp.m3d                        0.959441
ptat                                    1.6796
xdut.xtemp.nd                     -1.27877e-20
xdut.xtemp.nr                      1.99416e-20
ctat                                   17201.2
xdut.xtemp.nc                      1.27619e-37
xdut.xtemp.xr1.t1                  1.27619e-37
xdut.xtemp.xr1.t2                  1.27619e-37
xdut.xtemp.xr2.t1                      2.02875
xdut.xtemp.xr2.t2                      6998.14
xdut.xtemp.ptat_trim                   6998.49
xdut.xtemp.xr2trim.t1                  6998.84
xdut.xtemp.xr2trim.t2                -0.349151
xdut.xtemp.xriso.t1                   -2727.46
xdut.xtemp.xriso.t2                    17201.5
bvdd#branch                         0.00109686
vset#branch                                  0


No. of Data Rows : 4474

  Measurements for Transient Analysis

vdd_end             =  2.97000e+00
resetn_end          =  2.71339e+00
resetn_max          =  2.71470e+00 at=  7.46854e-03
por_raw_max         =  2.97000e+00 at=  5.94613e-03
ibias_end           =  7.80188e-01

ASCII raw file "/var/tmp/eda-job-klt-sim-b910dd796664/outputs/artifacts/ff_2p970V_27C/waveform.raw"
ngspice-46 done
