# point: supply-ramp-top as-drawn r500 tt_-40c_2.97v
# process=tt temp=-40C final_supply=2.97V rate=500 V/s tstop=0.02226s
# klt status: pass   runtime on runner: 176.369 s   outcome: FAIL

# ==== klt sim deck (exact input given to ngspice on the runner) ====
| * klt sim -- generated corner deck, do not edit
| .lib /opt/pdk/sky130A/libs.tech/combined/sky130.lib.spice tt
| .include /var/tmp/eda-job-klt-sim-b910dd796664/inputs/netlist.cir
| .temp -40
| .meas tran vdd_end FIND v(vdd) AT=0.02216
| .meas tran resetn_end FIND v(resetn) AT=0.02216
| .meas tran resetn_max MAX v(resetn)
| .meas tran por_raw_max MAX v(xdut.por_raw)
| .meas tran ibias_end FIND v(xdut.ibias) AT=0.02216
| .control
| alter vset=2.97
| set filetype=ascii
| tran 1u 0.02226 0 5e-06
| write /var/tmp/eda-job-klt-sim-b910dd796664/outputs/artifacts/tt_2p970V_n40C/waveform.raw
| quit
| .endc
| .end

# ==== klt diagnostics ====

# ==== ngspice stdout+stderr ====

Note: No compatibility mode selected!


Circuit: * klt sim -- generated corner deck, do not edit

Doing analysis at TEMP = -40.000000 and TNOM = 27.000000

Using SPARSE 1.3 as Direct Linear Solver

Error: 4.3867e+251, 2 out of range for ^
    in line b.xdut.xtemp.xr2trim.brbody

Note: Starting dynamic gmin stepping
Note: Dynamic gmin stepping completed

Initial Transient Solution
--------------------------

Node                                   Voltage
----                                   -------
vsetn                                     2.97
vdd                                          0
xdut.xbias.na                     1.41371e-146
xdut.xbias.pg                     1.27136e-172
xdut.xbias.nbtop                 -1.25389e-129
xdut.vref                         1.41356e-143
xdut.xbias.nbg                    1.14244e-171
xdut.xbias.xrt.t1                -1.25389e-129
xdut.xbias.xrt.t2                -1.25389e-129
xdut.xbias.nb                    -1.25389e-129
xdut.xbias.xr1.t1                -1.25389e-129
xdut.xbias.xr1.t2                -1.25389e-129
xdut.xbias.ec                    -1.25389e-129
xdut.xbias.xr2.t1                 1.41356e-143
xdut.xbias.xr2.t2                 1.41357e-143
xdut.xbias.er                     1.41357e-143
xdut.xbias.pb                     1.14485e-171
xdut.ibias                        -1.4712e-109
xdut.xbias.nt                     4.52863e-188
xdut.xbias.n1                     1.50164e-182
xdut.xbias.n2                     4.15321e-181
xdut.xbias.nz                     4.15321e-181
xdut.xbias.xrz.t1                 4.15321e-181
xdut.xbias.xrz.t2                 4.15321e-181
xdut.xbias.ks1                   -1.45625e-170
xdut.xbias.ks2                    6.73666e-169
xdut.xbias.ks3                   -3.11494e-167
xdut.xbias.ks4                     1.4403e-165
xdut.xbias.nkg                   -6.65974e-164
xdut.xbias.nkm                    1.48191e-171
xdut.xbias.tok                   -5.25183e-126
xdut.xbias.noko                   7.88471e-121
xdut.xbias.nokl                   5.24953e-131
xdut.xbias.nokx                  -8.28268e-214
xdut.bias_ok                     -6.18888e-116
xdut.xcmp.bias_okb               -4.52818e-112
xdut.xcmp.nbg                     8.76764e-109
xdut.xcmp.sns                     2.26483e-173
xdut.xcmp.xrtop.t1                2.26481e-173
xdut.xcmp.xrtop.t2                1.52192e-178
xdut.xcmp.snsb                    4.20611e-173
xdut.xcmp.xrbot.t1                4.20609e-173
xdut.xcmp.xrbot.t2                2.26484e-173
xdut.xcmp.xrhys.t1               -4.49654e-178
xdut.xcmp.xrhys.t2                4.20615e-173
xdut.xcmp.n1                     -3.50129e-111
xdut.xcmp.tn                       -1.967e-109
xdut.xcmp.na                      1.46341e-109
xdut.xcmp.cmpo                    1.40573e-109
xdut.xcmp.vdda                    3.80516e-115
xdut.por_raw                      2.31622e-112
xdut.xpor.pdn                     2.74862e-205
xdut.xpor.ndl                      8.2767e-193
xdut.xpor.ndgp                     1.66297e-25
xdut.xpor.ndg                      2.99339e-31
xdut.xpor.ndgn                     1.02723e-32
xdut.xpor.pgdg                    8.88423e-236
xdut.xpor.pgdgb                   1.22325e-136
xdut.xpor.nts                    -2.59999e-124
xdut.xpor.tim                    -5.51331e-119
xdut.xpor.nd1                    -9.38159e-171
xdut.xpor.trip                   -3.80511e-120
resetn                            -2.44119e-68
xdut.xpor.rstb                   -9.45405e-109
xdut.xpor.nnand                   3.32537e-108
xdut.xtemp.nbg                   -4.30039e-111
xdut.xtemp.enb                    3.59454e-225
xdut.xtemp.pb                    -8.21941e-135
xdut.xtemp.pcas                  -1.51577e-135
xdut.xtemp.nt                     4.33756e-120
xdut.xtemp.n1                      2.1688e-120
xdut.xtemp.na                     1.70961e-103
xdut.xtemp.n2                     1.16744e-119
xdut.xtemp.nb                     1.22208e-128
xdut.xtemp.pg                    -9.19052e-118
xdut.xtemp.nz                     1.16744e-119
xdut.xtemp.xrz.t1                 1.16744e-119
xdut.xtemp.xrz.t2                 1.16744e-119
xdut.xtemp.m1d                   -4.13229e-108
xdut.xtemp.m2d                   -3.94234e-130
xdut.xtemp.m3d                    4.64023e-144
ptat                             -5.24306e-145
xdut.xtemp.nd                    -1.46709e-115
xdut.xtemp.nr                     3.30317e-134
ctat                              1.70961e-103
xdut.xtemp.nc                     1.22208e-128
xdut.xtemp.xr1.t1                 1.22208e-128
xdut.xtemp.xr1.t2                 1.22208e-128
xdut.xtemp.xr2.t1                -5.24297e-145
xdut.xtemp.xr2.t2                -7.61869e-146
xdut.xtemp.ptat_trim             -7.61779e-146
xdut.xtemp.xr2trim.t1            -7.61689e-146
xdut.xtemp.xr2trim.t2             -8.9654e-150
xdut.xtemp.xriso.t1               1.70961e-103
xdut.xtemp.xriso.t2               1.70961e-103
bvdd#branch                        4.48606e-44
vset#branch                                  0


No. of Data Rows : 4472

  Measurements for Transient Analysis

vdd_end             =  2.97000e+00
resetn_end          =  2.67169e+00
resetn_max          =  2.67237e+00 at=  7.61916e-03
por_raw_max         =  2.97000e+00 at=  7.61826e-03
ibias_end           =  8.82221e-01

ASCII raw file "/var/tmp/eda-job-klt-sim-b910dd796664/outputs/artifacts/tt_2p970V_n40C/waveform.raw"
ngspice-46 done
