# point: por-comparator-thresholds ideal-bias-postlayout r100 ff_125c
# process=ff temp=125C rate=100 V/s tstop=0.0726s klt status: pass

# ==== klt sim deck ====
| * klt sim -- generated corner deck, do not edit
| .lib /opt/pdk/sky130A/libs.tech/combined/sky130.lib.spice ff
| .include /var/tmp/eda-job-klt-sim-e6d4da52a513/inputs/netlist.cir
| .temp 125
| .meas tran vdd_end FIND v(vdd) AT=0.072599
| .meas tran por_raw_max MAX v(por_raw)
| .control
| alter vset=3.63
| set filetype=ascii
| tran 1u 0.0726 0 2e-05
| write /var/tmp/eda-job-klt-sim-e6d4da52a513/outputs/artifacts/ff_3p630V_125C/waveform.raw
| quit
| .endc
| .end

# ==== klt diagnostics ====

# ==== ngspice stdout+stderr ====

Note: No compatibility mode selected!


Circuit: * klt sim -- generated corner deck, do not edit

Doing analysis at TEMP = 125.000000 and TNOM = 27.000000

Using SPARSE 1.3 as Direct Linear Solver

Initial Transient Solution
--------------------------

Node                                   Voltage
----                                   -------
vsetn                                     3.63
vdd                                          0
xdut.xpex.vss__t0                 4.81705e-139
xdut.xpex.n1__t0                  -1.63353e-19
xdut.xpex.snsb__t2                 4.8383e-136
xdut.xpex.vss__t13               -9.53878e-139
xdut.xpex.bias_okb__t3             1.72089e-18
xdut.xpex.bias_ok__t0                        0
xdut.xpex.vss__t2                 -6.25661e-28
xdut.xpex.vss__t14                 3.10004e-28
xdut.xpex.ibias__t0                    32.0995
xdut.xpex.bias_okb__t1             1.72089e-18
xdut.xpex.vss__t3                  2.35555e-07
xdut.xpex.vss__t17                 1.23603e-05
xdut.xpex.tn__t0                  -1.09354e-16
xdut.xpex.nbg__t0                     0.396497
xdut.xpex.vss__t7                 -3.27855e-22
xdut.xpex.vss__t18                -5.23721e-24
xdut.xpex.n1__t3                  -1.63353e-19
xdut.xpex.cmpo__t1                -3.83782e-16
xdut.xpex.vss__t9                  5.65121e-29
xdut.xpex.vss__t15                -2.80301e-29
xdut.xpex.por_raw__t0            -1.94548e-186
xdut.xpex.n1__t1                  -1.63353e-19
xdut.xpex.vss__t8                 -3.3518e-192
xdut.xpex.vss__t16                3.42258e-192
xdut.xpex.nbg__t3                     0.396497
xdut.xpex.bias_okb__t4             1.72089e-18
xdut.xpex.vss__t4                  6.19567e-08
xdut.xpex.vss__t19                 3.22687e-09
xdut.xpex.ibias__t1                    32.0994
xdut.xpex.nbg__t1                     0.396497
xdut.xpex.vss__t5                  7.51488e-06
xdut.xpex.vss__t21                 0.000171252
xdut.xpex.ibias__t2                    32.0995
xdut.xpex.bias_ok__t2                        0
xdut.xpex.nbg__t2                     0.396497
xdut.xpex.vss__t20                 6.34745e-06
xdut.xpex.na__t0                  -7.77873e-16
xdut.xpex.sns__t2                 2.60363e-136
xdut.xpex.tn__t1                  -1.09354e-16
xdut.xpex.vss__t22                -7.34884e-23
xdut.xpex.cmpo__t4                -3.83781e-16
xdut.xpex.vref__t0                           0
xdut.xpex.tn__t2                  -1.09354e-16
xdut.xpex.vss__t23                -4.02885e-23
xdut.xpex.cmpo__t3                -3.83781e-16
xdut.xpex.bias_okb__t5             1.72089e-18
xdut.xpex.vss__t6                 -1.43829e-22
xdut.xpex.vss__t24                -3.15253e-23
xdut.xpex.bias_okb__t2             1.72089e-18
xdut.xpex.bias_ok__t1                        0
xdut.xpex.vdd__t0                 -5.30366e-29
xdut.xpex.vdd__t1                  6.90085e-28
xdut.xpex.n1__t4                  -1.63353e-19
xdut.xpex.cmpo__t0                -3.83782e-16
xdut.xpex.vdd__t10                 4.25359e-30
xdut.xpex.vdd__t8                   -5.434e-29
xdut.xpex.por_raw__t1            -1.94548e-186
xdut.xpex.n1__t2                  -1.63353e-19
xdut.xpex.vdd__t9                -1.19363e-193
xdut.xpex.vdd__t7                -2.89106e-195
xdut.xpex.vdda__t0                 3.90426e-13
xdut.xpex.bias_okb__t0             1.72089e-18
xdut.xpex.vdd__t2                 -1.92098e-21
xdut.xpex.vdd__t3                  1.03552e-21
xdut.xpex.na__t1                  -7.77874e-16
xdut.xpex.na__t2                  -7.77874e-16
xdut.xpex.vdda__t1                 3.90426e-13
xdut.xpex.vdd__t4                  1.01001e-21
xdut.xpex.cmpo__t2                -3.83782e-16
xdut.xpex.na__t3                  -7.77874e-16
xdut.xpex.vdda__t2                 3.90426e-13
xdut.xpex.vdd__t6                  1.00791e-21
xdut.xpex.snsb__t0                4.83008e-136
xdut.xpex.x$19.t1                  4.8298e-136
xdut.xpex.x$19.t2                  5.0783e-139
xdut.xpex.vss__t1                 4.79748e-139
xdut.xpex.vss__t10                           0
xdut.xpex.sns__t0                 2.60366e-136
xdut.xpex.x$20.t1                 2.60368e-136
xdut.xpex.x$20.t2                  4.8343e-136
xdut.xpex.snsb__t1                4.83431e-136
xdut.xpex.vss__t11                           0
xdut.xpex.sns__t1                 2.60357e-136
xdut.xpex.x$21.t1                 2.60355e-136
xdut.xpex.x$21.t2                 1.15924e-139
xdut.xpex.vdd__t5                 1.14438e-139
xdut.xpex.vss__t12                           0
bias_ok                                      0
vsubs                                        0
xdut.xpex.bias_okb                 1.72089e-18
xdut.xpex.cmpo                    -3.83782e-16
ibias                                  32.0995
xdut.xpex.n1                      -1.63353e-19
xdut.xpex.na                      -7.77874e-16
xdut.xpex.nbg                         0.396497
por_raw                          -1.94548e-186
xdut.xpex.sns                     2.60363e-136
xdut.xpex.snsb                    4.83474e-136
xdut.xpex.tn                      -1.09354e-16
xdut.xpex.vdda                     3.90426e-13
vref                                         0
bbok#branch                                  0
bvref#branch                                 0
bvdd#branch                        3.22153e-24
vset#branch                                  0


No. of Data Rows : 3649

  Measurements for Transient Analysis

vdd_end             =  1.00000e-04
por_raw_max         =  3.62995e+00 at=  3.63005e-02

ASCII raw file "/var/tmp/eda-job-klt-sim-e6d4da52a513/outputs/artifacts/ff_3p630V_125C/waveform.raw"
ngspice-46 done
