# point: por-comparator-thresholds ideal-bias-postlayout r100 fs_27c
# process=fs temp=27C rate=100 V/s tstop=0.0726s klt status: pass

# ==== klt sim deck ====
| * klt sim -- generated corner deck, do not edit
| .lib /opt/pdk/sky130A/libs.tech/combined/sky130.lib.spice fs
| .include /var/tmp/eda-job-klt-sim-e6d4da52a513/inputs/netlist.cir
| .temp 27
| .meas tran vdd_end FIND v(vdd) AT=0.072599
| .meas tran por_raw_max MAX v(por_raw)
| .control
| alter vset=3.63
| set filetype=ascii
| tran 1u 0.0726 0 2e-05
| write /var/tmp/eda-job-klt-sim-e6d4da52a513/outputs/artifacts/fs_3p630V_27C/waveform.raw
| quit
| .endc
| .end

# ==== klt diagnostics ====

# ==== ngspice stdout+stderr ====

Note: No compatibility mode selected!


Circuit: * klt sim -- generated corner deck, do not edit

Doing analysis at TEMP = 27.000000 and TNOM = 27.000000

Using SPARSE 1.3 as Direct Linear Solver

Initial Transient Solution
--------------------------

Node                                   Voltage
----                                   -------
vsetn                                     3.63
vdd                                          0
xdut.xpex.vss__t0                -1.75969e-281
xdut.xpex.n1__t0                  -2.03899e-19
xdut.xpex.snsb__t2               -1.80317e-278
xdut.xpex.vss__t13                3.51937e-281
xdut.xpex.bias_okb__t3             1.71565e-18
xdut.xpex.bias_ok__t0                        0
xdut.xpex.vss__t2                 -7.12068e-28
xdut.xpex.vss__t14                 3.44761e-28
xdut.xpex.ibias__t0                    117.938
xdut.xpex.bias_okb__t1             1.71565e-18
xdut.xpex.vss__t3                  8.32502e-09
xdut.xpex.vss__t17                 2.45399e-05
xdut.xpex.tn__t0                   -1.5607e-11
xdut.xpex.nbg__t0                     0.483895
xdut.xpex.vss__t7                  1.64121e-20
xdut.xpex.vss__t18                -3.05215e-21
xdut.xpex.n1__t3                  -2.03899e-19
xdut.xpex.cmpo__t1                -4.34591e-12
xdut.xpex.vss__t9                  6.58079e-29
xdut.xpex.vss__t15                -3.86166e-29
xdut.xpex.por_raw__t0             -1.71497e-18
xdut.xpex.n1__t1                  -2.03899e-19
xdut.xpex.vss__t8                  6.73412e-28
xdut.xpex.vss__t16                -3.26229e-28
xdut.xpex.nbg__t3                     0.483895
xdut.xpex.bias_okb__t4             1.71565e-18
xdut.xpex.vss__t4                  2.66694e-11
xdut.xpex.vss__t19                  9.6284e-11
xdut.xpex.ibias__t1                    117.938
xdut.xpex.nbg__t1                     0.483895
xdut.xpex.vss__t5                  5.87067e-06
xdut.xpex.vss__t21                 0.000118131
xdut.xpex.ibias__t2                    117.938
xdut.xpex.bias_ok__t2                        0
xdut.xpex.nbg__t2                     0.483895
xdut.xpex.vss__t20                 4.88973e-05
xdut.xpex.na__t0                  -7.56501e-12
xdut.xpex.sns__t2                -9.70335e-279
xdut.xpex.tn__t1                   -1.5607e-11
xdut.xpex.vss__t22                 -4.5173e-21
xdut.xpex.cmpo__t4                -4.34591e-12
xdut.xpex.vref__t0                           0
xdut.xpex.tn__t2                   -1.5607e-11
xdut.xpex.vss__t23                -3.88356e-21
xdut.xpex.cmpo__t3                -4.34591e-12
xdut.xpex.bias_okb__t5             1.71565e-18
xdut.xpex.vss__t6                 -1.60729e-21
xdut.xpex.vss__t24                -8.40034e-22
xdut.xpex.bias_okb__t2             1.71565e-18
xdut.xpex.bias_ok__t1                        0
xdut.xpex.vdd__t0                  4.81659e-29
xdut.xpex.vdd__t1                  6.93122e-28
xdut.xpex.n1__t4                  -2.03899e-19
xdut.xpex.cmpo__t0                -4.34591e-12
xdut.xpex.vdd__t10                 2.04102e-29
xdut.xpex.vdd__t8                 -6.82269e-29
xdut.xpex.por_raw__t1             -1.71497e-18
xdut.xpex.n1__t2                  -2.03899e-19
xdut.xpex.vdd__t9                 -3.90532e-29
xdut.xpex.vdd__t7                 -5.60594e-28
xdut.xpex.vdda__t0                -1.15589e-13
xdut.xpex.bias_okb__t0             1.71565e-18
xdut.xpex.vdd__t2                 -2.01758e-23
xdut.xpex.vdd__t3                 -4.21454e-23
xdut.xpex.na__t1                  -7.56501e-12
xdut.xpex.na__t2                  -7.56501e-12
xdut.xpex.vdda__t1                -1.15589e-13
xdut.xpex.vdd__t4                 -2.75326e-21
xdut.xpex.cmpo__t2                -4.34591e-12
xdut.xpex.na__t3                  -7.56501e-12
xdut.xpex.vdda__t2                -1.15589e-13
xdut.xpex.vdd__t6                 -1.58948e-21
xdut.xpex.snsb__t0                -1.8001e-278
xdut.xpex.x$19.t1                -1.79998e-278
xdut.xpex.x$19.t2                -1.91434e-281
xdut.xpex.vss__t1                -1.78791e-281
xdut.xpex.vss__t10                           0
xdut.xpex.sns__t0                -9.70348e-279
xdut.xpex.x$20.t1                -9.70355e-279
xdut.xpex.x$20.t2                -1.80167e-278
xdut.xpex.snsb__t1               -1.80168e-278
xdut.xpex.vss__t11                           0
xdut.xpex.sns__t1                -9.70313e-279
xdut.xpex.x$21.t1                -9.70307e-279
xdut.xpex.x$21.t2                -4.33185e-282
xdut.xpex.vdd__t5                -4.26493e-282
xdut.xpex.vss__t12                           0
bias_ok                                      0
vsubs                                        0
xdut.xpex.bias_okb                 1.71565e-18
xdut.xpex.cmpo                    -4.34591e-12
ibias                                  117.938
xdut.xpex.n1                      -2.03899e-19
xdut.xpex.na                      -7.56501e-12
xdut.xpex.nbg                         0.483895
por_raw                           -1.71497e-18
xdut.xpex.sns                    -9.70335e-279
xdut.xpex.snsb                   -1.80184e-278
xdut.xpex.tn                       -1.5607e-11
xdut.xpex.vdda                    -1.15589e-13
vref                                         0
bbok#branch                                  0
bvref#branch                                 0
bvdd#branch                       -1.23259e-23
vset#branch                                  0


No. of Data Rows : 3643

  Measurements for Transient Analysis

vdd_end             =  1.00000e-04
por_raw_max         =  3.62946e+00 at=  3.62946e-02

ASCII raw file "/var/tmp/eda-job-klt-sim-e6d4da52a513/outputs/artifacts/fs_3p630V_27C/waveform.raw"
ngspice-46 done
