# point: por-comparator-thresholds ideal-bias-postlayout r100 ss_125c
# process=ss temp=125C rate=100 V/s tstop=0.0726s klt status: pass

# ==== klt sim deck ====
| * klt sim -- generated corner deck, do not edit
| .lib /opt/pdk/sky130A/libs.tech/combined/sky130.lib.spice ss
| .include /var/tmp/eda-job-klt-sim-e6d4da52a513/inputs/netlist.cir
| .temp 125
| .meas tran vdd_end FIND v(vdd) AT=0.072599
| .meas tran por_raw_max MAX v(por_raw)
| .control
| alter vset=3.63
| set filetype=ascii
| tran 1u 0.0726 0 2e-05
| write /var/tmp/eda-job-klt-sim-e6d4da52a513/outputs/artifacts/ss_3p630V_125C/waveform.raw
| quit
| .endc
| .end

# ==== klt diagnostics ====

# ==== ngspice stdout+stderr ====

Note: No compatibility mode selected!


Circuit: * klt sim -- generated corner deck, do not edit

Doing analysis at TEMP = 125.000000 and TNOM = 27.000000

Using SPARSE 1.3 as Direct Linear Solver
Note: Starting dynamic gmin stepping
Note: Dynamic gmin stepping completed

Initial Transient Solution
--------------------------

Node                                   Voltage
----                                   -------
vsetn                                     3.63
vdd                                          0
xdut.xpex.vss__t0                -3.21331e-129
xdut.xpex.n1__t0                  -5.31057e-74
xdut.xpex.snsb__t2               -3.27132e-126
xdut.xpex.vss__t13                6.40581e-129
xdut.xpex.bias_okb__t3             3.12178e-69
xdut.xpex.bias_ok__t0                        0
xdut.xpex.vss__t2                 -9.38623e-79
xdut.xpex.vss__t14                 3.60797e-79
xdut.xpex.ibias__t0                    41.8999
xdut.xpex.bias_okb__t1             3.12178e-69
xdut.xpex.vss__t3                  1.62651e-07
xdut.xpex.vss__t17                 1.02035e-05
xdut.xpex.tn__t0                   1.25663e-64
xdut.xpex.nbg__t0                      0.41529
xdut.xpex.vss__t7                   2.0139e-70
xdut.xpex.vss__t18                 5.78902e-72
xdut.xpex.n1__t3                  -5.31057e-74
xdut.xpex.cmpo__t1                 -3.9976e-61
xdut.xpex.vss__t9                  1.49076e-83
xdut.xpex.vss__t15                -5.53423e-84
xdut.xpex.por_raw__t0              5.01204e-74
xdut.xpex.n1__t1                  -5.31057e-74
xdut.xpex.vss__t8                 -1.42655e-83
xdut.xpex.vss__t16                 5.48349e-84
xdut.xpex.nbg__t3                      0.41529
xdut.xpex.bias_okb__t4             3.12178e-69
xdut.xpex.vss__t4                  1.29046e-08
xdut.xpex.vss__t19                 3.23063e-09
xdut.xpex.ibias__t1                    41.8998
xdut.xpex.nbg__t1                      0.41529
xdut.xpex.vss__t5                  8.46301e-06
xdut.xpex.vss__t21                 0.000169455
xdut.xpex.ibias__t2                    41.8999
xdut.xpex.bias_ok__t2                        0
xdut.xpex.nbg__t2                      0.41529
xdut.xpex.vss__t20                 9.48003e-06
xdut.xpex.na__t0                  -2.72206e-61
xdut.xpex.sns__t2                -1.76039e-126
xdut.xpex.tn__t1                   1.25663e-64
xdut.xpex.vss__t22                -4.43091e-71
xdut.xpex.cmpo__t4                 -3.9976e-61
xdut.xpex.vref__t0                           0
xdut.xpex.tn__t2                   1.25663e-64
xdut.xpex.vss__t23                -5.84874e-71
xdut.xpex.cmpo__t3                 -3.9976e-61
xdut.xpex.bias_okb__t5             3.12178e-69
xdut.xpex.vss__t6                  6.01847e-71
xdut.xpex.vss__t24                -3.89468e-71
xdut.xpex.bias_okb__t2             3.12178e-69
xdut.xpex.bias_ok__t1                        0
xdut.xpex.vdd__t0                 -6.00937e-80
xdut.xpex.vdd__t1                  1.22625e-78
xdut.xpex.n1__t4                  -5.31057e-74
xdut.xpex.cmpo__t0                 -3.9976e-61
xdut.xpex.vdd__t10                 8.31647e-85
xdut.xpex.vdd__t8                  -1.7315e-83
xdut.xpex.por_raw__t1              5.01204e-74
xdut.xpex.n1__t2                  -5.31057e-74
xdut.xpex.vdd__t9                 -7.81633e-85
xdut.xpex.vdd__t7                  1.59497e-83
xdut.xpex.vdda__t0                 2.77551e-63
xdut.xpex.bias_okb__t0             3.12178e-69
xdut.xpex.vdd__t2                 -2.26018e-73
xdut.xpex.vdd__t3                  8.64969e-73
xdut.xpex.na__t1                  -2.72206e-61
xdut.xpex.na__t2                  -2.72206e-61
xdut.xpex.vdda__t1                 2.77551e-63
xdut.xpex.vdd__t4                  -9.3289e-71
xdut.xpex.cmpo__t2                 -3.9976e-61
xdut.xpex.na__t3                  -2.72206e-61
xdut.xpex.vdda__t2                 2.77551e-63
xdut.xpex.vdd__t6                 -1.36866e-70
xdut.xpex.snsb__t0               -3.26576e-126
xdut.xpex.x$19.t1                -3.26557e-126
xdut.xpex.x$19.t2                -3.43359e-129
xdut.xpex.vss__t1                -3.24372e-129
xdut.xpex.vss__t10                           0
xdut.xpex.sns__t0                -1.76041e-126
xdut.xpex.x$20.t1                -1.76042e-126
xdut.xpex.x$20.t2                -3.26861e-126
xdut.xpex.snsb__t1               -3.26862e-126
xdut.xpex.vss__t11                           0
xdut.xpex.sns__t1                -1.76035e-126
xdut.xpex.x$21.t1                -1.76034e-126
xdut.xpex.x$21.t2                -7.83798e-130
xdut.xpex.vdd__t5                -7.73748e-130
xdut.xpex.vss__t12                           0
bias_ok                                      0
vsubs                                        0
xdut.xpex.bias_okb                 3.12178e-69
xdut.xpex.cmpo                     -3.9976e-61
ibias                                  41.8999
xdut.xpex.n1                      -5.31057e-74
xdut.xpex.na                      -2.72206e-61
xdut.xpex.nbg                          0.41529
por_raw                            5.01204e-74
xdut.xpex.sns                    -1.76039e-126
xdut.xpex.snsb                   -3.26891e-126
xdut.xpex.tn                       1.25663e-64
xdut.xpex.vdda                     2.77551e-63
vref                                         0
bbok#branch                                  0
bvref#branch                                 0
bvdd#branch                       -6.43331e-73
vset#branch                                  0


No. of Data Rows : 3643

  Measurements for Transient Analysis

vdd_end             =  1.00000e-04
por_raw_max         =  3.62995e+00 at=  3.63005e-02

ASCII raw file "/var/tmp/eda-job-klt-sim-e6d4da52a513/outputs/artifacts/ss_3p630V_125C/waveform.raw"
ngspice-46 done
