# point: por-comparator-thresholds ideal-bias-postlayout r100 tt_-40c
# process=tt temp=-40C rate=100 V/s tstop=0.0726s klt status: pass

# ==== klt sim deck ====
| * klt sim -- generated corner deck, do not edit
| .lib /opt/pdk/sky130A/libs.tech/combined/sky130.lib.spice tt
| .include /var/tmp/eda-job-klt-sim-e6d4da52a513/inputs/netlist.cir
| .temp -40
| .meas tran vdd_end FIND v(vdd) AT=0.072599
| .meas tran por_raw_max MAX v(por_raw)
| .control
| alter vset=3.63
| set filetype=ascii
| tran 1u 0.0726 0 2e-05
| write /var/tmp/eda-job-klt-sim-e6d4da52a513/outputs/artifacts/tt_3p630V_n40C/waveform.raw
| quit
| .endc
| .end

# ==== klt diagnostics ====

# ==== ngspice stdout+stderr ====

Note: No compatibility mode selected!


Circuit: * klt sim -- generated corner deck, do not edit

Doing analysis at TEMP = -40.000000 and TNOM = 27.000000

Using SPARSE 1.3 as Direct Linear Solver

Initial Transient Solution
--------------------------

Node                                   Voltage
----                                   -------
vsetn                                     3.63
vdd                                          0
xdut.xpex.vss__t0                            0
xdut.xpex.n1__t0                  -7.82128e-20
xdut.xpex.snsb__t2                           0
xdut.xpex.vss__t13                           0
xdut.xpex.bias_okb__t3            -6.63102e-46
xdut.xpex.bias_ok__t0                        0
xdut.xpex.vss__t2                  2.65149e-55
xdut.xpex.vss__t14                -1.32582e-55
xdut.xpex.ibias__t0                    170.233
xdut.xpex.bias_okb__t1            -6.63102e-46
xdut.xpex.vss__t3                  3.63854e-10
xdut.xpex.vss__t17                 3.88804e-05
xdut.xpex.tn__t0                   1.38663e-30
xdut.xpex.nbg__t0                     0.388707
xdut.xpex.vss__t7                  5.78734e-40
xdut.xpex.vss__t18                 2.69518e-40
xdut.xpex.n1__t3                  -7.82128e-20
xdut.xpex.cmpo__t1                 -1.9039e-30
xdut.xpex.vss__t9                  2.97803e-29
xdut.xpex.vss__t15                -1.48892e-29
xdut.xpex.por_raw__t0             -1.51065e-19
xdut.xpex.n1__t1                  -7.82128e-20
xdut.xpex.vss__t8                  5.71799e-29
xdut.xpex.vss__t16                -2.85926e-29
xdut.xpex.nbg__t3                     0.388707
xdut.xpex.bias_okb__t4            -6.63102e-46
xdut.xpex.vss__t4                  5.79529e-13
xdut.xpex.vss__t19                 7.72939e-11
xdut.xpex.ibias__t1                    170.233
xdut.xpex.nbg__t1                     0.388707
xdut.xpex.vss__t5                   1.7065e-07
xdut.xpex.vss__t21                 8.00616e-05
xdut.xpex.ibias__t2                    170.233
xdut.xpex.bias_ok__t2                        0
xdut.xpex.nbg__t2                     0.388707
xdut.xpex.vss__t20                 7.80529e-05
xdut.xpex.na__t0                  -1.75573e-30
xdut.xpex.sns__t2                            0
xdut.xpex.tn__t1                   1.38663e-30
xdut.xpex.vss__t22                -7.11591e-41
xdut.xpex.cmpo__t4                 -1.9039e-30
xdut.xpex.vref__t0                           0
xdut.xpex.tn__t2                   1.38663e-30
xdut.xpex.vss__t23                -9.95681e-41
xdut.xpex.cmpo__t3                 -1.9039e-30
xdut.xpex.bias_okb__t5            -6.63102e-46
xdut.xpex.vss__t6                  3.98699e-40
xdut.xpex.vss__t24                -3.63937e-40
xdut.xpex.bias_okb__t2            -6.63102e-46
xdut.xpex.bias_ok__t1                        0
xdut.xpex.vdd__t0                  3.23353e-59
xdut.xpex.vdd__t1                 -2.67574e-55
xdut.xpex.n1__t4                  -7.82128e-20
xdut.xpex.cmpo__t0                 -1.9039e-30
xdut.xpex.vdd__t10                -3.45694e-33
xdut.xpex.vdd__t8                  -2.6183e-29
xdut.xpex.por_raw__t1             -1.51065e-19
xdut.xpex.n1__t2                  -7.82128e-20
xdut.xpex.vdd__t9                  9.12414e-33
xdut.xpex.vdd__t7                 -4.93846e-29
xdut.xpex.vdda__t0                -6.17139e-36
xdut.xpex.bias_okb__t0            -6.63102e-46
xdut.xpex.vdd__t2                  6.82337e-49
xdut.xpex.vdd__t3                 -2.24782e-45
xdut.xpex.na__t1                  -1.75573e-30
xdut.xpex.na__t2                  -1.75573e-30
xdut.xpex.vdda__t1                -6.17139e-36
xdut.xpex.vdd__t4                 -6.28717e-40
xdut.xpex.cmpo__t2                 -1.9039e-30
xdut.xpex.na__t3                  -1.75573e-30
xdut.xpex.vdda__t2                -6.17139e-36
xdut.xpex.vdd__t6                 -6.77588e-40
xdut.xpex.snsb__t0                           0
xdut.xpex.x$19.t1                            0
xdut.xpex.x$19.t2                            0
xdut.xpex.vss__t1                            0
xdut.xpex.vss__t10                           0
xdut.xpex.sns__t0                            0
xdut.xpex.x$20.t1                            0
xdut.xpex.x$20.t2                            0
xdut.xpex.snsb__t1                           0
xdut.xpex.vss__t11                           0
xdut.xpex.sns__t1                            0
xdut.xpex.x$21.t1                            0
xdut.xpex.x$21.t2                            0
xdut.xpex.vdd__t5                            0
xdut.xpex.vss__t12                           0
bias_ok                                      0
vsubs                                        0
xdut.xpex.bias_okb                -6.63102e-46
xdut.xpex.cmpo                     -1.9039e-30
ibias                                  170.233
xdut.xpex.n1                      -7.82128e-20
xdut.xpex.na                      -1.75573e-30
xdut.xpex.nbg                         0.388707
por_raw                           -1.51065e-19
xdut.xpex.sns                                0
xdut.xpex.snsb                               0
xdut.xpex.tn                       1.38663e-30
xdut.xpex.vdda                    -6.17139e-36
vref                                         0
bbok#branch                                  0
bvref#branch                                 0
bvdd#branch                       -2.29261e-31
vset#branch                                  0


No. of Data Rows : 3650

  Measurements for Transient Analysis

vdd_end             =  1.00000e-04
por_raw_max         =  3.62939e+00 at=  3.62939e-02

ASCII raw file "/var/tmp/eda-job-klt-sim-e6d4da52a513/outputs/artifacts/tt_3p630V_n40C/waveform.raw"
ngspice-46 done
