# point: por-comparator-thresholds ideal-bias-postlayout r100 tt_125c
# process=tt temp=125C rate=100 V/s tstop=0.0726s klt status: pass

# ==== klt sim deck ====
| * klt sim -- generated corner deck, do not edit
| .lib /opt/pdk/sky130A/libs.tech/combined/sky130.lib.spice tt
| .include /var/tmp/eda-job-klt-sim-e6d4da52a513/inputs/netlist.cir
| .temp 125
| .meas tran vdd_end FIND v(vdd) AT=0.072599
| .meas tran por_raw_max MAX v(por_raw)
| .control
| alter vset=3.63
| set filetype=ascii
| tran 1u 0.0726 0 2e-05
| write /var/tmp/eda-job-klt-sim-e6d4da52a513/outputs/artifacts/tt_3p630V_125C/waveform.raw
| quit
| .endc
| .end

# ==== klt diagnostics ====

# ==== ngspice stdout+stderr ====

Note: No compatibility mode selected!


Circuit: * klt sim -- generated corner deck, do not edit

Doing analysis at TEMP = 125.000000 and TNOM = 27.000000

Using SPARSE 1.3 as Direct Linear Solver
Note: Starting dynamic gmin stepping
Note: Dynamic gmin stepping completed

Initial Transient Solution
--------------------------

Node                                   Voltage
----                                   -------
vsetn                                     3.63
vdd                                          0
xdut.xpex.vss__t0                 2.66608e-130
xdut.xpex.n1__t0                 -8.83174e-180
xdut.xpex.snsb__t2               -3.57268e-127
xdut.xpex.vss__t13                8.20516e-131
xdut.xpex.bias_okb__t3             1.35157e-66
xdut.xpex.bias_ok__t0                        0
xdut.xpex.vss__t2                 -4.62622e-76
xdut.xpex.vss__t14                 2.12835e-76
xdut.xpex.ibias__t0                    36.4118
xdut.xpex.bias_okb__t1             1.35157e-66
xdut.xpex.vss__t3                  1.93091e-07
xdut.xpex.vss__t17                 1.07523e-05
xdut.xpex.tn__t0                  -2.77779e-23
xdut.xpex.nbg__t0                     0.407235
xdut.xpex.vss__t7                 -6.23817e-29
xdut.xpex.vss__t18                -1.27966e-30
xdut.xpex.n1__t3                 -8.83174e-180
xdut.xpex.cmpo__t1                 7.87509e-20
xdut.xpex.vss__t9                 -6.9458e-186
xdut.xpex.vss__t15                7.08555e-186
xdut.xpex.por_raw__t0              2.91939e-70
xdut.xpex.n1__t1                 -8.83174e-180
xdut.xpex.vss__t8                 -9.45937e-80
xdut.xpex.vss__t16                 4.35191e-80
xdut.xpex.nbg__t3                     0.407235
xdut.xpex.bias_okb__t4             1.35157e-66
xdut.xpex.vss__t4                  2.82773e-08
xdut.xpex.vss__t19                 3.22902e-09
xdut.xpex.ibias__t1                    36.4117
xdut.xpex.nbg__t1                     0.407235
xdut.xpex.vss__t5                  7.98682e-06
xdut.xpex.vss__t21                 0.000171438
xdut.xpex.ibias__t2                    36.4118
xdut.xpex.bias_ok__t2                        0
xdut.xpex.nbg__t2                     0.407235
xdut.xpex.vss__t20                   7.383e-06
xdut.xpex.na__t0                    8.7717e-20
xdut.xpex.sns__t2                -1.92256e-127
xdut.xpex.tn__t1                  -2.77779e-23
xdut.xpex.vss__t22                 1.66589e-29
xdut.xpex.cmpo__t4                 7.87509e-20
xdut.xpex.vref__t0                           0
xdut.xpex.tn__t2                  -2.77779e-23
xdut.xpex.vss__t23                 1.59626e-29
xdut.xpex.cmpo__t3                 7.87509e-20
xdut.xpex.bias_okb__t5             1.35157e-66
xdut.xpex.vss__t6                 -1.13548e-29
xdut.xpex.vss__t24                 1.08142e-29
xdut.xpex.bias_okb__t2             1.35157e-66
xdut.xpex.bias_ok__t1                        0
xdut.xpex.vdd__t0                 -3.39822e-77
xdut.xpex.vdd__t1                  5.38093e-76
xdut.xpex.n1__t4                 -8.83174e-180
xdut.xpex.cmpo__t0                 7.87509e-20
xdut.xpex.vdd__t10               -2.10579e-187
xdut.xpex.vdd__t8                -3.51815e-188
xdut.xpex.por_raw__t1              2.91939e-70
xdut.xpex.n1__t2                 -8.83174e-180
xdut.xpex.vdd__t9                 -5.94658e-81
xdut.xpex.vdd__t7                  9.41616e-80
xdut.xpex.vdda__t0                -1.08687e-21
xdut.xpex.bias_okb__t0             1.35157e-66
xdut.xpex.vdd__t2                   2.2116e-31
xdut.xpex.vdd__t3                 -3.39386e-31
xdut.xpex.na__t1                    8.7717e-20
xdut.xpex.na__t2                    8.7717e-20
xdut.xpex.vdda__t1                -1.08687e-21
xdut.xpex.vdd__t4                  3.04295e-29
xdut.xpex.cmpo__t2                 7.87509e-20
xdut.xpex.na__t3                    8.7717e-20
xdut.xpex.vdda__t2                -1.08687e-21
xdut.xpex.vdd__t6                  2.71793e-29
xdut.xpex.snsb__t0               -3.56661e-127
xdut.xpex.x$19.t1                 -3.5664e-127
xdut.xpex.x$19.t2                 -3.7499e-130
xdut.xpex.vss__t1                -3.54254e-130
xdut.xpex.vss__t10                           0
xdut.xpex.sns__t0                -1.92259e-127
xdut.xpex.x$20.t1                 -1.9226e-127
xdut.xpex.x$20.t2                -3.56972e-127
xdut.xpex.snsb__t1               -3.56973e-127
xdut.xpex.vss__t11                           0
xdut.xpex.sns__t1                -1.92252e-127
xdut.xpex.x$21.t1                -1.92251e-127
xdut.xpex.x$21.t2                -8.56003e-131
xdut.xpex.vdd__t5                -8.45027e-131
xdut.xpex.vss__t12                           0
bias_ok                                      0
vsubs                                        0
xdut.xpex.bias_okb                 1.35157e-66
xdut.xpex.cmpo                     7.87509e-20
ibias                                  36.4118
xdut.xpex.n1                     -8.83174e-180
xdut.xpex.na                        8.7717e-20
xdut.xpex.nbg                         0.407235
por_raw                            2.91939e-70
xdut.xpex.sns                    -1.92256e-127
xdut.xpex.snsb                   -3.57005e-127
xdut.xpex.tn                      -2.77779e-23
xdut.xpex.vdda                    -1.08687e-21
vref                                         0
bbok#branch                                  0
bvref#branch                                 0
bvdd#branch                        1.61021e-31
vset#branch                                  0


No. of Data Rows : 3643

  Measurements for Transient Analysis

vdd_end             =  1.00000e-04
por_raw_max         =  3.62995e+00 at=  3.63005e-02

ASCII raw file "/var/tmp/eda-job-klt-sim-e6d4da52a513/outputs/artifacts/tt_3p630V_125C/waveform.raw"
ngspice-46 done
