corner ff_125c_3.30v  combo en-high__trtol7  verdict-input status=pass
graded: ptat=1.87619; ctat=0.465825; na=0.465833; nb=0.465835; isup=9.73368e-06; bias_ok=3.29987; ptat_settled=4.95803e-11; ctat_settled=6.38933e-13  fails=[]
--- deck ---
* klt sim -- generated corner deck, do not edit
.lib /opt/pdk/sky130A/libs.tech/combined/sky130.lib.spice ff
.include /var/tmp/eda-job-klt-sim-ac9e922b1e7e/inputs/netlist.cir
.temp 125
.meas tran vdd_end FIND v(vdd) AT=0.01
.control
alter vset=3.3
set filetype=ascii
tran 1e-05 0.01 uic
write /var/tmp/eda-job-klt-sim-ac9e922b1e7e/outputs/artifacts/ff_3p300V_125C/waveform.raw
quit
.endc
.end

--- ngspice log ---

Note: No compatibility mode selected!


Circuit: * klt sim -- generated corner deck, do not edit

Doing analysis at TEMP = 125.000000 and TNOM = 27.000000

Using SPARSE 1.3 as Direct Linear Solver
Operating point simulation skipped by 'uic',
  now using transient initial conditions.

No. of Data Rows : 1105

  Measurements for Transient Analysis

vdd_end             =  3.30000e+00

ASCII raw file "/var/tmp/eda-job-klt-sim-ac9e922b1e7e/outputs/artifacts/ff_3p300V_125C/waveform.raw"
ngspice-46 done

