# point: por-comparator-thresholds ideal-bias r50 ff_27c
# process=ff temp=27C rate=50 V/s tstop=0.1452s klt status: pass

# ==== klt sim deck ====
| * klt sim -- generated corner deck, do not edit
| .lib /opt/pdk/sky130A/libs.tech/combined/sky130.lib.spice ff
| .include /var/tmp/eda-job-klt-sim-6f5cf1c50d2f/inputs/netlist.cir
| .temp 27
| .meas tran vdd_end FIND v(vdd) AT=0.145199
| .meas tran por_raw_max MAX v(por_raw)
| .control
| alter vset=3.63
| set filetype=ascii
| tran 1u 0.1452 0 2e-05
| write /var/tmp/eda-job-klt-sim-6f5cf1c50d2f/outputs/artifacts/ff_3p630V_27C/waveform.raw
| quit
| .endc
| .end

# ==== klt diagnostics ====

# ==== ngspice stdout+stderr ====

Note: No compatibility mode selected!


Circuit: * klt sim -- generated corner deck, do not edit

Doing analysis at TEMP = 27.000000 and TNOM = 27.000000

Using SPARSE 1.3 as Direct Linear Solver

Initial Transient Solution
--------------------------

Node                                   Voltage
----                                   -------
vsetn                                     3.63
vdd                                          0
xdut.bias_okb                     -4.05955e-19
bias_ok                                      0
ibias                                  72.5033
xdut.nbg                              0.475053
xdut.sns                         -2.14799e-231
xdut.xrtop.t1                    -2.14798e-231
xdut.xrtop.t2                    -1.48208e-236
xdut.snsb                        -3.98887e-231
xdut.xrbot.t1                    -3.98886e-231
xdut.xrbot.t2                    -2.14801e-231
xdut.xrhys.t1                    -2.80436e-235
xdut.xrhys.t2                    -3.98859e-231
xdut.n1                            3.29844e-18
xdut.tn                           -8.57422e-12
xdut.na                           -7.59932e-12
xdut.cmpo                         -3.91061e-12
vref                                         0
xdut.vdda                         -4.67948e-14
por_raw                           -3.50426e-18
bbok#branch                                  0
bvref#branch                                 0
bvdd#branch                       -1.16684e-23
vset#branch                                  0


No. of Data Rows : 7275

  Measurements for Transient Analysis

vdd_end             =  5.00000e-05
por_raw_max         =  3.62998e+00 at=  7.26005e-02

ASCII raw file "/var/tmp/eda-job-klt-sim-6f5cf1c50d2f/outputs/artifacts/ff_3p630V_27C/waveform.raw"
ngspice-46 done
