# point: por-comparator-thresholds ideal-bias r50 fs_125c
# process=fs temp=125C rate=50 V/s tstop=0.1452s klt status: pass

# ==== klt sim deck ====
| * klt sim -- generated corner deck, do not edit
| .lib /opt/pdk/sky130A/libs.tech/combined/sky130.lib.spice fs
| .include /var/tmp/eda-job-klt-sim-6f5cf1c50d2f/inputs/netlist.cir
| .temp 125
| .meas tran vdd_end FIND v(vdd) AT=0.145199
| .meas tran por_raw_max MAX v(por_raw)
| .control
| alter vset=3.63
| set filetype=ascii
| tran 1u 0.1452 0 2e-05
| write /var/tmp/eda-job-klt-sim-6f5cf1c50d2f/outputs/artifacts/fs_3p630V_125C/waveform.raw
| quit
| .endc
| .end

# ==== klt diagnostics ====

# ==== ngspice stdout+stderr ====

Note: No compatibility mode selected!


Circuit: * klt sim -- generated corner deck, do not edit

Doing analysis at TEMP = 125.000000 and TNOM = 27.000000

Using SPARSE 1.3 as Direct Linear Solver
Note: Starting dynamic gmin stepping
Note: Dynamic gmin stepping completed

Initial Transient Solution
--------------------------

Node                                   Voltage
----                                   -------
vsetn                                     3.63
vdd                                          0
xdut.bias_okb                     -6.70917e-65
bias_ok                                      0
ibias                                  45.6619
xdut.nbg                              0.434979
xdut.sns                           7.6127e-139
xdut.xrtop.t1                     7.61266e-139
xdut.xrtop.t2                      4.3479e-144
xdut.snsb                         1.41379e-138
xdut.xrbot.t1                     1.41378e-138
xdut.xrbot.t2                     7.61275e-139
xdut.xrhys.t1                     8.22799e-143
xdut.xrhys.t2                     1.41371e-138
xdut.n1                           6.56257e-242
xdut.tn                            1.37632e-22
xdut.na                           -4.93589e-19
xdut.cmpo                         -3.35672e-19
vref                                         0
xdut.vdda                         -1.06869e-18
por_raw                            -8.2834e-67
bbok#branch                                  0
bvref#branch                                 0
bvdd#branch                       -1.23168e-30
vset#branch                                  0


No. of Data Rows : 7275

  Measurements for Transient Analysis

vdd_end             =  5.00000e-05
por_raw_max         =  3.62998e+00 at=  7.26005e-02

ASCII raw file "/var/tmp/eda-job-klt-sim-6f5cf1c50d2f/outputs/artifacts/fs_3p630V_125C/waveform.raw"
ngspice-46 done
