# point: por-comparator-thresholds ideal-bias r50 fs_27c
# process=fs temp=27C rate=50 V/s tstop=0.1452s klt status: pass

# ==== klt sim deck ====
| * klt sim -- generated corner deck, do not edit
| .lib /opt/pdk/sky130A/libs.tech/combined/sky130.lib.spice fs
| .include /var/tmp/eda-job-klt-sim-6f5cf1c50d2f/inputs/netlist.cir
| .temp 27
| .meas tran vdd_end FIND v(vdd) AT=0.145199
| .meas tran por_raw_max MAX v(por_raw)
| .control
| alter vset=3.63
| set filetype=ascii
| tran 1u 0.1452 0 2e-05
| write /var/tmp/eda-job-klt-sim-6f5cf1c50d2f/outputs/artifacts/fs_3p630V_27C/waveform.raw
| quit
| .endc
| .end

# ==== klt diagnostics ====

# ==== ngspice stdout+stderr ====

Note: No compatibility mode selected!


Circuit: * klt sim -- generated corner deck, do not edit

Doing analysis at TEMP = 27.000000 and TNOM = 27.000000

Using SPARSE 1.3 as Direct Linear Solver

Initial Transient Solution
--------------------------

Node                                   Voltage
----                                   -------
vsetn                                     3.63
vdd                                          0
xdut.bias_okb                      1.71728e-18
bias_ok                                      0
ibias                                  117.953
xdut.nbg                              0.483919
xdut.sns                          1.85275e-317
xdut.xrtop.t1                     1.85273e-317
xdut.xrtop.t2                     1.28457e-322
xdut.snsb                        -2.96439e-323
xdut.xrbot.t1                    -1.58101e-322
xdut.xrbot.t2                     1.85276e-317
xdut.xrhys.t1                                0
xdut.xrhys.t2                    -2.96439e-323
xdut.n1                            -2.3041e-18
xdut.tn                            7.27187e-11
xdut.na                            3.53923e-11
xdut.cmpo                          2.03412e-11
vref                                         0
xdut.vdda                          5.41327e-13
por_raw                            5.86925e-18
bbok#branch                                  0
bvref#branch                                 0
bvdd#branch                        5.76638e-23
vset#branch                                  0


No. of Data Rows : 7276

  Measurements for Transient Analysis

vdd_end             =  5.00000e-05
por_raw_max         =  3.62998e+00 at=  7.26005e-02

ASCII raw file "/var/tmp/eda-job-klt-sim-6f5cf1c50d2f/outputs/artifacts/fs_3p630V_27C/waveform.raw"
ngspice-46 done
