# point: por-comparator-thresholds ideal-bias r50 sf_125c
# process=sf temp=125C rate=50 V/s tstop=0.1452s klt status: pass

# ==== klt sim deck ====
| * klt sim -- generated corner deck, do not edit
| .lib /opt/pdk/sky130A/libs.tech/combined/sky130.lib.spice sf
| .include /var/tmp/eda-job-klt-sim-6f5cf1c50d2f/inputs/netlist.cir
| .temp 125
| .meas tran vdd_end FIND v(vdd) AT=0.145199
| .meas tran por_raw_max MAX v(por_raw)
| .control
| alter vset=3.63
| set filetype=ascii
| tran 1u 0.1452 0 2e-05
| write /var/tmp/eda-job-klt-sim-6f5cf1c50d2f/outputs/artifacts/sf_3p630V_125C/waveform.raw
| quit
| .endc
| .end

# ==== klt diagnostics ====

# ==== ngspice stdout+stderr ====

Note: No compatibility mode selected!


Circuit: * klt sim -- generated corner deck, do not edit

Doing analysis at TEMP = 125.000000 and TNOM = 27.000000

Using SPARSE 1.3 as Direct Linear Solver

Initial Transient Solution
--------------------------

Node                                   Voltage
----                                   -------
vsetn                                     3.63
vdd                                          0
xdut.bias_okb                      1.56985e-31
bias_ok                                      0
ibias                                     29.9
xdut.nbg                              0.372711
xdut.sns                         -8.06889e-264
xdut.xrtop.t1                    -8.06884e-264
xdut.xrtop.t2                    -4.60844e-269
xdut.snsb                        -1.49851e-263
xdut.xrbot.t1                     -1.4985e-263
xdut.xrbot.t2                    -8.06894e-264
xdut.xrhys.t1                    -8.72104e-268
xdut.xrhys.t2                    -1.49842e-263
xdut.n1                           -1.94938e-18
xdut.tn                            2.95009e-18
xdut.na                            1.40546e-18
xdut.cmpo                         -2.08547e-18
vref                                         0
xdut.vdda                           3.1688e-16
por_raw                            2.07075e-20
bbok#branch                                  0
bvref#branch                                 0
bvdd#branch                        8.40407e-28
vset#branch                                  0


No. of Data Rows : 7283

  Measurements for Transient Analysis

vdd_end             =  5.00000e-05
por_raw_max         =  3.62996e+00 at=  7.26005e-02

ASCII raw file "/var/tmp/eda-job-klt-sim-6f5cf1c50d2f/outputs/artifacts/sf_3p630V_125C/waveform.raw"
ngspice-46 done
