# point: por-comparator-thresholds ideal-bias r50 ss_125c
# process=ss temp=125C rate=50 V/s tstop=0.1452s klt status: pass

# ==== klt sim deck ====
| * klt sim -- generated corner deck, do not edit
| .lib /opt/pdk/sky130A/libs.tech/combined/sky130.lib.spice ss
| .include /var/tmp/eda-job-klt-sim-6f5cf1c50d2f/inputs/netlist.cir
| .temp 125
| .meas tran vdd_end FIND v(vdd) AT=0.145199
| .meas tran por_raw_max MAX v(por_raw)
| .control
| alter vset=3.63
| set filetype=ascii
| tran 1u 0.1452 0 2e-05
| write /var/tmp/eda-job-klt-sim-6f5cf1c50d2f/outputs/artifacts/ss_3p630V_125C/waveform.raw
| quit
| .endc
| .end

# ==== klt diagnostics ====

# ==== ngspice stdout+stderr ====

Note: No compatibility mode selected!


Circuit: * klt sim -- generated corner deck, do not edit

Doing analysis at TEMP = 125.000000 and TNOM = 27.000000

Using SPARSE 1.3 as Direct Linear Solver

Initial Transient Solution
--------------------------

Node                                   Voltage
----                                   -------
vsetn                                     3.63
vdd                                          0
xdut.bias_okb                      -1.3532e-18
bias_ok                                      0
ibias                                   41.492
xdut.nbg                              0.417141
xdut.sns                         -1.60218e-225
xdut.xrtop.t1                    -1.60217e-225
xdut.xrtop.t2                    -9.15061e-231
xdut.snsb                        -2.97547e-225
xdut.xrbot.t1                    -2.97546e-225
xdut.xrbot.t2                    -1.60218e-225
xdut.xrhys.t1                    -1.73167e-229
xdut.xrhys.t2                    -2.97529e-225
xdut.n1                           -4.89158e-19
xdut.tn                            2.94143e-18
xdut.na                             1.0061e-18
xdut.cmpo                          5.39604e-19
vref                                         0
xdut.vdda                          2.81862e-18
por_raw                           -2.13518e-18
bbok#branch                                  0
bvref#branch                                 0
bvdd#branch                        5.01369e-29
vset#branch                                  0


No. of Data Rows : 7273

  Measurements for Transient Analysis

vdd_end             =  5.00000e-05
por_raw_max         =  3.62998e+00 at=  7.26005e-02

ASCII raw file "/var/tmp/eda-job-klt-sim-6f5cf1c50d2f/outputs/artifacts/ss_3p630V_125C/waveform.raw"
ngspice-46 done
