# point: por-comparator-thresholds ideal-bias r50 tt_125c
# process=tt temp=125C rate=50 V/s tstop=0.1452s klt status: pass

# ==== klt sim deck ====
| * klt sim -- generated corner deck, do not edit
| .lib /opt/pdk/sky130A/libs.tech/combined/sky130.lib.spice tt
| .include /var/tmp/eda-job-klt-sim-6f5cf1c50d2f/inputs/netlist.cir
| .temp 125
| .meas tran vdd_end FIND v(vdd) AT=0.145199
| .meas tran por_raw_max MAX v(por_raw)
| .control
| alter vset=3.63
| set filetype=ascii
| tran 1u 0.1452 0 2e-05
| write /var/tmp/eda-job-klt-sim-6f5cf1c50d2f/outputs/artifacts/tt_3p630V_125C/waveform.raw
| quit
| .endc
| .end

# ==== klt diagnostics ====

# ==== ngspice stdout+stderr ====

Note: No compatibility mode selected!


Circuit: * klt sim -- generated corner deck, do not edit

Doing analysis at TEMP = 125.000000 and TNOM = 27.000000

Using SPARSE 1.3 as Direct Linear Solver

Initial Transient Solution
--------------------------

Node                                   Voltage
----                                   -------
vsetn                                     3.63
vdd                                          0
xdut.bias_okb                      1.20878e-18
bias_ok                                      0
ibias                                  36.2272
xdut.nbg                              0.408258
xdut.sns                         -8.69661e-253
xdut.xrtop.t1                    -8.69656e-253
xdut.xrtop.t2                    -4.96696e-258
xdut.snsb                        -1.61508e-252
xdut.xrbot.t1                    -1.61508e-252
xdut.xrbot.t2                    -8.69666e-253
xdut.xrhys.t1                     -9.3995e-257
xdut.xrhys.t2                    -1.61499e-252
xdut.n1                            1.83745e-18
xdut.tn                           -1.56185e-15
xdut.na                           -2.08412e-16
xdut.cmpo                         -9.85419e-17
vref                                         0
xdut.vdda                         -2.14314e-17
por_raw                            5.51323e-19
bbok#branch                                  0
bvref#branch                                 0
bvdd#branch                       -1.24162e-26
vset#branch                                  0


No. of Data Rows : 7273

  Measurements for Transient Analysis

vdd_end             =  5.00000e-05
por_raw_max         =  3.62997e+00 at=  7.26005e-02

ASCII raw file "/var/tmp/eda-job-klt-sim-6f5cf1c50d2f/outputs/artifacts/tt_3p630V_125C/waveform.raw"
ngspice-46 done
