# corner: tt_125c_2.97v
# process=tt temp=125C supply=2.97V
# ngspice exit: 0
# wall clock: 13.8s (--timeout was 300s)
# result: PASS

# ==== deck (exact input given to ngspice) ====
| * native-device-characterization corner deck -- generated by sim/bin/corner-run.py, do not edit
| * corner: tt_125c_2.97v
| .param vsup=2.97
| .option wnflag=1
| .option reltol=1e-5
| .option abstol=1e-16
| .option gmin=1e-15
| .temp 125
| .lib "/home/ubuntu/.volare/sky130A/libs.tech/combined/sky130.lib.spice" tt
| ** sch_path: sim/native-device-characterization/testbench/tb_native_device_char.sch
| **.subckt tb_native_device_char
| VA VDDA 0 'vsup'
| .save i(va)
| VSW VSWN 0 0
| .save i(vsw)
| VDC VDCN 0 0.1
| .save i(vdc)
| VG VGN 0 0
| .save i(vg)
| VON_N05L25 VDDA DON_N05L25 0
| .save i(von_n05l25)
| XMON_N05L25 DON_N05L25 VDDA 0 0 sky130_fd_pr__nfet_05v0_nvt L=25 W=1 nf=1 ad=0.29 as=0.29 pd=2.58 ps=2.58 nrd=0.29 nrs=0.29 sa=0
| + sb=0 sd=0 mult=1 m=1
| VOFF_N05L25 VDDA DOFF_N05L25 0
| .save i(voff_n05l25)
| XMOFF_N05L25 DOFF_N05L25 0 0 0 sky130_fd_pr__nfet_05v0_nvt L=25 W=1 nf=1 ad=0.29 as=0.29 pd=2.58 ps=2.58 nrd=0.29 nrs=0.29 sa=0
| + sb=0 sd=0 mult=1 m=1
| VSWD_N05L25 VSWN DSWD_N05L25 0
| .save i(vswd_n05l25)
| XMSWD_N05L25 DSWD_N05L25 VSWN 0 0 sky130_fd_pr__nfet_05v0_nvt L=25 W=1 nf=1 ad=0.29 as=0.29 pd=2.58 ps=2.58 nrd=0.29 nrs=0.29 sa=0
| + sb=0 sd=0 mult=1 m=1
| VVT_N05L25 VDCN DVT_N05L25 0
| .save i(vvt_n05l25)
| XMVT_N05L25 DVT_N05L25 VGN 0 0 sky130_fd_pr__nfet_05v0_nvt L=25 W=1 nf=1 ad=0.29 as=0.29 pd=2.58 ps=2.58 nrd=0.29 nrs=0.29 sa=0
| + sb=0 sd=0 mult=1 m=1
| VON_N05L8 VDDA DON_N05L8 0
| .save i(von_n05l8)
| XMON_N05L8 DON_N05L8 VDDA 0 0 sky130_fd_pr__nfet_05v0_nvt L=8 W=1 nf=1 ad=0.29 as=0.29 pd=2.58 ps=2.58 nrd=0.29 nrs=0.29 sa=0 sb=0
| + sd=0 mult=1 m=1
| VOFF_N05L8 VDDA DOFF_N05L8 0
| .save i(voff_n05l8)
| XMOFF_N05L8 DOFF_N05L8 0 0 0 sky130_fd_pr__nfet_05v0_nvt L=8 W=1 nf=1 ad=0.29 as=0.29 pd=2.58 ps=2.58 nrd=0.29 nrs=0.29 sa=0 sb=0
| + sd=0 mult=1 m=1
| VSWD_N05L8 VSWN DSWD_N05L8 0
| .save i(vswd_n05l8)
| XMSWD_N05L8 DSWD_N05L8 VSWN 0 0 sky130_fd_pr__nfet_05v0_nvt L=8 W=1 nf=1 ad=0.29 as=0.29 pd=2.58 ps=2.58 nrd=0.29 nrs=0.29 sa=0
| + sb=0 sd=0 mult=1 m=1
| VVT_N05L8 VDCN DVT_N05L8 0
| .save i(vvt_n05l8)
| XMVT_N05L8 DVT_N05L8 VGN 0 0 sky130_fd_pr__nfet_05v0_nvt L=8 W=1 nf=1 ad=0.29 as=0.29 pd=2.58 ps=2.58 nrd=0.29 nrs=0.29 sa=0 sb=0
| + sd=0 mult=1 m=1
| VON_N03L08 VDDA DON_N03L08 0
| .save i(von_n03l08)
| XMON_N03L08 DON_N03L08 VDDA 0 0 sky130_fd_pr__nfet_03v3_nvt L=0.8 W=0.42 nf=1 ad=0.1218 as=0.1218 pd=1.42 ps=1.42
| + nrd=0.69047619047619 nrs=0.69047619047619 sa=0 sb=0 sd=0 mult=1 m=1
| VOFF_N03L08 VDDA DOFF_N03L08 0
| .save i(voff_n03l08)
| XMOFF_N03L08 DOFF_N03L08 0 0 0 sky130_fd_pr__nfet_03v3_nvt L=0.8 W=0.42 nf=1 ad=0.1218 as=0.1218 pd=1.42 ps=1.42
| + nrd=0.69047619047619 nrs=0.69047619047619 sa=0 sb=0 sd=0 mult=1 m=1
| VSWD_N03L08 VSWN DSWD_N03L08 0
| .save i(vswd_n03l08)
| XMSWD_N03L08 DSWD_N03L08 VSWN 0 0 sky130_fd_pr__nfet_03v3_nvt L=0.8 W=0.42 nf=1 ad=0.1218 as=0.1218 pd=1.42 ps=1.42
| + nrd=0.69047619047619 nrs=0.69047619047619 sa=0 sb=0 sd=0 mult=1 m=1
| VVT_N03L08 VDCN DVT_N03L08 0
| .save i(vvt_n03l08)
| XMVT_N03L08 DVT_N03L08 VGN 0 0 sky130_fd_pr__nfet_03v3_nvt L=0.8 W=0.42 nf=1 ad=0.1218 as=0.1218 pd=1.42 ps=1.42
| + nrd=0.69047619047619 nrs=0.69047619047619 sa=0 sb=0 sd=0 mult=1 m=1
| **.ends
| .control
| save all
| dc vg -1.0 2.0 0.001
| dc vsw 0 3.63 0.001
| let meas_vth_n05l25 = -1.0 + (mean(dc1.i(vvt_n05l25) lt 4e-9) * length(dc1.i(vvt_n05l25)) - 0.5) * 0.001
| let meas_ion_n05l25 = i(von_n05l25)[0]
| let meas_ioff_n05l25 = i(voff_n05l25)[0]
| let meas_vmin1n_n05l25 = (mean(i(vswd_n05l25) lt 1e-9) * length(i(vswd_n05l25)) - 0.5) * 0.001
| let meas_vmin100n_n05l25 = (mean(i(vswd_n05l25) lt 1e-7) * length(i(vswd_n05l25)) - 0.5) * 0.001
| let meas_vth_n05l8 = -1.0 + (mean(dc1.i(vvt_n05l8) lt 1.25e-8) * length(dc1.i(vvt_n05l8)) - 0.5) * 0.001
| let meas_ion_n05l8 = i(von_n05l8)[0]
| let meas_ioff_n05l8 = i(voff_n05l8)[0]
| let meas_vmin1n_n05l8 = (mean(i(vswd_n05l8) lt 1e-9) * length(i(vswd_n05l8)) - 0.5) * 0.001
| let meas_vmin100n_n05l8 = (mean(i(vswd_n05l8) lt 1e-7) * length(i(vswd_n05l8)) - 0.5) * 0.001
| let meas_vth_n03l08 = -1.0 + (mean(dc1.i(vvt_n03l08) lt 5.25e-8) * length(dc1.i(vvt_n03l08)) - 0.5) * 0.001
| let meas_ion_n03l08 = i(von_n03l08)[0]
| let meas_ioff_n03l08 = i(voff_n03l08)[0]
| let meas_vmin1n_n03l08 = (mean(i(vswd_n03l08) lt 1e-9) * length(i(vswd_n03l08)) - 0.5) * 0.001
| let meas_vmin100n_n03l08 = (mean(i(vswd_n03l08) lt 1e-7) * length(i(vswd_n03l08)) - 0.5) * 0.001
| let meas_isup_a = -i(va)[0]
| let meas_isup_b = -i(vsw)[length(i(vsw))-1]
| let meas_izero_b = abs(i(vsw)[0])
| let meas_ia_flat_n05l25 = abs(maximum(i(von_n05l25)) - minimum(i(von_n05l25))) / abs(i(von_n05l25)[0])
| print meas_vth_n05l25
| print meas_ion_n05l25
| print meas_ioff_n05l25
| print meas_vmin1n_n05l25
| print meas_vmin100n_n05l25
| print meas_vth_n05l8
| print meas_ion_n05l8
| print meas_ioff_n05l8
| print meas_vmin1n_n05l8
| print meas_vmin100n_n05l8
| print meas_vth_n03l08
| print meas_ion_n03l08
| print meas_ioff_n03l08
| print meas_vmin1n_n03l08
| print meas_vmin100n_n03l08
| print meas_isup_a
| print meas_isup_b
| print meas_izero_b
| print meas_ia_flat_n05l25
| quit
| .endc
| .end

# ==== ngspice stdout ====

Note: Compatibility modes selected: hs a


Circuit: * native-device-characterization corner deck -- generated by sim/bin/corner-run.py, do not edit

option SCALE: Scale is set to 1e-06 for instance and model parameters
option SCALE: Scale is set to 1e-06 for instance and model parameters
option SCALE: Scale is set to 1e-06 for instance and model parameters
option SCALE: Scale is set to 1e-06 for instance and model parameters
Doing analysis at TEMP = 125.000000 and TNOM = 27.000000

Using KLU as Direct Linear Solver
 Reference value : -1.00000e+00
 Reference value : -6.32000e-01
 Reference value : -2.62000e-01
 Reference value :  9.00000e-02
 Reference value :  4.80000e-01
 Reference value :  7.76000e-01
 Reference value :  1.13900e+00
 Reference value :  1.52500e+00
 Reference value :  1.89700e+00
No. of Data Rows : 3001
Doing analysis at TEMP = 125.000000 and TNOM = 27.000000

Using KLU as Direct Linear Solver
 Reference value :  2.69000e-01
 Reference value :  4.79000e-01
 Reference value :  5.87000e-01
 Reference value :  6.91000e-01
 Reference value :  8.94000e-01
 Reference value :  1.07200e+00
 Reference value :  1.25100e+00
 Reference value :  1.31500e+00
 Reference value :  1.57000e+00
 Reference value :  1.93300e+00
 Reference value :  2.30000e+00
 Reference value :  2.65500e+00
 Reference value :  3.04500e+00
 Reference value :  3.35700e+00
 Reference value :  3.47500e+00
No. of Data Rows : 3631
meas_vth_n05l25 = 2.050000e-02
meas_ion_n05l25 = 1.008784e-05
meas_ioff_n05l25 = 2.910749e-09
meas_vmin1n_n05l25 = 1.250000e-02
meas_vmin100n_n05l25 = 2.445000e-01
meas_vth_n05l8 = 1.750000e-02
meas_ion_n05l8 = 3.374055e-05
meas_ioff_n05l8 = 9.768038e-09
meas_vmin1n_n05l8 = 4.500000e-03
meas_vmin100n_n05l8 = 1.415000e-01
meas_vth_n03l08 = -1.24500e-01
meas_ion_n03l08 = 1.371257e-04
meas_ioff_n03l08 = 2.122475e-06
meas_vmin1n_n03l08 = 5.000000e-04
meas_vmin100n_n03l08 = 1.450000e-02
meas_isup_a = 1.830893e-04
meas_isup_b = 2.367362e-04
meas_izero_b = 3.263932e-24
meas_ia_flat_n05l25 = 0.000000e+00
ngspice-46 done

# ==== ngspice stderr ====

