# corner: tt_27c_2.97v
# process=tt temp=27C supply=2.97V
# ngspice exit: 0
# wall clock: 63.1s (--timeout was 300s)
# result: PASS

# ==== deck (exact input given to ngspice) ====
| * native-device-characterization corner deck -- generated by sim/bin/corner-run.py, do not edit
| * corner: tt_27c_2.97v
| .param vsup=2.97
| .option wnflag=1
| .option reltol=1e-5
| .option abstol=1e-16
| .option gmin=1e-15
| .temp 27
| .lib "/home/ubuntu/.volare/sky130A/libs.tech/combined/sky130.lib.spice" tt
| ** sch_path: sim/native-device-characterization/testbench/tb_native_device_char.sch
| **.subckt tb_native_device_char
| VA VDDA 0 'vsup'
| .save i(va)
| VSW VSWN 0 0
| .save i(vsw)
| VDC VDCN 0 0.1
| .save i(vdc)
| VG VGN 0 0
| .save i(vg)
| VON_N05L25 VDDA DON_N05L25 0
| .save i(von_n05l25)
| XMON_N05L25 DON_N05L25 VDDA 0 0 sky130_fd_pr__nfet_05v0_nvt L=25 W=1 nf=1 ad=0.29 as=0.29 pd=2.58 ps=2.58 nrd=0.29 nrs=0.29 sa=0
| + sb=0 sd=0 mult=1 m=1
| VOFF_N05L25 VDDA DOFF_N05L25 0
| .save i(voff_n05l25)
| XMOFF_N05L25 DOFF_N05L25 0 0 0 sky130_fd_pr__nfet_05v0_nvt L=25 W=1 nf=1 ad=0.29 as=0.29 pd=2.58 ps=2.58 nrd=0.29 nrs=0.29 sa=0
| + sb=0 sd=0 mult=1 m=1
| VSWD_N05L25 VSWN DSWD_N05L25 0
| .save i(vswd_n05l25)
| XMSWD_N05L25 DSWD_N05L25 VSWN 0 0 sky130_fd_pr__nfet_05v0_nvt L=25 W=1 nf=1 ad=0.29 as=0.29 pd=2.58 ps=2.58 nrd=0.29 nrs=0.29 sa=0
| + sb=0 sd=0 mult=1 m=1
| VVT_N05L25 VDCN DVT_N05L25 0
| .save i(vvt_n05l25)
| XMVT_N05L25 DVT_N05L25 VGN 0 0 sky130_fd_pr__nfet_05v0_nvt L=25 W=1 nf=1 ad=0.29 as=0.29 pd=2.58 ps=2.58 nrd=0.29 nrs=0.29 sa=0
| + sb=0 sd=0 mult=1 m=1
| VON_N05L8 VDDA DON_N05L8 0
| .save i(von_n05l8)
| XMON_N05L8 DON_N05L8 VDDA 0 0 sky130_fd_pr__nfet_05v0_nvt L=8 W=1 nf=1 ad=0.29 as=0.29 pd=2.58 ps=2.58 nrd=0.29 nrs=0.29 sa=0 sb=0
| + sd=0 mult=1 m=1
| VOFF_N05L8 VDDA DOFF_N05L8 0
| .save i(voff_n05l8)
| XMOFF_N05L8 DOFF_N05L8 0 0 0 sky130_fd_pr__nfet_05v0_nvt L=8 W=1 nf=1 ad=0.29 as=0.29 pd=2.58 ps=2.58 nrd=0.29 nrs=0.29 sa=0 sb=0
| + sd=0 mult=1 m=1
| VSWD_N05L8 VSWN DSWD_N05L8 0
| .save i(vswd_n05l8)
| XMSWD_N05L8 DSWD_N05L8 VSWN 0 0 sky130_fd_pr__nfet_05v0_nvt L=8 W=1 nf=1 ad=0.29 as=0.29 pd=2.58 ps=2.58 nrd=0.29 nrs=0.29 sa=0
| + sb=0 sd=0 mult=1 m=1
| VVT_N05L8 VDCN DVT_N05L8 0
| .save i(vvt_n05l8)
| XMVT_N05L8 DVT_N05L8 VGN 0 0 sky130_fd_pr__nfet_05v0_nvt L=8 W=1 nf=1 ad=0.29 as=0.29 pd=2.58 ps=2.58 nrd=0.29 nrs=0.29 sa=0 sb=0
| + sd=0 mult=1 m=1
| VON_N03L08 VDDA DON_N03L08 0
| .save i(von_n03l08)
| XMON_N03L08 DON_N03L08 VDDA 0 0 sky130_fd_pr__nfet_03v3_nvt L=0.8 W=0.42 nf=1 ad=0.1218 as=0.1218 pd=1.42 ps=1.42
| + nrd=0.69047619047619 nrs=0.69047619047619 sa=0 sb=0 sd=0 mult=1 m=1
| VOFF_N03L08 VDDA DOFF_N03L08 0
| .save i(voff_n03l08)
| XMOFF_N03L08 DOFF_N03L08 0 0 0 sky130_fd_pr__nfet_03v3_nvt L=0.8 W=0.42 nf=1 ad=0.1218 as=0.1218 pd=1.42 ps=1.42
| + nrd=0.69047619047619 nrs=0.69047619047619 sa=0 sb=0 sd=0 mult=1 m=1
| VSWD_N03L08 VSWN DSWD_N03L08 0
| .save i(vswd_n03l08)
| XMSWD_N03L08 DSWD_N03L08 VSWN 0 0 sky130_fd_pr__nfet_03v3_nvt L=0.8 W=0.42 nf=1 ad=0.1218 as=0.1218 pd=1.42 ps=1.42
| + nrd=0.69047619047619 nrs=0.69047619047619 sa=0 sb=0 sd=0 mult=1 m=1
| VVT_N03L08 VDCN DVT_N03L08 0
| .save i(vvt_n03l08)
| XMVT_N03L08 DVT_N03L08 VGN 0 0 sky130_fd_pr__nfet_03v3_nvt L=0.8 W=0.42 nf=1 ad=0.1218 as=0.1218 pd=1.42 ps=1.42
| + nrd=0.69047619047619 nrs=0.69047619047619 sa=0 sb=0 sd=0 mult=1 m=1
| **.ends
| .control
| save all
| dc vg -1.0 2.0 0.001
| dc vsw 0 3.63 0.001
| let meas_vth_n05l25 = -1.0 + (mean(dc1.i(vvt_n05l25) lt 4e-9) * length(dc1.i(vvt_n05l25)) - 0.5) * 0.001
| let meas_ion_n05l25 = i(von_n05l25)[0]
| let meas_ioff_n05l25 = i(voff_n05l25)[0]
| let meas_vmin1n_n05l25 = (mean(i(vswd_n05l25) lt 1e-9) * length(i(vswd_n05l25)) - 0.5) * 0.001
| let meas_vmin100n_n05l25 = (mean(i(vswd_n05l25) lt 1e-7) * length(i(vswd_n05l25)) - 0.5) * 0.001
| let meas_vth_n05l8 = -1.0 + (mean(dc1.i(vvt_n05l8) lt 1.25e-8) * length(dc1.i(vvt_n05l8)) - 0.5) * 0.001
| let meas_ion_n05l8 = i(von_n05l8)[0]
| let meas_ioff_n05l8 = i(voff_n05l8)[0]
| let meas_vmin1n_n05l8 = (mean(i(vswd_n05l8) lt 1e-9) * length(i(vswd_n05l8)) - 0.5) * 0.001
| let meas_vmin100n_n05l8 = (mean(i(vswd_n05l8) lt 1e-7) * length(i(vswd_n05l8)) - 0.5) * 0.001
| let meas_vth_n03l08 = -1.0 + (mean(dc1.i(vvt_n03l08) lt 5.25e-8) * length(dc1.i(vvt_n03l08)) - 0.5) * 0.001
| let meas_ion_n03l08 = i(von_n03l08)[0]
| let meas_ioff_n03l08 = i(voff_n03l08)[0]
| let meas_vmin1n_n03l08 = (mean(i(vswd_n03l08) lt 1e-9) * length(i(vswd_n03l08)) - 0.5) * 0.001
| let meas_vmin100n_n03l08 = (mean(i(vswd_n03l08) lt 1e-7) * length(i(vswd_n03l08)) - 0.5) * 0.001
| let meas_isup_a = -i(va)[0]
| let meas_isup_b = -i(vsw)[length(i(vsw))-1]
| let meas_izero_b = abs(i(vsw)[0])
| let meas_ia_flat_n05l25 = abs(maximum(i(von_n05l25)) - minimum(i(von_n05l25))) / abs(i(von_n05l25)[0])
| print meas_vth_n05l25
| print meas_ion_n05l25
| print meas_ioff_n05l25
| print meas_vmin1n_n05l25
| print meas_vmin100n_n05l25
| print meas_vth_n05l8
| print meas_ion_n05l8
| print meas_ioff_n05l8
| print meas_vmin1n_n05l8
| print meas_vmin100n_n05l8
| print meas_vth_n03l08
| print meas_ion_n03l08
| print meas_ioff_n03l08
| print meas_vmin1n_n03l08
| print meas_vmin100n_n03l08
| print meas_isup_a
| print meas_isup_b
| print meas_izero_b
| print meas_ia_flat_n05l25
| quit
| .endc
| .end

# ==== ngspice stdout ====

Note: Compatibility modes selected: hs a


Circuit: * native-device-characterization corner deck -- generated by sim/bin/corner-run.py, do not edit

option SCALE: Scale is set to 1e-06 for instance and model parameters
option SCALE: Scale is set to 1e-06 for instance and model parameters
option SCALE: Scale is set to 1e-06 for instance and model parameters
option SCALE: Scale is set to 1e-06 for instance and model parameters
Doing analysis at TEMP = 27.000000 and TNOM = 27.000000

Using KLU as Direct Linear Solver
 Reference value : -1.00000e+00
 Reference value : -9.98000e-01
 Reference value : -9.96000e-01
 Reference value : -9.94000e-01
 Reference value : -9.92000e-01
 Reference value : -9.90000e-01
 Reference value : -9.88000e-01
 Reference value : -9.86000e-01
 Reference value : -9.84000e-01
 Reference value : -9.82000e-01
 Reference value : -9.80000e-01
 Reference value : -9.78000e-01
 Reference value : -9.76000e-01
 Reference value : -9.74000e-01
 Reference value : -9.72000e-01
 Reference value : -9.70000e-01
 Reference value : -9.68000e-01
 Reference value : -9.66000e-01
 Reference value : -9.64000e-01
 Reference value : -9.62000e-01
 Reference value : -9.60000e-01
 Reference value : -9.58000e-01
 Reference value : -9.56000e-01
 Reference value : -9.54000e-01
 Reference value : -9.52000e-01
 Reference value : -9.50000e-01
 Reference value : -9.48000e-01
 Reference value : -9.46000e-01
 Reference value : -9.44000e-01
 Reference value : -9.42000e-01
 Reference value : -9.40000e-01
 Reference value : -9.38000e-01
 Reference value : -9.36000e-01
 Reference value : -9.34000e-01
 Reference value : -9.32000e-01
 Reference value : -9.30000e-01
 Reference value : -9.28000e-01
 Reference value : -9.26000e-01
 Reference value : -9.24000e-01
 Reference value : -9.22000e-01
 Reference value : -9.20000e-01
 Reference value : -9.18000e-01
 Reference value : -9.16000e-01
 Reference value : -9.14000e-01
 Reference value : -9.12000e-01
 Reference value : -9.10000e-01
 Reference value : -9.08000e-01
 Reference value : -9.06000e-01
 Reference value : -9.04000e-01
 Reference value : -9.02000e-01
 Reference value : -9.00000e-01
 Reference value : -8.98000e-01
 Reference value : -8.96000e-01
 Reference value : -8.94000e-01
 Reference value : -8.92000e-01
 Reference value : -8.90000e-01
 Reference value : -8.88000e-01
 Reference value : -8.86000e-01
 Reference value : -8.84000e-01
 Reference value : -8.82000e-01
 Reference value : -8.80000e-01
 Reference value : -8.78000e-01
 Reference value : -8.76000e-01
 Reference value : -8.74000e-01
 Reference value : -8.72000e-01
 Reference value : -8.70000e-01
 Reference value : -8.68000e-01
 Reference value : -8.66000e-01
 Reference value : -8.64000e-01
 Reference value : -8.62000e-01
 Reference value : -8.60000e-01
 Reference value : -8.58000e-01
 Reference value : -8.56000e-01
 Reference value : -8.54000e-01
 Reference value : -8.52000e-01
 Reference value : -8.50000e-01
 Reference value : -8.48000e-01
 Reference value : -8.46000e-01
 Reference value : -8.44000e-01
 Reference value : -8.42000e-01
 Reference value : -8.40000e-01
 Reference value : -8.38000e-01
 Reference value : -8.36000e-01
 Reference value : -8.34000e-01
 Reference value : -8.32000e-01
 Reference value : -8.30000e-01
 Reference value : -8.28000e-01
 Reference value : -8.26000e-01
 Reference value : -8.24000e-01
 Reference value : -8.22000e-01
 Reference value : -8.20000e-01
 Reference value : -8.08000e-01
 Reference value : -8.06000e-01
 Reference value : -8.04000e-01
 Reference value : -8.02000e-01
 Reference value : -8.00000e-01
 Reference value : -7.98000e-01
 Reference value : -7.96000e-01
 Reference value : -7.94000e-01
 Reference value : -7.92000e-01
 Reference value : -7.90000e-01
 Reference value : -7.88000e-01
 Reference value : -7.86000e-01
 Reference value : -7.84000e-01
 Reference value : -7.82000e-01
 Reference value : -7.80000e-01
 Reference value : -7.78000e-01
 Reference value : -7.76000e-01
 Reference value : -7.74000e-01
 Reference value : -7.72000e-01
 Reference value : -7.70000e-01
 Reference value : -7.68000e-01
 Reference value : -7.66000e-01
 Reference value : -7.64000e-01
 Reference value : -7.62000e-01
 Reference value : -7.60000e-01
 Reference value : -7.58000e-01
 Reference value : -7.56000e-01
 Reference value : -7.54000e-01
 Reference value : -7.52000e-01
 Reference value : -7.50000e-01
 Reference value : -7.48000e-01
 Reference value : -7.46000e-01
 Reference value : -7.44000e-01
 Reference value : -7.42000e-01
 Reference value : -7.40000e-01
 Reference value : -7.38000e-01
 Reference value : -7.36000e-01
 Reference value : -7.34000e-01
 Reference value : -7.32000e-01
 Reference value : -7.30000e-01
 Reference value : -7.28000e-01
 Reference value : -7.26000e-01
 Reference value : -7.24000e-01
 Reference value : -7.22000e-01
 Reference value : -7.20000e-01
 Reference value : -7.18000e-01
 Reference value : -7.16000e-01
 Reference value : -7.14000e-01
 Reference value : -7.12000e-01
 Reference value : -7.10000e-01
 Reference value : -7.08000e-01
 Reference value : -7.06000e-01
 Reference value : -7.04000e-01
 Reference value : -7.02000e-01
 Reference value : -7.00000e-01
 Reference value : -6.98000e-01
 Reference value : -6.96000e-01
 Reference value : -6.94000e-01
 Reference value : -6.92000e-01
 Reference value : -6.90000e-01
 Reference value : -6.88000e-01
 Reference value : -6.86000e-01
 Reference value : -6.84000e-01
 Reference value : -6.82000e-01
 Reference value : -6.80000e-01
 Reference value : -6.78000e-01
 Reference value : -6.76000e-01
 Reference value : -6.74000e-01
 Reference value : -6.72000e-01
 Reference value : -6.70000e-01
 Reference value : -6.68000e-01
 Reference value : -6.66000e-01
 Reference value : -6.64000e-01
 Reference value : -6.62000e-01
 Reference value : -6.60000e-01
 Reference value : -6.58000e-01
 Reference value : -6.56000e-01
 Reference value : -6.54000e-01
 Reference value : -6.52000e-01
 Reference value : -6.50000e-01
 Reference value : -6.48000e-01
 Reference value : -6.46000e-01
 Reference value : -6.44000e-01
 Reference value : -6.42000e-01
 Reference value : -6.40000e-01
 Reference value : -6.38000e-01
 Reference value : -6.36000e-01
 Reference value : -6.34000e-01
 Reference value : -6.32000e-01
 Reference value : -6.30000e-01
 Reference value : -6.28000e-01
 Reference value : -6.26000e-01
 Reference value : -6.24000e-01
 Reference value : -6.22000e-01
 Reference value : -6.20000e-01
 Reference value : -6.18000e-01
 Reference value : -6.06000e-01
 Reference value : -6.04000e-01
 Reference value : -6.02000e-01
 Reference value : -6.00000e-01
 Reference value : -5.98000e-01
 Reference value : -5.96000e-01
 Reference value : -5.94000e-01
 Reference value : -5.92000e-01
 Reference value : -5.90000e-01
 Reference value : -5.88000e-01
 Reference value : -5.86000e-01
 Reference value : -5.84000e-01
 Reference value : -5.82000e-01
 Reference value : -5.80000e-01
 Reference value : -5.78000e-01
 Reference value : -5.76000e-01
 Reference value : -5.74000e-01
 Reference value : -5.72000e-01
 Reference value : -5.70000e-01
 Reference value : -5.68000e-01
 Reference value : -5.66000e-01
 Reference value : -5.64000e-01
 Reference value : -5.62000e-01
 Reference value : -5.60000e-01
 Reference value : -5.58000e-01
 Reference value : -5.56000e-01
 Reference value : -5.54000e-01
 Reference value : -5.52000e-01
 Reference value : -5.50000e-01
 Reference value : -5.48000e-01
 Reference value : -5.46000e-01
 Reference value : -5.44000e-01
 Reference value : -5.42000e-01
 Reference value : -5.40000e-01
 Reference value : -5.38000e-01
 Reference value : -5.36000e-01
 Reference value : -5.34000e-01
 Reference value : -5.32000e-01
 Reference value : -5.30000e-01
 Reference value : -5.28000e-01
 Reference value : -5.26000e-01
 Reference value : -5.24000e-01
 Reference value : -5.22000e-01
 Reference value : -5.20000e-01
 Reference value : -5.18000e-01
 Reference value : -5.16000e-01
 Reference value : -5.14000e-01
 Reference value : -5.12000e-01
 Reference value : -5.10000e-01
 Reference value : -5.08000e-01
 Reference value : -5.06000e-01
 Reference value : -5.04000e-01
 Reference value : -5.02000e-01
 Reference value : -5.00000e-01
 Reference value : -4.98000e-01
 Reference value : -4.96000e-01
 Reference value : -4.94000e-01
 Reference value : -4.92000e-01
 Reference value : -4.90000e-01
 Reference value : -4.88000e-01
 Reference value : -4.86000e-01
 Reference value : -4.84000e-01
 Reference value : -4.82000e-01
 Reference value : -4.80000e-01
 Reference value : -4.78000e-01
 Reference value : -4.76000e-01
 Reference value : -4.74000e-01
 Reference value : -4.72000e-01
 Reference value : -4.70000e-01
 Reference value : -4.68000e-01
 Reference value : -4.66000e-01
 Reference value : -4.64000e-01
 Reference value : -4.62000e-01
 Reference value : -4.60000e-01
 Reference value : -4.58000e-01
 Reference value : -4.56000e-01
 Reference value : -4.54000e-01
 Reference value : -4.52000e-01
 Reference value : -4.50000e-01
 Reference value : -4.48000e-01
 Reference value : -4.46000e-01
 Reference value : -4.44000e-01
 Reference value : -4.42000e-01
 Reference value : -4.40000e-01
 Reference value : -4.38000e-01
 Reference value : -4.36000e-01
 Reference value : -4.34000e-01
 Reference value : -4.32000e-01
 Reference value : -4.30000e-01
 Reference value : -4.28000e-01
 Reference value : -4.26000e-01
 Reference value : -4.24000e-01
 Reference value : -4.22000e-01
 Reference value : -4.20000e-01
 Reference value : -4.18000e-01
 Reference value : -4.16000e-01
 Reference value : -4.14000e-01
 Reference value : -4.12000e-01
 Reference value : -4.10000e-01
 Reference value : -4.08000e-01
 Reference value : -4.06000e-01
 Reference value : -4.04000e-01
 Reference value : -4.02000e-01
 Reference value : -4.00000e-01
 Reference value : -3.98000e-01
 Reference value : -3.96000e-01
 Reference value : -3.94000e-01
 Reference value : -3.92000e-01
 Reference value : -3.90000e-01
 Reference value : -3.88000e-01
 Reference value : -3.86000e-01
 Reference value : -3.84000e-01
 Reference value : -3.82000e-01
 Reference value : -3.80000e-01
 Reference value : -3.78000e-01
 Reference value : -3.76000e-01
 Reference value : -3.74000e-01
 Reference value : -3.72000e-01
 Reference value : -3.70000e-01
 Reference value : -3.68000e-01
 Reference value : -3.66000e-01
 Reference value : -3.64000e-01
 Reference value : -3.62000e-01
 Reference value : -3.60000e-01
 Reference value : -3.58000e-01
 Reference value : -3.56000e-01
 Reference value : -3.54000e-01
 Reference value : -3.52000e-01
 Reference value : -3.50000e-01
 Reference value : -3.48000e-01
 Reference value : -3.46000e-01
 Reference value : -3.44000e-01
 Reference value : -3.42000e-01
 Reference value : -3.40000e-01
 Reference value : -3.38000e-01
 Reference value : -3.36000e-01
 Reference value : -3.34000e-01
 Reference value : -3.32000e-01
 Reference value : -3.30000e-01
 Reference value : -3.28000e-01
 Reference value : -3.26000e-01
 Reference value : -3.24000e-01
 Reference value : -3.22000e-01
 Reference value : -3.20000e-01
 Reference value : -3.18000e-01
 Reference value : -3.16000e-01
 Reference value : -3.14000e-01
 Reference value : -3.12000e-01
 Reference value : -3.10000e-01
 Reference value : -3.08000e-01
 Reference value : -3.06000e-01
 Reference value : -3.04000e-01
 Reference value : -3.02000e-01
 Reference value : -3.00000e-01
 Reference value : -2.98000e-01
 Reference value : -2.96000e-01
 Reference value : -2.94000e-01
 Reference value : -2.92000e-01
 Reference value : -2.90000e-01
 Reference value : -2.88000e-01
 Reference value : -2.86000e-01
 Reference value : -2.84000e-01
 Reference value : -2.82000e-01
 Reference value : -2.80000e-01
 Reference value : -2.78000e-01
 Reference value : -2.76000e-01
 Reference value : -2.74000e-01
 Reference value : -2.72000e-01
 Reference value : -2.70000e-01
 Reference value : -2.68000e-01
 Reference value : -2.66000e-01
 Reference value : -2.64000e-01
 Reference value : -2.62000e-01
 Reference value : -2.60000e-01
 Reference value : -2.58000e-01
 Reference value : -2.56000e-01
 Reference value : -2.54000e-01
 Reference value : -2.52000e-01
 Reference value : -2.50000e-01
 Reference value : -2.48000e-01
 Reference value : -2.46000e-01
 Reference value : -2.44000e-01
 Reference value : -2.42000e-01
 Reference value : -2.40000e-01
 Reference value : -2.38000e-01
 Reference value : -2.36000e-01
 Reference value : -2.34000e-01
 Reference value : -2.32000e-01
 Reference value : -2.30000e-01
 Reference value : -2.28000e-01
 Reference value : -2.26000e-01
 Reference value : -2.24000e-01
 Reference value : -2.22000e-01
 Reference value : -2.20000e-01
 Reference value : -2.18000e-01
 Reference value : -2.16000e-01
 Reference value : -2.14000e-01
 Reference value : -2.12000e-01
 Reference value : -2.10000e-01
 Reference value : -2.08000e-01
 Reference value : -2.06000e-01
 Reference value : -2.04000e-01
 Reference value : -2.02000e-01
 Reference value : -2.00000e-01
 Reference value : -1.98000e-01
 Reference value : -1.96000e-01
 Reference value : -1.94000e-01
 Reference value : -1.92000e-01
 Reference value : -1.90000e-01
 Reference value : -1.88000e-01
 Reference value : -1.86000e-01
 Reference value : -1.84000e-01
 Reference value : -1.82000e-01
 Reference value : -1.80000e-01
 Reference value : -1.78000e-01
 Reference value : -1.76000e-01
 Reference value : -1.74000e-01
 Reference value : -1.72000e-01
 Reference value : -1.70000e-01
 Reference value : -1.68000e-01
 Reference value : -1.66000e-01
 Reference value : -1.64000e-01
 Reference value : -1.62000e-01
 Reference value : -1.60000e-01
 Reference value : -1.58000e-01
 Reference value : -1.56000e-01
 Reference value : -1.54000e-01
 Reference value : -1.52000e-01
 Reference value : -1.50000e-01
 Reference value : -1.48000e-01
 Reference value : -1.46000e-01
 Reference value : -1.44000e-01
 Reference value : -1.42000e-01
 Reference value : -1.40000e-01
 Reference value : -1.38000e-01
 Reference value : -1.36000e-01
 Reference value : -1.34000e-01
 Reference value : -1.32000e-01
 Reference value : -1.30000e-01
 Reference value : -1.28000e-01
 Reference value : -1.26000e-01
 Reference value : -1.24000e-01
 Reference value : -1.22000e-01
 Reference value : -1.20000e-01
 Reference value : -1.18000e-01
 Reference value : -1.16000e-01
 Reference value : -1.14000e-01
 Reference value : -1.12000e-01
 Reference value : -1.10000e-01
 Reference value : -1.08000e-01
 Reference value : -1.06000e-01
 Reference value : -1.04000e-01
 Reference value : -1.02000e-01
 Reference value : -1.00000e-01
 Reference value : -9.80000e-02
 Reference value : -9.60000e-02
 Reference value : -9.40000e-02
 Reference value : -9.20000e-02
 Reference value : -9.00000e-02
 Reference value : -8.80000e-02
 Reference value : -8.60000e-02
 Reference value : -8.40000e-02
 Reference value : -8.20000e-02
 Reference value : -8.00000e-02
 Reference value : -7.80000e-02
 Reference value : -7.60000e-02
 Reference value : -7.40000e-02
 Reference value : -7.20000e-02
 Reference value : -7.00000e-02
 Reference value : -6.80000e-02
 Reference value : -6.60000e-02
 Reference value : -6.40000e-02
 Reference value : -6.20000e-02
 Reference value : -6.00000e-02
 Reference value : -5.80000e-02
 Reference value : -5.60000e-02
 Reference value : -5.40000e-02
 Reference value : -5.20000e-02
 Reference value : -5.00000e-02
 Reference value : -4.80000e-02
 Reference value : -4.60000e-02
 Reference value : -4.40000e-02
 Reference value : -4.20000e-02
 Reference value : -4.00000e-02
 Reference value : -3.80000e-02
 Reference value : -3.60000e-02
 Reference value : -3.40000e-02
 Reference value : -3.20000e-02
 Reference value : -3.00000e-02
 Reference value : -2.80000e-02
 Reference value : -2.60000e-02
 Reference value : -2.40000e-02
 Reference value : -2.20000e-02
 Reference value : -2.00000e-02
 Reference value : -1.80000e-02
 Reference value : -1.60000e-02
 Reference value : -1.40000e-02
 Reference value : -1.20000e-02
 Reference value : -1.00000e-02
 Reference value : -8.00000e-03
 Reference value : -6.00000e-03
 Reference value : -4.00000e-03
 Reference value : -2.00000e-03
 Reference value :  8.81240e-16
 Reference value :  2.00000e-03
 Reference value :  4.00000e-03
 Reference value :  6.00000e-03
 Reference value :  8.00000e-03
 Reference value :  1.00000e-02
 Reference value :  3.30000e-02
 Reference value :  3.50000e-02
 Reference value :  3.70000e-02
 Reference value :  3.90000e-02
 Reference value :  4.10000e-02
 Reference value :  4.30000e-02
 Reference value :  4.50000e-02
 Reference value :  4.70000e-02
 Reference value :  4.90000e-02
 Reference value :  5.10000e-02
 Reference value :  5.30000e-02
 Reference value :  5.50000e-02
 Reference value :  5.70000e-02
 Reference value :  5.90000e-02
 Reference value :  6.10000e-02
 Reference value :  6.30000e-02
 Reference value :  6.50000e-02
 Reference value :  6.70000e-02
 Reference value :  6.90000e-02
 Reference value :  7.10000e-02
 Reference value :  7.30000e-02
 Reference value :  7.50000e-02
 Reference value :  7.70000e-02
 Reference value :  7.90000e-02
 Reference value :  8.10000e-02
 Reference value :  8.30000e-02
 Reference value :  8.50000e-02
 Reference value :  8.70000e-02
 Reference value :  8.90000e-02
 Reference value :  9.10000e-02
 Reference value :  9.30000e-02
 Reference value :  9.50000e-02
 Reference value :  9.70000e-02
 Reference value :  9.90000e-02
 Reference value :  1.01000e-01
 Reference value :  1.03000e-01
 Reference value :  1.05000e-01
 Reference value :  1.07000e-01
 Reference value :  1.09000e-01
 Reference value :  1.11000e-01
 Reference value :  1.13000e-01
 Reference value :  1.15000e-01
 Reference value :  1.17000e-01
 Reference value :  1.19000e-01
 Reference value :  1.21000e-01
 Reference value :  1.23000e-01
 Reference value :  1.25000e-01
 Reference value :  1.27000e-01
 Reference value :  1.29000e-01
 Reference value :  1.31000e-01
 Reference value :  1.33000e-01
 Reference value :  1.35000e-01
 Reference value :  1.37000e-01
 Reference value :  1.39000e-01
 Reference value :  1.41000e-01
 Reference value :  1.43000e-01
 Reference value :  1.45000e-01
 Reference value :  1.47000e-01
 Reference value :  1.49000e-01
 Reference value :  1.81000e-01
 Reference value :  1.83000e-01
 Reference value :  1.85000e-01
 Reference value :  1.87000e-01
 Reference value :  1.89000e-01
 Reference value :  1.91000e-01
 Reference value :  1.93000e-01
 Reference value :  1.95000e-01
 Reference value :  1.97000e-01
 Reference value :  1.99000e-01
 Reference value :  2.01000e-01
 Reference value :  2.03000e-01
 Reference value :  2.05000e-01
 Reference value :  2.07000e-01
 Reference value :  2.09000e-01
 Reference value :  2.11000e-01
 Reference value :  2.13000e-01
 Reference value :  2.15000e-01
 Reference value :  2.17000e-01
 Reference value :  2.19000e-01
 Reference value :  2.21000e-01
 Reference value :  2.23000e-01
 Reference value :  2.25000e-01
 Reference value :  2.33000e-01
 Reference value :  2.35000e-01
 Reference value :  2.37000e-01
 Reference value :  2.39000e-01
 Reference value :  2.41000e-01
 Reference value :  2.43000e-01
 Reference value :  2.45000e-01
 Reference value :  2.47000e-01
 Reference value :  2.49000e-01
 Reference value :  2.51000e-01
 Reference value :  2.53000e-01
 Reference value :  2.55000e-01
 Reference value :  2.57000e-01
 Reference value :  2.59000e-01
 Reference value :  2.61000e-01
 Reference value :  2.63000e-01
 Reference value :  2.65000e-01
 Reference value :  2.67000e-01
 Reference value :  2.69000e-01
 Reference value :  2.71000e-01
 Reference value :  2.73000e-01
 Reference value :  2.75000e-01
 Reference value :  2.77000e-01
 Reference value :  2.79000e-01
 Reference value :  2.81000e-01
 Reference value :  2.83000e-01
 Reference value :  2.85000e-01
 Reference value :  2.87000e-01
 Reference value :  2.89000e-01
 Reference value :  2.91000e-01
 Reference value :  2.93000e-01
 Reference value :  2.95000e-01
 Reference value :  2.97000e-01
 Reference value :  2.99000e-01
 Reference value :  3.01000e-01
 Reference value :  3.03000e-01
 Reference value :  3.05000e-01
 Reference value :  3.07000e-01
 Reference value :  3.09000e-01
 Reference value :  3.11000e-01
 Reference value :  3.13000e-01
 Reference value :  3.15000e-01
 Reference value :  3.17000e-01
 Reference value :  3.19000e-01
 Reference value :  3.21000e-01
 Reference value :  3.23000e-01
 Reference value :  3.25000e-01
 Reference value :  3.27000e-01
 Reference value :  3.29000e-01
 Reference value :  3.31000e-01
 Reference value :  3.33000e-01
 Reference value :  3.51000e-01
 Reference value :  3.53000e-01
 Reference value :  3.55000e-01
 Reference value :  3.57000e-01
 Reference value :  3.59000e-01
 Reference value :  3.61000e-01
 Reference value :  3.63000e-01
 Reference value :  3.65000e-01
 Reference value :  3.67000e-01
 Reference value :  3.69000e-01
 Reference value :  3.71000e-01
 Reference value :  3.73000e-01
 Reference value :  3.75000e-01
 Reference value :  3.77000e-01
 Reference value :  3.79000e-01
 Reference value :  3.81000e-01
 Reference value :  3.83000e-01
 Reference value :  3.85000e-01
 Reference value :  3.87000e-01
 Reference value :  3.89000e-01
 Reference value :  3.91000e-01
 Reference value :  3.93000e-01
 Reference value :  3.95000e-01
 Reference value :  3.97000e-01
 Reference value :  3.99000e-01
 Reference value :  4.01000e-01
 Reference value :  4.03000e-01
 Reference value :  4.05000e-01
 Reference value :  4.07000e-01
 Reference value :  4.09000e-01
 Reference value :  4.11000e-01
 Reference value :  4.13000e-01
 Reference value :  4.15000e-01
 Reference value :  4.17000e-01
 Reference value :  4.19000e-01
 Reference value :  4.21000e-01
 Reference value :  4.23000e-01
 Reference value :  4.25000e-01
 Reference value :  4.27000e-01
 Reference value :  4.29000e-01
 Reference value :  4.31000e-01
 Reference value :  4.33000e-01
 Reference value :  4.36000e-01
 Reference value :  4.38000e-01
 Reference value :  4.40000e-01
 Reference value :  4.42000e-01
 Reference value :  4.44000e-01
 Reference value :  4.46000e-01
 Reference value :  4.48000e-01
 Reference value :  4.50000e-01
 Reference value :  4.52000e-01
 Reference value :  4.54000e-01
 Reference value :  4.56000e-01
 Reference value :  4.58000e-01
 Reference value :  4.60000e-01
 Reference value :  4.62000e-01
 Reference value :  4.64000e-01
 Reference value :  4.66000e-01
 Reference value :  4.68000e-01
 Reference value :  4.70000e-01
 Reference value :  4.72000e-01
 Reference value :  4.74000e-01
 Reference value :  4.76000e-01
 Reference value :  4.78000e-01
 Reference value :  4.80000e-01
 Reference value :  4.82000e-01
 Reference value :  4.84000e-01
 Reference value :  4.86000e-01
 Reference value :  4.88000e-01
 Reference value :  4.90000e-01
 Reference value :  4.92000e-01
 Reference value :  4.95000e-01
 Reference value :  4.97000e-01
 Reference value :  4.99000e-01
 Reference value :  5.01000e-01
 Reference value :  5.03000e-01
 Reference value :  5.05000e-01
 Reference value :  5.07000e-01
 Reference value :  5.09000e-01
 Reference value :  5.11000e-01
 Reference value :  5.13000e-01
 Reference value :  5.15000e-01
 Reference value :  5.17000e-01
 Reference value :  5.19000e-01
 Reference value :  5.21000e-01
 Reference value :  5.23000e-01
 Reference value :  5.25000e-01
 Reference value :  5.27000e-01
 Reference value :  5.29000e-01
 Reference value :  5.31000e-01
 Reference value :  5.33000e-01
 Reference value :  5.35000e-01
 Reference value :  5.37000e-01
 Reference value :  5.39000e-01
 Reference value :  5.41000e-01
 Reference value :  5.43000e-01
 Reference value :  5.45000e-01
 Reference value :  5.47000e-01
 Reference value :  5.49000e-01
 Reference value :  5.51000e-01
 Reference value :  5.53000e-01
 Reference value :  5.55000e-01
 Reference value :  5.57000e-01
 Reference value :  5.59000e-01
 Reference value :  5.61000e-01
 Reference value :  5.63000e-01
 Reference value :  5.65000e-01
 Reference value :  5.67000e-01
 Reference value :  5.69000e-01
 Reference value :  5.71000e-01
 Reference value :  5.73000e-01
 Reference value :  5.75000e-01
 Reference value :  5.77000e-01
 Reference value :  5.79000e-01
 Reference value :  5.83000e-01
 Reference value :  5.85000e-01
 Reference value :  5.87000e-01
 Reference value :  5.89000e-01
 Reference value :  5.91000e-01
 Reference value :  5.93000e-01
 Reference value :  5.95000e-01
 Reference value :  5.97000e-01
 Reference value :  5.99000e-01
 Reference value :  6.01000e-01
 Reference value :  6.03000e-01
 Reference value :  6.05000e-01
 Reference value :  6.07000e-01
 Reference value :  6.09000e-01
 Reference value :  6.11000e-01
 Reference value :  6.13000e-01
 Reference value :  6.15000e-01
 Reference value :  6.17000e-01
 Reference value :  6.83000e-01
 Reference value :  7.68000e-01
 Reference value :  1.13600e+00
 Reference value :  1.50400e+00
 Reference value :  1.68600e+00
 Reference value :  1.73600e+00
 Reference value :  1.74100e+00
 Reference value :  1.91300e+00
No. of Data Rows : 3001
Doing analysis at TEMP = 27.000000 and TNOM = 27.000000

Using KLU as Direct Linear Solver
 Reference value :  2.78000e-01
 Reference value :  6.83000e-01
 Reference value :  8.40000e-01
 Reference value :  1.00000e+00
 Reference value :  1.36300e+00
 Reference value :  1.75300e+00
 Reference value :  1.94800e+00
 Reference value :  2.10200e+00
 Reference value :  2.37100e+00
 Reference value :  2.63600e+00
 Reference value :  2.96700e+00
 Reference value :  3.35800e+00
 Reference value :  3.62400e+00
No. of Data Rows : 3631
meas_vth_n05l25 = 1.255000e-01
meas_ion_n05l25 = 1.446147e-05
meas_ioff_n05l25 = 1.664462e-10
meas_vmin1n_n05l25 = 7.150000e-02
meas_vmin100n_n05l25 = 2.995000e-01
meas_vth_n05l8 = 1.215000e-01
meas_ion_n05l8 = 4.784643e-05
meas_ioff_n05l8 = 5.733716e-10
meas_vmin1n_n05l8 = 3.350000e-02
meas_vmin100n_n05l8 = 2.125000e-01
meas_vth_n03l08 = -1.45000e-02
meas_ion_n03l08 = 1.635373e-04
meas_ioff_n03l08 = 6.687463e-07
meas_vmin1n_n03l08 = 5.000000e-04
meas_vmin100n_n03l08 = 3.750000e-02
meas_isup_a = 2.265147e-04
meas_isup_b = 2.965745e-04
meas_izero_b = 3.467287e-25
meas_ia_flat_n05l25 = 0.000000e+00
ngspice-46 done

# ==== ngspice stderr ====

