# point: por-comparator-thresholds real-bias-core r100 fs_-40c
# process=fs temp=-40C rate=100 V/s tstop=0.0726s klt status: pass

# ==== klt sim deck ====
| * klt sim -- generated corner deck, do not edit
| .lib /opt/pdk/sky130A/libs.tech/combined/sky130.lib.spice fs
| .include /var/tmp/eda-job-klt-sim-5fdfcee6a735/inputs/netlist.cir
| .temp -40
| .meas tran vdd_end FIND v(vdd) AT=0.072599
| .meas tran por_raw_max MAX v(por_raw)
| .control
| alter vset=3.63
| set filetype=ascii
| tran 1u 0.0726 0 2e-05
| write /var/tmp/eda-job-klt-sim-5fdfcee6a735/outputs/artifacts/fs_3p630V_n40C/waveform.raw
| quit
| .endc
| .end

# ==== klt diagnostics ====

# ==== ngspice stdout+stderr ====

Note: No compatibility mode selected!


Circuit: * klt sim -- generated corner deck, do not edit

Doing analysis at TEMP = -40.000000 and TNOM = 27.000000

Using SPARSE 1.3 as Direct Linear Solver

Initial Transient Solution
--------------------------

Node                                   Voltage
----                                   -------
vsetn                                     3.63
vdd                                          0
xdut.bias_okb                      2.88862e-47
bias_ok                           -3.35308e-46
ibias                             -6.19154e-17
xdut.nbg                          -7.21601e-17
xdut.sns                         -1.65658e-290
xdut.xrtop.t1                    -1.65659e-290
xdut.xrtop.t2                     5.56469e-296
xdut.snsb                         1.18079e-291
xdut.xrbot.t1                     1.18074e-291
xdut.xrbot.t2                    -1.65658e-290
xdut.xrhys.t1                    -5.56469e-296
xdut.xrhys.t2                     1.18085e-291
xdut.n1                           -1.40214e-28
xdut.tn                            -2.6926e-23
xdut.na                            2.50467e-23
xdut.cmpo                          1.31135e-23
vref                              1.86989e-102
xdut.vdda                         -1.50762e-26
por_raw                            1.74331e-23
xbias.na                          1.63573e-106
xbias.pg                          -6.3963e-128
xbias.nbtop                       2.22345e-102
xbias.nbg                        -7.87894e-125
xbias.xrt.t1                      2.22345e-102
xbias.xrt.t2                      2.22345e-102
xbias.nb                          2.22345e-102
xbias.xr1.t1                      2.22345e-102
xbias.xr1.t2                      2.22345e-102
xbias.ec                          2.22345e-102
xbias.xr2.t1                      1.86989e-102
xbias.xr2.t2                       1.8699e-102
xbias.er                           1.8699e-102
xbias.pb                           5.8437e-196
xbias.nt                          2.00746e-155
xbias.n1                         -2.66998e-153
xbias.n2                          -1.0639e-154
xbias.nz                          -1.0639e-154
xbias.xrz.t1                      -1.0639e-154
xbias.xrz.t2                      -1.0639e-154
xbias.ks1                         -2.72464e-60
xbias.ks2                          1.58595e-58
xbias.ks3                         -9.22656e-57
xbias.ks4                          5.36767e-55
xbias.nkg                         -3.12271e-53
xbias.nkm                         4.38596e-163
xbias.tok                        -5.40391e-110
xbias.noko                        2.17672e-110
xbias.nokl                         4.6737e-110
xbias.nokx                       -1.83797e-103
bvdd#branch                       -6.23714e-29
vset#branch                                  0


No. of Data Rows : 3643

  Measurements for Transient Analysis

vdd_end             =  1.00000e-04
por_raw_max         =  3.62995e+00 at=  3.63005e-02

ASCII raw file "/var/tmp/eda-job-klt-sim-5fdfcee6a735/outputs/artifacts/fs_3p630V_n40C/waveform.raw"
ngspice-46 done
