# point: por-comparator-thresholds real-bias-core r100 fs_125c
# process=fs temp=125C rate=100 V/s tstop=0.0726s klt status: pass

# ==== klt sim deck ====
| * klt sim -- generated corner deck, do not edit
| .lib /opt/pdk/sky130A/libs.tech/combined/sky130.lib.spice fs
| .include /var/tmp/eda-job-klt-sim-5fdfcee6a735/inputs/netlist.cir
| .temp 125
| .meas tran vdd_end FIND v(vdd) AT=0.072599
| .meas tran por_raw_max MAX v(por_raw)
| .control
| alter vset=3.63
| set filetype=ascii
| tran 1u 0.0726 0 2e-05
| write /var/tmp/eda-job-klt-sim-5fdfcee6a735/outputs/artifacts/fs_3p630V_125C/waveform.raw
| quit
| .endc
| .end

# ==== klt diagnostics ====

# ==== ngspice stdout+stderr ====

Note: No compatibility mode selected!


Circuit: * klt sim -- generated corner deck, do not edit

Doing analysis at TEMP = 125.000000 and TNOM = 27.000000

Using SPARSE 1.3 as Direct Linear Solver

Initial Transient Solution
--------------------------

Node                                   Voltage
----                                   -------
vsetn                                     3.63
vdd                                          0
xdut.bias_okb                      1.68387e-18
bias_ok                            1.56491e-18
ibias                             -1.59872e-18
xdut.nbg                           1.59711e-18
xdut.sns                         -4.05982e-164
xdut.xrtop.t1                     -4.0598e-164
xdut.xrtop.t2                    -2.31871e-169
xdut.snsb                        -7.53967e-164
xdut.xrbot.t1                    -7.53965e-164
xdut.xrbot.t2                    -4.05984e-164
xdut.xrhys.t1                    -4.38795e-168
xdut.xrhys.t2                    -7.53923e-164
xdut.n1                           -1.11708e-18
xdut.tn                           -1.01994e-13
xdut.na                           -4.83646e-12
xdut.cmpo                         -1.93898e-14
vref                               1.89081e-19
xdut.vdda                         -2.38244e-13
por_raw                            1.35053e-18
xbias.na                          -1.35315e-18
xbias.pg                           5.65521e-19
xbias.nbtop                       -8.15594e-19
xbias.nbg                         -2.34044e-18
xbias.xrt.t1                      -8.15594e-19
xbias.xrt.t2                      -8.15594e-19
xbias.nb                          -8.15594e-19
xbias.xr1.t1                      -8.15594e-19
xbias.xr1.t2                      -8.15593e-19
xbias.ec                          -8.15593e-19
xbias.xr2.t1                       1.89081e-19
xbias.xr2.t2                       1.89081e-19
xbias.er                           1.89081e-19
xbias.pb                           4.70174e-19
xbias.nt                           2.10323e-18
xbias.n1                           4.57766e-19
xbias.n2                           9.47591e-19
xbias.nz                           9.47591e-19
xbias.xrz.t1                       9.47591e-19
xbias.xrz.t2                       9.47591e-19
xbias.ks1                         -1.85082e-18
xbias.ks2                         -1.78482e-18
xbias.ks3                         -3.51487e-19
xbias.ks4                          8.27762e-19
xbias.nkg                          -1.6979e-18
xbias.nkm                          3.93275e-19
xbias.tok                          6.74567e-19
xbias.noko                         6.29135e-20
xbias.nokl                        -1.45163e-18
xbias.nokx                        -6.63868e-19
bvdd#branch                        -3.8576e-22
vset#branch                                  0


No. of Data Rows : 3645

  Measurements for Transient Analysis

vdd_end             =  1.00000e-04
por_raw_max         =  3.62995e+00 at=  3.63005e-02

ASCII raw file "/var/tmp/eda-job-klt-sim-5fdfcee6a735/outputs/artifacts/fs_3p630V_125C/waveform.raw"
ngspice-46 done
