# point: por-comparator-thresholds real-bias-core r100 sf_-40c
# process=sf temp=-40C rate=100 V/s tstop=0.0726s klt status: pass

# ==== klt sim deck ====
| * klt sim -- generated corner deck, do not edit
| .lib /opt/pdk/sky130A/libs.tech/combined/sky130.lib.spice sf
| .include /var/tmp/eda-job-klt-sim-5fdfcee6a735/inputs/netlist.cir
| .temp -40
| .meas tran vdd_end FIND v(vdd) AT=0.072599
| .meas tran por_raw_max MAX v(por_raw)
| .control
| alter vset=3.63
| set filetype=ascii
| tran 1u 0.0726 0 2e-05
| write /var/tmp/eda-job-klt-sim-5fdfcee6a735/outputs/artifacts/sf_3p630V_n40C/waveform.raw
| quit
| .endc
| .end

# ==== klt diagnostics ====

# ==== ngspice stdout+stderr ====

Note: No compatibility mode selected!


Circuit: * klt sim -- generated corner deck, do not edit

Doing analysis at TEMP = -40.000000 and TNOM = 27.000000

Using SPARSE 1.3 as Direct Linear Solver

Initial Transient Solution
--------------------------

Node                                   Voltage
----                                   -------
vsetn                                     3.63
vdd                                          0
xdut.bias_okb                      1.91725e-21
bias_ok                           -1.49011e-24
ibias                              3.78428e-21
xdut.nbg                          -1.30634e-20
xdut.sns                          1.85275e-317
xdut.xrtop.t1                     1.85273e-317
xdut.xrtop.t2                     1.23516e-322
xdut.snsb                        -2.96439e-323
xdut.xrbot.t1                    -1.58101e-322
xdut.xrbot.t2                     1.85276e-317
xdut.xrhys.t1                                0
xdut.xrhys.t2                    -2.96439e-323
xdut.n1                            1.50035e-18
xdut.tn                            1.24613e-18
xdut.na                           -6.26064e-18
xdut.cmpo                          2.93443e-18
vref                               7.97174e-39
xdut.vdda                          6.33982e-25
por_raw                            5.57747e-21
xbias.na                            4.4025e-45
xbias.pg                          -3.07165e-45
xbias.nbtop                       -1.13693e-34
xbias.nbg                          1.44399e-61
xbias.xrt.t1                      -1.13693e-34
xbias.xrt.t2                      -1.13693e-34
xbias.nb                          -1.13693e-34
xbias.xr1.t1                      -1.13693e-34
xbias.xr1.t2                      -1.13693e-34
xbias.ec                          -1.13693e-34
xbias.xr2.t1                       7.97174e-39
xbias.xr2.t2                       7.97178e-39
xbias.er                           7.97178e-39
xbias.pb                           5.05612e-53
xbias.nt                         -7.22612e-107
xbias.n1                          -1.84155e-99
xbias.n2                          -5.07278e-99
xbias.nz                          -5.07278e-99
xbias.xrz.t1                      -5.07278e-99
xbias.xrz.t2                      -5.07278e-99
xbias.ks1                          2.90372e-60
xbias.ks2                         -1.10516e-58
xbias.ks3                          4.20188e-57
xbias.ks4                         -1.59755e-55
xbias.nkg                          6.07386e-54
xbias.nkm                         -6.34561e-62
xbias.tok                          8.59462e-38
xbias.noko                        -8.14048e-31
xbias.nokl                        -1.36221e-44
xbias.nokx                         4.61458e-69
bvdd#branch                       -1.81457e-30
vset#branch                                  0


No. of Data Rows : 3645

  Measurements for Transient Analysis

vdd_end             =  1.00000e-04
por_raw_max         =  3.62971e+00 at=  3.62971e-02

ASCII raw file "/var/tmp/eda-job-klt-sim-5fdfcee6a735/outputs/artifacts/sf_3p630V_n40C/waveform.raw"
ngspice-46 done
