# point: por-comparator-thresholds real-bias-core r100 sf_27c
# process=sf temp=27C rate=100 V/s tstop=0.0726s klt status: pass

# ==== klt sim deck ====
| * klt sim -- generated corner deck, do not edit
| .lib /opt/pdk/sky130A/libs.tech/combined/sky130.lib.spice sf
| .include /var/tmp/eda-job-klt-sim-5fdfcee6a735/inputs/netlist.cir
| .temp 27
| .meas tran vdd_end FIND v(vdd) AT=0.072599
| .meas tran por_raw_max MAX v(por_raw)
| .control
| alter vset=3.63
| set filetype=ascii
| tran 1u 0.0726 0 2e-05
| write /var/tmp/eda-job-klt-sim-5fdfcee6a735/outputs/artifacts/sf_3p630V_27C/waveform.raw
| quit
| .endc
| .end

# ==== klt diagnostics ====

# ==== ngspice stdout+stderr ====

Note: No compatibility mode selected!


Circuit: * klt sim -- generated corner deck, do not edit

Doing analysis at TEMP = 27.000000 and TNOM = 27.000000

Using SPARSE 1.3 as Direct Linear Solver

Initial Transient Solution
--------------------------

Node                                   Voltage
----                                   -------
vsetn                                     3.63
vdd                                          0
xdut.bias_okb                     -1.63942e-18
bias_ok                            2.61987e-19
ibias                             -7.71454e-15
xdut.nbg                          -5.61744e-17
xdut.sns                          3.39633e-220
xdut.xrtop.t1                     3.39631e-220
xdut.xrtop.t2                     2.34326e-225
xdut.snsb                          6.3073e-220
xdut.xrbot.t1                     6.30727e-220
xdut.xrbot.t2                     3.39636e-220
xdut.xrhys.t1                     4.43425e-224
xdut.xrhys.t2                     6.30685e-220
xdut.n1                           -2.73268e-19
xdut.tn                           -9.02349e-19
xdut.na                            1.31247e-18
xdut.cmpo                          2.77631e-19
vref                               1.29851e-39
xdut.vdda                         -2.57831e-23
por_raw                           -1.64208e-18
xbias.na                            1.2667e-39
xbias.pg                          3.70482e-290
xbias.nbtop                       -1.35776e-37
xbias.nbg                         -3.85089e-35
xbias.xrt.t1                      -1.35776e-37
xbias.xrt.t2                      -1.35776e-37
xbias.nb                          -1.35776e-37
xbias.xr1.t1                      -1.35776e-37
xbias.xr1.t2                      -1.35776e-37
xbias.ec                          -1.35776e-37
xbias.xr2.t1                       1.29851e-39
xbias.xr2.t2                       1.29851e-39
xbias.er                           1.29851e-39
xbias.pb                          -1.20527e-31
xbias.nt                           2.32481e-44
xbias.n1                          -1.25324e-43
xbias.n2                          -3.17722e-42
xbias.nz                          -3.17722e-42
xbias.xrz.t1                      -3.17722e-42
xbias.xrz.t2                      -3.17722e-42
xbias.ks1                          -7.6735e-33
xbias.ks2                          2.94159e-31
xbias.ks3                         -1.12687e-29
xbias.ks4                           4.3168e-28
xbias.nkg                         -1.65368e-26
xbias.nkm                           3.1692e-33
xbias.tok                         -8.99628e-24
xbias.noko                         1.12313e-18
xbias.nokl                         1.09298e-28
xbias.nokx                        -7.59678e-35
bvdd#branch                        -7.8658e-27
vset#branch                                  0


No. of Data Rows : 3656

  Measurements for Transient Analysis

vdd_end             =  1.00000e-04
por_raw_max         =  3.62995e+00 at=  3.63005e-02

ASCII raw file "/var/tmp/eda-job-klt-sim-5fdfcee6a735/outputs/artifacts/sf_3p630V_27C/waveform.raw"
ngspice-46 done
