# point: por-comparator-thresholds real-bias-core r100 ss_125c
# process=ss temp=125C rate=100 V/s tstop=0.0726s klt status: pass

# ==== klt sim deck ====
| * klt sim -- generated corner deck, do not edit
| .lib /opt/pdk/sky130A/libs.tech/combined/sky130.lib.spice ss
| .include /var/tmp/eda-job-klt-sim-5fdfcee6a735/inputs/netlist.cir
| .temp 125
| .meas tran vdd_end FIND v(vdd) AT=0.072599
| .meas tran por_raw_max MAX v(por_raw)
| .control
| alter vset=3.63
| set filetype=ascii
| tran 1u 0.0726 0 2e-05
| write /var/tmp/eda-job-klt-sim-5fdfcee6a735/outputs/artifacts/ss_3p630V_125C/waveform.raw
| quit
| .endc
| .end

# ==== klt diagnostics ====

# ==== ngspice stdout+stderr ====

Note: No compatibility mode selected!


Circuit: * klt sim -- generated corner deck, do not edit

Doing analysis at TEMP = 125.000000 and TNOM = 27.000000

Using SPARSE 1.3 as Direct Linear Solver

Initial Transient Solution
--------------------------

Node                                   Voltage
----                                   -------
vsetn                                     3.63
vdd                                          0
xdut.bias_okb                      -1.5264e-18
bias_ok                            7.43646e-19
ibias                              4.27395e-19
xdut.nbg                           1.65465e-18
xdut.sns                          -2.1123e-218
xdut.xrtop.t1                    -2.11228e-218
xdut.xrtop.t2                    -1.20641e-223
xdut.snsb                        -3.92284e-218
xdut.xrbot.t1                    -3.92282e-218
xdut.xrbot.t2                    -2.11231e-218
xdut.xrhys.t1                    -2.28302e-222
xdut.xrhys.t2                    -3.92261e-218
xdut.n1                             1.0789e-18
xdut.tn                           -3.98186e-15
xdut.na                           -8.51817e-15
xdut.cmpo                         -4.31084e-15
vref                                1.4009e-20
xdut.vdda                          2.98439e-12
por_raw                            1.43778e-18
xbias.na                          -5.96905e-19
xbias.pg                          -1.83197e-18
xbias.nbtop                        9.66325e-19
xbias.nbg                           1.1008e-18
xbias.xrt.t1                       9.66325e-19
xbias.xrt.t2                       9.66325e-19
xbias.nb                           9.66325e-19
xbias.xr1.t1                       9.66325e-19
xbias.xr1.t2                       9.66325e-19
xbias.ec                           9.66325e-19
xbias.xr2.t1                        1.4009e-20
xbias.xr2.t2                        1.4009e-20
xbias.er                            1.4009e-20
xbias.pb                          -1.30357e-18
xbias.nt                           1.26491e-18
xbias.n1                           -6.9633e-19
xbias.n2                          -9.68479e-19
xbias.nz                          -9.68479e-19
xbias.xrz.t1                      -9.68479e-19
xbias.xrz.t2                      -9.68479e-19
xbias.ks1                         -1.39047e-18
xbias.ks2                          -4.9737e-19
xbias.ks3                          5.35662e-20
xbias.ks4                         -2.80688e-18
xbias.nkg                         -1.70353e-18
xbias.nkm                         -1.47082e-18
xbias.tok                         -2.35988e-19
xbias.noko                         3.42076e-19
xbias.nokl                         6.47895e-19
xbias.nokx                         4.24639e-19
bvdd#branch                         1.1924e-23
vset#branch                                  0


No. of Data Rows : 3643

  Measurements for Transient Analysis

vdd_end             =  1.00000e-04
por_raw_max         =  3.62995e+00 at=  3.63005e-02

ASCII raw file "/var/tmp/eda-job-klt-sim-5fdfcee6a735/outputs/artifacts/ss_3p630V_125C/waveform.raw"
ngspice-46 done
