# point: por-comparator-thresholds real-bias-core r100 tt_125c
# process=tt temp=125C rate=100 V/s tstop=0.0726s klt status: pass

# ==== klt sim deck ====
| * klt sim -- generated corner deck, do not edit
| .lib /opt/pdk/sky130A/libs.tech/combined/sky130.lib.spice tt
| .include /var/tmp/eda-job-klt-sim-5fdfcee6a735/inputs/netlist.cir
| .temp 125
| .meas tran vdd_end FIND v(vdd) AT=0.072599
| .meas tran por_raw_max MAX v(por_raw)
| .control
| alter vset=3.63
| set filetype=ascii
| tran 1u 0.0726 0 2e-05
| write /var/tmp/eda-job-klt-sim-5fdfcee6a735/outputs/artifacts/tt_3p630V_125C/waveform.raw
| quit
| .endc
| .end

# ==== klt diagnostics ====

# ==== ngspice stdout+stderr ====

Note: No compatibility mode selected!


Circuit: * klt sim -- generated corner deck, do not edit

Doing analysis at TEMP = 125.000000 and TNOM = 27.000000

Using SPARSE 1.3 as Direct Linear Solver

Initial Transient Solution
--------------------------

Node                                   Voltage
----                                   -------
vsetn                                     3.63
vdd                                          0
xdut.bias_okb                       3.0016e-19
bias_ok                           -1.84072e-18
ibias                              -6.1457e-12
xdut.nbg                          -1.02862e-13
xdut.sns                         -1.87866e-175
xdut.xrtop.t1                    -1.87865e-175
xdut.xrtop.t2                    -1.07297e-180
xdut.snsb                        -3.48893e-175
xdut.xrbot.t1                    -3.48892e-175
xdut.xrbot.t2                    -1.87867e-175
xdut.xrhys.t1                     -2.0305e-179
xdut.xrhys.t2                    -3.48873e-175
xdut.n1                           -1.80896e-18
xdut.tn                            4.94124e-19
xdut.na                            8.73211e-19
xdut.cmpo                          6.61412e-19
vref                               1.99688e-18
xdut.vdda                         -9.59703e-20
por_raw                           -1.35646e-18
xbias.na                          -5.60875e-19
xbias.pg                           1.55812e-18
xbias.nbtop                         2.6559e-18
xbias.nbg                         -4.03527e-19
xbias.xrt.t1                        2.6559e-18
xbias.xrt.t2                        2.6559e-18
xbias.nb                            2.6559e-18
xbias.xr1.t1                        2.6559e-18
xbias.xr1.t2                        2.6559e-18
xbias.ec                            2.6559e-18
xbias.xr2.t1                       1.99688e-18
xbias.xr2.t2                       1.99687e-18
xbias.er                           1.99687e-18
xbias.pb                           -1.3928e-18
xbias.nt                           -1.3972e-18
xbias.n1                          -2.29246e-18
xbias.n2                          -1.17211e-18
xbias.nz                          -1.17211e-18
xbias.xrz.t1                      -1.17211e-18
xbias.xrz.t2                      -1.17211e-18
xbias.ks1                          -1.0275e-18
xbias.ks2                         -1.77257e-18
xbias.ks3                         -8.28011e-20
xbias.ks4                         -8.39474e-19
xbias.nkg                          1.54152e-18
xbias.nkm                          -1.1714e-18
xbias.tok                          6.69845e-19
xbias.noko                         1.43135e-18
xbias.nokl                        -2.43543e-18
xbias.nokx                        -3.92735e-19
bvdd#branch                       -3.02584e-21
vset#branch                                  0


No. of Data Rows : 3645

  Measurements for Transient Analysis

vdd_end             =  1.00000e-04
por_raw_max         =  3.62995e+00 at=  3.63005e-02

ASCII raw file "/var/tmp/eda-job-klt-sim-5fdfcee6a735/outputs/artifacts/tt_3p630V_125C/waveform.raw"
ngspice-46 done
