# point: supply-ramp-top diag-mn1-l20 r100000 tt_125c_3.30v
# process=tt temp=125C final_supply=3.30V rate=100000 V/s tstop=0.0150363s
# klt status: pass   runtime on runner: 136.914 s   outcome: PASS

# ==== klt sim deck (exact input given to ngspice on the runner) ====
| * klt sim -- generated corner deck, do not edit
| .lib /opt/pdk/sky130A/libs.tech/combined/sky130.lib.spice tt
| .include /var/tmp/eda-job-klt-sim-d62891d79946/inputs/netlist.cir
| .temp 125
| .meas tran vdd_end FIND v(vdd) AT=0.0149363
| .meas tran resetn_end FIND v(resetn) AT=0.0149363
| .meas tran resetn_max MAX v(resetn)
| .meas tran por_raw_max MAX v(xdut.por_raw)
| .meas tran ibias_end FIND v(xdut.ibias) AT=0.0149363
| .control
| alter vset=3.3
| set filetype=ascii
| tran 1u 0.0150363 0 5e-06
| write /var/tmp/eda-job-klt-sim-d62891d79946/outputs/artifacts/tt_3p300V_125C/waveform.raw
| quit
| .endc
| .end

# ==== klt diagnostics ====

# ==== ngspice stdout+stderr ====

Note: No compatibility mode selected!


Circuit: * klt sim -- generated corner deck, do not edit

Doing analysis at TEMP = 125.000000 and TNOM = 27.000000

Using SPARSE 1.3 as Direct Linear Solver

Initial Transient Solution
--------------------------

Node                                   Voltage
----                                   -------
vsetn                                      3.3
vdd                                          0
xdut.xbias.na                      6.48792e-19
xdut.xbias.pg                     -2.47269e-18
xdut.xbias.nbtop                  -6.56317e-19
xdut.vref                          4.59514e-19
xdut.xbias.nbg                     1.09028e-20
xdut.xbias.xrt.t1                 -6.56317e-19
xdut.xbias.xrt.t2                 -6.56317e-19
xdut.xbias.nb                     -6.56317e-19
xdut.xbias.xr1.t1                 -6.56317e-19
xdut.xbias.xr1.t2                 -6.56317e-19
xdut.xbias.ec                     -6.56317e-19
xdut.xbias.xr2.t1                  4.59514e-19
xdut.xbias.xr2.t2                  4.59514e-19
xdut.xbias.er                      4.59514e-19
xdut.xbias.pb                     -7.43621e-19
xdut.ibias                        -5.96698e-19
xdut.xbias.nt                      3.49875e-19
xdut.xbias.n1                     -2.29272e-18
xdut.xbias.n2                     -2.74585e-18
xdut.xbias.nz                     -2.74585e-18
xdut.xbias.xrz.t1                 -2.74585e-18
xdut.xbias.xrz.t2                 -2.74585e-18
xdut.xbias.ks1                    -3.50907e-19
xdut.xbias.ks2                     1.48213e-18
xdut.xbias.ks3                     -6.7961e-19
xdut.xbias.ks4                    -1.52531e-18
xdut.xbias.nkg                     7.46851e-19
xdut.xbias.nkm                    -4.57823e-19
xdut.xbias.tok                      5.0655e-19
xdut.xbias.noko                    1.22977e-18
xdut.xbias.nokl                   -1.84252e-18
xdut.xbias.nokx                   -8.38311e-19
xdut.bias_ok                       7.76886e-19
xdut.xcmp.bias_okb                 1.02937e-19
xdut.xcmp.nbg                     -1.26631e-18
xdut.xcmp.sns                    -1.25983e-312
xdut.xcmp.xrtop.t1               -1.25982e-312
xdut.xcmp.xrtop.t2               -7.19558e-318
xdut.xcmp.snsb                   -2.33968e-312
xdut.xcmp.xrbot.t1               -2.33968e-312
xdut.xcmp.xrbot.t2               -1.25984e-312
xdut.xcmp.xrhys.t1               -1.36165e-316
xdut.xcmp.xrhys.t2               -2.33955e-312
xdut.xcmp.n1                       1.70115e-18
xdut.xcmp.tn                      -1.63206e-19
xdut.xcmp.na                      -1.35616e-18
xdut.xcmp.cmpo                    -2.35734e-21
xdut.xcmp.vdda                     7.92204e-20
xdut.por_raw                       5.33085e-19
xdut.xpor.pdn                     -1.47426e-19
xdut.xpor.ndl                      -1.1843e-18
xdut.xpor.ndgp                    -1.34967e-19
xdut.xpor.ndg                      1.67806e-18
xdut.xpor.ndgn                    -2.82227e-19
xdut.xpor.pgdg                    -4.68358e-20
xdut.xpor.pgdgb                    8.88926e-19
xdut.xpor.nts                     -4.36478e-19
xdut.xpor.tim                     -1.54688e-18
xdut.xpor.nd1                      4.91852e-19
xdut.xpor.trip                    -1.51638e-18
resetn                              2.2898e-18
xdut.xpor.rstb                      1.5891e-18
xdut.xpor.nnand                    3.11984e-19
xdut.xtemp.nbg                     4.72005e-19
xdut.xtemp.enb                    -7.67337e-20
xdut.xtemp.pb                      7.29369e-31
xdut.xtemp.pcas                    3.48838e-19
xdut.xtemp.nt                     -6.39907e-19
xdut.xtemp.n1                      3.05855e-19
xdut.xtemp.na                       4.1887e-18
xdut.xtemp.n2                      -9.7568e-19
xdut.xtemp.nb                      1.81026e-18
xdut.xtemp.pg                     -9.95428e-19
xdut.xtemp.nz                      -9.7568e-19
xdut.xtemp.xrz.t1                  -9.7568e-19
xdut.xtemp.xrz.t2                  -9.7568e-19
xdut.xtemp.m1d                     9.05687e-18
xdut.xtemp.m2d                     7.47209e-19
xdut.xtemp.m3d                     1.11823e-18
ptat                              -1.54676e-24
xdut.xtemp.nd                      6.90283e-19
xdut.xtemp.nr                      1.44255e-18
ctat                               4.18877e-18
xdut.xtemp.nc                      1.81026e-18
xdut.xtemp.xr1.t1                  1.81026e-18
xdut.xtemp.xr1.t2                  1.81026e-18
xdut.xtemp.xr2.t1                 -1.54674e-24
xdut.xtemp.xr2.t2                  -2.2475e-25
xdut.xtemp.ptat_trim              -2.24727e-25
xdut.xtemp.xr2trim.t1             -2.24705e-25
xdut.xtemp.xr2trim.t2             -2.24798e-29
xdut.xtemp.xriso.t1                 4.1887e-18
xdut.xtemp.xriso.t2                4.18877e-18
bvdd#branch                       -4.51646e-29
vset#branch                                  0


No. of Data Rows : 3049

  Measurements for Transient Analysis

vdd_end             =  3.30000e+00
resetn_end          =  3.05754e+00
resetn_max          =  3.05754e+00 at=  2.32263e-03
por_raw_max         =  3.30001e+00 at=  6.35642e-05
ibias_end           =  7.02590e-01

ASCII raw file "/var/tmp/eda-job-klt-sim-d62891d79946/outputs/artifacts/tt_3p300V_125C/waveform.raw"
ngspice-46 done
