corner sf_-40c_3.63v  combo en-high__ramp1u  verdict-input status=pass
graded: ptat=1.09832; ctat=0.780209; na=0.78021; nb=0.78021; isup=5.80414e-06; bias_ok=3.63; ptat_settled=1.67459e-10; ctat_settled=9.46132e-13  fails=[]
--- deck ---
* klt sim -- generated corner deck, do not edit
.lib /opt/pdk/sky130A/libs.tech/combined/sky130.lib.spice sf
.include /var/tmp/eda-job-klt-sim-c96980ddbcde/inputs/netlist.cir
.temp -40
.meas tran vdd_end FIND v(vdd) AT=0.01
.control
alter vset=3.63
set filetype=ascii
tran 1e-05 0.01 uic
write /var/tmp/eda-job-klt-sim-c96980ddbcde/outputs/artifacts/sf_3p630V_n40C/waveform.raw
quit
.endc
.end

--- ngspice log ---

Note: No compatibility mode selected!


Circuit: * klt sim -- generated corner deck, do not edit

Doing analysis at TEMP = -40.000000 and TNOM = 27.000000

Using SPARSE 1.3 as Direct Linear Solver
Operating point simulation skipped by 'uic',
  now using transient initial conditions.

No. of Data Rows : 1048

  Measurements for Transient Analysis

vdd_end             =  3.63000e+00

ASCII raw file "/var/tmp/eda-job-klt-sim-c96980ddbcde/outputs/artifacts/sf_3p630V_n40C/waveform.raw"
ngspice-46 done

