# point: mc_27c_nosupply
# record: 20260825-220116-a9cac4b
# role: process-mc -- MC_PR_SWITCH=1 (global process Monte Carlo) liveness check -- confirms the switch draws a non-degenerate sample on THIS repo's own PNP netlist, per issue #17's acceptance criteria
# section=mc temp=27C supply=n/a seed=20260825 samples=30
# pdk: sky130A @ open_pdks c6d73a35f524070e85faff4a6a9eef49553ebc2b (/home/ubuntu/.volare/sky130A/libs.tech/combined/sky130.lib.spice)
# ngspice exit: 0
# run (UTC): 2026-08-25T22:01:16Z

# ==== .spiceinit (exact) ====
| * ngspice init settings for the sky130 PDK model libraries.
| *
| * The corner runner copies this file into its scratch run directory as
| * `.spiceinit` before invoking ngspice, so runs do not depend on whatever
| * happens to be in ~/.spiceinit. To drive ngspice by hand with the same
| * settings, copy this file to `.spiceinit` in your working directory.
| *
| * Derived from the PDK's own libs.tech/ngspice/spinit; kept in-repo so the
| * settings a record was produced under are versioned with the harness.
| 
| set ngbehavior=hsa     ; HSPICE-ish compatibility, required to read PDK libs
| set skywaterpdk        ; skip some checks for faster lib loading
| set ng_nomodcheck      ; do not check model parameters
| option noinit          ; do not dump operating point data into the log
| option klu             ; KLU direct linear solver
| 
| * Monte Carlo controls injected by sim/pnp-mismatch/run_pnp_mismatch.py
| set mc_seed=20260825
| set mc_runs=30

# ==== corner.spice (exact) ====
| * Generated per point by sim/pnp-mismatch/run_pnp_mismatch.py from the
| * resolved PDK -- scratch only, not committed.
| .lib "/home/ubuntu/.volare/sky130A/libs.tech/combined/sky130.lib.spice" mc
| .temp 27

# ==== testbench deck (exact input given to ngspice) ====
| * tb_pnp_mismatch.spice -- sky130 substrate-PNP local-mismatch Monte Carlo
| * (issue #17: sim-harness port; adapted from sky130-bandgap's
| * sim/pnp-mismatch/, whose own testbench targets bandgap-core-specific
| * device sizes this repo's design does not use -- see the topology note
| * below).
| *
| * Confirms the ported harness's local-mismatch (MC_MM_SWITCH=1) AND global
| * process (MC_PR_SWITCH=1) Monte Carlo mechanisms both produce non-degenerate
| * samples against THIS repo's own PNP topology, per issue #17's own
| * acceptance criteria edge case. Deliberately NOT run through
| * sim/bin/corner-run.py: that runner drives one deterministic .op per PVT
| * point and has no notion of resampling a deck N times, which is exactly
| * what a distribution claim needs. Driven instead by
| * sim/pnp-mismatch/run_pnp_mismatch.py.
| *
| * ---------------------------------------------------------------------------
| * sky130 mismatch mechanism (verified against the pinned PDK, not assumed --
| * identical mechanism sky130-bandgap's own sim/pnp-mismatch/ already
| * confirmed working on this same PDK pin)
| * ---------------------------------------------------------------------------
| * In sky130A the per-instance mismatch terms live inside the device
| * subcircuits in libs.tech/combined/continuous/models_bjt.spice:
| *
| *   .subckt sky130_fd_pr__pnp_05v5_W3p40L3p40 c b e mult=1
| *   .param mm_bf = {sw_mm_..._bf * mismatch_factor * MC_MM_SWITCH
| *                   * AGAUSS(0,1.0,1)/sqrt(mult)}
| *          mm_is = {sw_mm_..._is * mismatch_factor * MC_MM_SWITCH
| *                   * AGAUSS(0,1.0,1)/sqrt(mult)}
| *   ... is = '<W0p68L0p68 Is expr> * 0.13 * (1+mm_is)'   (area-matching scale)
| *       bf = '<W0p68L0p68 Bf expr> * 0.45 * (1+mm_bf)'
| *
| * The gate is MC_MM_SWITCH (local/intra-die mismatch) and, independently,
| * MC_PR_SWITCH (global/inter-die process Monte Carlo) -- neither is settable
| * from the deck itself: every plain corner section of
| * libs.tech/combined/sky130.lib.spice sets both to 0, the `*_mm` sections set
| * MC_MM_SWITCH=1 (MC_PR_SWITCH stays 0), and the `mc` section sets
| * MC_PR_SWITCH=1 (MC_MM_SWITCH stays 0). The section name is therefore the
| * switch. This run script exercises BOTH: `tt_mm` for the local-mismatch
| * points, `mc` for the global-process point, `tt` for the control point
| * (which must return sigma == 0 exactly for both switches).
| *
| * AGAUSS() is evaluated per subcircuit *instance*, so separate instantiations
| * of the same subcircuit already draw independently -- no per-device
| * parameter plumbing needed. ngspice re-draws on `reset`, which is what makes
| * the control loop below a genuine Monte Carlo; `setseed` makes it
| * reproducible.
| *
| * ---------------------------------------------------------------------------
| * Topology -- THIS repo's own PNP usage, not a re-run of sky130-bandgap's
| * ---------------------------------------------------------------------------
| * Confirmed by grep across design/netlist/*.spice (issue #17 port time):
| * every PNP instance in this repo's design is
| * `sky130_fd_pr__pnp_05v5_W3p40L3p40` (the LARGE fixed emitter size) --
| * design/bias_core.md's own device-mapping table explains why: sky130 ships
| * only two fixed PNP emitter sizes and the small one (W0p68L0p68) is not used
| * anywhere in this design, so sky130-bandgap's own small/large area-ratioed
| * mismatch pair does not map onto this repo's actual circuit. What this
| * design DOES have, in both bias_core and temp_core
| * (design/netlist/bias_core.spice, design/netlist/temp_core.spice): a single
| * PNP (`XQ1`) diode-connected c=VSS b=VSS e=<node>, and an 8-way PARALLEL
| * array of identical PNPs (`XQ8A`..`XQ8H`, same connection convention, all
| * eight emitters tied to one shared node) built as eight separate X
| * instances -- not one instance with `mult=8` -- exactly as
| * design/bias_core.md documents ("mult only scales the mismatch terms, not
| * Is, the identical quirk gf180's pnp_10p00x10p00 has"). This IS the real
| * 8:1-ratio PTAT ΔVBE core the design's own topology depends on, so this
| * deck reproduces it directly rather than inventing a device-size ratio this
| * design does not have:
| *
| *   (a) "identical" pair: two single-unit W3p40L3p40 devices at equal
| *       emitter current -- the pair-offset any single-unit leg in this
| *       design sees (e.g. XQ1 vs one leg of the XQ8x array, or XQR).
| *   (b) "array1v8" pair: one single-unit device vs 8 PARALLEL units sharing
| *       one node, fed the SAME total branch current as the single unit (so
| *       each of the 8 legs carries 1/8th the single device's current
| *       density) -- the actual XQ1-vs-XQ8A..H topology, where a shared
| *       mirrored branch current is split 8 ways. This 8x current-density
| *       ratio is what generates the real VT*ln(8) PTAT ΔVBE term the design
| *       depends on. The 8-parallel array's *combined* random Is deviation is
| *       the average of 8 independent per-instance draws, so its relative
| *       mismatch sigma is expected to land near 1/sqrt(8) of a single
| *       device's -- a real, falsifiable prediction of this exact topology
| *       (see run_pnp_mismatch.py's analytic_sigma()).
| *
| * Every DUT is diode-connected the way this design's PNPs actually are:
| * collector and base tied to VSS (=0 here), emitter driven by an ideal
| * current source, so VEB = v(emitter node). Subcircuit pin order is (c b e),
| * hence `X<name> 0 0 <emitter-node>`.
| *
| * Bias currents: 1 uA and 10 uA total branch current for both the identical
| * pair (per device) and the array1v8 pair (split 8 ways in the array leg) --
| * the same two rungs sky130-bandgap's own mismatch record used (its own
| * cross-reference: rungs of a 100 nA..100 uA half-decade characterization
| * ladder), kept here for cross-repo comparability. This repo's own
| * per-branch bias currents have not been characterized against sky130 models
| * yet (spec/porting-plan.md Sec4 item 2, not yet filed) -- these are
| * generic, round convenience points, not a claim about this design's actual
| * bias point.
| *
| * No supply rail exists in this deck: every DUT is referred to its own
| * emitter node and biased by an ideal current source, the same as
| * sky130-bandgap's own sim/pnp-mismatch/ (see that repo's tb_pnp_mismatch.spice
| * for the identical justification, which applies unchanged here).
| *
| * ---------------------------------------------------------------------------
| * Inputs supplied by the run script (this deck is not standalone)
| * ---------------------------------------------------------------------------
| *   corner.spice  -- generated: `.lib <sky130.lib.spice> <section>` + `.temp`
| *   $mc_seed      -- ngspice variable, set from the generated .spiceinit
| *   $mc_runs      -- ngspice variable, set from the generated .spiceinit
| * The defaults below apply only if the deck is driven by hand.
| 
| .include corner.spice
| 
| * ---- identical pair: W3p40L3p40 x2, 1 uA ----
| Ia1a 0 ea1a 1u
| XA1a 0 0 ea1a sky130_fd_pr__pnp_05v5_W3p40L3p40
| Ia1b 0 ea1b 1u
| XA1b 0 0 ea1b sky130_fd_pr__pnp_05v5_W3p40L3p40
| 
| * ---- identical pair: W3p40L3p40 x2, 10 uA ----
| Ia10a 0 ea10a 10u
| XA10a 0 0 ea10a sky130_fd_pr__pnp_05v5_W3p40L3p40
| Ia10b 0 ea10b 10u
| XA10b 0 0 ea10b sky130_fd_pr__pnp_05v5_W3p40L3p40
| 
| * ---- array1v8 pair: single vs 8-parallel W3p40L3p40, SAME total branch
| * current shared 8 ways (matching bias_core's/temp_core's real topology:
| * XQ1 carries the full branch current alone, XQ8A..H share the same total
| * current 8 ways -- an 8x lower per-device current density in the array,
| * which is what generates the real VT*ln(8) PTAT term. Scaling the array's
| * current source UP by 8x instead (equalizing per-device current density)
| * would cancel that ratio to ~0 -- exactly the kind of mistake
| * run_pnp_mismatch.py's own signal_vs_sigma check exists to catch, not
| * silently accept. ----
| Ir1a 0 er1a 1u
| XR1a 0 0 er1a sky130_fd_pr__pnp_05v5_W3p40L3p40
| Ir1b 0 er1b 1u
| XR1b0 0 0 er1b sky130_fd_pr__pnp_05v5_W3p40L3p40
| XR1b1 0 0 er1b sky130_fd_pr__pnp_05v5_W3p40L3p40
| XR1b2 0 0 er1b sky130_fd_pr__pnp_05v5_W3p40L3p40
| XR1b3 0 0 er1b sky130_fd_pr__pnp_05v5_W3p40L3p40
| XR1b4 0 0 er1b sky130_fd_pr__pnp_05v5_W3p40L3p40
| XR1b5 0 0 er1b sky130_fd_pr__pnp_05v5_W3p40L3p40
| XR1b6 0 0 er1b sky130_fd_pr__pnp_05v5_W3p40L3p40
| XR1b7 0 0 er1b sky130_fd_pr__pnp_05v5_W3p40L3p40
| 
| * ---- array1v8 pair: single vs 8-parallel W3p40L3p40, SAME total branch
| * current shared 8 ways (see the note above) ----
| Ir10a 0 er10a 10u
| XR10a 0 0 er10a sky130_fd_pr__pnp_05v5_W3p40L3p40
| Ir10b 0 er10b 10u
| XR10b0 0 0 er10b sky130_fd_pr__pnp_05v5_W3p40L3p40
| XR10b1 0 0 er10b sky130_fd_pr__pnp_05v5_W3p40L3p40
| XR10b2 0 0 er10b sky130_fd_pr__pnp_05v5_W3p40L3p40
| XR10b3 0 0 er10b sky130_fd_pr__pnp_05v5_W3p40L3p40
| XR10b4 0 0 er10b sky130_fd_pr__pnp_05v5_W3p40L3p40
| XR10b5 0 0 er10b sky130_fd_pr__pnp_05v5_W3p40L3p40
| XR10b6 0 0 er10b sky130_fd_pr__pnp_05v5_W3p40L3p40
| XR10b7 0 0 er10b sky130_fd_pr__pnp_05v5_W3p40L3p40
| 
| .control
| if $?mc_seed
|   setseed $mc_seed
| else
|   setseed 20260825
| end
| if $?mc_runs
|   let nruns = $mc_runs
| else
|   let nruns = 300
| end
| set width  = 512
| set height = 100000
| let run = 0
| dowhile run < nruns
|   reset
|   op
|   let da1   = v(ea1a)  - v(ea1b)
|   let da10  = v(ea10a) - v(ea10b)
|   let dr1   = v(er1a)  - v(er1b)
|   let dr10  = v(er10a) - v(er10b)
|   let vr1a  = v(er1a)
|   let vr1b  = v(er1b)
|   let vr10a = v(er10a)
|   let vr10b = v(er10b)
|   print da1 da10 dr1 dr10 vr1a vr1b vr10a vr10b
|   let run = run + 1
| end
| quit
| .endc
| 
| .end

# ==== ngspice stdout+stderr ====

Note: Compatibility modes selected: hs a


Circuit: * tb_pnp_mismatch.spice -- sky130 substrate-pnp local-mismatch monte carlo

option SCALE: Scale is set to 1e-06 for instance and model parameters
option SCALE: Scale is set to 1e-06 for instance and model parameters
option SCALE: Scale is set to 1e-06 for instance and model parameters
option SCALE: Scale is set to 1e-06 for instance and model parameters
Reset re-loads circuit * tb_pnp_mismatch.spice -- sky130 substrate-pnp local-mismatch monte carlo

Circuit: * tb_pnp_mismatch.spice -- sky130 substrate-pnp local-mismatch monte carlo

option SCALE: Scale is set to 1e-06 for instance and model parameters
option SCALE: Scale is set to 1e-06 for instance and model parameters
option SCALE: Scale is set to 1e-06 for instance and model parameters
option SCALE: Scale is set to 1e-06 for instance and model parameters
Doing analysis at TEMP = 27.000000 and TNOM = 27.000000

Using KLU as Direct Linear Solver
 Reference value :  0.00000e+00
No. of Data Rows : 1
da1 = -8.02619e-05
da10 = -5.07117e-05
dr1 = 5.447218e-02
dr10 = 5.487530e-02
vr1a = 6.803959e-01
vr1b = 6.259238e-01
vr10a = 7.410573e-01
vr10b = 6.861820e-01
Reset re-loads circuit * tb_pnp_mismatch.spice -- sky130 substrate-pnp local-mismatch monte carlo

Circuit: * tb_pnp_mismatch.spice -- sky130 substrate-pnp local-mismatch monte carlo

option SCALE: Scale is set to 1e-06 for instance and model parameters
option SCALE: Scale is set to 1e-06 for instance and model parameters
option SCALE: Scale is set to 1e-06 for instance and model parameters
option SCALE: Scale is set to 1e-06 for instance and model parameters
Doing analysis at TEMP = 27.000000 and TNOM = 27.000000

Using KLU as Direct Linear Solver

No. of Data Rows : 1
da1 = 9.068334e-06
da10 = 1.083567e-04
dr1 = 5.437153e-02
dr10 = 5.491866e-02
vr1a = 6.802890e-01
vr1b = 6.259175e-01
vr10a = 7.411040e-01
vr10b = 6.861854e-01
Reset re-loads circuit * tb_pnp_mismatch.spice -- sky130 substrate-pnp local-mismatch monte carlo

Circuit: * tb_pnp_mismatch.spice -- sky130 substrate-pnp local-mismatch monte carlo

option SCALE: Scale is set to 1e-06 for instance and model parameters
option SCALE: Scale is set to 1e-06 for instance and model parameters
option SCALE: Scale is set to 1e-06 for instance and model parameters
option SCALE: Scale is set to 1e-06 for instance and model parameters
Doing analysis at TEMP = 27.000000 and TNOM = 27.000000

Using KLU as Direct Linear Solver

No. of Data Rows : 1
da1 = -2.68683e-05
da10 = -1.10012e-04
dr1 = 5.452433e-02
dr10 = 5.489986e-02
vr1a = 6.804031e-01
vr1b = 6.258787e-01
vr10a = 7.410949e-01
vr10b = 6.861950e-01
Reset re-loads circuit * tb_pnp_mismatch.spice -- sky130 substrate-pnp local-mismatch monte carlo

Circuit: * tb_pnp_mismatch.spice -- sky130 substrate-pnp local-mismatch monte carlo

option SCALE: Scale is set to 1e-06 for instance and model parameters
option SCALE: Scale is set to 1e-06 for instance and model parameters
option SCALE: Scale is set to 1e-06 for instance and model parameters
option SCALE: Scale is set to 1e-06 for instance and model parameters
Doing analysis at TEMP = 27.000000 and TNOM = 27.000000

Using KLU as Direct Linear Solver

No. of Data Rows : 1
da1 = 7.869003e-05
da10 = -4.06390e-06
dr1 = 5.442192e-02
dr10 = 5.490191e-02
vr1a = 6.803313e-01
vr1b = 6.259094e-01
vr10a = 7.410976e-01
vr10b = 6.861957e-01
Reset re-loads circuit * tb_pnp_mismatch.spice -- sky130 substrate-pnp local-mismatch monte carlo

Circuit: * tb_pnp_mismatch.spice -- sky130 substrate-pnp local-mismatch monte carlo

option SCALE: Scale is set to 1e-06 for instance and model parameters
option SCALE: Scale is set to 1e-06 for instance and model parameters
option SCALE: Scale is set to 1e-06 for instance and model parameters
option SCALE: Scale is set to 1e-06 for instance and model parameters
Doing analysis at TEMP = 27.000000 and TNOM = 27.000000

Using KLU as Direct Linear Solver

No. of Data Rows : 1
da1 = 5.073909e-05
da10 = -3.78526e-05
dr1 = 5.441586e-02
dr10 = 5.488110e-02
vr1a = 6.803037e-01
vr1b = 6.258878e-01
vr10a = 7.410890e-01
vr10b = 6.862080e-01
Reset re-loads circuit * tb_pnp_mismatch.spice -- sky130 substrate-pnp local-mismatch monte carlo

Circuit: * tb_pnp_mismatch.spice -- sky130 substrate-pnp local-mismatch monte carlo

option SCALE: Scale is set to 1e-06 for instance and model parameters
option SCALE: Scale is set to 1e-06 for instance and model parameters
option SCALE: Scale is set to 1e-06 for instance and model parameters
option SCALE: Scale is set to 1e-06 for instance and model parameters
Doing analysis at TEMP = 27.000000 and TNOM = 27.000000

Using KLU as Direct Linear Solver

No. of Data Rows : 1
da1 = -3.71289e-05
da10 = -5.96233e-05
dr1 = 5.435510e-02
dr10 = 5.486956e-02
vr1a = 6.802814e-01
vr1b = 6.259262e-01
vr10a = 7.410494e-01
vr10b = 6.861798e-01
Reset re-loads circuit * tb_pnp_mismatch.spice -- sky130 substrate-pnp local-mismatch monte carlo

Circuit: * tb_pnp_mismatch.spice -- sky130 substrate-pnp local-mismatch monte carlo

option SCALE: Scale is set to 1e-06 for instance and model parameters
option SCALE: Scale is set to 1e-06 for instance and model parameters
option SCALE: Scale is set to 1e-06 for instance and model parameters
option SCALE: Scale is set to 1e-06 for instance and model parameters
Doing analysis at TEMP = 27.000000 and TNOM = 27.000000

Using KLU as Direct Linear Solver

No. of Data Rows : 1
da1 = -1.00647e-04
da10 = -3.68906e-05
dr1 = 5.448537e-02
dr10 = 5.491474e-02
vr1a = 6.803595e-01
vr1b = 6.258741e-01
vr10a = 7.411039e-01
vr10b = 6.861892e-01
Reset re-loads circuit * tb_pnp_mismatch.spice -- sky130 substrate-pnp local-mismatch monte carlo

Circuit: * tb_pnp_mismatch.spice -- sky130 substrate-pnp local-mismatch monte carlo

option SCALE: Scale is set to 1e-06 for instance and model parameters
option SCALE: Scale is set to 1e-06 for instance and model parameters
option SCALE: Scale is set to 1e-06 for instance and model parameters
option SCALE: Scale is set to 1e-06 for instance and model parameters
Doing analysis at TEMP = 27.000000 and TNOM = 27.000000

Using KLU as Direct Linear Solver

No. of Data Rows : 1
da1 = 6.599888e-05
da10 = -2.65640e-05
dr1 = 5.444654e-02
dr10 = 5.506083e-02
vr1a = 6.803326e-01
vr1b = 6.258860e-01
vr10a = 7.412354e-01
vr10b = 6.861745e-01
Reset re-loads circuit * tb_pnp_mismatch.spice -- sky130 substrate-pnp local-mismatch monte carlo

Circuit: * tb_pnp_mismatch.spice -- sky130 substrate-pnp local-mismatch monte carlo

option SCALE: Scale is set to 1e-06 for instance and model parameters
option SCALE: Scale is set to 1e-06 for instance and model parameters
option SCALE: Scale is set to 1e-06 for instance and model parameters
option SCALE: Scale is set to 1e-06 for instance and model parameters
Doing analysis at TEMP = 27.000000 and TNOM = 27.000000

Using KLU as Direct Linear Solver

No. of Data Rows : 1
da1 = -1.02613e-04
da10 = 8.976699e-05
dr1 = 5.436985e-02
dr10 = 5.483370e-02
vr1a = 6.802999e-01
vr1b = 6.259301e-01
vr10a = 7.410261e-01
vr10b = 6.861923e-01
Reset re-loads circuit * tb_pnp_mismatch.spice -- sky130 substrate-pnp local-mismatch monte carlo

Circuit: * tb_pnp_mismatch.spice -- sky130 substrate-pnp local-mismatch monte carlo

option SCALE: Scale is set to 1e-06 for instance and model parameters
option SCALE: Scale is set to 1e-06 for instance and model parameters
option SCALE: Scale is set to 1e-06 for instance and model parameters
option SCALE: Scale is set to 1e-06 for instance and model parameters
Doing analysis at TEMP = 27.000000 and TNOM = 27.000000

Using KLU as Direct Linear Solver

No. of Data Rows : 1
da1 = 2.515547e-05
da10 = 1.174355e-04
dr1 = 5.440831e-02
dr10 = 5.494690e-02
vr1a = 6.803178e-01
vr1b = 6.259094e-01
vr10a = 7.411223e-01
vr10b = 6.861754e-01
Reset re-loads circuit * tb_pnp_mismatch.spice -- sky130 substrate-pnp local-mismatch monte carlo

Circuit: * tb_pnp_mismatch.spice -- sky130 substrate-pnp local-mismatch monte carlo

option SCALE: Scale is set to 1e-06 for instance and model parameters
option SCALE: Scale is set to 1e-06 for instance and model parameters
option SCALE: Scale is set to 1e-06 for instance and model parameters
option SCALE: Scale is set to 1e-06 for instance and model parameters
Doing analysis at TEMP = 27.000000 and TNOM = 27.000000

Using KLU as Direct Linear Solver

No. of Data Rows : 1
da1 = 2.687761e-05
da10 = -6.30032e-05
dr1 = 5.447647e-02
dr10 = 5.481767e-02
vr1a = 6.803722e-01
vr1b = 6.258958e-01
vr10a = 7.410337e-01
vr10b = 6.862160e-01
Reset re-loads circuit * tb_pnp_mismatch.spice -- sky130 substrate-pnp local-mismatch monte carlo

Circuit: * tb_pnp_mismatch.spice -- sky130 substrate-pnp local-mismatch monte carlo

option SCALE: Scale is set to 1e-06 for instance and model parameters
option SCALE: Scale is set to 1e-06 for instance and model parameters
option SCALE: Scale is set to 1e-06 for instance and model parameters
option SCALE: Scale is set to 1e-06 for instance and model parameters
Doing analysis at TEMP = 27.000000 and TNOM = 27.000000

Using KLU as Direct Linear Solver

No. of Data Rows : 1
da1 = 1.098179e-04
da10 = -3.26608e-05
dr1 = 5.450113e-02
dr10 = 5.485288e-02
vr1a = 6.803893e-01
vr1b = 6.258882e-01
vr10a = 7.410620e-01
vr10b = 6.862092e-01
Reset re-loads circuit * tb_pnp_mismatch.spice -- sky130 substrate-pnp local-mismatch monte carlo

Circuit: * tb_pnp_mismatch.spice -- sky130 substrate-pnp local-mismatch monte carlo

option SCALE: Scale is set to 1e-06 for instance and model parameters
option SCALE: Scale is set to 1e-06 for instance and model parameters
option SCALE: Scale is set to 1e-06 for instance and model parameters
option SCALE: Scale is set to 1e-06 for instance and model parameters
Doing analysis at TEMP = 27.000000 and TNOM = 27.000000

Using KLU as Direct Linear Solver

No. of Data Rows : 1
da1 = 1.021807e-05
da10 = 1.920787e-05
dr1 = 5.439335e-02
dr10 = 5.491359e-02
vr1a = 6.803108e-01
vr1b = 6.259174e-01
vr10a = 7.411037e-01
vr10b = 6.861901e-01
Reset re-loads circuit * tb_pnp_mismatch.spice -- sky130 substrate-pnp local-mismatch monte carlo

Circuit: * tb_pnp_mismatch.spice -- sky130 substrate-pnp local-mismatch monte carlo

option SCALE: Scale is set to 1e-06 for instance and model parameters
option SCALE: Scale is set to 1e-06 for instance and model parameters
option SCALE: Scale is set to 1e-06 for instance and model parameters
option SCALE: Scale is set to 1e-06 for instance and model parameters
Doing analysis at TEMP = 27.000000 and TNOM = 27.000000

Using KLU as Direct Linear Solver

No. of Data Rows : 1
da1 = -9.63023e-05
da10 = 3.139100e-05
dr1 = 5.438257e-02
dr10 = 5.494618e-02
vr1a = 6.803158e-01
vr1b = 6.259332e-01
vr10a = 7.411124e-01
vr10b = 6.861662e-01
Reset re-loads circuit * tb_pnp_mismatch.spice -- sky130 substrate-pnp local-mismatch monte carlo

Circuit: * tb_pnp_mismatch.spice -- sky130 substrate-pnp local-mismatch monte carlo

option SCALE: Scale is set to 1e-06 for instance and model parameters
option SCALE: Scale is set to 1e-06 for instance and model parameters
option SCALE: Scale is set to 1e-06 for instance and model parameters
option SCALE: Scale is set to 1e-06 for instance and model parameters
Doing analysis at TEMP = 27.000000 and TNOM = 27.000000

Using KLU as Direct Linear Solver

No. of Data Rows : 1
da1 = 1.454684e-05
da10 = -1.42773e-04
dr1 = 5.443645e-02
dr10 = 5.491890e-02
vr1a = 6.803403e-01
vr1b = 6.259038e-01
vr10a = 7.410993e-01
vr10b = 6.861804e-01
Reset re-loads circuit * tb_pnp_mismatch.spice -- sky130 substrate-pnp local-mismatch monte carlo

Circuit: * tb_pnp_mismatch.spice -- sky130 substrate-pnp local-mismatch monte carlo

option SCALE: Scale is set to 1e-06 for instance and model parameters
option SCALE: Scale is set to 1e-06 for instance and model parameters
option SCALE: Scale is set to 1e-06 for instance and model parameters
option SCALE: Scale is set to 1e-06 for instance and model parameters
Doing analysis at TEMP = 27.000000 and TNOM = 27.000000

Using KLU as Direct Linear Solver

No. of Data Rows : 1
da1 = -8.85557e-05
da10 = 4.850384e-05
dr1 = 5.445965e-02
dr10 = 5.484359e-02
vr1a = 6.803815e-01
vr1b = 6.259218e-01
vr10a = 7.410193e-01
vr10b = 6.861757e-01
Reset re-loads circuit * tb_pnp_mismatch.spice -- sky130 substrate-pnp local-mismatch monte carlo

Circuit: * tb_pnp_mismatch.spice -- sky130 substrate-pnp local-mismatch monte carlo

option SCALE: Scale is set to 1e-06 for instance and model parameters
option SCALE: Scale is set to 1e-06 for instance and model parameters
option SCALE: Scale is set to 1e-06 for instance and model parameters
option SCALE: Scale is set to 1e-06 for instance and model parameters
Doing analysis at TEMP = 27.000000 and TNOM = 27.000000

Using KLU as Direct Linear Solver

No. of Data Rows : 1
da1 = 4.054782e-05
da10 = 2.196378e-05
dr1 = 5.452004e-02
dr10 = 5.485815e-02
vr1a = 6.803952e-01
vr1b = 6.258751e-01
vr10a = 7.410489e-01
vr10b = 6.861907e-01
Reset re-loads circuit * tb_pnp_mismatch.spice -- sky130 substrate-pnp local-mismatch monte carlo

Circuit: * tb_pnp_mismatch.spice -- sky130 substrate-pnp local-mismatch monte carlo

option SCALE: Scale is set to 1e-06 for instance and model parameters
option SCALE: Scale is set to 1e-06 for instance and model parameters
option SCALE: Scale is set to 1e-06 for instance and model parameters
option SCALE: Scale is set to 1e-06 for instance and model parameters
Doing analysis at TEMP = 27.000000 and TNOM = 27.000000

Using KLU as Direct Linear Solver

No. of Data Rows : 1
da1 = 4.667477e-05
da10 = 2.734267e-05
dr1 = 5.437296e-02
dr10 = 5.485839e-02
vr1a = 6.802711e-01
vr1b = 6.258982e-01
vr10a = 7.410383e-01
vr10b = 6.861799e-01
Reset re-loads circuit * tb_pnp_mismatch.spice -- sky130 substrate-pnp local-mismatch monte carlo

Circuit: * tb_pnp_mismatch.spice -- sky130 substrate-pnp local-mismatch monte carlo

option SCALE: Scale is set to 1e-06 for instance and model parameters
option SCALE: Scale is set to 1e-06 for instance and model parameters
option SCALE: Scale is set to 1e-06 for instance and model parameters
option SCALE: Scale is set to 1e-06 for instance and model parameters
Doing analysis at TEMP = 27.000000 and TNOM = 27.000000

Using KLU as Direct Linear Solver

No. of Data Rows : 1
da1 = 1.492241e-04
da10 = -4.50828e-05
dr1 = 5.442759e-02
dr10 = 5.492189e-02
vr1a = 6.803397e-01
vr1b = 6.259121e-01
vr10a = 7.411181e-01
vr10b = 6.861962e-01
Reset re-loads circuit * tb_pnp_mismatch.spice -- sky130 substrate-pnp local-mismatch monte carlo

Circuit: * tb_pnp_mismatch.spice -- sky130 substrate-pnp local-mismatch monte carlo

option SCALE: Scale is set to 1e-06 for instance and model parameters
option SCALE: Scale is set to 1e-06 for instance and model parameters
option SCALE: Scale is set to 1e-06 for instance and model parameters
option SCALE: Scale is set to 1e-06 for instance and model parameters
Doing analysis at TEMP = 27.000000 and TNOM = 27.000000

Using KLU as Direct Linear Solver

No. of Data Rows : 1
da1 = 1.413752e-05
da10 = -1.14528e-04
dr1 = 5.439211e-02
dr10 = 5.492432e-02
vr1a = 6.803217e-01
vr1b = 6.259296e-01
vr10a = 7.411206e-01
vr10b = 6.861963e-01
Reset re-loads circuit * tb_pnp_mismatch.spice -- sky130 substrate-pnp local-mismatch monte carlo

Circuit: * tb_pnp_mismatch.spice -- sky130 substrate-pnp local-mismatch monte carlo

option SCALE: Scale is set to 1e-06 for instance and model parameters
option SCALE: Scale is set to 1e-06 for instance and model parameters
option SCALE: Scale is set to 1e-06 for instance and model parameters
option SCALE: Scale is set to 1e-06 for instance and model parameters
Doing analysis at TEMP = 27.000000 and TNOM = 27.000000

Using KLU as Direct Linear Solver

No. of Data Rows : 1
da1 = -3.24605e-05
da10 = -2.96241e-05
dr1 = 5.441168e-02
dr10 = 5.488844e-02
vr1a = 6.803400e-01
vr1b = 6.259283e-01
vr10a = 7.411096e-01
vr10b = 6.862212e-01
Reset re-loads circuit * tb_pnp_mismatch.spice -- sky130 substrate-pnp local-mismatch monte carlo

Circuit: * tb_pnp_mismatch.spice -- sky130 substrate-pnp local-mismatch monte carlo

option SCALE: Scale is set to 1e-06 for instance and model parameters
option SCALE: Scale is set to 1e-06 for instance and model parameters
option SCALE: Scale is set to 1e-06 for instance and model parameters
option SCALE: Scale is set to 1e-06 for instance and model parameters
Doing analysis at TEMP = 27.000000 and TNOM = 27.000000

Using KLU as Direct Linear Solver

No. of Data Rows : 1
da1 = -6.21134e-05
da10 = -1.93346e-05
dr1 = 5.440999e-02
dr10 = 5.492034e-02
vr1a = 6.802958e-01
vr1b = 6.258858e-01
vr10a = 7.410927e-01
vr10b = 6.861724e-01
Reset re-loads circuit * tb_pnp_mismatch.spice -- sky130 substrate-pnp local-mismatch monte carlo

Circuit: * tb_pnp_mismatch.spice -- sky130 substrate-pnp local-mismatch monte carlo

option SCALE: Scale is set to 1e-06 for instance and model parameters
option SCALE: Scale is set to 1e-06 for instance and model parameters
option SCALE: Scale is set to 1e-06 for instance and model parameters
option SCALE: Scale is set to 1e-06 for instance and model parameters
Doing analysis at TEMP = 27.000000 and TNOM = 27.000000

Using KLU as Direct Linear Solver

No. of Data Rows : 1
da1 = -2.23706e-05
da10 = 5.996308e-06
dr1 = 5.439131e-02
dr10 = 5.487789e-02
vr1a = 6.802956e-01
vr1b = 6.259043e-01
vr10a = 7.410839e-01
vr10b = 6.862060e-01
Reset re-loads circuit * tb_pnp_mismatch.spice -- sky130 substrate-pnp local-mismatch monte carlo

Circuit: * tb_pnp_mismatch.spice -- sky130 substrate-pnp local-mismatch monte carlo

option SCALE: Scale is set to 1e-06 for instance and model parameters
option SCALE: Scale is set to 1e-06 for instance and model parameters
option SCALE: Scale is set to 1e-06 for instance and model parameters
option SCALE: Scale is set to 1e-06 for instance and model parameters
Doing analysis at TEMP = 27.000000 and TNOM = 27.000000

Using KLU as Direct Linear Solver

No. of Data Rows : 1
da1 = 1.584722e-04
da10 = -1.10312e-04
dr1 = 5.446561e-02
dr10 = 5.488715e-02
vr1a = 6.803281e-01
vr1b = 6.258625e-01
vr10a = 7.411056e-01
vr10b = 6.862184e-01
Reset re-loads circuit * tb_pnp_mismatch.spice -- sky130 substrate-pnp local-mismatch monte carlo

Circuit: * tb_pnp_mismatch.spice -- sky130 substrate-pnp local-mismatch monte carlo

option SCALE: Scale is set to 1e-06 for instance and model parameters
option SCALE: Scale is set to 1e-06 for instance and model parameters
option SCALE: Scale is set to 1e-06 for instance and model parameters
option SCALE: Scale is set to 1e-06 for instance and model parameters
Doing analysis at TEMP = 27.000000 and TNOM = 27.000000

Using KLU as Direct Linear Solver

No. of Data Rows : 1
da1 = -3.93937e-05
da10 = 4.522788e-05
dr1 = 5.438937e-02
dr10 = 5.492548e-02
vr1a = 6.802936e-01
vr1b = 6.259042e-01
vr10a = 7.411107e-01
vr10b = 6.861852e-01
Reset re-loads circuit * tb_pnp_mismatch.spice -- sky130 substrate-pnp local-mismatch monte carlo

Circuit: * tb_pnp_mismatch.spice -- sky130 substrate-pnp local-mismatch monte carlo

option SCALE: Scale is set to 1e-06 for instance and model parameters
option SCALE: Scale is set to 1e-06 for instance and model parameters
option SCALE: Scale is set to 1e-06 for instance and model parameters
option SCALE: Scale is set to 1e-06 for instance and model parameters
Doing analysis at TEMP = 27.000000 and TNOM = 27.000000

Using KLU as Direct Linear Solver

No. of Data Rows : 1
da1 = -5.94243e-05
da10 = 9.557859e-06
dr1 = 5.443126e-02
dr10 = 5.493063e-02
vr1a = 6.803099e-01
vr1b = 6.258786e-01
vr10a = 7.411254e-01
vr10b = 6.861947e-01
Reset re-loads circuit * tb_pnp_mismatch.spice -- sky130 substrate-pnp local-mismatch monte carlo

Circuit: * tb_pnp_mismatch.spice -- sky130 substrate-pnp local-mismatch monte carlo

option SCALE: Scale is set to 1e-06 for instance and model parameters
option SCALE: Scale is set to 1e-06 for instance and model parameters
option SCALE: Scale is set to 1e-06 for instance and model parameters
option SCALE: Scale is set to 1e-06 for instance and model parameters
Doing analysis at TEMP = 27.000000 and TNOM = 27.000000

Using KLU as Direct Linear Solver

No. of Data Rows : 1
da1 = 2.189107e-05
da10 = -9.65706e-05
dr1 = 5.448965e-02
dr10 = 5.501371e-02
vr1a = 6.803810e-01
vr1b = 6.258913e-01
vr10a = 7.411837e-01
vr10b = 6.861700e-01
Reset re-loads circuit * tb_pnp_mismatch.spice -- sky130 substrate-pnp local-mismatch monte carlo

Circuit: * tb_pnp_mismatch.spice -- sky130 substrate-pnp local-mismatch monte carlo

option SCALE: Scale is set to 1e-06 for instance and model parameters
option SCALE: Scale is set to 1e-06 for instance and model parameters
option SCALE: Scale is set to 1e-06 for instance and model parameters
option SCALE: Scale is set to 1e-06 for instance and model parameters
Doing analysis at TEMP = 27.000000 and TNOM = 27.000000

Using KLU as Direct Linear Solver

No. of Data Rows : 1
da1 = 8.767299e-05
da10 = -8.91200e-05
dr1 = 5.438891e-02
dr10 = 5.487614e-02
vr1a = 6.802903e-01
vr1b = 6.259014e-01
vr10a = 7.410936e-01
vr10b = 6.862175e-01
Reset re-loads circuit * tb_pnp_mismatch.spice -- sky130 substrate-pnp local-mismatch monte carlo

Circuit: * tb_pnp_mismatch.spice -- sky130 substrate-pnp local-mismatch monte carlo

option SCALE: Scale is set to 1e-06 for instance and model parameters
option SCALE: Scale is set to 1e-06 for instance and model parameters
option SCALE: Scale is set to 1e-06 for instance and model parameters
option SCALE: Scale is set to 1e-06 for instance and model parameters
Doing analysis at TEMP = 27.000000 and TNOM = 27.000000

Using KLU as Direct Linear Solver

No. of Data Rows : 1
da1 = 3.939876e-05
da10 = -1.13512e-05
dr1 = 5.442861e-02
dr10 = 5.494796e-02
vr1a = 6.803358e-01
vr1b = 6.259072e-01
vr10a = 7.411197e-01
vr10b = 6.861718e-01
Reset re-loads circuit * tb_pnp_mismatch.spice -- sky130 substrate-pnp local-mismatch monte carlo

Circuit: * tb_pnp_mismatch.spice -- sky130 substrate-pnp local-mismatch monte carlo

option SCALE: Scale is set to 1e-06 for instance and model parameters
option SCALE: Scale is set to 1e-06 for instance and model parameters
option SCALE: Scale is set to 1e-06 for instance and model parameters
option SCALE: Scale is set to 1e-06 for instance and model parameters
Doing analysis at TEMP = 27.000000 and TNOM = 27.000000

Using KLU as Direct Linear Solver

No. of Data Rows : 1
da1 = -5.02786e-05
da10 = -6.31062e-05
dr1 = 5.434934e-02
dr10 = 5.487589e-02
vr1a = 6.802702e-01
vr1b = 6.259208e-01
vr10a = 7.410513e-01
vr10b = 6.861754e-01
ngspice-46 done
