# corner: ff_-40c_3.30v
# process=ff temp=-40C supply=3.30V
# ngspice exit: 0
# wall clock: 104.3s (--timeout was 300s)
# result: PASS

# ==== deck (exact input given to ngspice) ====
| * bias-core-startup corner deck -- generated by sim/bin/corner-run.py, do not edit
| * corner: ff_-40c_3.30v
| .param vsup=3.3
| .param tramp=100u
| .param tstop=10m
| .option wnflag=1
| .temp -40
| .lib "/home/ubuntu/.volare/sky130A/libs.tech/combined/sky130.lib.spice" ff
| ** sch_path: sim/bias-core-startup/testbench/tb_bias_core_startup.sch
| **.subckt tb_bias_core_startup
| V1 VDD 0 PWL(0 0 'tramp' 'vsup' 'tstop' 'vsup')
| .save i(v1)
| XDUT VDD 0 IBIAS VREF BIAS_OK bias_core
| **.ends
| 
| * expanding   symbol:  design/bias_core.sym # of pins=5
| ** sym_path: design/bias_core.sym
| ** sch_path: design/bias_core.sch
| .subckt bias_core VDD VSS IBIAS VREF BIAS_OK
| *.iopin VDD
| *.iopin VSS
| *.opin IBIAS
| *.opin VREF
| *.opin BIAS_OK
| XMP1 NA PG VDD VDD sky130_fd_pr__pfet_g5v0d10v5 L=4 W=8 nf=1 ad=2.32 as=2.32 pd=16.58 ps=16.58 nrd=0.03625 nrs=0.03625 sa=0 sb=0
| + sd=0 mult=1 m=1
| XMP2 NBTOP PG VDD VDD sky130_fd_pr__pfet_g5v0d10v5 L=4 W=8 nf=1 ad=2.32 as=2.32 pd=16.58 ps=16.58 nrd=0.03625 nrs=0.03625 sa=0
| + sb=0 sd=0 mult=1 m=1
| XMP3 VREF PG VDD VDD sky130_fd_pr__pfet_g5v0d10v5 L=4 W=8 nf=1 ad=2.32 as=2.32 pd=16.58 ps=16.58 nrd=0.03625 nrs=0.03625 sa=0 sb=0
| + sd=0 mult=1 m=1
| XMPBN NBG PG VDD VDD sky130_fd_pr__pfet_g5v0d10v5 L=4 W=2 nf=1 ad=0.58 as=0.58 pd=4.58 ps=4.58 nrd=0.145 nrs=0.145 sa=0 sb=0 sd=0
| + mult=1 m=1
| XQ1 VSS VSS NA sky130_fd_pr__pnp_05v5_W3p40L3p40 m=1 mult=1
| XRT NBTOP NB VSS sky130_fd_pr__res_xhigh_po W=2 L=17.5 mult=1 m=1
| XR1 NB EC VSS sky130_fd_pr__res_xhigh_po W=2 L=350.0 mult=1 m=1
| XQ8A VSS VSS EC sky130_fd_pr__pnp_05v5_W3p40L3p40 m=1 mult=1
| XQ8B VSS VSS EC sky130_fd_pr__pnp_05v5_W3p40L3p40 m=1 mult=1
| XQ8C VSS VSS EC sky130_fd_pr__pnp_05v5_W3p40L3p40 m=1 mult=1
| XQ8D VSS VSS EC sky130_fd_pr__pnp_05v5_W3p40L3p40 m=1 mult=1
| XQ8E VSS VSS EC sky130_fd_pr__pnp_05v5_W3p40L3p40 m=1 mult=1
| XQ8F VSS VSS EC sky130_fd_pr__pnp_05v5_W3p40L3p40 m=1 mult=1
| XQ8G VSS VSS EC sky130_fd_pr__pnp_05v5_W3p40L3p40 m=1 mult=1
| XQ8H VSS VSS EC sky130_fd_pr__pnp_05v5_W3p40L3p40 m=1 mult=1
| XR2 VREF ER VSS sky130_fd_pr__res_xhigh_po W=2 L=4104.0 mult=1 m=1
| XQR VSS VSS ER sky130_fd_pr__pnp_05v5_W3p40L3p40 m=1 mult=1
| XMBN NBG NBG VSS VSS sky130_fd_pr__nfet_g5v0d10v5 L=4 W=2 nf=1 ad=0.58 as=0.58 pd=4.58 ps=4.58 nrd=0.145 nrs=0.145 sa=0 sb=0 sd=0
| + mult=1 m=1
| XMBN2 PB NBG VSS VSS sky130_fd_pr__nfet_g5v0d10v5 L=4 W=2 nf=1 ad=0.58 as=0.58 pd=4.58 ps=4.58 nrd=0.145 nrs=0.145 sa=0 sb=0 sd=0
| + mult=1 m=1
| XMBP PB PB VDD VDD sky130_fd_pr__pfet_g5v0d10v5 L=4 W=2 nf=1 ad=0.58 as=0.58 pd=4.58 ps=4.58 nrd=0.145 nrs=0.145 sa=0 sb=0 sd=0
| + mult=1 m=1
| XMPIB IBIAS PB VDD VDD sky130_fd_pr__pfet_g5v0d10v5 L=4 W=40 nf=1 ad=11.6 as=11.6 pd=80.58 ps=80.58 nrd=0.00725 nrs=0.00725 sa=0
| + sb=0 sd=0 mult=1 m=1
| XMPT NT PB VDD VDD sky130_fd_pr__pfet_g5v0d10v5 L=4 W=2 nf=1 ad=0.58 as=0.58 pd=4.58 ps=4.58 nrd=0.145 nrs=0.145 sa=0 sb=0 sd=0
| + mult=1 m=1
| XMI1 N1 NA NT VDD sky130_fd_pr__pfet_g5v0d10v5 L=4 W=16 nf=1 ad=4.64 as=4.64 pd=32.58 ps=32.58 nrd=0.018125 nrs=0.018125 sa=0 sb=0
| + sd=0 mult=1 m=1
| XMI2 N2 NB NT VDD sky130_fd_pr__pfet_g5v0d10v5 L=4 W=16 nf=1 ad=4.64 as=4.64 pd=32.58 ps=32.58 nrd=0.018125 nrs=0.018125 sa=0 sb=0
| + sd=0 mult=1 m=1
| XML1 N1 N1 VSS VSS sky130_fd_pr__nfet_g5v0d10v5 L=8 W=4 nf=1 ad=1.16 as=1.16 pd=8.58 ps=8.58 nrd=0.0725 nrs=0.0725 sa=0 sb=0 sd=0
| + mult=1 m=1
| XML2 N2 N1 VSS VSS sky130_fd_pr__nfet_g5v0d10v5 L=8 W=4 nf=1 ad=1.16 as=1.16 pd=8.58 ps=8.58 nrd=0.0725 nrs=0.0725 sa=0 sb=0 sd=0
| + mult=1 m=1
| XMS2N PG N2 VSS VSS sky130_fd_pr__nfet_g5v0d10v5 L=8 W=8 nf=1 ad=2.32 as=2.32 pd=16.58 ps=16.58 nrd=0.03625 nrs=0.03625 sa=0 sb=0
| + sd=0 mult=1 m=1
| XMS2P PG PB VDD VDD sky130_fd_pr__pfet_g5v0d10v5 L=4 W=2 nf=1 ad=0.58 as=0.58 pd=4.58 ps=4.58 nrd=0.145 nrs=0.145 sa=0 sb=0 sd=0
| + mult=1 m=1
| XCC PG NZ sky130_fd_pr__cap_mim_m3_1 W=20 L=20 MF=1 m=1
| XRZ NZ N2 VSS sky130_fd_pr__res_xhigh_po W=2 L=1016.0 mult=1 m=1
| XKS0 VDD VDD KS1 VSS sky130_fd_pr__nfet_g5v0d10v5 L=8 W=1 nf=1 ad=0.29 as=0.29 pd=2.58 ps=2.58 nrd=0.29 nrs=0.29 sa=0 sb=0 sd=0
| + mult=1 m=1
| XKS1 KS1 KS1 KS2 VSS sky130_fd_pr__nfet_g5v0d10v5 L=8 W=1 nf=1 ad=0.29 as=0.29 pd=2.58 ps=2.58 nrd=0.29 nrs=0.29 sa=0 sb=0 sd=0
| + mult=1 m=1
| XKS2 KS2 KS2 KS3 VSS sky130_fd_pr__nfet_g5v0d10v5 L=8 W=1 nf=1 ad=0.29 as=0.29 pd=2.58 ps=2.58 nrd=0.29 nrs=0.29 sa=0 sb=0 sd=0
| + mult=1 m=1
| XKS3 KS3 KS3 KS4 VSS sky130_fd_pr__nfet_g5v0d10v5 L=8 W=1 nf=1 ad=0.29 as=0.29 pd=2.58 ps=2.58 nrd=0.29 nrs=0.29 sa=0 sb=0 sd=0
| + mult=1 m=1
| XKS4 KS4 KS4 NKG VSS sky130_fd_pr__nfet_g5v0d10v5 L=8 W=1 nf=1 ad=0.29 as=0.29 pd=2.58 ps=2.58 nrd=0.29 nrs=0.29 sa=0 sb=0 sd=0
| + mult=1 m=1
| XKA NKM PB VDD VDD sky130_fd_pr__pfet_g5v0d10v5 L=4 W=1 nf=1 ad=0.29 as=0.29 pd=2.58 ps=2.58 nrd=0.29 nrs=0.29 sa=0 sb=0 sd=0
| + mult=1 m=1
| XKAN NKM NKM VSS VSS sky130_fd_pr__nfet_g5v0d10v5 L=4 W=2 nf=1 ad=0.58 as=0.58 pd=4.58 ps=4.58 nrd=0.145 nrs=0.145 sa=0 sb=0 sd=0
| + mult=1 m=1
| XKPD NKG NKM VSS VSS sky130_fd_pr__nfet_g5v0d10v5 L=4 W=8 nf=1 ad=2.32 as=2.32 pd=16.58 ps=16.58 nrd=0.03625 nrs=0.03625 sa=0 sb=0
| + sd=0 mult=1 m=1
| XKICK PG NKG VSS VSS sky130_fd_pr__nfet_g5v0d10v5 L=4 W=1 nf=1 ad=0.29 as=0.29 pd=2.58 ps=2.58 nrd=0.29 nrs=0.29 sa=0 sb=0 sd=0
| + mult=1 m=1
| XMPOK TOK PB VDD VDD sky130_fd_pr__pfet_g5v0d10v5 L=4 W=1 nf=1 ad=0.29 as=0.29 pd=2.58 ps=2.58 nrd=0.29 nrs=0.29 sa=0 sb=0 sd=0
| + mult=1 m=1
| XMOKA NOKO NA TOK VDD sky130_fd_pr__pfet_g5v0d10v5 L=4 W=8 nf=1 ad=2.32 as=2.32 pd=16.58 ps=16.58 nrd=0.03625 nrs=0.03625 sa=0
| + sb=0 sd=0 mult=1 m=1
| XMOKB NOKL NBTOP TOK VDD sky130_fd_pr__pfet_g5v0d10v5 L=4 W=8 nf=1 ad=2.32 as=2.32 pd=16.58 ps=16.58 nrd=0.03625 nrs=0.03625 sa=0
| + sb=0 sd=0 mult=1 m=1
| XMOL1 NOKL NOKL VSS VSS sky130_fd_pr__nfet_g5v0d10v5 L=4 W=2 nf=1 ad=0.58 as=0.58 pd=4.58 ps=4.58 nrd=0.145 nrs=0.145 sa=0 sb=0
| + sd=0 mult=1 m=1
| XMOL2 NOKO NOKL VSS VSS sky130_fd_pr__nfet_g5v0d10v5 L=4 W=2 nf=1 ad=0.58 as=0.58 pd=4.58 ps=4.58 nrd=0.145 nrs=0.145 sa=0 sb=0
| + sd=0 mult=1 m=1
| XMOKC NOKO NKG VSS VSS sky130_fd_pr__nfet_g5v0d10v5 L=1 W=2 nf=1 ad=0.58 as=0.58 pd=4.58 ps=4.58 nrd=0.145 nrs=0.145 sa=0 sb=0
| + sd=0 mult=1 m=1
| XMOK2 NOKX NOKO VSS VSS sky130_fd_pr__nfet_g5v0d10v5 L=4 W=2 nf=1 ad=0.58 as=0.58 pd=4.58 ps=4.58 nrd=0.145 nrs=0.145 sa=0 sb=0
| + sd=0 mult=1 m=1
| XMOK2P NOKX PB VDD VDD sky130_fd_pr__pfet_g5v0d10v5 L=4 W=1 nf=1 ad=0.29 as=0.29 pd=2.58 ps=2.58 nrd=0.29 nrs=0.29 sa=0 sb=0 sd=0
| + mult=1 m=1
| XCOK VDD NOKX sky130_fd_pr__cap_mim_m3_1 W=6 L=6 MF=1 m=1
| XMO1P BIAS_OK NOKX VDD VDD sky130_fd_pr__pfet_g5v0d10v5 L=4 W=1 nf=1 ad=0.29 as=0.29 pd=2.58 ps=2.58 nrd=0.29 nrs=0.29 sa=0 sb=0
| + sd=0 mult=1 m=1
| XMO1N BIAS_OK NOKX VSS VSS sky130_fd_pr__nfet_g5v0d10v5 L=0.5 W=4 nf=1 ad=1.16 as=1.16 pd=8.58 ps=8.58 nrd=0.0725 nrs=0.0725 sa=0
| + sb=0 sd=0 mult=1 m=1
| .ends
| 
| .control
| save all
| tran 10u 10m uic
| let nlast = length(v(vref))-1
| let meas_vref = v(vref)[nlast]
| let meas_vref_settled = abs(v(vref)[nlast] - v(vref)[nlast-100])
| let meas_ibias = v(ibias)[nlast]
| let meas_bias_ok = v(bias_ok)[nlast]
| let meas_isup = -i(v1)[nlast]
| print meas_vref
| print meas_vref_settled
| print meas_ibias
| print meas_bias_ok
| print meas_isup
| quit
| .endc
| .end

# ==== ngspice stdout ====

Note: Compatibility modes selected: hs a


Circuit: * bias-core-startup corner deck -- generated by sim/bin/corner-run.py, do not edit

option SCALE: Scale is set to 1e-06 for instance and model parameters
option SCALE: Scale is set to 1e-06 for instance and model parameters
option SCALE: Scale is set to 1e-06 for instance and model parameters
option SCALE: Scale is set to 1e-06 for instance and model parameters
Doing analysis at TEMP = -40.000000 and TNOM = 27.000000

Using KLU as Direct Linear Solver
Operating point simulation skipped by 'uic',
  now using transient initial conditions.
 Reference value :  1.00000e-07
 Reference value :  8.00000e-07
 Reference value :  1.00000e-05
 Reference value :  1.96000e-05
 Reference value :  2.96000e-05
 Reference value :  3.87441e-05
 Reference value :  4.87441e-05
 Reference value :  5.72494e-05
 Reference value :  6.54582e-05
 Reference value :  7.15832e-05
 Reference value :  7.73803e-05
 Reference value :  8.89093e-05
 Reference value :  1.00000e-04
 Reference value :  1.07000e-04
 Reference value :  1.30362e-04
 Reference value :  1.50362e-04
 Reference value :  1.80362e-04
 Reference value :  2.40362e-04
 Reference value :  2.90362e-04
 Reference value :  3.40362e-04
 Reference value :  3.90362e-04
 Reference value :  4.50362e-04
 Reference value :  5.10362e-04
 Reference value :  5.70362e-04
 Reference value :  6.30362e-04
 Reference value :  6.90362e-04
 Reference value :  7.40362e-04
 Reference value :  8.00362e-04
 Reference value :  8.50362e-04
 Reference value :  9.00362e-04
 Reference value :  9.60362e-04
 Reference value :  1.01036e-03
 Reference value :  1.07036e-03
 Reference value :  1.11036e-03
 Reference value :  1.16036e-03
 Reference value :  1.22036e-03
 Reference value :  1.27036e-03
 Reference value :  1.32036e-03
 Reference value :  1.38036e-03
 Reference value :  1.42036e-03
 Reference value :  1.47036e-03
 Reference value :  1.52036e-03
 Reference value :  1.57036e-03
 Reference value :  1.62036e-03
 Reference value :  1.68036e-03
 Reference value :  1.73036e-03
 Reference value :  1.79036e-03
 Reference value :  1.84036e-03
 Reference value :  1.88036e-03
 Reference value :  1.94036e-03
 Reference value :  1.99036e-03
 Reference value :  2.04036e-03
 Reference value :  2.10036e-03
 Reference value :  2.16036e-03
 Reference value :  2.19036e-03
 Reference value :  2.22036e-03
 Reference value :  2.25036e-03
 Reference value :  2.28036e-03
 Reference value :  2.31036e-03
 Reference value :  2.34036e-03
 Reference value :  2.38036e-03
 Reference value :  2.41036e-03
 Reference value :  2.45036e-03
 Reference value :  2.49036e-03
 Reference value :  2.52036e-03
 Reference value :  2.55036e-03
 Reference value :  2.58036e-03
 Reference value :  2.62036e-03
 Reference value :  2.66036e-03
 Reference value :  2.69036e-03
 Reference value :  2.73036e-03
 Reference value :  2.77036e-03
 Reference value :  2.81036e-03
 Reference value :  2.85036e-03
 Reference value :  2.89036e-03
 Reference value :  2.92036e-03
 Reference value :  2.95036e-03
 Reference value :  2.98036e-03
 Reference value :  3.01036e-03
 Reference value :  3.04036e-03
 Reference value :  3.08036e-03
 Reference value :  3.12036e-03
 Reference value :  3.16036e-03
 Reference value :  3.19036e-03
 Reference value :  3.23036e-03
 Reference value :  3.26036e-03
 Reference value :  3.29036e-03
 Reference value :  3.32036e-03
 Reference value :  3.35036e-03
 Reference value :  3.38036e-03
 Reference value :  3.41036e-03
 Reference value :  3.44036e-03
 Reference value :  3.48036e-03
 Reference value :  3.51036e-03
 Reference value :  3.54036e-03
 Reference value :  3.57036e-03
 Reference value :  3.60036e-03
 Reference value :  3.63036e-03
 Reference value :  3.67036e-03
 Reference value :  3.71036e-03
 Reference value :  3.75036e-03
 Reference value :  3.79036e-03
 Reference value :  3.83036e-03
 Reference value :  3.86036e-03
 Reference value :  3.90036e-03
 Reference value :  3.94036e-03
 Reference value :  3.98036e-03
 Reference value :  4.02036e-03
 Reference value :  4.05036e-03
 Reference value :  4.09036e-03
 Reference value :  4.12036e-03
 Reference value :  4.16036e-03
 Reference value :  4.20036e-03
 Reference value :  4.23036e-03
 Reference value :  4.27036e-03
 Reference value :  4.31036e-03
 Reference value :  4.35036e-03
 Reference value :  4.39036e-03
 Reference value :  4.43036e-03
 Reference value :  4.47036e-03
 Reference value :  4.50036e-03
 Reference value :  4.54036e-03
 Reference value :  4.58036e-03
 Reference value :  4.61036e-03
 Reference value :  4.64036e-03
 Reference value :  4.68036e-03
 Reference value :  4.72036e-03
 Reference value :  4.75036e-03
 Reference value :  4.79036e-03
 Reference value :  4.83036e-03
 Reference value :  4.86036e-03
 Reference value :  4.89036e-03
 Reference value :  4.92036e-03
 Reference value :  4.95036e-03
 Reference value :  4.98036e-03
 Reference value :  5.02036e-03
 Reference value :  5.06036e-03
 Reference value :  5.09036e-03
 Reference value :  5.13036e-03
 Reference value :  5.16036e-03
 Reference value :  5.19036e-03
 Reference value :  5.22036e-03
 Reference value :  5.25036e-03
 Reference value :  5.28036e-03
 Reference value :  5.31036e-03
 Reference value :  5.34036e-03
 Reference value :  5.37036e-03
 Reference value :  5.40036e-03
 Reference value :  5.43036e-03
 Reference value :  5.46036e-03
 Reference value :  5.50036e-03
 Reference value :  5.54036e-03
 Reference value :  5.57036e-03
 Reference value :  5.61036e-03
 Reference value :  5.65036e-03
 Reference value :  5.68036e-03
 Reference value :  5.71036e-03
 Reference value :  5.74036e-03
 Reference value :  5.78036e-03
 Reference value :  5.81036e-03
 Reference value :  5.84036e-03
 Reference value :  5.87036e-03
 Reference value :  5.90036e-03
 Reference value :  5.93036e-03
 Reference value :  5.97036e-03
 Reference value :  6.01036e-03
 Reference value :  6.05036e-03
 Reference value :  6.08036e-03
 Reference value :  6.11036e-03
 Reference value :  6.14036e-03
 Reference value :  6.18036e-03
 Reference value :  6.21036e-03
 Reference value :  6.24036e-03
 Reference value :  6.27036e-03
 Reference value :  6.30036e-03
 Reference value :  6.33036e-03
 Reference value :  6.37036e-03
 Reference value :  6.41036e-03
 Reference value :  6.44036e-03
 Reference value :  6.47036e-03
 Reference value :  6.50036e-03
 Reference value :  6.53036e-03
 Reference value :  6.56036e-03
 Reference value :  6.59036e-03
 Reference value :  6.62036e-03
 Reference value :  6.66036e-03
 Reference value :  6.69036e-03
 Reference value :  6.72036e-03
 Reference value :  6.75036e-03
 Reference value :  6.78036e-03
 Reference value :  6.81036e-03
 Reference value :  6.85036e-03
 Reference value :  6.89036e-03
 Reference value :  6.92036e-03
 Reference value :  6.96036e-03
 Reference value :  7.00036e-03
 Reference value :  7.04036e-03
 Reference value :  7.08036e-03
 Reference value :  7.12036e-03
 Reference value :  7.16036e-03
 Reference value :  7.20036e-03
 Reference value :  7.24036e-03
 Reference value :  7.28036e-03
 Reference value :  7.32036e-03
 Reference value :  7.36036e-03
 Reference value :  7.40036e-03
 Reference value :  7.44036e-03
 Reference value :  7.48036e-03
 Reference value :  7.52036e-03
 Reference value :  7.56036e-03
 Reference value :  7.60036e-03
 Reference value :  7.63036e-03
 Reference value :  7.67036e-03
 Reference value :  7.70036e-03
 Reference value :  7.74036e-03
 Reference value :  7.78036e-03
 Reference value :  7.81036e-03
 Reference value :  7.85036e-03
 Reference value :  7.88036e-03
 Reference value :  7.92036e-03
 Reference value :  7.95036e-03
 Reference value :  7.98036e-03
 Reference value :  8.01036e-03
 Reference value :  8.04036e-03
 Reference value :  8.07036e-03
 Reference value :  8.11036e-03
 Reference value :  8.14036e-03
 Reference value :  8.17036e-03
 Reference value :  8.20036e-03
 Reference value :  8.24036e-03
 Reference value :  8.27036e-03
 Reference value :  8.30036e-03
 Reference value :  8.33036e-03
 Reference value :  8.36036e-03
 Reference value :  8.40036e-03
 Reference value :  8.43036e-03
 Reference value :  8.47036e-03
 Reference value :  8.51036e-03
 Reference value :  8.55036e-03
 Reference value :  8.58036e-03
 Reference value :  8.61036e-03
 Reference value :  8.64036e-03
 Reference value :  8.67036e-03
 Reference value :  8.70036e-03
 Reference value :  8.73036e-03
 Reference value :  8.76036e-03
 Reference value :  8.80036e-03
 Reference value :  8.83036e-03
 Reference value :  8.87036e-03
 Reference value :  8.91036e-03
 Reference value :  8.95036e-03
 Reference value :  8.99036e-03
 Reference value :  9.03036e-03
 Reference value :  9.06036e-03
 Reference value :  9.09036e-03
 Reference value :  9.12036e-03
 Reference value :  9.15036e-03
 Reference value :  9.18036e-03
 Reference value :  9.21036e-03
 Reference value :  9.25036e-03
 Reference value :  9.28036e-03
 Reference value :  9.31036e-03
 Reference value :  9.34036e-03
 Reference value :  9.38036e-03
 Reference value :  9.42036e-03
 Reference value :  9.46036e-03
 Reference value :  9.50036e-03
 Reference value :  9.54036e-03
 Reference value :  9.58036e-03
 Reference value :  9.62036e-03
 Reference value :  9.66036e-03
 Reference value :  9.70036e-03
 Reference value :  9.74036e-03
 Reference value :  9.78036e-03
 Reference value :  9.82036e-03
 Reference value :  9.86036e-03
 Reference value :  9.90036e-03
 Reference value :  9.94036e-03
 Reference value :  9.98036e-03
No. of Data Rows : 1016
meas_vref = 1.247929e+00
meas_vref_settled = 5.900760e-10
meas_ibias = 3.300000e+00
meas_bias_ok = 3.300000e+00
meas_isup = 7.889786e-07
ngspice-46 done

# ==== ngspice stderr ====

