# corner: ff_-40c_3.63v
# process=ff temp=-40C supply=3.63V
# ngspice exit: 0
# wall clock: 99.3s (--timeout was 300s)
# result: PASS

# ==== deck (exact input given to ngspice) ====
| * bias-core-startup corner deck -- generated by sim/bin/corner-run.py, do not edit
| * corner: ff_-40c_3.63v
| .param vsup=3.63
| .param tramp=100u
| .param tstop=10m
| .option wnflag=1
| .temp -40
| .lib "/home/ubuntu/.volare/sky130A/libs.tech/combined/sky130.lib.spice" ff
| ** sch_path: sim/bias-core-startup/testbench/tb_bias_core_startup.sch
| **.subckt tb_bias_core_startup
| V1 VDD 0 PWL(0 0 'tramp' 'vsup' 'tstop' 'vsup')
| .save i(v1)
| XDUT VDD 0 IBIAS VREF BIAS_OK bias_core
| **.ends
| 
| * expanding   symbol:  design/bias_core.sym # of pins=5
| ** sym_path: design/bias_core.sym
| ** sch_path: design/bias_core.sch
| .subckt bias_core VDD VSS IBIAS VREF BIAS_OK
| *.iopin VDD
| *.iopin VSS
| *.opin IBIAS
| *.opin VREF
| *.opin BIAS_OK
| XMP1 NA PG VDD VDD sky130_fd_pr__pfet_g5v0d10v5 L=4 W=8 nf=1 ad=2.32 as=2.32 pd=16.58 ps=16.58 nrd=0.03625 nrs=0.03625 sa=0 sb=0
| + sd=0 mult=1 m=1
| XMP2 NBTOP PG VDD VDD sky130_fd_pr__pfet_g5v0d10v5 L=4 W=8 nf=1 ad=2.32 as=2.32 pd=16.58 ps=16.58 nrd=0.03625 nrs=0.03625 sa=0
| + sb=0 sd=0 mult=1 m=1
| XMP3 VREF PG VDD VDD sky130_fd_pr__pfet_g5v0d10v5 L=4 W=8 nf=1 ad=2.32 as=2.32 pd=16.58 ps=16.58 nrd=0.03625 nrs=0.03625 sa=0 sb=0
| + sd=0 mult=1 m=1
| XMPBN NBG PG VDD VDD sky130_fd_pr__pfet_g5v0d10v5 L=4 W=2 nf=1 ad=0.58 as=0.58 pd=4.58 ps=4.58 nrd=0.145 nrs=0.145 sa=0 sb=0 sd=0
| + mult=1 m=1
| XQ1 VSS VSS NA sky130_fd_pr__pnp_05v5_W3p40L3p40 m=1 mult=1
| XRT NBTOP NB VSS sky130_fd_pr__res_xhigh_po W=2 L=17.5 mult=1 m=1
| XR1 NB EC VSS sky130_fd_pr__res_xhigh_po W=2 L=350.0 mult=1 m=1
| XQ8A VSS VSS EC sky130_fd_pr__pnp_05v5_W3p40L3p40 m=1 mult=1
| XQ8B VSS VSS EC sky130_fd_pr__pnp_05v5_W3p40L3p40 m=1 mult=1
| XQ8C VSS VSS EC sky130_fd_pr__pnp_05v5_W3p40L3p40 m=1 mult=1
| XQ8D VSS VSS EC sky130_fd_pr__pnp_05v5_W3p40L3p40 m=1 mult=1
| XQ8E VSS VSS EC sky130_fd_pr__pnp_05v5_W3p40L3p40 m=1 mult=1
| XQ8F VSS VSS EC sky130_fd_pr__pnp_05v5_W3p40L3p40 m=1 mult=1
| XQ8G VSS VSS EC sky130_fd_pr__pnp_05v5_W3p40L3p40 m=1 mult=1
| XQ8H VSS VSS EC sky130_fd_pr__pnp_05v5_W3p40L3p40 m=1 mult=1
| XR2 VREF ER VSS sky130_fd_pr__res_xhigh_po W=2 L=4104.0 mult=1 m=1
| XQR VSS VSS ER sky130_fd_pr__pnp_05v5_W3p40L3p40 m=1 mult=1
| XMBN NBG NBG VSS VSS sky130_fd_pr__nfet_g5v0d10v5 L=4 W=2 nf=1 ad=0.58 as=0.58 pd=4.58 ps=4.58 nrd=0.145 nrs=0.145 sa=0 sb=0 sd=0
| + mult=1 m=1
| XMBN2 PB NBG VSS VSS sky130_fd_pr__nfet_g5v0d10v5 L=4 W=2 nf=1 ad=0.58 as=0.58 pd=4.58 ps=4.58 nrd=0.145 nrs=0.145 sa=0 sb=0 sd=0
| + mult=1 m=1
| XMBP PB PB VDD VDD sky130_fd_pr__pfet_g5v0d10v5 L=4 W=2 nf=1 ad=0.58 as=0.58 pd=4.58 ps=4.58 nrd=0.145 nrs=0.145 sa=0 sb=0 sd=0
| + mult=1 m=1
| XMPIB IBIAS PB VDD VDD sky130_fd_pr__pfet_g5v0d10v5 L=4 W=40 nf=1 ad=11.6 as=11.6 pd=80.58 ps=80.58 nrd=0.00725 nrs=0.00725 sa=0
| + sb=0 sd=0 mult=1 m=1
| XMPT NT PB VDD VDD sky130_fd_pr__pfet_g5v0d10v5 L=4 W=2 nf=1 ad=0.58 as=0.58 pd=4.58 ps=4.58 nrd=0.145 nrs=0.145 sa=0 sb=0 sd=0
| + mult=1 m=1
| XMI1 N1 NA NT VDD sky130_fd_pr__pfet_g5v0d10v5 L=4 W=16 nf=1 ad=4.64 as=4.64 pd=32.58 ps=32.58 nrd=0.018125 nrs=0.018125 sa=0 sb=0
| + sd=0 mult=1 m=1
| XMI2 N2 NB NT VDD sky130_fd_pr__pfet_g5v0d10v5 L=4 W=16 nf=1 ad=4.64 as=4.64 pd=32.58 ps=32.58 nrd=0.018125 nrs=0.018125 sa=0 sb=0
| + sd=0 mult=1 m=1
| XML1 N1 N1 VSS VSS sky130_fd_pr__nfet_g5v0d10v5 L=8 W=4 nf=1 ad=1.16 as=1.16 pd=8.58 ps=8.58 nrd=0.0725 nrs=0.0725 sa=0 sb=0 sd=0
| + mult=1 m=1
| XML2 N2 N1 VSS VSS sky130_fd_pr__nfet_g5v0d10v5 L=8 W=4 nf=1 ad=1.16 as=1.16 pd=8.58 ps=8.58 nrd=0.0725 nrs=0.0725 sa=0 sb=0 sd=0
| + mult=1 m=1
| XMS2N PG N2 VSS VSS sky130_fd_pr__nfet_g5v0d10v5 L=8 W=8 nf=1 ad=2.32 as=2.32 pd=16.58 ps=16.58 nrd=0.03625 nrs=0.03625 sa=0 sb=0
| + sd=0 mult=1 m=1
| XMS2P PG PB VDD VDD sky130_fd_pr__pfet_g5v0d10v5 L=4 W=2 nf=1 ad=0.58 as=0.58 pd=4.58 ps=4.58 nrd=0.145 nrs=0.145 sa=0 sb=0 sd=0
| + mult=1 m=1
| XCC PG NZ sky130_fd_pr__cap_mim_m3_1 W=20 L=20 MF=1 m=1
| XRZ NZ N2 VSS sky130_fd_pr__res_xhigh_po W=2 L=1016.0 mult=1 m=1
| XKS0 VDD VDD KS1 VSS sky130_fd_pr__nfet_g5v0d10v5 L=8 W=1 nf=1 ad=0.29 as=0.29 pd=2.58 ps=2.58 nrd=0.29 nrs=0.29 sa=0 sb=0 sd=0
| + mult=1 m=1
| XKS1 KS1 KS1 KS2 VSS sky130_fd_pr__nfet_g5v0d10v5 L=8 W=1 nf=1 ad=0.29 as=0.29 pd=2.58 ps=2.58 nrd=0.29 nrs=0.29 sa=0 sb=0 sd=0
| + mult=1 m=1
| XKS2 KS2 KS2 KS3 VSS sky130_fd_pr__nfet_g5v0d10v5 L=8 W=1 nf=1 ad=0.29 as=0.29 pd=2.58 ps=2.58 nrd=0.29 nrs=0.29 sa=0 sb=0 sd=0
| + mult=1 m=1
| XKS3 KS3 KS3 KS4 VSS sky130_fd_pr__nfet_g5v0d10v5 L=8 W=1 nf=1 ad=0.29 as=0.29 pd=2.58 ps=2.58 nrd=0.29 nrs=0.29 sa=0 sb=0 sd=0
| + mult=1 m=1
| XKS4 KS4 KS4 NKG VSS sky130_fd_pr__nfet_g5v0d10v5 L=8 W=1 nf=1 ad=0.29 as=0.29 pd=2.58 ps=2.58 nrd=0.29 nrs=0.29 sa=0 sb=0 sd=0
| + mult=1 m=1
| XKA NKM PB VDD VDD sky130_fd_pr__pfet_g5v0d10v5 L=4 W=1 nf=1 ad=0.29 as=0.29 pd=2.58 ps=2.58 nrd=0.29 nrs=0.29 sa=0 sb=0 sd=0
| + mult=1 m=1
| XKAN NKM NKM VSS VSS sky130_fd_pr__nfet_g5v0d10v5 L=4 W=2 nf=1 ad=0.58 as=0.58 pd=4.58 ps=4.58 nrd=0.145 nrs=0.145 sa=0 sb=0 sd=0
| + mult=1 m=1
| XKPD NKG NKM VSS VSS sky130_fd_pr__nfet_g5v0d10v5 L=4 W=8 nf=1 ad=2.32 as=2.32 pd=16.58 ps=16.58 nrd=0.03625 nrs=0.03625 sa=0 sb=0
| + sd=0 mult=1 m=1
| XKICK PG NKG VSS VSS sky130_fd_pr__nfet_g5v0d10v5 L=4 W=1 nf=1 ad=0.29 as=0.29 pd=2.58 ps=2.58 nrd=0.29 nrs=0.29 sa=0 sb=0 sd=0
| + mult=1 m=1
| XMPOK TOK PB VDD VDD sky130_fd_pr__pfet_g5v0d10v5 L=4 W=1 nf=1 ad=0.29 as=0.29 pd=2.58 ps=2.58 nrd=0.29 nrs=0.29 sa=0 sb=0 sd=0
| + mult=1 m=1
| XMOKA NOKO NA TOK VDD sky130_fd_pr__pfet_g5v0d10v5 L=4 W=8 nf=1 ad=2.32 as=2.32 pd=16.58 ps=16.58 nrd=0.03625 nrs=0.03625 sa=0
| + sb=0 sd=0 mult=1 m=1
| XMOKB NOKL NBTOP TOK VDD sky130_fd_pr__pfet_g5v0d10v5 L=4 W=8 nf=1 ad=2.32 as=2.32 pd=16.58 ps=16.58 nrd=0.03625 nrs=0.03625 sa=0
| + sb=0 sd=0 mult=1 m=1
| XMOL1 NOKL NOKL VSS VSS sky130_fd_pr__nfet_g5v0d10v5 L=4 W=2 nf=1 ad=0.58 as=0.58 pd=4.58 ps=4.58 nrd=0.145 nrs=0.145 sa=0 sb=0
| + sd=0 mult=1 m=1
| XMOL2 NOKO NOKL VSS VSS sky130_fd_pr__nfet_g5v0d10v5 L=4 W=2 nf=1 ad=0.58 as=0.58 pd=4.58 ps=4.58 nrd=0.145 nrs=0.145 sa=0 sb=0
| + sd=0 mult=1 m=1
| XMOKC NOKO NKG VSS VSS sky130_fd_pr__nfet_g5v0d10v5 L=1 W=2 nf=1 ad=0.58 as=0.58 pd=4.58 ps=4.58 nrd=0.145 nrs=0.145 sa=0 sb=0
| + sd=0 mult=1 m=1
| XMOK2 NOKX NOKO VSS VSS sky130_fd_pr__nfet_g5v0d10v5 L=4 W=2 nf=1 ad=0.58 as=0.58 pd=4.58 ps=4.58 nrd=0.145 nrs=0.145 sa=0 sb=0
| + sd=0 mult=1 m=1
| XMOK2P NOKX PB VDD VDD sky130_fd_pr__pfet_g5v0d10v5 L=4 W=1 nf=1 ad=0.29 as=0.29 pd=2.58 ps=2.58 nrd=0.29 nrs=0.29 sa=0 sb=0 sd=0
| + mult=1 m=1
| XCOK VDD NOKX sky130_fd_pr__cap_mim_m3_1 W=6 L=6 MF=1 m=1
| XMO1P BIAS_OK NOKX VDD VDD sky130_fd_pr__pfet_g5v0d10v5 L=4 W=1 nf=1 ad=0.29 as=0.29 pd=2.58 ps=2.58 nrd=0.29 nrs=0.29 sa=0 sb=0
| + sd=0 mult=1 m=1
| XMO1N BIAS_OK NOKX VSS VSS sky130_fd_pr__nfet_g5v0d10v5 L=0.5 W=4 nf=1 ad=1.16 as=1.16 pd=8.58 ps=8.58 nrd=0.0725 nrs=0.0725 sa=0
| + sb=0 sd=0 mult=1 m=1
| .ends
| 
| .control
| save all
| tran 10u 10m uic
| let nlast = length(v(vref))-1
| let meas_vref = v(vref)[nlast]
| let meas_vref_settled = abs(v(vref)[nlast] - v(vref)[nlast-100])
| let meas_ibias = v(ibias)[nlast]
| let meas_bias_ok = v(bias_ok)[nlast]
| let meas_isup = -i(v1)[nlast]
| print meas_vref
| print meas_vref_settled
| print meas_ibias
| print meas_bias_ok
| print meas_isup
| quit
| .endc
| .end

# ==== ngspice stdout ====

Note: Compatibility modes selected: hs a


Circuit: * bias-core-startup corner deck -- generated by sim/bin/corner-run.py, do not edit

option SCALE: Scale is set to 1e-06 for instance and model parameters
option SCALE: Scale is set to 1e-06 for instance and model parameters
option SCALE: Scale is set to 1e-06 for instance and model parameters
option SCALE: Scale is set to 1e-06 for instance and model parameters
Doing analysis at TEMP = -40.000000 and TNOM = 27.000000

Using KLU as Direct Linear Solver
Operating point simulation skipped by 'uic',
  now using transient initial conditions.
 Reference value :  1.00000e-07
 Reference value :  1.60000e-06
 Reference value :  1.06400e-05
 Reference value :  1.96000e-05
 Reference value :  2.51786e-05
 Reference value :  3.33141e-05
 Reference value :  4.19797e-05
 Reference value :  4.26133e-05
 Reference value :  4.60724e-05
 Reference value :  4.79320e-05
 Reference value :  4.96793e-05
 Reference value :  5.11080e-05
 Reference value :  5.20969e-05
 Reference value :  5.28591e-05
 Reference value :  5.61492e-05
 Reference value :  5.97773e-05
 Reference value :  6.10539e-05
 Reference value :  6.22306e-05
 Reference value :  6.35216e-05
 Reference value :  6.71255e-05
 Reference value :  7.33199e-05
 Reference value :  9.28329e-05
 Reference value :  1.03000e-04
 Reference value :  1.13484e-04
 Reference value :  1.40555e-04
 Reference value :  1.80555e-04
 Reference value :  2.30555e-04
 Reference value :  2.70555e-04
 Reference value :  3.00555e-04
 Reference value :  3.30555e-04
 Reference value :  3.70555e-04
 Reference value :  4.10555e-04
 Reference value :  4.40555e-04
 Reference value :  4.70555e-04
 Reference value :  5.00555e-04
 Reference value :  5.40555e-04
 Reference value :  5.80555e-04
 Reference value :  6.10555e-04
 Reference value :  6.50555e-04
 Reference value :  6.80555e-04
 Reference value :  7.20555e-04
 Reference value :  7.60555e-04
 Reference value :  8.00555e-04
 Reference value :  8.30555e-04
 Reference value :  8.60555e-04
 Reference value :  8.90555e-04
 Reference value :  9.20555e-04
 Reference value :  9.50555e-04
 Reference value :  9.90555e-04
 Reference value :  1.02056e-03
 Reference value :  1.06056e-03
 Reference value :  1.09056e-03
 Reference value :  1.12056e-03
 Reference value :  1.16056e-03
 Reference value :  1.20056e-03
 Reference value :  1.23056e-03
 Reference value :  1.27056e-03
 Reference value :  1.31056e-03
 Reference value :  1.35056e-03
 Reference value :  1.39056e-03
 Reference value :  1.43056e-03
 Reference value :  1.47056e-03
 Reference value :  1.50056e-03
 Reference value :  1.53056e-03
 Reference value :  1.56056e-03
 Reference value :  1.59056e-03
 Reference value :  1.63056e-03
 Reference value :  1.66056e-03
 Reference value :  1.70056e-03
 Reference value :  1.74056e-03
 Reference value :  1.77056e-03
 Reference value :  1.80056e-03
 Reference value :  1.84056e-03
 Reference value :  1.88056e-03
 Reference value :  1.92056e-03
 Reference value :  1.96056e-03
 Reference value :  2.00056e-03
 Reference value :  2.03056e-03
 Reference value :  2.06056e-03
 Reference value :  2.09056e-03
 Reference value :  2.13056e-03
 Reference value :  2.17056e-03
 Reference value :  2.20056e-03
 Reference value :  2.24056e-03
 Reference value :  2.27056e-03
 Reference value :  2.31056e-03
 Reference value :  2.35056e-03
 Reference value :  2.38056e-03
 Reference value :  2.41056e-03
 Reference value :  2.45056e-03
 Reference value :  2.49056e-03
 Reference value :  2.53056e-03
 Reference value :  2.57056e-03
 Reference value :  2.61056e-03
 Reference value :  2.64056e-03
 Reference value :  2.67056e-03
 Reference value :  2.70056e-03
 Reference value :  2.74056e-03
 Reference value :  2.78056e-03
 Reference value :  2.81056e-03
 Reference value :  2.85056e-03
 Reference value :  2.90056e-03
 Reference value :  2.94056e-03
 Reference value :  2.98056e-03
 Reference value :  3.03056e-03
 Reference value :  3.07056e-03
 Reference value :  3.11056e-03
 Reference value :  3.15056e-03
 Reference value :  3.19056e-03
 Reference value :  3.24056e-03
 Reference value :  3.28056e-03
 Reference value :  3.31056e-03
 Reference value :  3.34056e-03
 Reference value :  3.37056e-03
 Reference value :  3.40056e-03
 Reference value :  3.43056e-03
 Reference value :  3.47056e-03
 Reference value :  3.51056e-03
 Reference value :  3.55056e-03
 Reference value :  3.59056e-03
 Reference value :  3.63056e-03
 Reference value :  3.67056e-03
 Reference value :  3.72056e-03
 Reference value :  3.76056e-03
 Reference value :  3.80056e-03
 Reference value :  3.84056e-03
 Reference value :  3.87056e-03
 Reference value :  3.91056e-03
 Reference value :  3.95056e-03
 Reference value :  3.99056e-03
 Reference value :  4.03056e-03
 Reference value :  4.06056e-03
 Reference value :  4.09056e-03
 Reference value :  4.12056e-03
 Reference value :  4.15056e-03
 Reference value :  4.18056e-03
 Reference value :  4.22056e-03
 Reference value :  4.25056e-03
 Reference value :  4.29056e-03
 Reference value :  4.33056e-03
 Reference value :  4.37056e-03
 Reference value :  4.41056e-03
 Reference value :  4.45056e-03
 Reference value :  4.49056e-03
 Reference value :  4.53056e-03
 Reference value :  4.57056e-03
 Reference value :  4.61056e-03
 Reference value :  4.65056e-03
 Reference value :  4.68056e-03
 Reference value :  4.71056e-03
 Reference value :  4.75056e-03
 Reference value :  4.79056e-03
 Reference value :  4.82056e-03
 Reference value :  4.86056e-03
 Reference value :  4.90056e-03
 Reference value :  4.94056e-03
 Reference value :  4.97056e-03
 Reference value :  5.01056e-03
 Reference value :  5.05056e-03
 Reference value :  5.09056e-03
 Reference value :  5.12056e-03
 Reference value :  5.16056e-03
 Reference value :  5.19056e-03
 Reference value :  5.22056e-03
 Reference value :  5.25056e-03
 Reference value :  5.28056e-03
 Reference value :  5.31056e-03
 Reference value :  5.34056e-03
 Reference value :  5.37056e-03
 Reference value :  5.40056e-03
 Reference value :  5.43056e-03
 Reference value :  5.46056e-03
 Reference value :  5.50056e-03
 Reference value :  5.54056e-03
 Reference value :  5.58056e-03
 Reference value :  5.62056e-03
 Reference value :  5.66056e-03
 Reference value :  5.70056e-03
 Reference value :  5.74056e-03
 Reference value :  5.77056e-03
 Reference value :  5.81056e-03
 Reference value :  5.85056e-03
 Reference value :  5.89056e-03
 Reference value :  5.93056e-03
 Reference value :  5.97056e-03
 Reference value :  6.00056e-03
 Reference value :  6.04056e-03
 Reference value :  6.08056e-03
 Reference value :  6.11056e-03
 Reference value :  6.14056e-03
 Reference value :  6.17056e-03
 Reference value :  6.20056e-03
 Reference value :  6.24056e-03
 Reference value :  6.28056e-03
 Reference value :  6.32056e-03
 Reference value :  6.36056e-03
 Reference value :  6.40056e-03
 Reference value :  6.43056e-03
 Reference value :  6.46056e-03
 Reference value :  6.49056e-03
 Reference value :  6.52056e-03
 Reference value :  6.55056e-03
 Reference value :  6.58056e-03
 Reference value :  6.61056e-03
 Reference value :  6.65056e-03
 Reference value :  6.69056e-03
 Reference value :  6.72056e-03
 Reference value :  6.76056e-03
 Reference value :  6.80056e-03
 Reference value :  6.84056e-03
 Reference value :  6.88056e-03
 Reference value :  6.92056e-03
 Reference value :  6.96056e-03
 Reference value :  7.00056e-03
 Reference value :  7.04056e-03
 Reference value :  7.08056e-03
 Reference value :  7.12056e-03
 Reference value :  7.15056e-03
 Reference value :  7.18056e-03
 Reference value :  7.22056e-03
 Reference value :  7.25056e-03
 Reference value :  7.28056e-03
 Reference value :  7.31056e-03
 Reference value :  7.35056e-03
 Reference value :  7.38056e-03
 Reference value :  7.42056e-03
 Reference value :  7.45056e-03
 Reference value :  7.48056e-03
 Reference value :  7.51056e-03
 Reference value :  7.55056e-03
 Reference value :  7.59056e-03
 Reference value :  7.63056e-03
 Reference value :  7.67056e-03
 Reference value :  7.71056e-03
 Reference value :  7.74056e-03
 Reference value :  7.78056e-03
 Reference value :  7.81056e-03
 Reference value :  7.85056e-03
 Reference value :  7.88056e-03
 Reference value :  7.92056e-03
 Reference value :  7.95056e-03
 Reference value :  7.98056e-03
 Reference value :  8.02056e-03
 Reference value :  8.05056e-03
 Reference value :  8.08056e-03
 Reference value :  8.11056e-03
 Reference value :  8.14056e-03
 Reference value :  8.17056e-03
 Reference value :  8.20056e-03
 Reference value :  8.23056e-03
 Reference value :  8.27056e-03
 Reference value :  8.31056e-03
 Reference value :  8.35056e-03
 Reference value :  8.38056e-03
 Reference value :  8.41056e-03
 Reference value :  8.44056e-03
 Reference value :  8.47056e-03
 Reference value :  8.50056e-03
 Reference value :  8.54056e-03
 Reference value :  8.58056e-03
 Reference value :  8.62056e-03
 Reference value :  8.65056e-03
 Reference value :  8.68056e-03
 Reference value :  8.72056e-03
 Reference value :  8.75056e-03
 Reference value :  8.79056e-03
 Reference value :  8.83056e-03
 Reference value :  8.87056e-03
 Reference value :  8.91056e-03
 Reference value :  8.95056e-03
 Reference value :  8.99056e-03
 Reference value :  9.03056e-03
 Reference value :  9.07056e-03
 Reference value :  9.10056e-03
 Reference value :  9.13056e-03
 Reference value :  9.17056e-03
 Reference value :  9.20056e-03
 Reference value :  9.23056e-03
 Reference value :  9.26056e-03
 Reference value :  9.29056e-03
 Reference value :  9.32056e-03
 Reference value :  9.35056e-03
 Reference value :  9.38056e-03
 Reference value :  9.41056e-03
 Reference value :  9.45056e-03
 Reference value :  9.48056e-03
 Reference value :  9.51056e-03
 Reference value :  9.55056e-03
 Reference value :  9.59056e-03
 Reference value :  9.63056e-03
 Reference value :  9.66056e-03
 Reference value :  9.70056e-03
 Reference value :  9.74056e-03
 Reference value :  9.78056e-03
 Reference value :  9.82056e-03
 Reference value :  9.86056e-03
 Reference value :  9.90056e-03
 Reference value :  9.94056e-03
 Reference value :  9.98056e-03
No. of Data Rows : 1032
meas_vref = 1.247995e+00
meas_vref_settled = 4.969765e-10
meas_ibias = 3.630000e+00
meas_bias_ok = 3.630000e+00
meas_isup = 7.983284e-07
ngspice-46 done

# ==== ngspice stderr ====

