# corner: ff_-40c_2.97v
# process=ff temp=-40C supply=2.97V
# ngspice exit: 0
# wall clock: 91.8s (--timeout was 300s)
# result: PASS

# ==== deck (exact input given to ngspice) ====
| * bias-core-startup corner deck -- generated by sim/bin/corner-run.py, do not edit
| * corner: ff_-40c_2.97v
| .param vsup=2.97
| .param tramp=100u
| .param tstop=10m
| .option wnflag=1
| .temp -40
| .lib "/home/ubuntu/.volare/sky130A/libs.tech/combined/sky130.lib.spice" ff
| ** sch_path: sim/bias-core-startup/testbench/tb_bias_core_startup.sch
| **.subckt tb_bias_core_startup
| V1 VDD 0 PWL(0 0 'tramp' 'vsup' 'tstop' 'vsup')
| .save i(v1)
| XDUT VDD 0 IBIAS VREF BIAS_OK bias_core
| **.ends
| 
| * expanding   symbol:  design/bias_core.sym # of pins=5
| ** sym_path: design/bias_core.sym
| ** sch_path: design/bias_core.sch
| .subckt bias_core VDD VSS IBIAS VREF BIAS_OK
| *.iopin VDD
| *.iopin VSS
| *.opin IBIAS
| *.opin VREF
| *.opin BIAS_OK
| XMP1 NA PG VDD VDD sky130_fd_pr__pfet_g5v0d10v5 L=4 W=8 nf=1 ad=2.32 as=2.32 pd=16.58 ps=16.58 nrd=0.03625 nrs=0.03625 sa=0 sb=0
| + sd=0 mult=1 m=1
| XMP2 NBTOP PG VDD VDD sky130_fd_pr__pfet_g5v0d10v5 L=4 W=8 nf=1 ad=2.32 as=2.32 pd=16.58 ps=16.58 nrd=0.03625 nrs=0.03625 sa=0
| + sb=0 sd=0 mult=1 m=1
| XMP3 VREF PG VDD VDD sky130_fd_pr__pfet_g5v0d10v5 L=4 W=8 nf=1 ad=2.32 as=2.32 pd=16.58 ps=16.58 nrd=0.03625 nrs=0.03625 sa=0 sb=0
| + sd=0 mult=1 m=1
| XMPBN NBG PG VDD VDD sky130_fd_pr__pfet_g5v0d10v5 L=4 W=2 nf=1 ad=0.58 as=0.58 pd=4.58 ps=4.58 nrd=0.145 nrs=0.145 sa=0 sb=0 sd=0
| + mult=1 m=1
| XQ1 VSS VSS NA sky130_fd_pr__pnp_05v5_W3p40L3p40 m=1 mult=1
| XRT NBTOP NB VSS sky130_fd_pr__res_xhigh_po W=2 L=17.5 mult=1 m=1
| XR1 NB EC VSS sky130_fd_pr__res_xhigh_po W=2 L=350.0 mult=1 m=1
| XQ8A VSS VSS EC sky130_fd_pr__pnp_05v5_W3p40L3p40 m=1 mult=1
| XQ8B VSS VSS EC sky130_fd_pr__pnp_05v5_W3p40L3p40 m=1 mult=1
| XQ8C VSS VSS EC sky130_fd_pr__pnp_05v5_W3p40L3p40 m=1 mult=1
| XQ8D VSS VSS EC sky130_fd_pr__pnp_05v5_W3p40L3p40 m=1 mult=1
| XQ8E VSS VSS EC sky130_fd_pr__pnp_05v5_W3p40L3p40 m=1 mult=1
| XQ8F VSS VSS EC sky130_fd_pr__pnp_05v5_W3p40L3p40 m=1 mult=1
| XQ8G VSS VSS EC sky130_fd_pr__pnp_05v5_W3p40L3p40 m=1 mult=1
| XQ8H VSS VSS EC sky130_fd_pr__pnp_05v5_W3p40L3p40 m=1 mult=1
| XR2 VREF ER VSS sky130_fd_pr__res_xhigh_po W=2 L=4104.0 mult=1 m=1
| XQR VSS VSS ER sky130_fd_pr__pnp_05v5_W3p40L3p40 m=1 mult=1
| XMBN NBG NBG VSS VSS sky130_fd_pr__nfet_g5v0d10v5 L=4 W=2 nf=1 ad=0.58 as=0.58 pd=4.58 ps=4.58 nrd=0.145 nrs=0.145 sa=0 sb=0 sd=0
| + mult=1 m=1
| XMBN2 PB NBG VSS VSS sky130_fd_pr__nfet_g5v0d10v5 L=4 W=2 nf=1 ad=0.58 as=0.58 pd=4.58 ps=4.58 nrd=0.145 nrs=0.145 sa=0 sb=0 sd=0
| + mult=1 m=1
| XMBP PB PB VDD VDD sky130_fd_pr__pfet_g5v0d10v5 L=4 W=2 nf=1 ad=0.58 as=0.58 pd=4.58 ps=4.58 nrd=0.145 nrs=0.145 sa=0 sb=0 sd=0
| + mult=1 m=1
| XMPIB IBIAS PB VDD VDD sky130_fd_pr__pfet_g5v0d10v5 L=4 W=40 nf=1 ad=11.6 as=11.6 pd=80.58 ps=80.58 nrd=0.00725 nrs=0.00725 sa=0
| + sb=0 sd=0 mult=1 m=1
| XMPT NT PB VDD VDD sky130_fd_pr__pfet_g5v0d10v5 L=4 W=2 nf=1 ad=0.58 as=0.58 pd=4.58 ps=4.58 nrd=0.145 nrs=0.145 sa=0 sb=0 sd=0
| + mult=1 m=1
| XMI1 N1 NA NT VDD sky130_fd_pr__pfet_g5v0d10v5 L=4 W=16 nf=1 ad=4.64 as=4.64 pd=32.58 ps=32.58 nrd=0.018125 nrs=0.018125 sa=0 sb=0
| + sd=0 mult=1 m=1
| XMI2 N2 NB NT VDD sky130_fd_pr__pfet_g5v0d10v5 L=4 W=16 nf=1 ad=4.64 as=4.64 pd=32.58 ps=32.58 nrd=0.018125 nrs=0.018125 sa=0 sb=0
| + sd=0 mult=1 m=1
| XML1 N1 N1 VSS VSS sky130_fd_pr__nfet_g5v0d10v5 L=8 W=4 nf=1 ad=1.16 as=1.16 pd=8.58 ps=8.58 nrd=0.0725 nrs=0.0725 sa=0 sb=0 sd=0
| + mult=1 m=1
| XML2 N2 N1 VSS VSS sky130_fd_pr__nfet_g5v0d10v5 L=8 W=4 nf=1 ad=1.16 as=1.16 pd=8.58 ps=8.58 nrd=0.0725 nrs=0.0725 sa=0 sb=0 sd=0
| + mult=1 m=1
| XMS2N PG N2 VSS VSS sky130_fd_pr__nfet_g5v0d10v5 L=8 W=8 nf=1 ad=2.32 as=2.32 pd=16.58 ps=16.58 nrd=0.03625 nrs=0.03625 sa=0 sb=0
| + sd=0 mult=1 m=1
| XMS2P PG PB VDD VDD sky130_fd_pr__pfet_g5v0d10v5 L=4 W=2 nf=1 ad=0.58 as=0.58 pd=4.58 ps=4.58 nrd=0.145 nrs=0.145 sa=0 sb=0 sd=0
| + mult=1 m=1
| XCC PG NZ sky130_fd_pr__cap_mim_m3_1 W=20 L=20 MF=1 m=1
| XRZ NZ N2 VSS sky130_fd_pr__res_xhigh_po W=2 L=1016.0 mult=1 m=1
| XKS0 VDD VDD KS1 VSS sky130_fd_pr__nfet_g5v0d10v5 L=8 W=1 nf=1 ad=0.29 as=0.29 pd=2.58 ps=2.58 nrd=0.29 nrs=0.29 sa=0 sb=0 sd=0
| + mult=1 m=1
| XKS1 KS1 KS1 KS2 VSS sky130_fd_pr__nfet_g5v0d10v5 L=8 W=1 nf=1 ad=0.29 as=0.29 pd=2.58 ps=2.58 nrd=0.29 nrs=0.29 sa=0 sb=0 sd=0
| + mult=1 m=1
| XKS2 KS2 KS2 KS3 VSS sky130_fd_pr__nfet_g5v0d10v5 L=8 W=1 nf=1 ad=0.29 as=0.29 pd=2.58 ps=2.58 nrd=0.29 nrs=0.29 sa=0 sb=0 sd=0
| + mult=1 m=1
| XKS3 KS3 KS3 KS4 VSS sky130_fd_pr__nfet_g5v0d10v5 L=8 W=1 nf=1 ad=0.29 as=0.29 pd=2.58 ps=2.58 nrd=0.29 nrs=0.29 sa=0 sb=0 sd=0
| + mult=1 m=1
| XKS4 KS4 KS4 NKG VSS sky130_fd_pr__nfet_g5v0d10v5 L=8 W=1 nf=1 ad=0.29 as=0.29 pd=2.58 ps=2.58 nrd=0.29 nrs=0.29 sa=0 sb=0 sd=0
| + mult=1 m=1
| XKA NKM PB VDD VDD sky130_fd_pr__pfet_g5v0d10v5 L=4 W=1 nf=1 ad=0.29 as=0.29 pd=2.58 ps=2.58 nrd=0.29 nrs=0.29 sa=0 sb=0 sd=0
| + mult=1 m=1
| XKAN NKM NKM VSS VSS sky130_fd_pr__nfet_g5v0d10v5 L=4 W=2 nf=1 ad=0.58 as=0.58 pd=4.58 ps=4.58 nrd=0.145 nrs=0.145 sa=0 sb=0 sd=0
| + mult=1 m=1
| XKPD NKG NKM VSS VSS sky130_fd_pr__nfet_g5v0d10v5 L=4 W=8 nf=1 ad=2.32 as=2.32 pd=16.58 ps=16.58 nrd=0.03625 nrs=0.03625 sa=0 sb=0
| + sd=0 mult=1 m=1
| XKICK PG NKG VSS VSS sky130_fd_pr__nfet_g5v0d10v5 L=4 W=1 nf=1 ad=0.29 as=0.29 pd=2.58 ps=2.58 nrd=0.29 nrs=0.29 sa=0 sb=0 sd=0
| + mult=1 m=1
| XMPOK TOK PB VDD VDD sky130_fd_pr__pfet_g5v0d10v5 L=4 W=1 nf=1 ad=0.29 as=0.29 pd=2.58 ps=2.58 nrd=0.29 nrs=0.29 sa=0 sb=0 sd=0
| + mult=1 m=1
| XMOKA NOKO NA TOK VDD sky130_fd_pr__pfet_g5v0d10v5 L=4 W=8 nf=1 ad=2.32 as=2.32 pd=16.58 ps=16.58 nrd=0.03625 nrs=0.03625 sa=0
| + sb=0 sd=0 mult=1 m=1
| XMOKB NOKL NBTOP TOK VDD sky130_fd_pr__pfet_g5v0d10v5 L=4 W=8 nf=1 ad=2.32 as=2.32 pd=16.58 ps=16.58 nrd=0.03625 nrs=0.03625 sa=0
| + sb=0 sd=0 mult=1 m=1
| XMOL1 NOKL NOKL VSS VSS sky130_fd_pr__nfet_g5v0d10v5 L=4 W=2 nf=1 ad=0.58 as=0.58 pd=4.58 ps=4.58 nrd=0.145 nrs=0.145 sa=0 sb=0
| + sd=0 mult=1 m=1
| XMOL2 NOKO NOKL VSS VSS sky130_fd_pr__nfet_g5v0d10v5 L=4 W=2 nf=1 ad=0.58 as=0.58 pd=4.58 ps=4.58 nrd=0.145 nrs=0.145 sa=0 sb=0
| + sd=0 mult=1 m=1
| XMOKC NOKO NKG VSS VSS sky130_fd_pr__nfet_g5v0d10v5 L=1 W=2 nf=1 ad=0.58 as=0.58 pd=4.58 ps=4.58 nrd=0.145 nrs=0.145 sa=0 sb=0
| + sd=0 mult=1 m=1
| XMOK2 NOKX NOKO VSS VSS sky130_fd_pr__nfet_g5v0d10v5 L=4 W=2 nf=1 ad=0.58 as=0.58 pd=4.58 ps=4.58 nrd=0.145 nrs=0.145 sa=0 sb=0
| + sd=0 mult=1 m=1
| XMOK2P NOKX PB VDD VDD sky130_fd_pr__pfet_g5v0d10v5 L=4 W=1 nf=1 ad=0.29 as=0.29 pd=2.58 ps=2.58 nrd=0.29 nrs=0.29 sa=0 sb=0 sd=0
| + mult=1 m=1
| XCOK VDD NOKX sky130_fd_pr__cap_mim_m3_1 W=6 L=6 MF=1 m=1
| XMO1P BIAS_OK NOKX VDD VDD sky130_fd_pr__pfet_g5v0d10v5 L=4 W=1 nf=1 ad=0.29 as=0.29 pd=2.58 ps=2.58 nrd=0.29 nrs=0.29 sa=0 sb=0
| + sd=0 mult=1 m=1
| XMO1N BIAS_OK NOKX VSS VSS sky130_fd_pr__nfet_g5v0d10v5 L=0.5 W=4 nf=1 ad=1.16 as=1.16 pd=8.58 ps=8.58 nrd=0.0725 nrs=0.0725 sa=0
| + sb=0 sd=0 mult=1 m=1
| .ends
| 
| .control
| save all
| tran 10u 10m uic
| let nlast = length(v(vref))-1
| let meas_vref = v(vref)[nlast]
| let meas_vref_settled = abs(v(vref)[nlast] - v(vref)[nlast-100])
| let meas_ibias = v(ibias)[nlast]
| let meas_bias_ok = v(bias_ok)[nlast]
| let meas_isup = -i(v1)[nlast]
| print meas_vref
| print meas_vref_settled
| print meas_ibias
| print meas_bias_ok
| print meas_isup
| quit
| .endc
| .end

# ==== ngspice stdout ====

Note: Compatibility modes selected: hs a


Circuit: * bias-core-startup corner deck -- generated by sim/bin/corner-run.py, do not edit

option SCALE: Scale is set to 1e-06 for instance and model parameters
option SCALE: Scale is set to 1e-06 for instance and model parameters
option SCALE: Scale is set to 1e-06 for instance and model parameters
option SCALE: Scale is set to 1e-06 for instance and model parameters
Doing analysis at TEMP = -40.000000 and TNOM = 27.000000

Using KLU as Direct Linear Solver
Operating point simulation skipped by 'uic',
  now using transient initial conditions.
 Reference value :  1.00000e-07
 Reference value :  8.00000e-07
 Reference value :  1.00000e-05
 Reference value :  1.44800e-05
 Reference value :  1.96000e-05
 Reference value :  2.85930e-05
 Reference value :  3.72542e-05
 Reference value :  5.72542e-05
 Reference value :  6.46303e-05
 Reference value :  6.53165e-05
 Reference value :  6.87985e-05
 Reference value :  7.09515e-05
 Reference value :  7.24904e-05
 Reference value :  7.37505e-05
 Reference value :  7.50606e-05
 Reference value :  7.63807e-05
 Reference value :  7.94882e-05
 Reference value :  8.37545e-05
 Reference value :  9.23970e-05
 Reference value :  1.02848e-04
 Reference value :  1.13501e-04
 Reference value :  1.32542e-04
 Reference value :  1.82542e-04
 Reference value :  2.32542e-04
 Reference value :  2.82542e-04
 Reference value :  3.22542e-04
 Reference value :  3.72542e-04
 Reference value :  4.12542e-04
 Reference value :  4.62542e-04
 Reference value :  5.12542e-04
 Reference value :  5.62542e-04
 Reference value :  6.22542e-04
 Reference value :  6.72542e-04
 Reference value :  7.22542e-04
 Reference value :  7.62542e-04
 Reference value :  8.12542e-04
 Reference value :  8.62542e-04
 Reference value :  9.02542e-04
 Reference value :  9.62542e-04
 Reference value :  1.01254e-03
 Reference value :  1.06254e-03
 Reference value :  1.11254e-03
 Reference value :  1.16254e-03
 Reference value :  1.21254e-03
 Reference value :  1.26254e-03
 Reference value :  1.31254e-03
 Reference value :  1.36254e-03
 Reference value :  1.41254e-03
 Reference value :  1.46254e-03
 Reference value :  1.52254e-03
 Reference value :  1.57254e-03
 Reference value :  1.61254e-03
 Reference value :  1.66254e-03
 Reference value :  1.71254e-03
 Reference value :  1.77254e-03
 Reference value :  1.83254e-03
 Reference value :  1.88254e-03
 Reference value :  1.94254e-03
 Reference value :  1.99254e-03
 Reference value :  2.04254e-03
 Reference value :  2.09254e-03
 Reference value :  2.14254e-03
 Reference value :  2.18254e-03
 Reference value :  2.22254e-03
 Reference value :  2.26254e-03
 Reference value :  2.29254e-03
 Reference value :  2.33254e-03
 Reference value :  2.37254e-03
 Reference value :  2.40254e-03
 Reference value :  2.45254e-03
 Reference value :  2.49254e-03
 Reference value :  2.53254e-03
 Reference value :  2.58254e-03
 Reference value :  2.62254e-03
 Reference value :  2.65254e-03
 Reference value :  2.69254e-03
 Reference value :  2.72254e-03
 Reference value :  2.76254e-03
 Reference value :  2.80254e-03
 Reference value :  2.84254e-03
 Reference value :  2.87254e-03
 Reference value :  2.90254e-03
 Reference value :  2.93254e-03
 Reference value :  2.96254e-03
 Reference value :  3.00254e-03
 Reference value :  3.04254e-03
 Reference value :  3.08254e-03
 Reference value :  3.11254e-03
 Reference value :  3.15254e-03
 Reference value :  3.19254e-03
 Reference value :  3.23254e-03
 Reference value :  3.26254e-03
 Reference value :  3.30254e-03
 Reference value :  3.34254e-03
 Reference value :  3.38254e-03
 Reference value :  3.41254e-03
 Reference value :  3.44254e-03
 Reference value :  3.48254e-03
 Reference value :  3.51254e-03
 Reference value :  3.54254e-03
 Reference value :  3.57254e-03
 Reference value :  3.61254e-03
 Reference value :  3.64254e-03
 Reference value :  3.67254e-03
 Reference value :  3.70254e-03
 Reference value :  3.74254e-03
 Reference value :  3.77254e-03
 Reference value :  3.81254e-03
 Reference value :  3.84254e-03
 Reference value :  3.87254e-03
 Reference value :  3.90254e-03
 Reference value :  3.94254e-03
 Reference value :  3.98254e-03
 Reference value :  4.02254e-03
 Reference value :  4.05254e-03
 Reference value :  4.08254e-03
 Reference value :  4.11254e-03
 Reference value :  4.14254e-03
 Reference value :  4.17254e-03
 Reference value :  4.20254e-03
 Reference value :  4.24254e-03
 Reference value :  4.27254e-03
 Reference value :  4.31254e-03
 Reference value :  4.34254e-03
 Reference value :  4.37254e-03
 Reference value :  4.41254e-03
 Reference value :  4.44254e-03
 Reference value :  4.47254e-03
 Reference value :  4.51254e-03
 Reference value :  4.54254e-03
 Reference value :  4.57254e-03
 Reference value :  4.60254e-03
 Reference value :  4.64254e-03
 Reference value :  4.68254e-03
 Reference value :  4.71254e-03
 Reference value :  4.74254e-03
 Reference value :  4.77254e-03
 Reference value :  4.81254e-03
 Reference value :  4.85254e-03
 Reference value :  4.89254e-03
 Reference value :  4.93254e-03
 Reference value :  4.97254e-03
 Reference value :  5.00254e-03
 Reference value :  5.04254e-03
 Reference value :  5.07254e-03
 Reference value :  5.11254e-03
 Reference value :  5.14254e-03
 Reference value :  5.17254e-03
 Reference value :  5.20254e-03
 Reference value :  5.23254e-03
 Reference value :  5.27254e-03
 Reference value :  5.30254e-03
 Reference value :  5.33254e-03
 Reference value :  5.36254e-03
 Reference value :  5.40254e-03
 Reference value :  5.44254e-03
 Reference value :  5.48254e-03
 Reference value :  5.52254e-03
 Reference value :  5.56254e-03
 Reference value :  5.59254e-03
 Reference value :  5.62254e-03
 Reference value :  5.66254e-03
 Reference value :  5.70254e-03
 Reference value :  5.73254e-03
 Reference value :  5.76254e-03
 Reference value :  5.79254e-03
 Reference value :  5.82254e-03
 Reference value :  5.85254e-03
 Reference value :  5.88254e-03
 Reference value :  5.91254e-03
 Reference value :  5.94254e-03
 Reference value :  5.98254e-03
 Reference value :  6.02254e-03
 Reference value :  6.05254e-03
 Reference value :  6.09254e-03
 Reference value :  6.12254e-03
 Reference value :  6.16254e-03
 Reference value :  6.20254e-03
 Reference value :  6.24254e-03
 Reference value :  6.28254e-03
 Reference value :  6.32254e-03
 Reference value :  6.35254e-03
 Reference value :  6.38254e-03
 Reference value :  6.41254e-03
 Reference value :  6.44254e-03
 Reference value :  6.47254e-03
 Reference value :  6.50254e-03
 Reference value :  6.54254e-03
 Reference value :  6.58254e-03
 Reference value :  6.61254e-03
 Reference value :  6.65254e-03
 Reference value :  6.68254e-03
 Reference value :  6.72254e-03
 Reference value :  6.76254e-03
 Reference value :  6.79254e-03
 Reference value :  6.82254e-03
 Reference value :  6.85254e-03
 Reference value :  6.88254e-03
 Reference value :  6.91254e-03
 Reference value :  6.94254e-03
 Reference value :  6.98254e-03
 Reference value :  7.01254e-03
 Reference value :  7.04254e-03
 Reference value :  7.08254e-03
 Reference value :  7.11254e-03
 Reference value :  7.15254e-03
 Reference value :  7.18254e-03
 Reference value :  7.22254e-03
 Reference value :  7.26254e-03
 Reference value :  7.30254e-03
 Reference value :  7.33254e-03
 Reference value :  7.37254e-03
 Reference value :  7.40254e-03
 Reference value :  7.44254e-03
 Reference value :  7.47254e-03
 Reference value :  7.51254e-03
 Reference value :  7.54254e-03
 Reference value :  7.58254e-03
 Reference value :  7.62254e-03
 Reference value :  7.66254e-03
 Reference value :  7.70254e-03
 Reference value :  7.74254e-03
 Reference value :  7.78254e-03
 Reference value :  7.82254e-03
 Reference value :  7.85254e-03
 Reference value :  7.89254e-03
 Reference value :  7.93254e-03
 Reference value :  7.97254e-03
 Reference value :  8.01254e-03
 Reference value :  8.05254e-03
 Reference value :  8.08254e-03
 Reference value :  8.12254e-03
 Reference value :  8.16254e-03
 Reference value :  8.20254e-03
 Reference value :  8.23254e-03
 Reference value :  8.27254e-03
 Reference value :  8.30254e-03
 Reference value :  8.33254e-03
 Reference value :  8.37254e-03
 Reference value :  8.40254e-03
 Reference value :  8.44254e-03
 Reference value :  8.47254e-03
 Reference value :  8.51254e-03
 Reference value :  8.54254e-03
 Reference value :  8.57254e-03
 Reference value :  8.61254e-03
 Reference value :  8.65254e-03
 Reference value :  8.68254e-03
 Reference value :  8.71254e-03
 Reference value :  8.74254e-03
 Reference value :  8.78254e-03
 Reference value :  8.82254e-03
 Reference value :  8.85254e-03
 Reference value :  8.88254e-03
 Reference value :  8.92254e-03
 Reference value :  8.95254e-03
 Reference value :  8.98254e-03
 Reference value :  9.02254e-03
 Reference value :  9.05254e-03
 Reference value :  9.08254e-03
 Reference value :  9.12254e-03
 Reference value :  9.15254e-03
 Reference value :  9.18254e-03
 Reference value :  9.22254e-03
 Reference value :  9.26254e-03
 Reference value :  9.30254e-03
 Reference value :  9.34254e-03
 Reference value :  9.37254e-03
 Reference value :  9.41254e-03
 Reference value :  9.45254e-03
 Reference value :  9.49254e-03
 Reference value :  9.53254e-03
 Reference value :  9.57254e-03
 Reference value :  9.60254e-03
 Reference value :  9.63254e-03
 Reference value :  9.66254e-03
 Reference value :  9.69254e-03
 Reference value :  9.72254e-03
 Reference value :  9.75254e-03
 Reference value :  9.78254e-03
 Reference value :  9.81254e-03
 Reference value :  9.84254e-03
 Reference value :  9.87254e-03
 Reference value :  9.90254e-03
 Reference value :  9.93254e-03
 Reference value :  9.96254e-03
 Reference value :  9.99127e-03
No. of Data Rows : 1025
meas_vref = 1.247791e+00
meas_vref_settled = 2.413973e-10
meas_ibias = 2.970000e+00
meas_bias_ok = 2.970000e+00
meas_isup = 7.802817e-07
ngspice-46 done

# ==== ngspice stderr ====

