# corner: ff_125c_2.97v
# process=ff temp=125C supply=2.97V
# ngspice exit: 0
# wall clock: 73.2s (--timeout was 300s)
# result: PASS

# ==== deck (exact input given to ngspice) ====
| * bias-core-startup corner deck -- generated by sim/bin/corner-run.py, do not edit
| * corner: ff_125c_2.97v
| .param vsup=2.97
| .param tramp=100u
| .param tstop=10m
| .option wnflag=1
| .temp 125
| .lib "/home/ubuntu/.volare/sky130A/libs.tech/combined/sky130.lib.spice" ff
| ** sch_path: sim/bias-core-startup/testbench/tb_bias_core_startup.sch
| **.subckt tb_bias_core_startup
| V1 VDD 0 PWL(0 0 'tramp' 'vsup' 'tstop' 'vsup')
| .save i(v1)
| XDUT VDD 0 IBIAS VREF BIAS_OK bias_core
| **.ends
| 
| * expanding   symbol:  design/bias_core.sym # of pins=5
| ** sym_path: design/bias_core.sym
| ** sch_path: design/bias_core.sch
| .subckt bias_core VDD VSS IBIAS VREF BIAS_OK
| *.iopin VDD
| *.iopin VSS
| *.opin IBIAS
| *.opin VREF
| *.opin BIAS_OK
| XMP1 NA PG VDD VDD sky130_fd_pr__pfet_g5v0d10v5 L=4 W=8 nf=1 ad=2.32 as=2.32 pd=16.58 ps=16.58 nrd=0.03625 nrs=0.03625 sa=0 sb=0
| + sd=0 mult=1 m=1
| XMP2 NBTOP PG VDD VDD sky130_fd_pr__pfet_g5v0d10v5 L=4 W=8 nf=1 ad=2.32 as=2.32 pd=16.58 ps=16.58 nrd=0.03625 nrs=0.03625 sa=0
| + sb=0 sd=0 mult=1 m=1
| XMP3 VREF PG VDD VDD sky130_fd_pr__pfet_g5v0d10v5 L=4 W=8 nf=1 ad=2.32 as=2.32 pd=16.58 ps=16.58 nrd=0.03625 nrs=0.03625 sa=0 sb=0
| + sd=0 mult=1 m=1
| XMPBN NBG PG VDD VDD sky130_fd_pr__pfet_g5v0d10v5 L=4 W=2 nf=1 ad=0.58 as=0.58 pd=4.58 ps=4.58 nrd=0.145 nrs=0.145 sa=0 sb=0 sd=0
| + mult=1 m=1
| XQ1 VSS VSS NA sky130_fd_pr__pnp_05v5_W3p40L3p40 m=1 mult=1
| XRT NBTOP NB VSS sky130_fd_pr__res_xhigh_po W=2 L=17.5 mult=1 m=1
| XR1 NB EC VSS sky130_fd_pr__res_xhigh_po W=2 L=350.0 mult=1 m=1
| XQ8A VSS VSS EC sky130_fd_pr__pnp_05v5_W3p40L3p40 m=1 mult=1
| XQ8B VSS VSS EC sky130_fd_pr__pnp_05v5_W3p40L3p40 m=1 mult=1
| XQ8C VSS VSS EC sky130_fd_pr__pnp_05v5_W3p40L3p40 m=1 mult=1
| XQ8D VSS VSS EC sky130_fd_pr__pnp_05v5_W3p40L3p40 m=1 mult=1
| XQ8E VSS VSS EC sky130_fd_pr__pnp_05v5_W3p40L3p40 m=1 mult=1
| XQ8F VSS VSS EC sky130_fd_pr__pnp_05v5_W3p40L3p40 m=1 mult=1
| XQ8G VSS VSS EC sky130_fd_pr__pnp_05v5_W3p40L3p40 m=1 mult=1
| XQ8H VSS VSS EC sky130_fd_pr__pnp_05v5_W3p40L3p40 m=1 mult=1
| XR2 VREF ER VSS sky130_fd_pr__res_xhigh_po W=2 L=4104.0 mult=1 m=1
| XQR VSS VSS ER sky130_fd_pr__pnp_05v5_W3p40L3p40 m=1 mult=1
| XMBN NBG NBG VSS VSS sky130_fd_pr__nfet_g5v0d10v5 L=4 W=2 nf=1 ad=0.58 as=0.58 pd=4.58 ps=4.58 nrd=0.145 nrs=0.145 sa=0 sb=0 sd=0
| + mult=1 m=1
| XMBN2 PB NBG VSS VSS sky130_fd_pr__nfet_g5v0d10v5 L=4 W=2 nf=1 ad=0.58 as=0.58 pd=4.58 ps=4.58 nrd=0.145 nrs=0.145 sa=0 sb=0 sd=0
| + mult=1 m=1
| XMBP PB PB VDD VDD sky130_fd_pr__pfet_g5v0d10v5 L=4 W=2 nf=1 ad=0.58 as=0.58 pd=4.58 ps=4.58 nrd=0.145 nrs=0.145 sa=0 sb=0 sd=0
| + mult=1 m=1
| XMPIB IBIAS PB VDD VDD sky130_fd_pr__pfet_g5v0d10v5 L=4 W=40 nf=1 ad=11.6 as=11.6 pd=80.58 ps=80.58 nrd=0.00725 nrs=0.00725 sa=0
| + sb=0 sd=0 mult=1 m=1
| XMPT NT PB VDD VDD sky130_fd_pr__pfet_g5v0d10v5 L=4 W=2 nf=1 ad=0.58 as=0.58 pd=4.58 ps=4.58 nrd=0.145 nrs=0.145 sa=0 sb=0 sd=0
| + mult=1 m=1
| XMI1 N1 NA NT VDD sky130_fd_pr__pfet_g5v0d10v5 L=4 W=16 nf=1 ad=4.64 as=4.64 pd=32.58 ps=32.58 nrd=0.018125 nrs=0.018125 sa=0 sb=0
| + sd=0 mult=1 m=1
| XMI2 N2 NB NT VDD sky130_fd_pr__pfet_g5v0d10v5 L=4 W=16 nf=1 ad=4.64 as=4.64 pd=32.58 ps=32.58 nrd=0.018125 nrs=0.018125 sa=0 sb=0
| + sd=0 mult=1 m=1
| XML1 N1 N1 VSS VSS sky130_fd_pr__nfet_g5v0d10v5 L=8 W=4 nf=1 ad=1.16 as=1.16 pd=8.58 ps=8.58 nrd=0.0725 nrs=0.0725 sa=0 sb=0 sd=0
| + mult=1 m=1
| XML2 N2 N1 VSS VSS sky130_fd_pr__nfet_g5v0d10v5 L=8 W=4 nf=1 ad=1.16 as=1.16 pd=8.58 ps=8.58 nrd=0.0725 nrs=0.0725 sa=0 sb=0 sd=0
| + mult=1 m=1
| XMS2N PG N2 VSS VSS sky130_fd_pr__nfet_g5v0d10v5 L=8 W=8 nf=1 ad=2.32 as=2.32 pd=16.58 ps=16.58 nrd=0.03625 nrs=0.03625 sa=0 sb=0
| + sd=0 mult=1 m=1
| XMS2P PG PB VDD VDD sky130_fd_pr__pfet_g5v0d10v5 L=4 W=2 nf=1 ad=0.58 as=0.58 pd=4.58 ps=4.58 nrd=0.145 nrs=0.145 sa=0 sb=0 sd=0
| + mult=1 m=1
| XCC PG NZ sky130_fd_pr__cap_mim_m3_1 W=20 L=20 MF=1 m=1
| XRZ NZ N2 VSS sky130_fd_pr__res_xhigh_po W=2 L=1016.0 mult=1 m=1
| XKS0 VDD VDD KS1 VSS sky130_fd_pr__nfet_g5v0d10v5 L=8 W=1 nf=1 ad=0.29 as=0.29 pd=2.58 ps=2.58 nrd=0.29 nrs=0.29 sa=0 sb=0 sd=0
| + mult=1 m=1
| XKS1 KS1 KS1 KS2 VSS sky130_fd_pr__nfet_g5v0d10v5 L=8 W=1 nf=1 ad=0.29 as=0.29 pd=2.58 ps=2.58 nrd=0.29 nrs=0.29 sa=0 sb=0 sd=0
| + mult=1 m=1
| XKS2 KS2 KS2 KS3 VSS sky130_fd_pr__nfet_g5v0d10v5 L=8 W=1 nf=1 ad=0.29 as=0.29 pd=2.58 ps=2.58 nrd=0.29 nrs=0.29 sa=0 sb=0 sd=0
| + mult=1 m=1
| XKS3 KS3 KS3 KS4 VSS sky130_fd_pr__nfet_g5v0d10v5 L=8 W=1 nf=1 ad=0.29 as=0.29 pd=2.58 ps=2.58 nrd=0.29 nrs=0.29 sa=0 sb=0 sd=0
| + mult=1 m=1
| XKS4 KS4 KS4 NKG VSS sky130_fd_pr__nfet_g5v0d10v5 L=8 W=1 nf=1 ad=0.29 as=0.29 pd=2.58 ps=2.58 nrd=0.29 nrs=0.29 sa=0 sb=0 sd=0
| + mult=1 m=1
| XKA NKM PB VDD VDD sky130_fd_pr__pfet_g5v0d10v5 L=4 W=1 nf=1 ad=0.29 as=0.29 pd=2.58 ps=2.58 nrd=0.29 nrs=0.29 sa=0 sb=0 sd=0
| + mult=1 m=1
| XKAN NKM NKM VSS VSS sky130_fd_pr__nfet_g5v0d10v5 L=4 W=2 nf=1 ad=0.58 as=0.58 pd=4.58 ps=4.58 nrd=0.145 nrs=0.145 sa=0 sb=0 sd=0
| + mult=1 m=1
| XKPD NKG NKM VSS VSS sky130_fd_pr__nfet_g5v0d10v5 L=4 W=8 nf=1 ad=2.32 as=2.32 pd=16.58 ps=16.58 nrd=0.03625 nrs=0.03625 sa=0 sb=0
| + sd=0 mult=1 m=1
| XKICK PG NKG VSS VSS sky130_fd_pr__nfet_g5v0d10v5 L=4 W=1 nf=1 ad=0.29 as=0.29 pd=2.58 ps=2.58 nrd=0.29 nrs=0.29 sa=0 sb=0 sd=0
| + mult=1 m=1
| XMPOK TOK PB VDD VDD sky130_fd_pr__pfet_g5v0d10v5 L=4 W=1 nf=1 ad=0.29 as=0.29 pd=2.58 ps=2.58 nrd=0.29 nrs=0.29 sa=0 sb=0 sd=0
| + mult=1 m=1
| XMOKA NOKO NA TOK VDD sky130_fd_pr__pfet_g5v0d10v5 L=4 W=8 nf=1 ad=2.32 as=2.32 pd=16.58 ps=16.58 nrd=0.03625 nrs=0.03625 sa=0
| + sb=0 sd=0 mult=1 m=1
| XMOKB NOKL NBTOP TOK VDD sky130_fd_pr__pfet_g5v0d10v5 L=4 W=8 nf=1 ad=2.32 as=2.32 pd=16.58 ps=16.58 nrd=0.03625 nrs=0.03625 sa=0
| + sb=0 sd=0 mult=1 m=1
| XMOL1 NOKL NOKL VSS VSS sky130_fd_pr__nfet_g5v0d10v5 L=4 W=2 nf=1 ad=0.58 as=0.58 pd=4.58 ps=4.58 nrd=0.145 nrs=0.145 sa=0 sb=0
| + sd=0 mult=1 m=1
| XMOL2 NOKO NOKL VSS VSS sky130_fd_pr__nfet_g5v0d10v5 L=4 W=2 nf=1 ad=0.58 as=0.58 pd=4.58 ps=4.58 nrd=0.145 nrs=0.145 sa=0 sb=0
| + sd=0 mult=1 m=1
| XMOKC NOKO NKG VSS VSS sky130_fd_pr__nfet_g5v0d10v5 L=1 W=2 nf=1 ad=0.58 as=0.58 pd=4.58 ps=4.58 nrd=0.145 nrs=0.145 sa=0 sb=0
| + sd=0 mult=1 m=1
| XMOK2 NOKX NOKO VSS VSS sky130_fd_pr__nfet_g5v0d10v5 L=4 W=2 nf=1 ad=0.58 as=0.58 pd=4.58 ps=4.58 nrd=0.145 nrs=0.145 sa=0 sb=0
| + sd=0 mult=1 m=1
| XMOK2P NOKX PB VDD VDD sky130_fd_pr__pfet_g5v0d10v5 L=4 W=1 nf=1 ad=0.29 as=0.29 pd=2.58 ps=2.58 nrd=0.29 nrs=0.29 sa=0 sb=0 sd=0
| + mult=1 m=1
| XCOK VDD NOKX sky130_fd_pr__cap_mim_m3_1 W=6 L=6 MF=1 m=1
| XMO1P BIAS_OK NOKX VDD VDD sky130_fd_pr__pfet_g5v0d10v5 L=4 W=1 nf=1 ad=0.29 as=0.29 pd=2.58 ps=2.58 nrd=0.29 nrs=0.29 sa=0 sb=0
| + sd=0 mult=1 m=1
| XMO1N BIAS_OK NOKX VSS VSS sky130_fd_pr__nfet_g5v0d10v5 L=0.5 W=4 nf=1 ad=1.16 as=1.16 pd=8.58 ps=8.58 nrd=0.0725 nrs=0.0725 sa=0
| + sb=0 sd=0 mult=1 m=1
| .ends
| 
| .control
| save all
| tran 10u 10m uic
| let nlast = length(v(vref))-1
| let meas_vref = v(vref)[nlast]
| let meas_vref_settled = abs(v(vref)[nlast] - v(vref)[nlast-100])
| let meas_ibias = v(ibias)[nlast]
| let meas_bias_ok = v(bias_ok)[nlast]
| let meas_isup = -i(v1)[nlast]
| print meas_vref
| print meas_vref_settled
| print meas_ibias
| print meas_bias_ok
| print meas_isup
| quit
| .endc
| .end

# ==== ngspice stdout ====

Note: Compatibility modes selected: hs a


Circuit: * bias-core-startup corner deck -- generated by sim/bin/corner-run.py, do not edit

option SCALE: Scale is set to 1e-06 for instance and model parameters
option SCALE: Scale is set to 1e-06 for instance and model parameters
option SCALE: Scale is set to 1e-06 for instance and model parameters
option SCALE: Scale is set to 1e-06 for instance and model parameters
Doing analysis at TEMP = 125.000000 and TNOM = 27.000000

Using KLU as Direct Linear Solver
Operating point simulation skipped by 'uic',
  now using transient initial conditions.
 Reference value :  1.00000e-07
 Reference value :  8.00000e-07
 Reference value :  6.40000e-06
 Reference value :  1.19200e-05
 Reference value :  1.96000e-05
 Reference value :  2.73681e-05
 Reference value :  3.49085e-05
 Reference value :  4.28375e-05
 Reference value :  4.87101e-05
 Reference value :  5.40330e-05
 Reference value :  5.79971e-05
 Reference value :  6.16790e-05
 Reference value :  6.49107e-05
 Reference value :  6.78836e-05
 Reference value :  7.08835e-05
 Reference value :  7.65597e-05
 Reference value :  8.38727e-05
 Reference value :  9.46740e-05
 Reference value :  1.02825e-04
 Reference value :  1.13523e-04
 Reference value :  1.32586e-04
 Reference value :  1.72586e-04
 Reference value :  2.12586e-04
 Reference value :  2.52586e-04
 Reference value :  2.92586e-04
 Reference value :  3.32586e-04
 Reference value :  3.62586e-04
 Reference value :  4.02586e-04
 Reference value :  4.42586e-04
 Reference value :  4.82586e-04
 Reference value :  5.22586e-04
 Reference value :  5.62586e-04
 Reference value :  6.02586e-04
 Reference value :  6.32586e-04
 Reference value :  6.72586e-04
 Reference value :  7.12586e-04
 Reference value :  7.62586e-04
 Reference value :  8.22586e-04
 Reference value :  8.82586e-04
 Reference value :  9.32586e-04
 Reference value :  9.92586e-04
 Reference value :  1.05259e-03
 Reference value :  1.10259e-03
 Reference value :  1.16259e-03
 Reference value :  1.22259e-03
 Reference value :  1.27259e-03
 Reference value :  1.32259e-03
 Reference value :  1.38259e-03
 Reference value :  1.43259e-03
 Reference value :  1.48259e-03
 Reference value :  1.54259e-03
 Reference value :  1.60259e-03
 Reference value :  1.66259e-03
 Reference value :  1.71259e-03
 Reference value :  1.76259e-03
 Reference value :  1.82259e-03
 Reference value :  1.87259e-03
 Reference value :  1.93259e-03
 Reference value :  1.98259e-03
 Reference value :  2.04259e-03
 Reference value :  2.10259e-03
 Reference value :  2.16259e-03
 Reference value :  2.22259e-03
 Reference value :  2.28259e-03
 Reference value :  2.34259e-03
 Reference value :  2.37259e-03
 Reference value :  2.40259e-03
 Reference value :  2.43259e-03
 Reference value :  2.49259e-03
 Reference value :  2.53259e-03
 Reference value :  2.56259e-03
 Reference value :  2.60259e-03
 Reference value :  2.64259e-03
 Reference value :  2.67259e-03
 Reference value :  2.70259e-03
 Reference value :  2.74259e-03
 Reference value :  2.77259e-03
 Reference value :  2.80259e-03
 Reference value :  2.84259e-03
 Reference value :  2.88259e-03
 Reference value :  2.91259e-03
 Reference value :  2.95259e-03
 Reference value :  2.99259e-03
 Reference value :  3.03259e-03
 Reference value :  3.07259e-03
 Reference value :  3.12259e-03
 Reference value :  3.17259e-03
 Reference value :  3.22259e-03
 Reference value :  3.27259e-03
 Reference value :  3.32259e-03
 Reference value :  3.37259e-03
 Reference value :  3.42259e-03
 Reference value :  3.47259e-03
 Reference value :  3.52259e-03
 Reference value :  3.57259e-03
 Reference value :  3.62259e-03
 Reference value :  3.67259e-03
 Reference value :  3.72259e-03
 Reference value :  3.78259e-03
 Reference value :  3.83259e-03
 Reference value :  3.88259e-03
 Reference value :  3.93259e-03
 Reference value :  3.99259e-03
 Reference value :  4.04259e-03
 Reference value :  4.10259e-03
 Reference value :  4.16259e-03
 Reference value :  4.21259e-03
 Reference value :  4.26259e-03
 Reference value :  4.31259e-03
 Reference value :  4.36259e-03
 Reference value :  4.41259e-03
 Reference value :  4.46259e-03
 Reference value :  4.51259e-03
 Reference value :  4.56259e-03
 Reference value :  4.61259e-03
 Reference value :  4.66259e-03
 Reference value :  4.71259e-03
 Reference value :  4.76259e-03
 Reference value :  4.81259e-03
 Reference value :  4.86259e-03
 Reference value :  4.91259e-03
 Reference value :  4.97259e-03
 Reference value :  5.02259e-03
 Reference value :  5.08259e-03
 Reference value :  5.14259e-03
 Reference value :  5.20259e-03
 Reference value :  5.26259e-03
 Reference value :  5.32259e-03
 Reference value :  5.37259e-03
 Reference value :  5.42259e-03
 Reference value :  5.47259e-03
 Reference value :  5.53259e-03
 Reference value :  5.58259e-03
 Reference value :  5.64259e-03
 Reference value :  5.70259e-03
 Reference value :  5.76259e-03
 Reference value :  5.81259e-03
 Reference value :  5.87259e-03
 Reference value :  5.92259e-03
 Reference value :  5.97259e-03
 Reference value :  6.03259e-03
 Reference value :  6.08259e-03
 Reference value :  6.14259e-03
 Reference value :  6.20259e-03
 Reference value :  6.26259e-03
 Reference value :  6.31259e-03
 Reference value :  6.37259e-03
 Reference value :  6.43259e-03
 Reference value :  6.49259e-03
 Reference value :  6.55259e-03
 Reference value :  6.60259e-03
 Reference value :  6.66259e-03
 Reference value :  6.72259e-03
 Reference value :  6.77259e-03
 Reference value :  6.82259e-03
 Reference value :  6.88259e-03
 Reference value :  6.94259e-03
 Reference value :  6.99259e-03
 Reference value :  7.05259e-03
 Reference value :  7.11259e-03
 Reference value :  7.17259e-03
 Reference value :  7.23259e-03
 Reference value :  7.27259e-03
 Reference value :  7.31259e-03
 Reference value :  7.35259e-03
 Reference value :  7.38259e-03
 Reference value :  7.42259e-03
 Reference value :  7.46259e-03
 Reference value :  7.50259e-03
 Reference value :  7.53259e-03
 Reference value :  7.57259e-03
 Reference value :  7.61259e-03
 Reference value :  7.65259e-03
 Reference value :  7.69259e-03
 Reference value :  7.73259e-03
 Reference value :  7.77259e-03
 Reference value :  7.81259e-03
 Reference value :  7.85259e-03
 Reference value :  7.88259e-03
 Reference value :  7.91259e-03
 Reference value :  7.94259e-03
 Reference value :  7.97259e-03
 Reference value :  8.00259e-03
 Reference value :  8.03259e-03
 Reference value :  8.07259e-03
 Reference value :  8.11259e-03
 Reference value :  8.14259e-03
 Reference value :  8.18259e-03
 Reference value :  8.22259e-03
 Reference value :  8.26259e-03
 Reference value :  8.30259e-03
 Reference value :  8.34259e-03
 Reference value :  8.38259e-03
 Reference value :  8.42259e-03
 Reference value :  8.46259e-03
 Reference value :  8.50259e-03
 Reference value :  8.54259e-03
 Reference value :  8.58259e-03
 Reference value :  8.62259e-03
 Reference value :  8.66259e-03
 Reference value :  8.70259e-03
 Reference value :  8.74259e-03
 Reference value :  8.78259e-03
 Reference value :  8.81259e-03
 Reference value :  8.84259e-03
 Reference value :  8.87259e-03
 Reference value :  8.91259e-03
 Reference value :  8.94259e-03
 Reference value :  8.97259e-03
 Reference value :  9.00259e-03
 Reference value :  9.03259e-03
 Reference value :  9.07259e-03
 Reference value :  9.10259e-03
 Reference value :  9.14259e-03
 Reference value :  9.17259e-03
 Reference value :  9.20259e-03
 Reference value :  9.23259e-03
 Reference value :  9.26259e-03
 Reference value :  9.29259e-03
 Reference value :  9.33259e-03
 Reference value :  9.36259e-03
 Reference value :  9.39259e-03
 Reference value :  9.42259e-03
 Reference value :  9.46259e-03
 Reference value :  9.49259e-03
 Reference value :  9.52259e-03
 Reference value :  9.55259e-03
 Reference value :  9.58259e-03
 Reference value :  9.61259e-03
 Reference value :  9.64259e-03
 Reference value :  9.67259e-03
 Reference value :  9.70259e-03
 Reference value :  9.73259e-03
 Reference value :  9.76259e-03
 Reference value :  9.79259e-03
 Reference value :  9.82259e-03
 Reference value :  9.86259e-03
 Reference value :  9.89259e-03
 Reference value :  9.92259e-03
 Reference value :  9.95259e-03
 Reference value :  9.99129e-03
No. of Data Rows : 1022
meas_vref = 1.256706e+00
meas_vref_settled = 4.146916e-10
meas_ibias = 2.970000e+00
meas_bias_ok = 2.969864e+00
meas_isup = 1.173623e-06
ngspice-46 done

# ==== ngspice stderr ====

