# corner: ff_125c_3.30v
# process=ff temp=125C supply=3.30V
# ngspice exit: 0
# wall clock: 86.6s (--timeout was 300s)
# result: PASS

# ==== deck (exact input given to ngspice) ====
| * bias-core-startup corner deck -- generated by sim/bin/corner-run.py, do not edit
| * corner: ff_125c_3.30v
| .param vsup=3.3
| .param tramp=100u
| .param tstop=10m
| .option wnflag=1
| .temp 125
| .lib "/home/ubuntu/.volare/sky130A/libs.tech/combined/sky130.lib.spice" ff
| ** sch_path: sim/bias-core-startup/testbench/tb_bias_core_startup.sch
| **.subckt tb_bias_core_startup
| V1 VDD 0 PWL(0 0 'tramp' 'vsup' 'tstop' 'vsup')
| .save i(v1)
| XDUT VDD 0 IBIAS VREF BIAS_OK bias_core
| **.ends
| 
| * expanding   symbol:  design/bias_core.sym # of pins=5
| ** sym_path: design/bias_core.sym
| ** sch_path: design/bias_core.sch
| .subckt bias_core VDD VSS IBIAS VREF BIAS_OK
| *.iopin VDD
| *.iopin VSS
| *.opin IBIAS
| *.opin VREF
| *.opin BIAS_OK
| XMP1 NA PG VDD VDD sky130_fd_pr__pfet_g5v0d10v5 L=4 W=8 nf=1 ad=2.32 as=2.32 pd=16.58 ps=16.58 nrd=0.03625 nrs=0.03625 sa=0 sb=0
| + sd=0 mult=1 m=1
| XMP2 NBTOP PG VDD VDD sky130_fd_pr__pfet_g5v0d10v5 L=4 W=8 nf=1 ad=2.32 as=2.32 pd=16.58 ps=16.58 nrd=0.03625 nrs=0.03625 sa=0
| + sb=0 sd=0 mult=1 m=1
| XMP3 VREF PG VDD VDD sky130_fd_pr__pfet_g5v0d10v5 L=4 W=8 nf=1 ad=2.32 as=2.32 pd=16.58 ps=16.58 nrd=0.03625 nrs=0.03625 sa=0 sb=0
| + sd=0 mult=1 m=1
| XMPBN NBG PG VDD VDD sky130_fd_pr__pfet_g5v0d10v5 L=4 W=2 nf=1 ad=0.58 as=0.58 pd=4.58 ps=4.58 nrd=0.145 nrs=0.145 sa=0 sb=0 sd=0
| + mult=1 m=1
| XQ1 VSS VSS NA sky130_fd_pr__pnp_05v5_W3p40L3p40 m=1 mult=1
| XRT NBTOP NB VSS sky130_fd_pr__res_xhigh_po W=2 L=17.5 mult=1 m=1
| XR1 NB EC VSS sky130_fd_pr__res_xhigh_po W=2 L=350.0 mult=1 m=1
| XQ8A VSS VSS EC sky130_fd_pr__pnp_05v5_W3p40L3p40 m=1 mult=1
| XQ8B VSS VSS EC sky130_fd_pr__pnp_05v5_W3p40L3p40 m=1 mult=1
| XQ8C VSS VSS EC sky130_fd_pr__pnp_05v5_W3p40L3p40 m=1 mult=1
| XQ8D VSS VSS EC sky130_fd_pr__pnp_05v5_W3p40L3p40 m=1 mult=1
| XQ8E VSS VSS EC sky130_fd_pr__pnp_05v5_W3p40L3p40 m=1 mult=1
| XQ8F VSS VSS EC sky130_fd_pr__pnp_05v5_W3p40L3p40 m=1 mult=1
| XQ8G VSS VSS EC sky130_fd_pr__pnp_05v5_W3p40L3p40 m=1 mult=1
| XQ8H VSS VSS EC sky130_fd_pr__pnp_05v5_W3p40L3p40 m=1 mult=1
| XR2 VREF ER VSS sky130_fd_pr__res_xhigh_po W=2 L=4104.0 mult=1 m=1
| XQR VSS VSS ER sky130_fd_pr__pnp_05v5_W3p40L3p40 m=1 mult=1
| XMBN NBG NBG VSS VSS sky130_fd_pr__nfet_g5v0d10v5 L=4 W=2 nf=1 ad=0.58 as=0.58 pd=4.58 ps=4.58 nrd=0.145 nrs=0.145 sa=0 sb=0 sd=0
| + mult=1 m=1
| XMBN2 PB NBG VSS VSS sky130_fd_pr__nfet_g5v0d10v5 L=4 W=2 nf=1 ad=0.58 as=0.58 pd=4.58 ps=4.58 nrd=0.145 nrs=0.145 sa=0 sb=0 sd=0
| + mult=1 m=1
| XMBP PB PB VDD VDD sky130_fd_pr__pfet_g5v0d10v5 L=4 W=2 nf=1 ad=0.58 as=0.58 pd=4.58 ps=4.58 nrd=0.145 nrs=0.145 sa=0 sb=0 sd=0
| + mult=1 m=1
| XMPIB IBIAS PB VDD VDD sky130_fd_pr__pfet_g5v0d10v5 L=4 W=40 nf=1 ad=11.6 as=11.6 pd=80.58 ps=80.58 nrd=0.00725 nrs=0.00725 sa=0
| + sb=0 sd=0 mult=1 m=1
| XMPT NT PB VDD VDD sky130_fd_pr__pfet_g5v0d10v5 L=4 W=2 nf=1 ad=0.58 as=0.58 pd=4.58 ps=4.58 nrd=0.145 nrs=0.145 sa=0 sb=0 sd=0
| + mult=1 m=1
| XMI1 N1 NA NT VDD sky130_fd_pr__pfet_g5v0d10v5 L=4 W=16 nf=1 ad=4.64 as=4.64 pd=32.58 ps=32.58 nrd=0.018125 nrs=0.018125 sa=0 sb=0
| + sd=0 mult=1 m=1
| XMI2 N2 NB NT VDD sky130_fd_pr__pfet_g5v0d10v5 L=4 W=16 nf=1 ad=4.64 as=4.64 pd=32.58 ps=32.58 nrd=0.018125 nrs=0.018125 sa=0 sb=0
| + sd=0 mult=1 m=1
| XML1 N1 N1 VSS VSS sky130_fd_pr__nfet_g5v0d10v5 L=8 W=4 nf=1 ad=1.16 as=1.16 pd=8.58 ps=8.58 nrd=0.0725 nrs=0.0725 sa=0 sb=0 sd=0
| + mult=1 m=1
| XML2 N2 N1 VSS VSS sky130_fd_pr__nfet_g5v0d10v5 L=8 W=4 nf=1 ad=1.16 as=1.16 pd=8.58 ps=8.58 nrd=0.0725 nrs=0.0725 sa=0 sb=0 sd=0
| + mult=1 m=1
| XMS2N PG N2 VSS VSS sky130_fd_pr__nfet_g5v0d10v5 L=8 W=8 nf=1 ad=2.32 as=2.32 pd=16.58 ps=16.58 nrd=0.03625 nrs=0.03625 sa=0 sb=0
| + sd=0 mult=1 m=1
| XMS2P PG PB VDD VDD sky130_fd_pr__pfet_g5v0d10v5 L=4 W=2 nf=1 ad=0.58 as=0.58 pd=4.58 ps=4.58 nrd=0.145 nrs=0.145 sa=0 sb=0 sd=0
| + mult=1 m=1
| XCC PG NZ sky130_fd_pr__cap_mim_m3_1 W=20 L=20 MF=1 m=1
| XRZ NZ N2 VSS sky130_fd_pr__res_xhigh_po W=2 L=1016.0 mult=1 m=1
| XKS0 VDD VDD KS1 VSS sky130_fd_pr__nfet_g5v0d10v5 L=8 W=1 nf=1 ad=0.29 as=0.29 pd=2.58 ps=2.58 nrd=0.29 nrs=0.29 sa=0 sb=0 sd=0
| + mult=1 m=1
| XKS1 KS1 KS1 KS2 VSS sky130_fd_pr__nfet_g5v0d10v5 L=8 W=1 nf=1 ad=0.29 as=0.29 pd=2.58 ps=2.58 nrd=0.29 nrs=0.29 sa=0 sb=0 sd=0
| + mult=1 m=1
| XKS2 KS2 KS2 KS3 VSS sky130_fd_pr__nfet_g5v0d10v5 L=8 W=1 nf=1 ad=0.29 as=0.29 pd=2.58 ps=2.58 nrd=0.29 nrs=0.29 sa=0 sb=0 sd=0
| + mult=1 m=1
| XKS3 KS3 KS3 KS4 VSS sky130_fd_pr__nfet_g5v0d10v5 L=8 W=1 nf=1 ad=0.29 as=0.29 pd=2.58 ps=2.58 nrd=0.29 nrs=0.29 sa=0 sb=0 sd=0
| + mult=1 m=1
| XKS4 KS4 KS4 NKG VSS sky130_fd_pr__nfet_g5v0d10v5 L=8 W=1 nf=1 ad=0.29 as=0.29 pd=2.58 ps=2.58 nrd=0.29 nrs=0.29 sa=0 sb=0 sd=0
| + mult=1 m=1
| XKA NKM PB VDD VDD sky130_fd_pr__pfet_g5v0d10v5 L=4 W=1 nf=1 ad=0.29 as=0.29 pd=2.58 ps=2.58 nrd=0.29 nrs=0.29 sa=0 sb=0 sd=0
| + mult=1 m=1
| XKAN NKM NKM VSS VSS sky130_fd_pr__nfet_g5v0d10v5 L=4 W=2 nf=1 ad=0.58 as=0.58 pd=4.58 ps=4.58 nrd=0.145 nrs=0.145 sa=0 sb=0 sd=0
| + mult=1 m=1
| XKPD NKG NKM VSS VSS sky130_fd_pr__nfet_g5v0d10v5 L=4 W=8 nf=1 ad=2.32 as=2.32 pd=16.58 ps=16.58 nrd=0.03625 nrs=0.03625 sa=0 sb=0
| + sd=0 mult=1 m=1
| XKICK PG NKG VSS VSS sky130_fd_pr__nfet_g5v0d10v5 L=4 W=1 nf=1 ad=0.29 as=0.29 pd=2.58 ps=2.58 nrd=0.29 nrs=0.29 sa=0 sb=0 sd=0
| + mult=1 m=1
| XMPOK TOK PB VDD VDD sky130_fd_pr__pfet_g5v0d10v5 L=4 W=1 nf=1 ad=0.29 as=0.29 pd=2.58 ps=2.58 nrd=0.29 nrs=0.29 sa=0 sb=0 sd=0
| + mult=1 m=1
| XMOKA NOKO NA TOK VDD sky130_fd_pr__pfet_g5v0d10v5 L=4 W=8 nf=1 ad=2.32 as=2.32 pd=16.58 ps=16.58 nrd=0.03625 nrs=0.03625 sa=0
| + sb=0 sd=0 mult=1 m=1
| XMOKB NOKL NBTOP TOK VDD sky130_fd_pr__pfet_g5v0d10v5 L=4 W=8 nf=1 ad=2.32 as=2.32 pd=16.58 ps=16.58 nrd=0.03625 nrs=0.03625 sa=0
| + sb=0 sd=0 mult=1 m=1
| XMOL1 NOKL NOKL VSS VSS sky130_fd_pr__nfet_g5v0d10v5 L=4 W=2 nf=1 ad=0.58 as=0.58 pd=4.58 ps=4.58 nrd=0.145 nrs=0.145 sa=0 sb=0
| + sd=0 mult=1 m=1
| XMOL2 NOKO NOKL VSS VSS sky130_fd_pr__nfet_g5v0d10v5 L=4 W=2 nf=1 ad=0.58 as=0.58 pd=4.58 ps=4.58 nrd=0.145 nrs=0.145 sa=0 sb=0
| + sd=0 mult=1 m=1
| XMOKC NOKO NKG VSS VSS sky130_fd_pr__nfet_g5v0d10v5 L=1 W=2 nf=1 ad=0.58 as=0.58 pd=4.58 ps=4.58 nrd=0.145 nrs=0.145 sa=0 sb=0
| + sd=0 mult=1 m=1
| XMOK2 NOKX NOKO VSS VSS sky130_fd_pr__nfet_g5v0d10v5 L=4 W=2 nf=1 ad=0.58 as=0.58 pd=4.58 ps=4.58 nrd=0.145 nrs=0.145 sa=0 sb=0
| + sd=0 mult=1 m=1
| XMOK2P NOKX PB VDD VDD sky130_fd_pr__pfet_g5v0d10v5 L=4 W=1 nf=1 ad=0.29 as=0.29 pd=2.58 ps=2.58 nrd=0.29 nrs=0.29 sa=0 sb=0 sd=0
| + mult=1 m=1
| XCOK VDD NOKX sky130_fd_pr__cap_mim_m3_1 W=6 L=6 MF=1 m=1
| XMO1P BIAS_OK NOKX VDD VDD sky130_fd_pr__pfet_g5v0d10v5 L=4 W=1 nf=1 ad=0.29 as=0.29 pd=2.58 ps=2.58 nrd=0.29 nrs=0.29 sa=0 sb=0
| + sd=0 mult=1 m=1
| XMO1N BIAS_OK NOKX VSS VSS sky130_fd_pr__nfet_g5v0d10v5 L=0.5 W=4 nf=1 ad=1.16 as=1.16 pd=8.58 ps=8.58 nrd=0.0725 nrs=0.0725 sa=0
| + sb=0 sd=0 mult=1 m=1
| .ends
| 
| .control
| save all
| tran 10u 10m uic
| let nlast = length(v(vref))-1
| let meas_vref = v(vref)[nlast]
| let meas_vref_settled = abs(v(vref)[nlast] - v(vref)[nlast-100])
| let meas_ibias = v(ibias)[nlast]
| let meas_bias_ok = v(bias_ok)[nlast]
| let meas_isup = -i(v1)[nlast]
| print meas_vref
| print meas_vref_settled
| print meas_ibias
| print meas_bias_ok
| print meas_isup
| quit
| .endc
| .end

# ==== ngspice stdout ====

Note: Compatibility modes selected: hs a


Circuit: * bias-core-startup corner deck -- generated by sim/bin/corner-run.py, do not edit

option SCALE: Scale is set to 1e-06 for instance and model parameters
option SCALE: Scale is set to 1e-06 for instance and model parameters
option SCALE: Scale is set to 1e-06 for instance and model parameters
option SCALE: Scale is set to 1e-06 for instance and model parameters
Doing analysis at TEMP = 125.000000 and TNOM = 27.000000

Using KLU as Direct Linear Solver
Operating point simulation skipped by 'uic',
  now using transient initial conditions.
 Reference value :  1.00000e-07
 Reference value :  8.00000e-07
 Reference value :  3.20000e-06
 Reference value :  1.06400e-05
 Reference value :  1.44800e-05
 Reference value :  2.66005e-05
 Reference value :  4.02466e-05
 Reference value :  4.62267e-05
 Reference value :  5.20753e-05
 Reference value :  5.62246e-05
 Reference value :  6.52216e-05
 Reference value :  7.94426e-05
 Reference value :  9.44406e-05
 Reference value :  1.03000e-04
 Reference value :  1.08738e-04
 Reference value :  1.40933e-04
 Reference value :  1.80933e-04
 Reference value :  2.20933e-04
 Reference value :  2.60933e-04
 Reference value :  3.00933e-04
 Reference value :  3.40933e-04
 Reference value :  3.80933e-04
 Reference value :  4.20933e-04
 Reference value :  4.60933e-04
 Reference value :  5.10933e-04
 Reference value :  5.60933e-04
 Reference value :  6.10933e-04
 Reference value :  6.60933e-04
 Reference value :  7.10933e-04
 Reference value :  7.60933e-04
 Reference value :  8.00933e-04
 Reference value :  8.50933e-04
 Reference value :  9.00933e-04
 Reference value :  9.50933e-04
 Reference value :  1.00093e-03
 Reference value :  1.05093e-03
 Reference value :  1.10093e-03
 Reference value :  1.14093e-03
 Reference value :  1.18093e-03
 Reference value :  1.21093e-03
 Reference value :  1.24093e-03
 Reference value :  1.27093e-03
 Reference value :  1.31093e-03
 Reference value :  1.34093e-03
 Reference value :  1.37093e-03
 Reference value :  1.41093e-03
 Reference value :  1.46093e-03
 Reference value :  1.50093e-03
 Reference value :  1.54093e-03
 Reference value :  1.58093e-03
 Reference value :  1.62093e-03
 Reference value :  1.66093e-03
 Reference value :  1.71093e-03
 Reference value :  1.75093e-03
 Reference value :  1.79093e-03
 Reference value :  1.83093e-03
 Reference value :  1.88093e-03
 Reference value :  1.92093e-03
 Reference value :  1.96093e-03
 Reference value :  2.00093e-03
 Reference value :  2.03093e-03
 Reference value :  2.06093e-03
 Reference value :  2.10093e-03
 Reference value :  2.14093e-03
 Reference value :  2.18093e-03
 Reference value :  2.21093e-03
 Reference value :  2.25093e-03
 Reference value :  2.29093e-03
 Reference value :  2.32093e-03
 Reference value :  2.36093e-03
 Reference value :  2.40093e-03
 Reference value :  2.43093e-03
 Reference value :  2.46093e-03
 Reference value :  2.49093e-03
 Reference value :  2.52093e-03
 Reference value :  2.55093e-03
 Reference value :  2.58093e-03
 Reference value :  2.61093e-03
 Reference value :  2.64093e-03
 Reference value :  2.67093e-03
 Reference value :  2.70093e-03
 Reference value :  2.73093e-03
 Reference value :  2.77093e-03
 Reference value :  2.80093e-03
 Reference value :  2.84093e-03
 Reference value :  2.88093e-03
 Reference value :  2.92093e-03
 Reference value :  2.96093e-03
 Reference value :  3.00093e-03
 Reference value :  3.04093e-03
 Reference value :  3.08093e-03
 Reference value :  3.12093e-03
 Reference value :  3.16093e-03
 Reference value :  3.19093e-03
 Reference value :  3.23093e-03
 Reference value :  3.27093e-03
 Reference value :  3.31093e-03
 Reference value :  3.35093e-03
 Reference value :  3.39093e-03
 Reference value :  3.43093e-03
 Reference value :  3.47093e-03
 Reference value :  3.51093e-03
 Reference value :  3.55093e-03
 Reference value :  3.58093e-03
 Reference value :  3.62093e-03
 Reference value :  3.65093e-03
 Reference value :  3.68093e-03
 Reference value :  3.71093e-03
 Reference value :  3.74093e-03
 Reference value :  3.77093e-03
 Reference value :  3.80093e-03
 Reference value :  3.83093e-03
 Reference value :  3.86093e-03
 Reference value :  3.89093e-03
 Reference value :  3.93093e-03
 Reference value :  3.96093e-03
 Reference value :  3.99093e-03
 Reference value :  4.02093e-03
 Reference value :  4.05093e-03
 Reference value :  4.08093e-03
 Reference value :  4.11093e-03
 Reference value :  4.14093e-03
 Reference value :  4.17093e-03
 Reference value :  4.21093e-03
 Reference value :  4.25093e-03
 Reference value :  4.28093e-03
 Reference value :  4.32093e-03
 Reference value :  4.35093e-03
 Reference value :  4.38093e-03
 Reference value :  4.41093e-03
 Reference value :  4.44093e-03
 Reference value :  4.47093e-03
 Reference value :  4.50093e-03
 Reference value :  4.53093e-03
 Reference value :  4.56093e-03
 Reference value :  4.59093e-03
 Reference value :  4.63093e-03
 Reference value :  4.67093e-03
 Reference value :  4.70093e-03
 Reference value :  4.73093e-03
 Reference value :  4.77093e-03
 Reference value :  4.81093e-03
 Reference value :  4.84093e-03
 Reference value :  4.87093e-03
 Reference value :  4.91093e-03
 Reference value :  4.94093e-03
 Reference value :  4.98093e-03
 Reference value :  5.01093e-03
 Reference value :  5.05093e-03
 Reference value :  5.08093e-03
 Reference value :  5.11093e-03
 Reference value :  5.14093e-03
 Reference value :  5.18093e-03
 Reference value :  5.21093e-03
 Reference value :  5.24093e-03
 Reference value :  5.27093e-03
 Reference value :  5.30093e-03
 Reference value :  5.33093e-03
 Reference value :  5.36093e-03
 Reference value :  5.40093e-03
 Reference value :  5.44093e-03
 Reference value :  5.48093e-03
 Reference value :  5.51093e-03
 Reference value :  5.54093e-03
 Reference value :  5.57093e-03
 Reference value :  5.60093e-03
 Reference value :  5.63093e-03
 Reference value :  5.66093e-03
 Reference value :  5.69093e-03
 Reference value :  5.72093e-03
 Reference value :  5.75093e-03
 Reference value :  5.78093e-03
 Reference value :  5.81093e-03
 Reference value :  5.85093e-03
 Reference value :  5.88093e-03
 Reference value :  5.91093e-03
 Reference value :  5.94093e-03
 Reference value :  5.98093e-03
 Reference value :  6.01093e-03
 Reference value :  6.04093e-03
 Reference value :  6.07093e-03
 Reference value :  6.11093e-03
 Reference value :  6.14093e-03
 Reference value :  6.18093e-03
 Reference value :  6.21093e-03
 Reference value :  6.25093e-03
 Reference value :  6.28093e-03
 Reference value :  6.31093e-03
 Reference value :  6.35093e-03
 Reference value :  6.39093e-03
 Reference value :  6.42093e-03
 Reference value :  6.45093e-03
 Reference value :  6.49093e-03
 Reference value :  6.52093e-03
 Reference value :  6.55093e-03
 Reference value :  6.59093e-03
 Reference value :  6.63093e-03
 Reference value :  6.66093e-03
 Reference value :  6.69093e-03
 Reference value :  6.73093e-03
 Reference value :  6.76093e-03
 Reference value :  6.79093e-03
 Reference value :  6.82093e-03
 Reference value :  6.86093e-03
 Reference value :  6.89093e-03
 Reference value :  6.92093e-03
 Reference value :  6.96093e-03
 Reference value :  7.00093e-03
 Reference value :  7.03093e-03
 Reference value :  7.06093e-03
 Reference value :  7.10093e-03
 Reference value :  7.14093e-03
 Reference value :  7.17093e-03
 Reference value :  7.20093e-03
 Reference value :  7.23093e-03
 Reference value :  7.26093e-03
 Reference value :  7.29093e-03
 Reference value :  7.32093e-03
 Reference value :  7.36093e-03
 Reference value :  7.40093e-03
 Reference value :  7.44093e-03
 Reference value :  7.47093e-03
 Reference value :  7.51093e-03
 Reference value :  7.54093e-03
 Reference value :  7.58093e-03
 Reference value :  7.62093e-03
 Reference value :  7.66093e-03
 Reference value :  7.70093e-03
 Reference value :  7.74093e-03
 Reference value :  7.78093e-03
 Reference value :  7.82093e-03
 Reference value :  7.86093e-03
 Reference value :  7.90093e-03
 Reference value :  7.93093e-03
 Reference value :  7.96093e-03
 Reference value :  7.99093e-03
 Reference value :  8.02093e-03
 Reference value :  8.06093e-03
 Reference value :  8.09093e-03
 Reference value :  8.12093e-03
 Reference value :  8.15093e-03
 Reference value :  8.18093e-03
 Reference value :  8.22093e-03
 Reference value :  8.25093e-03
 Reference value :  8.28093e-03
 Reference value :  8.31093e-03
 Reference value :  8.34093e-03
 Reference value :  8.38093e-03
 Reference value :  8.41093e-03
 Reference value :  8.44093e-03
 Reference value :  8.47093e-03
 Reference value :  8.51093e-03
 Reference value :  8.55093e-03
 Reference value :  8.59093e-03
 Reference value :  8.63093e-03
 Reference value :  8.66093e-03
 Reference value :  8.69093e-03
 Reference value :  8.73093e-03
 Reference value :  8.77093e-03
 Reference value :  8.81093e-03
 Reference value :  8.85093e-03
 Reference value :  8.89093e-03
 Reference value :  8.93093e-03
 Reference value :  8.97093e-03
 Reference value :  9.01093e-03
 Reference value :  9.05093e-03
 Reference value :  9.09093e-03
 Reference value :  9.12093e-03
 Reference value :  9.15093e-03
 Reference value :  9.18093e-03
 Reference value :  9.22093e-03
 Reference value :  9.26093e-03
 Reference value :  9.29093e-03
 Reference value :  9.32093e-03
 Reference value :  9.35093e-03
 Reference value :  9.39093e-03
 Reference value :  9.43093e-03
 Reference value :  9.47093e-03
 Reference value :  9.51093e-03
 Reference value :  9.55093e-03
 Reference value :  9.59093e-03
 Reference value :  9.63093e-03
 Reference value :  9.68093e-03
 Reference value :  9.72093e-03
 Reference value :  9.76093e-03
 Reference value :  9.80093e-03
 Reference value :  9.84093e-03
 Reference value :  9.88093e-03
 Reference value :  9.92093e-03
 Reference value :  9.97093e-03
No. of Data Rows : 1019
meas_vref = 1.256931e+00
meas_vref_settled = 2.059557e-10
meas_ibias = 3.300000e+00
meas_bias_ok = 3.299867e+00
meas_isup = 1.184144e-06
ngspice-46 done

# ==== ngspice stderr ====

