# corner: ff_27c_3.30v
# process=ff temp=27C supply=3.30V
# ngspice exit: 0
# wall clock: 99.7s (--timeout was 300s)
# result: PASS

# ==== deck (exact input given to ngspice) ====
| * bias-core-startup corner deck -- generated by sim/bin/corner-run.py, do not edit
| * corner: ff_27c_3.30v
| .param vsup=3.3
| .param tramp=100u
| .param tstop=10m
| .option wnflag=1
| .temp 27
| .lib "/home/ubuntu/.volare/sky130A/libs.tech/combined/sky130.lib.spice" ff
| ** sch_path: sim/bias-core-startup/testbench/tb_bias_core_startup.sch
| **.subckt tb_bias_core_startup
| V1 VDD 0 PWL(0 0 'tramp' 'vsup' 'tstop' 'vsup')
| .save i(v1)
| XDUT VDD 0 IBIAS VREF BIAS_OK bias_core
| **.ends
| 
| * expanding   symbol:  design/bias_core.sym # of pins=5
| ** sym_path: design/bias_core.sym
| ** sch_path: design/bias_core.sch
| .subckt bias_core VDD VSS IBIAS VREF BIAS_OK
| *.iopin VDD
| *.iopin VSS
| *.opin IBIAS
| *.opin VREF
| *.opin BIAS_OK
| XMP1 NA PG VDD VDD sky130_fd_pr__pfet_g5v0d10v5 L=4 W=8 nf=1 ad=2.32 as=2.32 pd=16.58 ps=16.58 nrd=0.03625 nrs=0.03625 sa=0 sb=0
| + sd=0 mult=1 m=1
| XMP2 NBTOP PG VDD VDD sky130_fd_pr__pfet_g5v0d10v5 L=4 W=8 nf=1 ad=2.32 as=2.32 pd=16.58 ps=16.58 nrd=0.03625 nrs=0.03625 sa=0
| + sb=0 sd=0 mult=1 m=1
| XMP3 VREF PG VDD VDD sky130_fd_pr__pfet_g5v0d10v5 L=4 W=8 nf=1 ad=2.32 as=2.32 pd=16.58 ps=16.58 nrd=0.03625 nrs=0.03625 sa=0 sb=0
| + sd=0 mult=1 m=1
| XMPBN NBG PG VDD VDD sky130_fd_pr__pfet_g5v0d10v5 L=4 W=2 nf=1 ad=0.58 as=0.58 pd=4.58 ps=4.58 nrd=0.145 nrs=0.145 sa=0 sb=0 sd=0
| + mult=1 m=1
| XQ1 VSS VSS NA sky130_fd_pr__pnp_05v5_W3p40L3p40 m=1 mult=1
| XRT NBTOP NB VSS sky130_fd_pr__res_xhigh_po W=2 L=17.5 mult=1 m=1
| XR1 NB EC VSS sky130_fd_pr__res_xhigh_po W=2 L=350.0 mult=1 m=1
| XQ8A VSS VSS EC sky130_fd_pr__pnp_05v5_W3p40L3p40 m=1 mult=1
| XQ8B VSS VSS EC sky130_fd_pr__pnp_05v5_W3p40L3p40 m=1 mult=1
| XQ8C VSS VSS EC sky130_fd_pr__pnp_05v5_W3p40L3p40 m=1 mult=1
| XQ8D VSS VSS EC sky130_fd_pr__pnp_05v5_W3p40L3p40 m=1 mult=1
| XQ8E VSS VSS EC sky130_fd_pr__pnp_05v5_W3p40L3p40 m=1 mult=1
| XQ8F VSS VSS EC sky130_fd_pr__pnp_05v5_W3p40L3p40 m=1 mult=1
| XQ8G VSS VSS EC sky130_fd_pr__pnp_05v5_W3p40L3p40 m=1 mult=1
| XQ8H VSS VSS EC sky130_fd_pr__pnp_05v5_W3p40L3p40 m=1 mult=1
| XR2 VREF ER VSS sky130_fd_pr__res_xhigh_po W=2 L=4104.0 mult=1 m=1
| XQR VSS VSS ER sky130_fd_pr__pnp_05v5_W3p40L3p40 m=1 mult=1
| XMBN NBG NBG VSS VSS sky130_fd_pr__nfet_g5v0d10v5 L=4 W=2 nf=1 ad=0.58 as=0.58 pd=4.58 ps=4.58 nrd=0.145 nrs=0.145 sa=0 sb=0 sd=0
| + mult=1 m=1
| XMBN2 PB NBG VSS VSS sky130_fd_pr__nfet_g5v0d10v5 L=4 W=2 nf=1 ad=0.58 as=0.58 pd=4.58 ps=4.58 nrd=0.145 nrs=0.145 sa=0 sb=0 sd=0
| + mult=1 m=1
| XMBP PB PB VDD VDD sky130_fd_pr__pfet_g5v0d10v5 L=4 W=2 nf=1 ad=0.58 as=0.58 pd=4.58 ps=4.58 nrd=0.145 nrs=0.145 sa=0 sb=0 sd=0
| + mult=1 m=1
| XMPIB IBIAS PB VDD VDD sky130_fd_pr__pfet_g5v0d10v5 L=4 W=40 nf=1 ad=11.6 as=11.6 pd=80.58 ps=80.58 nrd=0.00725 nrs=0.00725 sa=0
| + sb=0 sd=0 mult=1 m=1
| XMPT NT PB VDD VDD sky130_fd_pr__pfet_g5v0d10v5 L=4 W=2 nf=1 ad=0.58 as=0.58 pd=4.58 ps=4.58 nrd=0.145 nrs=0.145 sa=0 sb=0 sd=0
| + mult=1 m=1
| XMI1 N1 NA NT VDD sky130_fd_pr__pfet_g5v0d10v5 L=4 W=16 nf=1 ad=4.64 as=4.64 pd=32.58 ps=32.58 nrd=0.018125 nrs=0.018125 sa=0 sb=0
| + sd=0 mult=1 m=1
| XMI2 N2 NB NT VDD sky130_fd_pr__pfet_g5v0d10v5 L=4 W=16 nf=1 ad=4.64 as=4.64 pd=32.58 ps=32.58 nrd=0.018125 nrs=0.018125 sa=0 sb=0
| + sd=0 mult=1 m=1
| XML1 N1 N1 VSS VSS sky130_fd_pr__nfet_g5v0d10v5 L=8 W=4 nf=1 ad=1.16 as=1.16 pd=8.58 ps=8.58 nrd=0.0725 nrs=0.0725 sa=0 sb=0 sd=0
| + mult=1 m=1
| XML2 N2 N1 VSS VSS sky130_fd_pr__nfet_g5v0d10v5 L=8 W=4 nf=1 ad=1.16 as=1.16 pd=8.58 ps=8.58 nrd=0.0725 nrs=0.0725 sa=0 sb=0 sd=0
| + mult=1 m=1
| XMS2N PG N2 VSS VSS sky130_fd_pr__nfet_g5v0d10v5 L=8 W=8 nf=1 ad=2.32 as=2.32 pd=16.58 ps=16.58 nrd=0.03625 nrs=0.03625 sa=0 sb=0
| + sd=0 mult=1 m=1
| XMS2P PG PB VDD VDD sky130_fd_pr__pfet_g5v0d10v5 L=4 W=2 nf=1 ad=0.58 as=0.58 pd=4.58 ps=4.58 nrd=0.145 nrs=0.145 sa=0 sb=0 sd=0
| + mult=1 m=1
| XCC PG NZ sky130_fd_pr__cap_mim_m3_1 W=20 L=20 MF=1 m=1
| XRZ NZ N2 VSS sky130_fd_pr__res_xhigh_po W=2 L=1016.0 mult=1 m=1
| XKS0 VDD VDD KS1 VSS sky130_fd_pr__nfet_g5v0d10v5 L=8 W=1 nf=1 ad=0.29 as=0.29 pd=2.58 ps=2.58 nrd=0.29 nrs=0.29 sa=0 sb=0 sd=0
| + mult=1 m=1
| XKS1 KS1 KS1 KS2 VSS sky130_fd_pr__nfet_g5v0d10v5 L=8 W=1 nf=1 ad=0.29 as=0.29 pd=2.58 ps=2.58 nrd=0.29 nrs=0.29 sa=0 sb=0 sd=0
| + mult=1 m=1
| XKS2 KS2 KS2 KS3 VSS sky130_fd_pr__nfet_g5v0d10v5 L=8 W=1 nf=1 ad=0.29 as=0.29 pd=2.58 ps=2.58 nrd=0.29 nrs=0.29 sa=0 sb=0 sd=0
| + mult=1 m=1
| XKS3 KS3 KS3 KS4 VSS sky130_fd_pr__nfet_g5v0d10v5 L=8 W=1 nf=1 ad=0.29 as=0.29 pd=2.58 ps=2.58 nrd=0.29 nrs=0.29 sa=0 sb=0 sd=0
| + mult=1 m=1
| XKS4 KS4 KS4 NKG VSS sky130_fd_pr__nfet_g5v0d10v5 L=8 W=1 nf=1 ad=0.29 as=0.29 pd=2.58 ps=2.58 nrd=0.29 nrs=0.29 sa=0 sb=0 sd=0
| + mult=1 m=1
| XKA NKM PB VDD VDD sky130_fd_pr__pfet_g5v0d10v5 L=4 W=1 nf=1 ad=0.29 as=0.29 pd=2.58 ps=2.58 nrd=0.29 nrs=0.29 sa=0 sb=0 sd=0
| + mult=1 m=1
| XKAN NKM NKM VSS VSS sky130_fd_pr__nfet_g5v0d10v5 L=4 W=2 nf=1 ad=0.58 as=0.58 pd=4.58 ps=4.58 nrd=0.145 nrs=0.145 sa=0 sb=0 sd=0
| + mult=1 m=1
| XKPD NKG NKM VSS VSS sky130_fd_pr__nfet_g5v0d10v5 L=4 W=8 nf=1 ad=2.32 as=2.32 pd=16.58 ps=16.58 nrd=0.03625 nrs=0.03625 sa=0 sb=0
| + sd=0 mult=1 m=1
| XKICK PG NKG VSS VSS sky130_fd_pr__nfet_g5v0d10v5 L=4 W=1 nf=1 ad=0.29 as=0.29 pd=2.58 ps=2.58 nrd=0.29 nrs=0.29 sa=0 sb=0 sd=0
| + mult=1 m=1
| XMPOK TOK PB VDD VDD sky130_fd_pr__pfet_g5v0d10v5 L=4 W=1 nf=1 ad=0.29 as=0.29 pd=2.58 ps=2.58 nrd=0.29 nrs=0.29 sa=0 sb=0 sd=0
| + mult=1 m=1
| XMOKA NOKO NA TOK VDD sky130_fd_pr__pfet_g5v0d10v5 L=4 W=8 nf=1 ad=2.32 as=2.32 pd=16.58 ps=16.58 nrd=0.03625 nrs=0.03625 sa=0
| + sb=0 sd=0 mult=1 m=1
| XMOKB NOKL NBTOP TOK VDD sky130_fd_pr__pfet_g5v0d10v5 L=4 W=8 nf=1 ad=2.32 as=2.32 pd=16.58 ps=16.58 nrd=0.03625 nrs=0.03625 sa=0
| + sb=0 sd=0 mult=1 m=1
| XMOL1 NOKL NOKL VSS VSS sky130_fd_pr__nfet_g5v0d10v5 L=4 W=2 nf=1 ad=0.58 as=0.58 pd=4.58 ps=4.58 nrd=0.145 nrs=0.145 sa=0 sb=0
| + sd=0 mult=1 m=1
| XMOL2 NOKO NOKL VSS VSS sky130_fd_pr__nfet_g5v0d10v5 L=4 W=2 nf=1 ad=0.58 as=0.58 pd=4.58 ps=4.58 nrd=0.145 nrs=0.145 sa=0 sb=0
| + sd=0 mult=1 m=1
| XMOKC NOKO NKG VSS VSS sky130_fd_pr__nfet_g5v0d10v5 L=1 W=2 nf=1 ad=0.58 as=0.58 pd=4.58 ps=4.58 nrd=0.145 nrs=0.145 sa=0 sb=0
| + sd=0 mult=1 m=1
| XMOK2 NOKX NOKO VSS VSS sky130_fd_pr__nfet_g5v0d10v5 L=4 W=2 nf=1 ad=0.58 as=0.58 pd=4.58 ps=4.58 nrd=0.145 nrs=0.145 sa=0 sb=0
| + sd=0 mult=1 m=1
| XMOK2P NOKX PB VDD VDD sky130_fd_pr__pfet_g5v0d10v5 L=4 W=1 nf=1 ad=0.29 as=0.29 pd=2.58 ps=2.58 nrd=0.29 nrs=0.29 sa=0 sb=0 sd=0
| + mult=1 m=1
| XCOK VDD NOKX sky130_fd_pr__cap_mim_m3_1 W=6 L=6 MF=1 m=1
| XMO1P BIAS_OK NOKX VDD VDD sky130_fd_pr__pfet_g5v0d10v5 L=4 W=1 nf=1 ad=0.29 as=0.29 pd=2.58 ps=2.58 nrd=0.29 nrs=0.29 sa=0 sb=0
| + sd=0 mult=1 m=1
| XMO1N BIAS_OK NOKX VSS VSS sky130_fd_pr__nfet_g5v0d10v5 L=0.5 W=4 nf=1 ad=1.16 as=1.16 pd=8.58 ps=8.58 nrd=0.0725 nrs=0.0725 sa=0
| + sb=0 sd=0 mult=1 m=1
| .ends
| 
| .control
| save all
| tran 10u 10m uic
| let nlast = length(v(vref))-1
| let meas_vref = v(vref)[nlast]
| let meas_vref_settled = abs(v(vref)[nlast] - v(vref)[nlast-100])
| let meas_ibias = v(ibias)[nlast]
| let meas_bias_ok = v(bias_ok)[nlast]
| let meas_isup = -i(v1)[nlast]
| print meas_vref
| print meas_vref_settled
| print meas_ibias
| print meas_bias_ok
| print meas_isup
| quit
| .endc
| .end

# ==== ngspice stdout ====

Note: Compatibility modes selected: hs a


Circuit: * bias-core-startup corner deck -- generated by sim/bin/corner-run.py, do not edit

option SCALE: Scale is set to 1e-06 for instance and model parameters
option SCALE: Scale is set to 1e-06 for instance and model parameters
option SCALE: Scale is set to 1e-06 for instance and model parameters
option SCALE: Scale is set to 1e-06 for instance and model parameters
Doing analysis at TEMP = 27.000000 and TNOM = 27.000000

Using KLU as Direct Linear Solver
Operating point simulation skipped by 'uic',
  now using transient initial conditions.
 Reference value :  1.00000e-07
 Reference value :  8.00000e-07
 Reference value :  6.40000e-06
 Reference value :  1.06400e-05
 Reference value :  1.44800e-05
 Reference value :  2.88267e-05
 Reference value :  3.88267e-05
 Reference value :  4.82499e-05
 Reference value :  5.54218e-05
 Reference value :  6.16079e-05
 Reference value :  6.62660e-05
 Reference value :  7.62403e-05
 Reference value :  8.34174e-05
 Reference value :  9.10618e-05
 Reference value :  9.55309e-05
 Reference value :  1.00000e-04
 Reference value :  1.00554e-04
 Reference value :  1.03449e-04
 Reference value :  1.07935e-04
 Reference value :  1.16942e-04
 Reference value :  1.36942e-04
 Reference value :  1.66942e-04
 Reference value :  1.96942e-04
 Reference value :  2.26942e-04
 Reference value :  2.56942e-04
 Reference value :  2.76942e-04
 Reference value :  2.96942e-04
 Reference value :  3.16942e-04
 Reference value :  3.46942e-04
 Reference value :  3.76942e-04
 Reference value :  4.06942e-04
 Reference value :  4.36942e-04
 Reference value :  4.66942e-04
 Reference value :  5.06942e-04
 Reference value :  5.36942e-04
 Reference value :  5.66942e-04
 Reference value :  5.96942e-04
 Reference value :  6.26942e-04
 Reference value :  6.66942e-04
 Reference value :  7.06942e-04
 Reference value :  7.36942e-04
 Reference value :  7.76942e-04
 Reference value :  8.16942e-04
 Reference value :  8.56942e-04
 Reference value :  8.86942e-04
 Reference value :  9.26942e-04
 Reference value :  9.66942e-04
 Reference value :  1.00694e-03
 Reference value :  1.03694e-03
 Reference value :  1.06694e-03
 Reference value :  1.09694e-03
 Reference value :  1.12694e-03
 Reference value :  1.16694e-03
 Reference value :  1.19694e-03
 Reference value :  1.22694e-03
 Reference value :  1.25694e-03
 Reference value :  1.28694e-03
 Reference value :  1.31694e-03
 Reference value :  1.34694e-03
 Reference value :  1.38694e-03
 Reference value :  1.42694e-03
 Reference value :  1.46694e-03
 Reference value :  1.49694e-03
 Reference value :  1.53694e-03
 Reference value :  1.57694e-03
 Reference value :  1.60694e-03
 Reference value :  1.64694e-03
 Reference value :  1.67694e-03
 Reference value :  1.70694e-03
 Reference value :  1.73694e-03
 Reference value :  1.77694e-03
 Reference value :  1.80694e-03
 Reference value :  1.83694e-03
 Reference value :  1.86694e-03
 Reference value :  1.89694e-03
 Reference value :  1.92694e-03
 Reference value :  1.95694e-03
 Reference value :  1.98694e-03
 Reference value :  2.01694e-03
 Reference value :  2.04694e-03
 Reference value :  2.08694e-03
 Reference value :  2.11694e-03
 Reference value :  2.15694e-03
 Reference value :  2.18694e-03
 Reference value :  2.22694e-03
 Reference value :  2.25694e-03
 Reference value :  2.29694e-03
 Reference value :  2.32694e-03
 Reference value :  2.35694e-03
 Reference value :  2.38694e-03
 Reference value :  2.41694e-03
 Reference value :  2.44694e-03
 Reference value :  2.48694e-03
 Reference value :  2.51694e-03
 Reference value :  2.54694e-03
 Reference value :  2.57694e-03
 Reference value :  2.60694e-03
 Reference value :  2.64694e-03
 Reference value :  2.68694e-03
 Reference value :  2.71694e-03
 Reference value :  2.74694e-03
 Reference value :  2.77694e-03
 Reference value :  2.80694e-03
 Reference value :  2.83694e-03
 Reference value :  2.86694e-03
 Reference value :  2.90694e-03
 Reference value :  2.93694e-03
 Reference value :  2.96694e-03
 Reference value :  2.99694e-03
 Reference value :  3.02694e-03
 Reference value :  3.05694e-03
 Reference value :  3.08694e-03
 Reference value :  3.11694e-03
 Reference value :  3.15694e-03
 Reference value :  3.18694e-03
 Reference value :  3.21694e-03
 Reference value :  3.24694e-03
 Reference value :  3.28694e-03
 Reference value :  3.32694e-03
 Reference value :  3.35694e-03
 Reference value :  3.38694e-03
 Reference value :  3.41694e-03
 Reference value :  3.45694e-03
 Reference value :  3.49694e-03
 Reference value :  3.52694e-03
 Reference value :  3.56694e-03
 Reference value :  3.60694e-03
 Reference value :  3.63694e-03
 Reference value :  3.67694e-03
 Reference value :  3.70694e-03
 Reference value :  3.73694e-03
 Reference value :  3.77694e-03
 Reference value :  3.81694e-03
 Reference value :  3.85694e-03
 Reference value :  3.88694e-03
 Reference value :  3.91694e-03
 Reference value :  3.94694e-03
 Reference value :  3.97694e-03
 Reference value :  4.00694e-03
 Reference value :  4.04694e-03
 Reference value :  4.08694e-03
 Reference value :  4.12694e-03
 Reference value :  4.16694e-03
 Reference value :  4.20694e-03
 Reference value :  4.24694e-03
 Reference value :  4.28694e-03
 Reference value :  4.32694e-03
 Reference value :  4.36694e-03
 Reference value :  4.39694e-03
 Reference value :  4.42694e-03
 Reference value :  4.45694e-03
 Reference value :  4.48694e-03
 Reference value :  4.51694e-03
 Reference value :  4.54694e-03
 Reference value :  4.58694e-03
 Reference value :  4.62694e-03
 Reference value :  4.65694e-03
 Reference value :  4.68694e-03
 Reference value :  4.71694e-03
 Reference value :  4.74694e-03
 Reference value :  4.78694e-03
 Reference value :  4.82694e-03
 Reference value :  4.86694e-03
 Reference value :  4.90694e-03
 Reference value :  4.94694e-03
 Reference value :  4.98694e-03
 Reference value :  5.02694e-03
 Reference value :  5.06694e-03
 Reference value :  5.10694e-03
 Reference value :  5.14694e-03
 Reference value :  5.18694e-03
 Reference value :  5.22694e-03
 Reference value :  5.26694e-03
 Reference value :  5.30694e-03
 Reference value :  5.34694e-03
 Reference value :  5.38694e-03
 Reference value :  5.42694e-03
 Reference value :  5.46694e-03
 Reference value :  5.50694e-03
 Reference value :  5.55694e-03
 Reference value :  5.59694e-03
 Reference value :  5.63694e-03
 Reference value :  5.67694e-03
 Reference value :  5.71694e-03
 Reference value :  5.75694e-03
 Reference value :  5.79694e-03
 Reference value :  5.83694e-03
 Reference value :  5.87694e-03
 Reference value :  5.91694e-03
 Reference value :  5.95694e-03
 Reference value :  5.99694e-03
 Reference value :  6.03694e-03
 Reference value :  6.07694e-03
 Reference value :  6.11694e-03
 Reference value :  6.15694e-03
 Reference value :  6.19694e-03
 Reference value :  6.23694e-03
 Reference value :  6.27694e-03
 Reference value :  6.31694e-03
 Reference value :  6.35694e-03
 Reference value :  6.39694e-03
 Reference value :  6.43694e-03
 Reference value :  6.47694e-03
 Reference value :  6.51694e-03
 Reference value :  6.55694e-03
 Reference value :  6.59694e-03
 Reference value :  6.63694e-03
 Reference value :  6.67694e-03
 Reference value :  6.71694e-03
 Reference value :  6.75694e-03
 Reference value :  6.79694e-03
 Reference value :  6.82694e-03
 Reference value :  6.86694e-03
 Reference value :  6.89694e-03
 Reference value :  6.93694e-03
 Reference value :  6.97694e-03
 Reference value :  7.01694e-03
 Reference value :  7.05694e-03
 Reference value :  7.08694e-03
 Reference value :  7.12694e-03
 Reference value :  7.15694e-03
 Reference value :  7.18694e-03
 Reference value :  7.21694e-03
 Reference value :  7.25694e-03
 Reference value :  7.29694e-03
 Reference value :  7.32694e-03
 Reference value :  7.36694e-03
 Reference value :  7.39694e-03
 Reference value :  7.42694e-03
 Reference value :  7.46694e-03
 Reference value :  7.50694e-03
 Reference value :  7.53694e-03
 Reference value :  7.57694e-03
 Reference value :  7.60694e-03
 Reference value :  7.64694e-03
 Reference value :  7.67694e-03
 Reference value :  7.71694e-03
 Reference value :  7.74694e-03
 Reference value :  7.77694e-03
 Reference value :  7.81694e-03
 Reference value :  7.84694e-03
 Reference value :  7.87694e-03
 Reference value :  7.90694e-03
 Reference value :  7.93694e-03
 Reference value :  7.97694e-03
 Reference value :  8.00694e-03
 Reference value :  8.03694e-03
 Reference value :  8.06694e-03
 Reference value :  8.10694e-03
 Reference value :  8.14694e-03
 Reference value :  8.17694e-03
 Reference value :  8.20694e-03
 Reference value :  8.23694e-03
 Reference value :  8.26694e-03
 Reference value :  8.29694e-03
 Reference value :  8.32694e-03
 Reference value :  8.35694e-03
 Reference value :  8.38694e-03
 Reference value :  8.41694e-03
 Reference value :  8.45694e-03
 Reference value :  8.49694e-03
 Reference value :  8.53694e-03
 Reference value :  8.56694e-03
 Reference value :  8.60694e-03
 Reference value :  8.64694e-03
 Reference value :  8.68694e-03
 Reference value :  8.72694e-03
 Reference value :  8.77694e-03
 Reference value :  8.82694e-03
 Reference value :  8.87694e-03
 Reference value :  8.91694e-03
 Reference value :  8.97694e-03
 Reference value :  9.03694e-03
 Reference value :  9.08694e-03
 Reference value :  9.12694e-03
 Reference value :  9.17694e-03
 Reference value :  9.22694e-03
 Reference value :  9.27694e-03
 Reference value :  9.32694e-03
 Reference value :  9.36694e-03
 Reference value :  9.41694e-03
 Reference value :  9.46694e-03
 Reference value :  9.51694e-03
 Reference value :  9.56694e-03
 Reference value :  9.61694e-03
 Reference value :  9.66694e-03
 Reference value :  9.71694e-03
 Reference value :  9.76694e-03
 Reference value :  9.81694e-03
 Reference value :  9.84694e-03
 Reference value :  9.88694e-03
 Reference value :  9.92694e-03
 Reference value :  9.97694e-03
No. of Data Rows : 1020
meas_vref = 1.255647e+00
meas_vref_settled = 1.942727e-09
meas_ibias = 3.300000e+00
meas_bias_ok = 3.299999e+00
meas_isup = 9.484657e-07
ngspice-46 done

# ==== ngspice stderr ====

