# corner: ff_27c_2.97v
# process=ff temp=27C supply=2.97V
# ngspice exit: 0
# wall clock: 92.4s (--timeout was 300s)
# result: PASS

# ==== deck (exact input given to ngspice) ====
| * bias-core-startup corner deck -- generated by sim/bin/corner-run.py, do not edit
| * corner: ff_27c_2.97v
| .param vsup=2.97
| .param tramp=100u
| .param tstop=10m
| .option wnflag=1
| .temp 27
| .lib "/home/ubuntu/.volare/sky130A/libs.tech/combined/sky130.lib.spice" ff
| ** sch_path: sim/bias-core-startup/testbench/tb_bias_core_startup.sch
| **.subckt tb_bias_core_startup
| V1 VDD 0 PWL(0 0 'tramp' 'vsup' 'tstop' 'vsup')
| .save i(v1)
| XDUT VDD 0 IBIAS VREF BIAS_OK bias_core
| **.ends
| 
| * expanding   symbol:  design/bias_core.sym # of pins=5
| ** sym_path: design/bias_core.sym
| ** sch_path: design/bias_core.sch
| .subckt bias_core VDD VSS IBIAS VREF BIAS_OK
| *.iopin VDD
| *.iopin VSS
| *.opin IBIAS
| *.opin VREF
| *.opin BIAS_OK
| XMP1 NA PG VDD VDD sky130_fd_pr__pfet_g5v0d10v5 L=4 W=8 nf=1 ad=2.32 as=2.32 pd=16.58 ps=16.58 nrd=0.03625 nrs=0.03625 sa=0 sb=0
| + sd=0 mult=1 m=1
| XMP2 NBTOP PG VDD VDD sky130_fd_pr__pfet_g5v0d10v5 L=4 W=8 nf=1 ad=2.32 as=2.32 pd=16.58 ps=16.58 nrd=0.03625 nrs=0.03625 sa=0
| + sb=0 sd=0 mult=1 m=1
| XMP3 VREF PG VDD VDD sky130_fd_pr__pfet_g5v0d10v5 L=4 W=8 nf=1 ad=2.32 as=2.32 pd=16.58 ps=16.58 nrd=0.03625 nrs=0.03625 sa=0 sb=0
| + sd=0 mult=1 m=1
| XMPBN NBG PG VDD VDD sky130_fd_pr__pfet_g5v0d10v5 L=4 W=2 nf=1 ad=0.58 as=0.58 pd=4.58 ps=4.58 nrd=0.145 nrs=0.145 sa=0 sb=0 sd=0
| + mult=1 m=1
| XQ1 VSS VSS NA sky130_fd_pr__pnp_05v5_W3p40L3p40 m=1 mult=1
| XRT NBTOP NB VSS sky130_fd_pr__res_xhigh_po W=2 L=17.5 mult=1 m=1
| XR1 NB EC VSS sky130_fd_pr__res_xhigh_po W=2 L=350.0 mult=1 m=1
| XQ8A VSS VSS EC sky130_fd_pr__pnp_05v5_W3p40L3p40 m=1 mult=1
| XQ8B VSS VSS EC sky130_fd_pr__pnp_05v5_W3p40L3p40 m=1 mult=1
| XQ8C VSS VSS EC sky130_fd_pr__pnp_05v5_W3p40L3p40 m=1 mult=1
| XQ8D VSS VSS EC sky130_fd_pr__pnp_05v5_W3p40L3p40 m=1 mult=1
| XQ8E VSS VSS EC sky130_fd_pr__pnp_05v5_W3p40L3p40 m=1 mult=1
| XQ8F VSS VSS EC sky130_fd_pr__pnp_05v5_W3p40L3p40 m=1 mult=1
| XQ8G VSS VSS EC sky130_fd_pr__pnp_05v5_W3p40L3p40 m=1 mult=1
| XQ8H VSS VSS EC sky130_fd_pr__pnp_05v5_W3p40L3p40 m=1 mult=1
| XR2 VREF ER VSS sky130_fd_pr__res_xhigh_po W=2 L=4104.0 mult=1 m=1
| XQR VSS VSS ER sky130_fd_pr__pnp_05v5_W3p40L3p40 m=1 mult=1
| XMBN NBG NBG VSS VSS sky130_fd_pr__nfet_g5v0d10v5 L=4 W=2 nf=1 ad=0.58 as=0.58 pd=4.58 ps=4.58 nrd=0.145 nrs=0.145 sa=0 sb=0 sd=0
| + mult=1 m=1
| XMBN2 PB NBG VSS VSS sky130_fd_pr__nfet_g5v0d10v5 L=4 W=2 nf=1 ad=0.58 as=0.58 pd=4.58 ps=4.58 nrd=0.145 nrs=0.145 sa=0 sb=0 sd=0
| + mult=1 m=1
| XMBP PB PB VDD VDD sky130_fd_pr__pfet_g5v0d10v5 L=4 W=2 nf=1 ad=0.58 as=0.58 pd=4.58 ps=4.58 nrd=0.145 nrs=0.145 sa=0 sb=0 sd=0
| + mult=1 m=1
| XMPIB IBIAS PB VDD VDD sky130_fd_pr__pfet_g5v0d10v5 L=4 W=40 nf=1 ad=11.6 as=11.6 pd=80.58 ps=80.58 nrd=0.00725 nrs=0.00725 sa=0
| + sb=0 sd=0 mult=1 m=1
| XMPT NT PB VDD VDD sky130_fd_pr__pfet_g5v0d10v5 L=4 W=2 nf=1 ad=0.58 as=0.58 pd=4.58 ps=4.58 nrd=0.145 nrs=0.145 sa=0 sb=0 sd=0
| + mult=1 m=1
| XMI1 N1 NA NT VDD sky130_fd_pr__pfet_g5v0d10v5 L=4 W=16 nf=1 ad=4.64 as=4.64 pd=32.58 ps=32.58 nrd=0.018125 nrs=0.018125 sa=0 sb=0
| + sd=0 mult=1 m=1
| XMI2 N2 NB NT VDD sky130_fd_pr__pfet_g5v0d10v5 L=4 W=16 nf=1 ad=4.64 as=4.64 pd=32.58 ps=32.58 nrd=0.018125 nrs=0.018125 sa=0 sb=0
| + sd=0 mult=1 m=1
| XML1 N1 N1 VSS VSS sky130_fd_pr__nfet_g5v0d10v5 L=8 W=4 nf=1 ad=1.16 as=1.16 pd=8.58 ps=8.58 nrd=0.0725 nrs=0.0725 sa=0 sb=0 sd=0
| + mult=1 m=1
| XML2 N2 N1 VSS VSS sky130_fd_pr__nfet_g5v0d10v5 L=8 W=4 nf=1 ad=1.16 as=1.16 pd=8.58 ps=8.58 nrd=0.0725 nrs=0.0725 sa=0 sb=0 sd=0
| + mult=1 m=1
| XMS2N PG N2 VSS VSS sky130_fd_pr__nfet_g5v0d10v5 L=8 W=8 nf=1 ad=2.32 as=2.32 pd=16.58 ps=16.58 nrd=0.03625 nrs=0.03625 sa=0 sb=0
| + sd=0 mult=1 m=1
| XMS2P PG PB VDD VDD sky130_fd_pr__pfet_g5v0d10v5 L=4 W=2 nf=1 ad=0.58 as=0.58 pd=4.58 ps=4.58 nrd=0.145 nrs=0.145 sa=0 sb=0 sd=0
| + mult=1 m=1
| XCC PG NZ sky130_fd_pr__cap_mim_m3_1 W=20 L=20 MF=1 m=1
| XRZ NZ N2 VSS sky130_fd_pr__res_xhigh_po W=2 L=1016.0 mult=1 m=1
| XKS0 VDD VDD KS1 VSS sky130_fd_pr__nfet_g5v0d10v5 L=8 W=1 nf=1 ad=0.29 as=0.29 pd=2.58 ps=2.58 nrd=0.29 nrs=0.29 sa=0 sb=0 sd=0
| + mult=1 m=1
| XKS1 KS1 KS1 KS2 VSS sky130_fd_pr__nfet_g5v0d10v5 L=8 W=1 nf=1 ad=0.29 as=0.29 pd=2.58 ps=2.58 nrd=0.29 nrs=0.29 sa=0 sb=0 sd=0
| + mult=1 m=1
| XKS2 KS2 KS2 KS3 VSS sky130_fd_pr__nfet_g5v0d10v5 L=8 W=1 nf=1 ad=0.29 as=0.29 pd=2.58 ps=2.58 nrd=0.29 nrs=0.29 sa=0 sb=0 sd=0
| + mult=1 m=1
| XKS3 KS3 KS3 KS4 VSS sky130_fd_pr__nfet_g5v0d10v5 L=8 W=1 nf=1 ad=0.29 as=0.29 pd=2.58 ps=2.58 nrd=0.29 nrs=0.29 sa=0 sb=0 sd=0
| + mult=1 m=1
| XKS4 KS4 KS4 NKG VSS sky130_fd_pr__nfet_g5v0d10v5 L=8 W=1 nf=1 ad=0.29 as=0.29 pd=2.58 ps=2.58 nrd=0.29 nrs=0.29 sa=0 sb=0 sd=0
| + mult=1 m=1
| XKA NKM PB VDD VDD sky130_fd_pr__pfet_g5v0d10v5 L=4 W=1 nf=1 ad=0.29 as=0.29 pd=2.58 ps=2.58 nrd=0.29 nrs=0.29 sa=0 sb=0 sd=0
| + mult=1 m=1
| XKAN NKM NKM VSS VSS sky130_fd_pr__nfet_g5v0d10v5 L=4 W=2 nf=1 ad=0.58 as=0.58 pd=4.58 ps=4.58 nrd=0.145 nrs=0.145 sa=0 sb=0 sd=0
| + mult=1 m=1
| XKPD NKG NKM VSS VSS sky130_fd_pr__nfet_g5v0d10v5 L=4 W=8 nf=1 ad=2.32 as=2.32 pd=16.58 ps=16.58 nrd=0.03625 nrs=0.03625 sa=0 sb=0
| + sd=0 mult=1 m=1
| XKICK PG NKG VSS VSS sky130_fd_pr__nfet_g5v0d10v5 L=4 W=1 nf=1 ad=0.29 as=0.29 pd=2.58 ps=2.58 nrd=0.29 nrs=0.29 sa=0 sb=0 sd=0
| + mult=1 m=1
| XMPOK TOK PB VDD VDD sky130_fd_pr__pfet_g5v0d10v5 L=4 W=1 nf=1 ad=0.29 as=0.29 pd=2.58 ps=2.58 nrd=0.29 nrs=0.29 sa=0 sb=0 sd=0
| + mult=1 m=1
| XMOKA NOKO NA TOK VDD sky130_fd_pr__pfet_g5v0d10v5 L=4 W=8 nf=1 ad=2.32 as=2.32 pd=16.58 ps=16.58 nrd=0.03625 nrs=0.03625 sa=0
| + sb=0 sd=0 mult=1 m=1
| XMOKB NOKL NBTOP TOK VDD sky130_fd_pr__pfet_g5v0d10v5 L=4 W=8 nf=1 ad=2.32 as=2.32 pd=16.58 ps=16.58 nrd=0.03625 nrs=0.03625 sa=0
| + sb=0 sd=0 mult=1 m=1
| XMOL1 NOKL NOKL VSS VSS sky130_fd_pr__nfet_g5v0d10v5 L=4 W=2 nf=1 ad=0.58 as=0.58 pd=4.58 ps=4.58 nrd=0.145 nrs=0.145 sa=0 sb=0
| + sd=0 mult=1 m=1
| XMOL2 NOKO NOKL VSS VSS sky130_fd_pr__nfet_g5v0d10v5 L=4 W=2 nf=1 ad=0.58 as=0.58 pd=4.58 ps=4.58 nrd=0.145 nrs=0.145 sa=0 sb=0
| + sd=0 mult=1 m=1
| XMOKC NOKO NKG VSS VSS sky130_fd_pr__nfet_g5v0d10v5 L=1 W=2 nf=1 ad=0.58 as=0.58 pd=4.58 ps=4.58 nrd=0.145 nrs=0.145 sa=0 sb=0
| + sd=0 mult=1 m=1
| XMOK2 NOKX NOKO VSS VSS sky130_fd_pr__nfet_g5v0d10v5 L=4 W=2 nf=1 ad=0.58 as=0.58 pd=4.58 ps=4.58 nrd=0.145 nrs=0.145 sa=0 sb=0
| + sd=0 mult=1 m=1
| XMOK2P NOKX PB VDD VDD sky130_fd_pr__pfet_g5v0d10v5 L=4 W=1 nf=1 ad=0.29 as=0.29 pd=2.58 ps=2.58 nrd=0.29 nrs=0.29 sa=0 sb=0 sd=0
| + mult=1 m=1
| XCOK VDD NOKX sky130_fd_pr__cap_mim_m3_1 W=6 L=6 MF=1 m=1
| XMO1P BIAS_OK NOKX VDD VDD sky130_fd_pr__pfet_g5v0d10v5 L=4 W=1 nf=1 ad=0.29 as=0.29 pd=2.58 ps=2.58 nrd=0.29 nrs=0.29 sa=0 sb=0
| + sd=0 mult=1 m=1
| XMO1N BIAS_OK NOKX VSS VSS sky130_fd_pr__nfet_g5v0d10v5 L=0.5 W=4 nf=1 ad=1.16 as=1.16 pd=8.58 ps=8.58 nrd=0.0725 nrs=0.0725 sa=0
| + sb=0 sd=0 mult=1 m=1
| .ends
| 
| .control
| save all
| tran 10u 10m uic
| let nlast = length(v(vref))-1
| let meas_vref = v(vref)[nlast]
| let meas_vref_settled = abs(v(vref)[nlast] - v(vref)[nlast-100])
| let meas_ibias = v(ibias)[nlast]
| let meas_bias_ok = v(bias_ok)[nlast]
| let meas_isup = -i(v1)[nlast]
| print meas_vref
| print meas_vref_settled
| print meas_ibias
| print meas_bias_ok
| print meas_isup
| quit
| .endc
| .end

# ==== ngspice stdout ====

Note: Compatibility modes selected: hs a


Circuit: * bias-core-startup corner deck -- generated by sim/bin/corner-run.py, do not edit

option SCALE: Scale is set to 1e-06 for instance and model parameters
option SCALE: Scale is set to 1e-06 for instance and model parameters
option SCALE: Scale is set to 1e-06 for instance and model parameters
option SCALE: Scale is set to 1e-06 for instance and model parameters
Doing analysis at TEMP = 27.000000 and TNOM = 27.000000

Using KLU as Direct Linear Solver
Operating point simulation skipped by 'uic',
  now using transient initial conditions.
 Reference value :  1.00000e-07
 Reference value :  1.60000e-06
 Reference value :  1.00000e-05
 Reference value :  1.19200e-05
 Reference value :  1.96000e-05
 Reference value :  2.96000e-05
 Reference value :  4.96000e-05
 Reference value :  5.72054e-05
 Reference value :  5.81048e-05
 Reference value :  6.20951e-05
 Reference value :  6.61065e-05
 Reference value :  6.76230e-05
 Reference value :  6.92745e-05
 Reference value :  7.38826e-05
 Reference value :  9.25675e-05
 Reference value :  1.01000e-04
 Reference value :  1.07000e-04
 Reference value :  1.20878e-04
 Reference value :  1.50878e-04
 Reference value :  1.80878e-04
 Reference value :  2.20878e-04
 Reference value :  2.50878e-04
 Reference value :  2.90878e-04
 Reference value :  3.20878e-04
 Reference value :  3.50878e-04
 Reference value :  3.80878e-04
 Reference value :  4.10878e-04
 Reference value :  4.40878e-04
 Reference value :  4.70878e-04
 Reference value :  5.00878e-04
 Reference value :  5.40878e-04
 Reference value :  5.80878e-04
 Reference value :  6.20878e-04
 Reference value :  6.50878e-04
 Reference value :  6.90878e-04
 Reference value :  7.20878e-04
 Reference value :  7.60878e-04
 Reference value :  8.00878e-04
 Reference value :  8.40878e-04
 Reference value :  8.80878e-04
 Reference value :  9.10878e-04
 Reference value :  9.40878e-04
 Reference value :  9.80878e-04
 Reference value :  1.02088e-03
 Reference value :  1.06088e-03
 Reference value :  1.10088e-03
 Reference value :  1.14088e-03
 Reference value :  1.17088e-03
 Reference value :  1.20088e-03
 Reference value :  1.23088e-03
 Reference value :  1.26088e-03
 Reference value :  1.29088e-03
 Reference value :  1.32088e-03
 Reference value :  1.35088e-03
 Reference value :  1.39088e-03
 Reference value :  1.42088e-03
 Reference value :  1.45088e-03
 Reference value :  1.49088e-03
 Reference value :  1.53088e-03
 Reference value :  1.57088e-03
 Reference value :  1.61088e-03
 Reference value :  1.65088e-03
 Reference value :  1.68088e-03
 Reference value :  1.72088e-03
 Reference value :  1.76088e-03
 Reference value :  1.80088e-03
 Reference value :  1.84088e-03
 Reference value :  1.87088e-03
 Reference value :  1.91088e-03
 Reference value :  1.95088e-03
 Reference value :  1.99088e-03
 Reference value :  2.03088e-03
 Reference value :  2.06088e-03
 Reference value :  2.09088e-03
 Reference value :  2.13088e-03
 Reference value :  2.18088e-03
 Reference value :  2.22088e-03
 Reference value :  2.26088e-03
 Reference value :  2.30088e-03
 Reference value :  2.34088e-03
 Reference value :  2.38088e-03
 Reference value :  2.43088e-03
 Reference value :  2.47088e-03
 Reference value :  2.51088e-03
 Reference value :  2.55088e-03
 Reference value :  2.59088e-03
 Reference value :  2.63088e-03
 Reference value :  2.67088e-03
 Reference value :  2.71088e-03
 Reference value :  2.75088e-03
 Reference value :  2.79088e-03
 Reference value :  2.82088e-03
 Reference value :  2.86088e-03
 Reference value :  2.90088e-03
 Reference value :  2.94088e-03
 Reference value :  2.98088e-03
 Reference value :  3.01088e-03
 Reference value :  3.04088e-03
 Reference value :  3.07088e-03
 Reference value :  3.10088e-03
 Reference value :  3.13088e-03
 Reference value :  3.16088e-03
 Reference value :  3.19088e-03
 Reference value :  3.22088e-03
 Reference value :  3.25088e-03
 Reference value :  3.28088e-03
 Reference value :  3.31088e-03
 Reference value :  3.34088e-03
 Reference value :  3.37088e-03
 Reference value :  3.40088e-03
 Reference value :  3.43088e-03
 Reference value :  3.46088e-03
 Reference value :  3.49088e-03
 Reference value :  3.53088e-03
 Reference value :  3.56088e-03
 Reference value :  3.59088e-03
 Reference value :  3.62088e-03
 Reference value :  3.65088e-03
 Reference value :  3.69088e-03
 Reference value :  3.72088e-03
 Reference value :  3.75088e-03
 Reference value :  3.78088e-03
 Reference value :  3.81088e-03
 Reference value :  3.84088e-03
 Reference value :  3.87088e-03
 Reference value :  3.91088e-03
 Reference value :  3.95088e-03
 Reference value :  3.98088e-03
 Reference value :  4.02088e-03
 Reference value :  4.06088e-03
 Reference value :  4.10088e-03
 Reference value :  4.14088e-03
 Reference value :  4.17088e-03
 Reference value :  4.21088e-03
 Reference value :  4.24088e-03
 Reference value :  4.27088e-03
 Reference value :  4.31088e-03
 Reference value :  4.34088e-03
 Reference value :  4.37088e-03
 Reference value :  4.40088e-03
 Reference value :  4.43088e-03
 Reference value :  4.46088e-03
 Reference value :  4.50088e-03
 Reference value :  4.53088e-03
 Reference value :  4.56088e-03
 Reference value :  4.60088e-03
 Reference value :  4.64088e-03
 Reference value :  4.67088e-03
 Reference value :  4.70088e-03
 Reference value :  4.74088e-03
 Reference value :  4.78088e-03
 Reference value :  4.82088e-03
 Reference value :  4.86088e-03
 Reference value :  4.89088e-03
 Reference value :  4.93088e-03
 Reference value :  4.98088e-03
 Reference value :  5.01088e-03
 Reference value :  5.04088e-03
 Reference value :  5.07088e-03
 Reference value :  5.10088e-03
 Reference value :  5.14088e-03
 Reference value :  5.17088e-03
 Reference value :  5.20088e-03
 Reference value :  5.24088e-03
 Reference value :  5.27088e-03
 Reference value :  5.30088e-03
 Reference value :  5.33088e-03
 Reference value :  5.36088e-03
 Reference value :  5.40088e-03
 Reference value :  5.43088e-03
 Reference value :  5.46088e-03
 Reference value :  5.50088e-03
 Reference value :  5.54088e-03
 Reference value :  5.58088e-03
 Reference value :  5.62088e-03
 Reference value :  5.65088e-03
 Reference value :  5.68088e-03
 Reference value :  5.72088e-03
 Reference value :  5.76088e-03
 Reference value :  5.80088e-03
 Reference value :  5.84088e-03
 Reference value :  5.89088e-03
 Reference value :  5.93088e-03
 Reference value :  5.96088e-03
 Reference value :  6.00088e-03
 Reference value :  6.04088e-03
 Reference value :  6.07088e-03
 Reference value :  6.10088e-03
 Reference value :  6.14088e-03
 Reference value :  6.18088e-03
 Reference value :  6.22088e-03
 Reference value :  6.27088e-03
 Reference value :  6.31088e-03
 Reference value :  6.35088e-03
 Reference value :  6.39088e-03
 Reference value :  6.44088e-03
 Reference value :  6.48088e-03
 Reference value :  6.52088e-03
 Reference value :  6.56088e-03
 Reference value :  6.60088e-03
 Reference value :  6.65088e-03
 Reference value :  6.69088e-03
 Reference value :  6.73088e-03
 Reference value :  6.77088e-03
 Reference value :  6.81088e-03
 Reference value :  6.85088e-03
 Reference value :  6.90088e-03
 Reference value :  6.94088e-03
 Reference value :  6.98088e-03
 Reference value :  7.02088e-03
 Reference value :  7.06088e-03
 Reference value :  7.10088e-03
 Reference value :  7.14088e-03
 Reference value :  7.18088e-03
 Reference value :  7.23088e-03
 Reference value :  7.27088e-03
 Reference value :  7.31088e-03
 Reference value :  7.35088e-03
 Reference value :  7.39088e-03
 Reference value :  7.43088e-03
 Reference value :  7.47088e-03
 Reference value :  7.51088e-03
 Reference value :  7.55088e-03
 Reference value :  7.60088e-03
 Reference value :  7.64088e-03
 Reference value :  7.68088e-03
 Reference value :  7.73088e-03
 Reference value :  7.77088e-03
 Reference value :  7.81088e-03
 Reference value :  7.86088e-03
 Reference value :  7.90088e-03
 Reference value :  7.94088e-03
 Reference value :  7.99088e-03
 Reference value :  8.03088e-03
 Reference value :  8.07088e-03
 Reference value :  8.11088e-03
 Reference value :  8.15088e-03
 Reference value :  8.19088e-03
 Reference value :  8.23088e-03
 Reference value :  8.27088e-03
 Reference value :  8.31088e-03
 Reference value :  8.35088e-03
 Reference value :  8.39088e-03
 Reference value :  8.43088e-03
 Reference value :  8.48088e-03
 Reference value :  8.52088e-03
 Reference value :  8.56088e-03
 Reference value :  8.60088e-03
 Reference value :  8.65088e-03
 Reference value :  8.69088e-03
 Reference value :  8.73088e-03
 Reference value :  8.77088e-03
 Reference value :  8.81088e-03
 Reference value :  8.86088e-03
 Reference value :  8.90088e-03
 Reference value :  8.94088e-03
 Reference value :  8.98088e-03
 Reference value :  9.02088e-03
 Reference value :  9.06088e-03
 Reference value :  9.10088e-03
 Reference value :  9.13088e-03
 Reference value :  9.16088e-03
 Reference value :  9.20088e-03
 Reference value :  9.23088e-03
 Reference value :  9.26088e-03
 Reference value :  9.29088e-03
 Reference value :  9.32088e-03
 Reference value :  9.35088e-03
 Reference value :  9.38088e-03
 Reference value :  9.41088e-03
 Reference value :  9.45088e-03
 Reference value :  9.49088e-03
 Reference value :  9.52088e-03
 Reference value :  9.56088e-03
 Reference value :  9.60088e-03
 Reference value :  9.64088e-03
 Reference value :  9.68088e-03
 Reference value :  9.72088e-03
 Reference value :  9.76088e-03
 Reference value :  9.80088e-03
 Reference value :  9.84088e-03
 Reference value :  9.88088e-03
 Reference value :  9.92088e-03
 Reference value :  9.96088e-03
 Reference value :  1.00000e-02
No. of Data Rows : 1022
meas_vref = 1.255490e+00
meas_vref_settled = 1.923746e-10
meas_ibias = 2.970000e+00
meas_bias_ok = 2.969999e+00
meas_isup = 9.392010e-07
ngspice-46 done

# ==== ngspice stderr ====

