# corner: ff_27c_3.63v
# process=ff temp=27C supply=3.63V
# ngspice exit: 0
# wall clock: 97.1s (--timeout was 300s)
# result: PASS

# ==== deck (exact input given to ngspice) ====
| * bias-core-startup corner deck -- generated by sim/bin/corner-run.py, do not edit
| * corner: ff_27c_3.63v
| .param vsup=3.63
| .param tramp=100u
| .param tstop=10m
| .option wnflag=1
| .temp 27
| .lib "/home/ubuntu/.volare/sky130A/libs.tech/combined/sky130.lib.spice" ff
| ** sch_path: sim/bias-core-startup/testbench/tb_bias_core_startup.sch
| **.subckt tb_bias_core_startup
| V1 VDD 0 PWL(0 0 'tramp' 'vsup' 'tstop' 'vsup')
| .save i(v1)
| XDUT VDD 0 IBIAS VREF BIAS_OK bias_core
| **.ends
| 
| * expanding   symbol:  design/bias_core.sym # of pins=5
| ** sym_path: design/bias_core.sym
| ** sch_path: design/bias_core.sch
| .subckt bias_core VDD VSS IBIAS VREF BIAS_OK
| *.iopin VDD
| *.iopin VSS
| *.opin IBIAS
| *.opin VREF
| *.opin BIAS_OK
| XMP1 NA PG VDD VDD sky130_fd_pr__pfet_g5v0d10v5 L=4 W=8 nf=1 ad=2.32 as=2.32 pd=16.58 ps=16.58 nrd=0.03625 nrs=0.03625 sa=0 sb=0
| + sd=0 mult=1 m=1
| XMP2 NBTOP PG VDD VDD sky130_fd_pr__pfet_g5v0d10v5 L=4 W=8 nf=1 ad=2.32 as=2.32 pd=16.58 ps=16.58 nrd=0.03625 nrs=0.03625 sa=0
| + sb=0 sd=0 mult=1 m=1
| XMP3 VREF PG VDD VDD sky130_fd_pr__pfet_g5v0d10v5 L=4 W=8 nf=1 ad=2.32 as=2.32 pd=16.58 ps=16.58 nrd=0.03625 nrs=0.03625 sa=0 sb=0
| + sd=0 mult=1 m=1
| XMPBN NBG PG VDD VDD sky130_fd_pr__pfet_g5v0d10v5 L=4 W=2 nf=1 ad=0.58 as=0.58 pd=4.58 ps=4.58 nrd=0.145 nrs=0.145 sa=0 sb=0 sd=0
| + mult=1 m=1
| XQ1 VSS VSS NA sky130_fd_pr__pnp_05v5_W3p40L3p40 m=1 mult=1
| XRT NBTOP NB VSS sky130_fd_pr__res_xhigh_po W=2 L=17.5 mult=1 m=1
| XR1 NB EC VSS sky130_fd_pr__res_xhigh_po W=2 L=350.0 mult=1 m=1
| XQ8A VSS VSS EC sky130_fd_pr__pnp_05v5_W3p40L3p40 m=1 mult=1
| XQ8B VSS VSS EC sky130_fd_pr__pnp_05v5_W3p40L3p40 m=1 mult=1
| XQ8C VSS VSS EC sky130_fd_pr__pnp_05v5_W3p40L3p40 m=1 mult=1
| XQ8D VSS VSS EC sky130_fd_pr__pnp_05v5_W3p40L3p40 m=1 mult=1
| XQ8E VSS VSS EC sky130_fd_pr__pnp_05v5_W3p40L3p40 m=1 mult=1
| XQ8F VSS VSS EC sky130_fd_pr__pnp_05v5_W3p40L3p40 m=1 mult=1
| XQ8G VSS VSS EC sky130_fd_pr__pnp_05v5_W3p40L3p40 m=1 mult=1
| XQ8H VSS VSS EC sky130_fd_pr__pnp_05v5_W3p40L3p40 m=1 mult=1
| XR2 VREF ER VSS sky130_fd_pr__res_xhigh_po W=2 L=4104.0 mult=1 m=1
| XQR VSS VSS ER sky130_fd_pr__pnp_05v5_W3p40L3p40 m=1 mult=1
| XMBN NBG NBG VSS VSS sky130_fd_pr__nfet_g5v0d10v5 L=4 W=2 nf=1 ad=0.58 as=0.58 pd=4.58 ps=4.58 nrd=0.145 nrs=0.145 sa=0 sb=0 sd=0
| + mult=1 m=1
| XMBN2 PB NBG VSS VSS sky130_fd_pr__nfet_g5v0d10v5 L=4 W=2 nf=1 ad=0.58 as=0.58 pd=4.58 ps=4.58 nrd=0.145 nrs=0.145 sa=0 sb=0 sd=0
| + mult=1 m=1
| XMBP PB PB VDD VDD sky130_fd_pr__pfet_g5v0d10v5 L=4 W=2 nf=1 ad=0.58 as=0.58 pd=4.58 ps=4.58 nrd=0.145 nrs=0.145 sa=0 sb=0 sd=0
| + mult=1 m=1
| XMPIB IBIAS PB VDD VDD sky130_fd_pr__pfet_g5v0d10v5 L=4 W=40 nf=1 ad=11.6 as=11.6 pd=80.58 ps=80.58 nrd=0.00725 nrs=0.00725 sa=0
| + sb=0 sd=0 mult=1 m=1
| XMPT NT PB VDD VDD sky130_fd_pr__pfet_g5v0d10v5 L=4 W=2 nf=1 ad=0.58 as=0.58 pd=4.58 ps=4.58 nrd=0.145 nrs=0.145 sa=0 sb=0 sd=0
| + mult=1 m=1
| XMI1 N1 NA NT VDD sky130_fd_pr__pfet_g5v0d10v5 L=4 W=16 nf=1 ad=4.64 as=4.64 pd=32.58 ps=32.58 nrd=0.018125 nrs=0.018125 sa=0 sb=0
| + sd=0 mult=1 m=1
| XMI2 N2 NB NT VDD sky130_fd_pr__pfet_g5v0d10v5 L=4 W=16 nf=1 ad=4.64 as=4.64 pd=32.58 ps=32.58 nrd=0.018125 nrs=0.018125 sa=0 sb=0
| + sd=0 mult=1 m=1
| XML1 N1 N1 VSS VSS sky130_fd_pr__nfet_g5v0d10v5 L=8 W=4 nf=1 ad=1.16 as=1.16 pd=8.58 ps=8.58 nrd=0.0725 nrs=0.0725 sa=0 sb=0 sd=0
| + mult=1 m=1
| XML2 N2 N1 VSS VSS sky130_fd_pr__nfet_g5v0d10v5 L=8 W=4 nf=1 ad=1.16 as=1.16 pd=8.58 ps=8.58 nrd=0.0725 nrs=0.0725 sa=0 sb=0 sd=0
| + mult=1 m=1
| XMS2N PG N2 VSS VSS sky130_fd_pr__nfet_g5v0d10v5 L=8 W=8 nf=1 ad=2.32 as=2.32 pd=16.58 ps=16.58 nrd=0.03625 nrs=0.03625 sa=0 sb=0
| + sd=0 mult=1 m=1
| XMS2P PG PB VDD VDD sky130_fd_pr__pfet_g5v0d10v5 L=4 W=2 nf=1 ad=0.58 as=0.58 pd=4.58 ps=4.58 nrd=0.145 nrs=0.145 sa=0 sb=0 sd=0
| + mult=1 m=1
| XCC PG NZ sky130_fd_pr__cap_mim_m3_1 W=20 L=20 MF=1 m=1
| XRZ NZ N2 VSS sky130_fd_pr__res_xhigh_po W=2 L=1016.0 mult=1 m=1
| XKS0 VDD VDD KS1 VSS sky130_fd_pr__nfet_g5v0d10v5 L=8 W=1 nf=1 ad=0.29 as=0.29 pd=2.58 ps=2.58 nrd=0.29 nrs=0.29 sa=0 sb=0 sd=0
| + mult=1 m=1
| XKS1 KS1 KS1 KS2 VSS sky130_fd_pr__nfet_g5v0d10v5 L=8 W=1 nf=1 ad=0.29 as=0.29 pd=2.58 ps=2.58 nrd=0.29 nrs=0.29 sa=0 sb=0 sd=0
| + mult=1 m=1
| XKS2 KS2 KS2 KS3 VSS sky130_fd_pr__nfet_g5v0d10v5 L=8 W=1 nf=1 ad=0.29 as=0.29 pd=2.58 ps=2.58 nrd=0.29 nrs=0.29 sa=0 sb=0 sd=0
| + mult=1 m=1
| XKS3 KS3 KS3 KS4 VSS sky130_fd_pr__nfet_g5v0d10v5 L=8 W=1 nf=1 ad=0.29 as=0.29 pd=2.58 ps=2.58 nrd=0.29 nrs=0.29 sa=0 sb=0 sd=0
| + mult=1 m=1
| XKS4 KS4 KS4 NKG VSS sky130_fd_pr__nfet_g5v0d10v5 L=8 W=1 nf=1 ad=0.29 as=0.29 pd=2.58 ps=2.58 nrd=0.29 nrs=0.29 sa=0 sb=0 sd=0
| + mult=1 m=1
| XKA NKM PB VDD VDD sky130_fd_pr__pfet_g5v0d10v5 L=4 W=1 nf=1 ad=0.29 as=0.29 pd=2.58 ps=2.58 nrd=0.29 nrs=0.29 sa=0 sb=0 sd=0
| + mult=1 m=1
| XKAN NKM NKM VSS VSS sky130_fd_pr__nfet_g5v0d10v5 L=4 W=2 nf=1 ad=0.58 as=0.58 pd=4.58 ps=4.58 nrd=0.145 nrs=0.145 sa=0 sb=0 sd=0
| + mult=1 m=1
| XKPD NKG NKM VSS VSS sky130_fd_pr__nfet_g5v0d10v5 L=4 W=8 nf=1 ad=2.32 as=2.32 pd=16.58 ps=16.58 nrd=0.03625 nrs=0.03625 sa=0 sb=0
| + sd=0 mult=1 m=1
| XKICK PG NKG VSS VSS sky130_fd_pr__nfet_g5v0d10v5 L=4 W=1 nf=1 ad=0.29 as=0.29 pd=2.58 ps=2.58 nrd=0.29 nrs=0.29 sa=0 sb=0 sd=0
| + mult=1 m=1
| XMPOK TOK PB VDD VDD sky130_fd_pr__pfet_g5v0d10v5 L=4 W=1 nf=1 ad=0.29 as=0.29 pd=2.58 ps=2.58 nrd=0.29 nrs=0.29 sa=0 sb=0 sd=0
| + mult=1 m=1
| XMOKA NOKO NA TOK VDD sky130_fd_pr__pfet_g5v0d10v5 L=4 W=8 nf=1 ad=2.32 as=2.32 pd=16.58 ps=16.58 nrd=0.03625 nrs=0.03625 sa=0
| + sb=0 sd=0 mult=1 m=1
| XMOKB NOKL NBTOP TOK VDD sky130_fd_pr__pfet_g5v0d10v5 L=4 W=8 nf=1 ad=2.32 as=2.32 pd=16.58 ps=16.58 nrd=0.03625 nrs=0.03625 sa=0
| + sb=0 sd=0 mult=1 m=1
| XMOL1 NOKL NOKL VSS VSS sky130_fd_pr__nfet_g5v0d10v5 L=4 W=2 nf=1 ad=0.58 as=0.58 pd=4.58 ps=4.58 nrd=0.145 nrs=0.145 sa=0 sb=0
| + sd=0 mult=1 m=1
| XMOL2 NOKO NOKL VSS VSS sky130_fd_pr__nfet_g5v0d10v5 L=4 W=2 nf=1 ad=0.58 as=0.58 pd=4.58 ps=4.58 nrd=0.145 nrs=0.145 sa=0 sb=0
| + sd=0 mult=1 m=1
| XMOKC NOKO NKG VSS VSS sky130_fd_pr__nfet_g5v0d10v5 L=1 W=2 nf=1 ad=0.58 as=0.58 pd=4.58 ps=4.58 nrd=0.145 nrs=0.145 sa=0 sb=0
| + sd=0 mult=1 m=1
| XMOK2 NOKX NOKO VSS VSS sky130_fd_pr__nfet_g5v0d10v5 L=4 W=2 nf=1 ad=0.58 as=0.58 pd=4.58 ps=4.58 nrd=0.145 nrs=0.145 sa=0 sb=0
| + sd=0 mult=1 m=1
| XMOK2P NOKX PB VDD VDD sky130_fd_pr__pfet_g5v0d10v5 L=4 W=1 nf=1 ad=0.29 as=0.29 pd=2.58 ps=2.58 nrd=0.29 nrs=0.29 sa=0 sb=0 sd=0
| + mult=1 m=1
| XCOK VDD NOKX sky130_fd_pr__cap_mim_m3_1 W=6 L=6 MF=1 m=1
| XMO1P BIAS_OK NOKX VDD VDD sky130_fd_pr__pfet_g5v0d10v5 L=4 W=1 nf=1 ad=0.29 as=0.29 pd=2.58 ps=2.58 nrd=0.29 nrs=0.29 sa=0 sb=0
| + sd=0 mult=1 m=1
| XMO1N BIAS_OK NOKX VSS VSS sky130_fd_pr__nfet_g5v0d10v5 L=0.5 W=4 nf=1 ad=1.16 as=1.16 pd=8.58 ps=8.58 nrd=0.0725 nrs=0.0725 sa=0
| + sb=0 sd=0 mult=1 m=1
| .ends
| 
| .control
| save all
| tran 10u 10m uic
| let nlast = length(v(vref))-1
| let meas_vref = v(vref)[nlast]
| let meas_vref_settled = abs(v(vref)[nlast] - v(vref)[nlast-100])
| let meas_ibias = v(ibias)[nlast]
| let meas_bias_ok = v(bias_ok)[nlast]
| let meas_isup = -i(v1)[nlast]
| print meas_vref
| print meas_vref_settled
| print meas_ibias
| print meas_bias_ok
| print meas_isup
| quit
| .endc
| .end

# ==== ngspice stdout ====

Note: Compatibility modes selected: hs a


Circuit: * bias-core-startup corner deck -- generated by sim/bin/corner-run.py, do not edit

option SCALE: Scale is set to 1e-06 for instance and model parameters
option SCALE: Scale is set to 1e-06 for instance and model parameters
option SCALE: Scale is set to 1e-06 for instance and model parameters
option SCALE: Scale is set to 1e-06 for instance and model parameters
Doing analysis at TEMP = 27.000000 and TNOM = 27.000000

Using KLU as Direct Linear Solver
Operating point simulation skipped by 'uic',
  now using transient initial conditions.
 Reference value :  1.00000e-07
 Reference value :  1.60000e-06
 Reference value :  1.00000e-05
 Reference value :  1.19200e-05
 Reference value :  1.96000e-05
 Reference value :  2.71169e-05
 Reference value :  3.55247e-05
 Reference value :  4.34724e-05
 Reference value :  4.94960e-05
 Reference value :  5.47526e-05
 Reference value :  5.86876e-05
 Reference value :  6.57691e-05
 Reference value :  6.83545e-05
 Reference value :  7.04150e-05
 Reference value :  7.24859e-05
 Reference value :  7.43761e-05
 Reference value :  7.88617e-05
 Reference value :  8.58252e-05
 Reference value :  9.54655e-05
 Reference value :  1.00907e-04
 Reference value :  1.06084e-04
 Reference value :  1.24862e-04
 Reference value :  1.54862e-04
 Reference value :  1.84862e-04
 Reference value :  2.14862e-04
 Reference value :  2.44862e-04
 Reference value :  2.74862e-04
 Reference value :  3.04862e-04
 Reference value :  3.34862e-04
 Reference value :  3.64862e-04
 Reference value :  3.94862e-04
 Reference value :  4.34862e-04
 Reference value :  4.64862e-04
 Reference value :  4.94862e-04
 Reference value :  5.34862e-04
 Reference value :  5.74862e-04
 Reference value :  6.04862e-04
 Reference value :  6.44862e-04
 Reference value :  6.74862e-04
 Reference value :  7.04862e-04
 Reference value :  7.44862e-04
 Reference value :  7.74862e-04
 Reference value :  8.04862e-04
 Reference value :  8.34862e-04
 Reference value :  8.74862e-04
 Reference value :  9.04862e-04
 Reference value :  9.34862e-04
 Reference value :  9.64862e-04
 Reference value :  9.94862e-04
 Reference value :  1.03486e-03
 Reference value :  1.06486e-03
 Reference value :  1.09486e-03
 Reference value :  1.13486e-03
 Reference value :  1.17486e-03
 Reference value :  1.21486e-03
 Reference value :  1.25486e-03
 Reference value :  1.29486e-03
 Reference value :  1.33486e-03
 Reference value :  1.37486e-03
 Reference value :  1.41486e-03
 Reference value :  1.45486e-03
 Reference value :  1.48486e-03
 Reference value :  1.52486e-03
 Reference value :  1.56486e-03
 Reference value :  1.60486e-03
 Reference value :  1.63486e-03
 Reference value :  1.66486e-03
 Reference value :  1.70486e-03
 Reference value :  1.73486e-03
 Reference value :  1.76486e-03
 Reference value :  1.79486e-03
 Reference value :  1.82486e-03
 Reference value :  1.86486e-03
 Reference value :  1.89486e-03
 Reference value :  1.92486e-03
 Reference value :  1.95486e-03
 Reference value :  1.98486e-03
 Reference value :  2.01486e-03
 Reference value :  2.04486e-03
 Reference value :  2.07486e-03
 Reference value :  2.10486e-03
 Reference value :  2.13486e-03
 Reference value :  2.16486e-03
 Reference value :  2.19486e-03
 Reference value :  2.23486e-03
 Reference value :  2.26486e-03
 Reference value :  2.30486e-03
 Reference value :  2.33486e-03
 Reference value :  2.36486e-03
 Reference value :  2.40486e-03
 Reference value :  2.43486e-03
 Reference value :  2.46486e-03
 Reference value :  2.50486e-03
 Reference value :  2.54486e-03
 Reference value :  2.57486e-03
 Reference value :  2.61486e-03
 Reference value :  2.65486e-03
 Reference value :  2.68486e-03
 Reference value :  2.72486e-03
 Reference value :  2.76486e-03
 Reference value :  2.79486e-03
 Reference value :  2.82486e-03
 Reference value :  2.86486e-03
 Reference value :  2.90486e-03
 Reference value :  2.94486e-03
 Reference value :  2.98486e-03
 Reference value :  3.02486e-03
 Reference value :  3.06486e-03
 Reference value :  3.10486e-03
 Reference value :  3.14486e-03
 Reference value :  3.18486e-03
 Reference value :  3.22486e-03
 Reference value :  3.25486e-03
 Reference value :  3.29486e-03
 Reference value :  3.33486e-03
 Reference value :  3.36486e-03
 Reference value :  3.40486e-03
 Reference value :  3.44486e-03
 Reference value :  3.48486e-03
 Reference value :  3.52486e-03
 Reference value :  3.56486e-03
 Reference value :  3.60486e-03
 Reference value :  3.64486e-03
 Reference value :  3.68486e-03
 Reference value :  3.71486e-03
 Reference value :  3.75486e-03
 Reference value :  3.78486e-03
 Reference value :  3.82486e-03
 Reference value :  3.86486e-03
 Reference value :  3.90486e-03
 Reference value :  3.94486e-03
 Reference value :  3.98486e-03
 Reference value :  4.02486e-03
 Reference value :  4.06486e-03
 Reference value :  4.09486e-03
 Reference value :  4.12486e-03
 Reference value :  4.15486e-03
 Reference value :  4.18486e-03
 Reference value :  4.21486e-03
 Reference value :  4.24486e-03
 Reference value :  4.27486e-03
 Reference value :  4.31486e-03
 Reference value :  4.35486e-03
 Reference value :  4.39486e-03
 Reference value :  4.43486e-03
 Reference value :  4.47486e-03
 Reference value :  4.51486e-03
 Reference value :  4.55486e-03
 Reference value :  4.59486e-03
 Reference value :  4.63486e-03
 Reference value :  4.67486e-03
 Reference value :  4.71486e-03
 Reference value :  4.75486e-03
 Reference value :  4.79486e-03
 Reference value :  4.83486e-03
 Reference value :  4.87486e-03
 Reference value :  4.91486e-03
 Reference value :  4.95486e-03
 Reference value :  4.99486e-03
 Reference value :  5.03486e-03
 Reference value :  5.07486e-03
 Reference value :  5.11486e-03
 Reference value :  5.15486e-03
 Reference value :  5.19486e-03
 Reference value :  5.23486e-03
 Reference value :  5.27486e-03
 Reference value :  5.31486e-03
 Reference value :  5.35486e-03
 Reference value :  5.39486e-03
 Reference value :  5.43486e-03
 Reference value :  5.47486e-03
 Reference value :  5.51486e-03
 Reference value :  5.55486e-03
 Reference value :  5.59486e-03
 Reference value :  5.63486e-03
 Reference value :  5.67486e-03
 Reference value :  5.71486e-03
 Reference value :  5.75486e-03
 Reference value :  5.79486e-03
 Reference value :  5.83486e-03
 Reference value :  5.87486e-03
 Reference value :  5.91486e-03
 Reference value :  5.95486e-03
 Reference value :  5.99486e-03
 Reference value :  6.03486e-03
 Reference value :  6.07486e-03
 Reference value :  6.11486e-03
 Reference value :  6.14486e-03
 Reference value :  6.17486e-03
 Reference value :  6.21486e-03
 Reference value :  6.25486e-03
 Reference value :  6.28486e-03
 Reference value :  6.31486e-03
 Reference value :  6.34486e-03
 Reference value :  6.37486e-03
 Reference value :  6.40486e-03
 Reference value :  6.43486e-03
 Reference value :  6.47486e-03
 Reference value :  6.51486e-03
 Reference value :  6.54486e-03
 Reference value :  6.57486e-03
 Reference value :  6.60486e-03
 Reference value :  6.63486e-03
 Reference value :  6.66486e-03
 Reference value :  6.70486e-03
 Reference value :  6.74486e-03
 Reference value :  6.78486e-03
 Reference value :  6.82486e-03
 Reference value :  6.86486e-03
 Reference value :  6.90486e-03
 Reference value :  6.94486e-03
 Reference value :  6.98486e-03
 Reference value :  7.02486e-03
 Reference value :  7.06486e-03
 Reference value :  7.10486e-03
 Reference value :  7.13486e-03
 Reference value :  7.16486e-03
 Reference value :  7.20486e-03
 Reference value :  7.24486e-03
 Reference value :  7.27486e-03
 Reference value :  7.30486e-03
 Reference value :  7.34486e-03
 Reference value :  7.38486e-03
 Reference value :  7.42486e-03
 Reference value :  7.46486e-03
 Reference value :  7.50486e-03
 Reference value :  7.54486e-03
 Reference value :  7.58486e-03
 Reference value :  7.62486e-03
 Reference value :  7.65486e-03
 Reference value :  7.68486e-03
 Reference value :  7.72486e-03
 Reference value :  7.76486e-03
 Reference value :  7.80486e-03
 Reference value :  7.83486e-03
 Reference value :  7.86486e-03
 Reference value :  7.90486e-03
 Reference value :  7.94486e-03
 Reference value :  7.97486e-03
 Reference value :  8.01486e-03
 Reference value :  8.05486e-03
 Reference value :  8.09486e-03
 Reference value :  8.13486e-03
 Reference value :  8.17486e-03
 Reference value :  8.21486e-03
 Reference value :  8.25486e-03
 Reference value :  8.29486e-03
 Reference value :  8.33486e-03
 Reference value :  8.37486e-03
 Reference value :  8.41486e-03
 Reference value :  8.45486e-03
 Reference value :  8.49486e-03
 Reference value :  8.53486e-03
 Reference value :  8.57486e-03
 Reference value :  8.61486e-03
 Reference value :  8.65486e-03
 Reference value :  8.69486e-03
 Reference value :  8.73486e-03
 Reference value :  8.77486e-03
 Reference value :  8.81486e-03
 Reference value :  8.85486e-03
 Reference value :  8.89486e-03
 Reference value :  8.93486e-03
 Reference value :  8.96486e-03
 Reference value :  9.00486e-03
 Reference value :  9.04486e-03
 Reference value :  9.08486e-03
 Reference value :  9.11486e-03
 Reference value :  9.14486e-03
 Reference value :  9.17486e-03
 Reference value :  9.21486e-03
 Reference value :  9.25486e-03
 Reference value :  9.29486e-03
 Reference value :  9.33486e-03
 Reference value :  9.37486e-03
 Reference value :  9.41486e-03
 Reference value :  9.45486e-03
 Reference value :  9.49486e-03
 Reference value :  9.53486e-03
 Reference value :  9.57486e-03
 Reference value :  9.60486e-03
 Reference value :  9.64486e-03
 Reference value :  9.68486e-03
 Reference value :  9.71486e-03
 Reference value :  9.75486e-03
 Reference value :  9.79486e-03
 Reference value :  9.83486e-03
 Reference value :  9.87486e-03
 Reference value :  9.90486e-03
 Reference value :  9.93486e-03
 Reference value :  9.96486e-03
 Reference value :  9.99243e-03
No. of Data Rows : 1025
meas_vref = 1.255689e+00
meas_vref_settled = 6.210343e-10
meas_ibias = 3.630000e+00
meas_bias_ok = 3.629999e+00
meas_isup = 9.585028e-07
ngspice-46 done

# ==== ngspice stderr ====

