# corner: fs_-40c_2.97v
# process=fs temp=-40C supply=2.97V
# ngspice exit: 0
# wall clock: 92.7s (--timeout was 300s)
# result: PASS

# ==== deck (exact input given to ngspice) ====
| * bias-core-startup corner deck -- generated by sim/bin/corner-run.py, do not edit
| * corner: fs_-40c_2.97v
| .param vsup=2.97
| .param tramp=100u
| .param tstop=10m
| .option wnflag=1
| .temp -40
| .lib "/home/ubuntu/.volare/sky130A/libs.tech/combined/sky130.lib.spice" fs
| ** sch_path: sim/bias-core-startup/testbench/tb_bias_core_startup.sch
| **.subckt tb_bias_core_startup
| V1 VDD 0 PWL(0 0 'tramp' 'vsup' 'tstop' 'vsup')
| .save i(v1)
| XDUT VDD 0 IBIAS VREF BIAS_OK bias_core
| **.ends
| 
| * expanding   symbol:  design/bias_core.sym # of pins=5
| ** sym_path: design/bias_core.sym
| ** sch_path: design/bias_core.sch
| .subckt bias_core VDD VSS IBIAS VREF BIAS_OK
| *.iopin VDD
| *.iopin VSS
| *.opin IBIAS
| *.opin VREF
| *.opin BIAS_OK
| XMP1 NA PG VDD VDD sky130_fd_pr__pfet_g5v0d10v5 L=4 W=8 nf=1 ad=2.32 as=2.32 pd=16.58 ps=16.58 nrd=0.03625 nrs=0.03625 sa=0 sb=0
| + sd=0 mult=1 m=1
| XMP2 NBTOP PG VDD VDD sky130_fd_pr__pfet_g5v0d10v5 L=4 W=8 nf=1 ad=2.32 as=2.32 pd=16.58 ps=16.58 nrd=0.03625 nrs=0.03625 sa=0
| + sb=0 sd=0 mult=1 m=1
| XMP3 VREF PG VDD VDD sky130_fd_pr__pfet_g5v0d10v5 L=4 W=8 nf=1 ad=2.32 as=2.32 pd=16.58 ps=16.58 nrd=0.03625 nrs=0.03625 sa=0 sb=0
| + sd=0 mult=1 m=1
| XMPBN NBG PG VDD VDD sky130_fd_pr__pfet_g5v0d10v5 L=4 W=2 nf=1 ad=0.58 as=0.58 pd=4.58 ps=4.58 nrd=0.145 nrs=0.145 sa=0 sb=0 sd=0
| + mult=1 m=1
| XQ1 VSS VSS NA sky130_fd_pr__pnp_05v5_W3p40L3p40 m=1 mult=1
| XRT NBTOP NB VSS sky130_fd_pr__res_xhigh_po W=2 L=17.5 mult=1 m=1
| XR1 NB EC VSS sky130_fd_pr__res_xhigh_po W=2 L=350.0 mult=1 m=1
| XQ8A VSS VSS EC sky130_fd_pr__pnp_05v5_W3p40L3p40 m=1 mult=1
| XQ8B VSS VSS EC sky130_fd_pr__pnp_05v5_W3p40L3p40 m=1 mult=1
| XQ8C VSS VSS EC sky130_fd_pr__pnp_05v5_W3p40L3p40 m=1 mult=1
| XQ8D VSS VSS EC sky130_fd_pr__pnp_05v5_W3p40L3p40 m=1 mult=1
| XQ8E VSS VSS EC sky130_fd_pr__pnp_05v5_W3p40L3p40 m=1 mult=1
| XQ8F VSS VSS EC sky130_fd_pr__pnp_05v5_W3p40L3p40 m=1 mult=1
| XQ8G VSS VSS EC sky130_fd_pr__pnp_05v5_W3p40L3p40 m=1 mult=1
| XQ8H VSS VSS EC sky130_fd_pr__pnp_05v5_W3p40L3p40 m=1 mult=1
| XR2 VREF ER VSS sky130_fd_pr__res_xhigh_po W=2 L=4104.0 mult=1 m=1
| XQR VSS VSS ER sky130_fd_pr__pnp_05v5_W3p40L3p40 m=1 mult=1
| XMBN NBG NBG VSS VSS sky130_fd_pr__nfet_g5v0d10v5 L=4 W=2 nf=1 ad=0.58 as=0.58 pd=4.58 ps=4.58 nrd=0.145 nrs=0.145 sa=0 sb=0 sd=0
| + mult=1 m=1
| XMBN2 PB NBG VSS VSS sky130_fd_pr__nfet_g5v0d10v5 L=4 W=2 nf=1 ad=0.58 as=0.58 pd=4.58 ps=4.58 nrd=0.145 nrs=0.145 sa=0 sb=0 sd=0
| + mult=1 m=1
| XMBP PB PB VDD VDD sky130_fd_pr__pfet_g5v0d10v5 L=4 W=2 nf=1 ad=0.58 as=0.58 pd=4.58 ps=4.58 nrd=0.145 nrs=0.145 sa=0 sb=0 sd=0
| + mult=1 m=1
| XMPIB IBIAS PB VDD VDD sky130_fd_pr__pfet_g5v0d10v5 L=4 W=40 nf=1 ad=11.6 as=11.6 pd=80.58 ps=80.58 nrd=0.00725 nrs=0.00725 sa=0
| + sb=0 sd=0 mult=1 m=1
| XMPT NT PB VDD VDD sky130_fd_pr__pfet_g5v0d10v5 L=4 W=2 nf=1 ad=0.58 as=0.58 pd=4.58 ps=4.58 nrd=0.145 nrs=0.145 sa=0 sb=0 sd=0
| + mult=1 m=1
| XMI1 N1 NA NT VDD sky130_fd_pr__pfet_g5v0d10v5 L=4 W=16 nf=1 ad=4.64 as=4.64 pd=32.58 ps=32.58 nrd=0.018125 nrs=0.018125 sa=0 sb=0
| + sd=0 mult=1 m=1
| XMI2 N2 NB NT VDD sky130_fd_pr__pfet_g5v0d10v5 L=4 W=16 nf=1 ad=4.64 as=4.64 pd=32.58 ps=32.58 nrd=0.018125 nrs=0.018125 sa=0 sb=0
| + sd=0 mult=1 m=1
| XML1 N1 N1 VSS VSS sky130_fd_pr__nfet_g5v0d10v5 L=8 W=4 nf=1 ad=1.16 as=1.16 pd=8.58 ps=8.58 nrd=0.0725 nrs=0.0725 sa=0 sb=0 sd=0
| + mult=1 m=1
| XML2 N2 N1 VSS VSS sky130_fd_pr__nfet_g5v0d10v5 L=8 W=4 nf=1 ad=1.16 as=1.16 pd=8.58 ps=8.58 nrd=0.0725 nrs=0.0725 sa=0 sb=0 sd=0
| + mult=1 m=1
| XMS2N PG N2 VSS VSS sky130_fd_pr__nfet_g5v0d10v5 L=8 W=8 nf=1 ad=2.32 as=2.32 pd=16.58 ps=16.58 nrd=0.03625 nrs=0.03625 sa=0 sb=0
| + sd=0 mult=1 m=1
| XMS2P PG PB VDD VDD sky130_fd_pr__pfet_g5v0d10v5 L=4 W=2 nf=1 ad=0.58 as=0.58 pd=4.58 ps=4.58 nrd=0.145 nrs=0.145 sa=0 sb=0 sd=0
| + mult=1 m=1
| XCC PG NZ sky130_fd_pr__cap_mim_m3_1 W=20 L=20 MF=1 m=1
| XRZ NZ N2 VSS sky130_fd_pr__res_xhigh_po W=2 L=1016.0 mult=1 m=1
| XKS0 VDD VDD KS1 VSS sky130_fd_pr__nfet_g5v0d10v5 L=8 W=1 nf=1 ad=0.29 as=0.29 pd=2.58 ps=2.58 nrd=0.29 nrs=0.29 sa=0 sb=0 sd=0
| + mult=1 m=1
| XKS1 KS1 KS1 KS2 VSS sky130_fd_pr__nfet_g5v0d10v5 L=8 W=1 nf=1 ad=0.29 as=0.29 pd=2.58 ps=2.58 nrd=0.29 nrs=0.29 sa=0 sb=0 sd=0
| + mult=1 m=1
| XKS2 KS2 KS2 KS3 VSS sky130_fd_pr__nfet_g5v0d10v5 L=8 W=1 nf=1 ad=0.29 as=0.29 pd=2.58 ps=2.58 nrd=0.29 nrs=0.29 sa=0 sb=0 sd=0
| + mult=1 m=1
| XKS3 KS3 KS3 KS4 VSS sky130_fd_pr__nfet_g5v0d10v5 L=8 W=1 nf=1 ad=0.29 as=0.29 pd=2.58 ps=2.58 nrd=0.29 nrs=0.29 sa=0 sb=0 sd=0
| + mult=1 m=1
| XKS4 KS4 KS4 NKG VSS sky130_fd_pr__nfet_g5v0d10v5 L=8 W=1 nf=1 ad=0.29 as=0.29 pd=2.58 ps=2.58 nrd=0.29 nrs=0.29 sa=0 sb=0 sd=0
| + mult=1 m=1
| XKA NKM PB VDD VDD sky130_fd_pr__pfet_g5v0d10v5 L=4 W=1 nf=1 ad=0.29 as=0.29 pd=2.58 ps=2.58 nrd=0.29 nrs=0.29 sa=0 sb=0 sd=0
| + mult=1 m=1
| XKAN NKM NKM VSS VSS sky130_fd_pr__nfet_g5v0d10v5 L=4 W=2 nf=1 ad=0.58 as=0.58 pd=4.58 ps=4.58 nrd=0.145 nrs=0.145 sa=0 sb=0 sd=0
| + mult=1 m=1
| XKPD NKG NKM VSS VSS sky130_fd_pr__nfet_g5v0d10v5 L=4 W=8 nf=1 ad=2.32 as=2.32 pd=16.58 ps=16.58 nrd=0.03625 nrs=0.03625 sa=0 sb=0
| + sd=0 mult=1 m=1
| XKICK PG NKG VSS VSS sky130_fd_pr__nfet_g5v0d10v5 L=4 W=1 nf=1 ad=0.29 as=0.29 pd=2.58 ps=2.58 nrd=0.29 nrs=0.29 sa=0 sb=0 sd=0
| + mult=1 m=1
| XMPOK TOK PB VDD VDD sky130_fd_pr__pfet_g5v0d10v5 L=4 W=1 nf=1 ad=0.29 as=0.29 pd=2.58 ps=2.58 nrd=0.29 nrs=0.29 sa=0 sb=0 sd=0
| + mult=1 m=1
| XMOKA NOKO NA TOK VDD sky130_fd_pr__pfet_g5v0d10v5 L=4 W=8 nf=1 ad=2.32 as=2.32 pd=16.58 ps=16.58 nrd=0.03625 nrs=0.03625 sa=0
| + sb=0 sd=0 mult=1 m=1
| XMOKB NOKL NBTOP TOK VDD sky130_fd_pr__pfet_g5v0d10v5 L=4 W=8 nf=1 ad=2.32 as=2.32 pd=16.58 ps=16.58 nrd=0.03625 nrs=0.03625 sa=0
| + sb=0 sd=0 mult=1 m=1
| XMOL1 NOKL NOKL VSS VSS sky130_fd_pr__nfet_g5v0d10v5 L=4 W=2 nf=1 ad=0.58 as=0.58 pd=4.58 ps=4.58 nrd=0.145 nrs=0.145 sa=0 sb=0
| + sd=0 mult=1 m=1
| XMOL2 NOKO NOKL VSS VSS sky130_fd_pr__nfet_g5v0d10v5 L=4 W=2 nf=1 ad=0.58 as=0.58 pd=4.58 ps=4.58 nrd=0.145 nrs=0.145 sa=0 sb=0
| + sd=0 mult=1 m=1
| XMOKC NOKO NKG VSS VSS sky130_fd_pr__nfet_g5v0d10v5 L=1 W=2 nf=1 ad=0.58 as=0.58 pd=4.58 ps=4.58 nrd=0.145 nrs=0.145 sa=0 sb=0
| + sd=0 mult=1 m=1
| XMOK2 NOKX NOKO VSS VSS sky130_fd_pr__nfet_g5v0d10v5 L=4 W=2 nf=1 ad=0.58 as=0.58 pd=4.58 ps=4.58 nrd=0.145 nrs=0.145 sa=0 sb=0
| + sd=0 mult=1 m=1
| XMOK2P NOKX PB VDD VDD sky130_fd_pr__pfet_g5v0d10v5 L=4 W=1 nf=1 ad=0.29 as=0.29 pd=2.58 ps=2.58 nrd=0.29 nrs=0.29 sa=0 sb=0 sd=0
| + mult=1 m=1
| XCOK VDD NOKX sky130_fd_pr__cap_mim_m3_1 W=6 L=6 MF=1 m=1
| XMO1P BIAS_OK NOKX VDD VDD sky130_fd_pr__pfet_g5v0d10v5 L=4 W=1 nf=1 ad=0.29 as=0.29 pd=2.58 ps=2.58 nrd=0.29 nrs=0.29 sa=0 sb=0
| + sd=0 mult=1 m=1
| XMO1N BIAS_OK NOKX VSS VSS sky130_fd_pr__nfet_g5v0d10v5 L=0.5 W=4 nf=1 ad=1.16 as=1.16 pd=8.58 ps=8.58 nrd=0.0725 nrs=0.0725 sa=0
| + sb=0 sd=0 mult=1 m=1
| .ends
| 
| .control
| save all
| tran 10u 10m uic
| let nlast = length(v(vref))-1
| let meas_vref = v(vref)[nlast]
| let meas_vref_settled = abs(v(vref)[nlast] - v(vref)[nlast-100])
| let meas_ibias = v(ibias)[nlast]
| let meas_bias_ok = v(bias_ok)[nlast]
| let meas_isup = -i(v1)[nlast]
| print meas_vref
| print meas_vref_settled
| print meas_ibias
| print meas_bias_ok
| print meas_isup
| quit
| .endc
| .end

# ==== ngspice stdout ====

Note: Compatibility modes selected: hs a


Circuit: * bias-core-startup corner deck -- generated by sim/bin/corner-run.py, do not edit

option SCALE: Scale is set to 1e-06 for instance and model parameters
option SCALE: Scale is set to 1e-06 for instance and model parameters
option SCALE: Scale is set to 1e-06 for instance and model parameters
option SCALE: Scale is set to 1e-06 for instance and model parameters
Doing analysis at TEMP = -40.000000 and TNOM = 27.000000

Using KLU as Direct Linear Solver
Operating point simulation skipped by 'uic',
  now using transient initial conditions.
 Reference value :  1.00000e-07
 Reference value :  8.00000e-07
 Reference value :  1.00000e-05
 Reference value :  1.44800e-05
 Reference value :  2.96000e-05
 Reference value :  3.96000e-05
 Reference value :  4.96000e-05
 Reference value :  5.96000e-05
 Reference value :  6.72463e-05
 Reference value :  6.82207e-05
 Reference value :  7.19408e-05
 Reference value :  7.32380e-05
 Reference value :  7.59183e-05
 Reference value :  7.88973e-05
 Reference value :  8.68095e-05
 Reference value :  1.00000e-04
 Reference value :  1.05553e-04
 Reference value :  1.28495e-04
 Reference value :  1.68495e-04
 Reference value :  2.18495e-04
 Reference value :  2.58495e-04
 Reference value :  2.98495e-04
 Reference value :  3.38495e-04
 Reference value :  3.68495e-04
 Reference value :  4.08495e-04
 Reference value :  4.48495e-04
 Reference value :  4.88495e-04
 Reference value :  5.28495e-04
 Reference value :  5.68495e-04
 Reference value :  6.08495e-04
 Reference value :  6.48495e-04
 Reference value :  6.88495e-04
 Reference value :  7.28495e-04
 Reference value :  7.68495e-04
 Reference value :  8.08495e-04
 Reference value :  8.48495e-04
 Reference value :  8.88495e-04
 Reference value :  9.28495e-04
 Reference value :  9.68495e-04
 Reference value :  1.00850e-03
 Reference value :  1.04850e-03
 Reference value :  1.08850e-03
 Reference value :  1.11850e-03
 Reference value :  1.15850e-03
 Reference value :  1.19850e-03
 Reference value :  1.23850e-03
 Reference value :  1.27850e-03
 Reference value :  1.31850e-03
 Reference value :  1.34850e-03
 Reference value :  1.37850e-03
 Reference value :  1.40850e-03
 Reference value :  1.43850e-03
 Reference value :  1.47850e-03
 Reference value :  1.50850e-03
 Reference value :  1.53850e-03
 Reference value :  1.56850e-03
 Reference value :  1.59850e-03
 Reference value :  1.63850e-03
 Reference value :  1.67850e-03
 Reference value :  1.71850e-03
 Reference value :  1.75850e-03
 Reference value :  1.78850e-03
 Reference value :  1.81850e-03
 Reference value :  1.84850e-03
 Reference value :  1.87850e-03
 Reference value :  1.90850e-03
 Reference value :  1.93850e-03
 Reference value :  1.97850e-03
 Reference value :  2.00850e-03
 Reference value :  2.04850e-03
 Reference value :  2.07850e-03
 Reference value :  2.11850e-03
 Reference value :  2.15850e-03
 Reference value :  2.19850e-03
 Reference value :  2.22850e-03
 Reference value :  2.25850e-03
 Reference value :  2.28850e-03
 Reference value :  2.31850e-03
 Reference value :  2.34850e-03
 Reference value :  2.37850e-03
 Reference value :  2.41850e-03
 Reference value :  2.45850e-03
 Reference value :  2.49850e-03
 Reference value :  2.53850e-03
 Reference value :  2.57850e-03
 Reference value :  2.61850e-03
 Reference value :  2.65850e-03
 Reference value :  2.69850e-03
 Reference value :  2.73850e-03
 Reference value :  2.77850e-03
 Reference value :  2.81850e-03
 Reference value :  2.85850e-03
 Reference value :  2.89850e-03
 Reference value :  2.93850e-03
 Reference value :  2.97850e-03
 Reference value :  3.01850e-03
 Reference value :  3.05850e-03
 Reference value :  3.09850e-03
 Reference value :  3.13850e-03
 Reference value :  3.17850e-03
 Reference value :  3.21850e-03
 Reference value :  3.25850e-03
 Reference value :  3.29850e-03
 Reference value :  3.33850e-03
 Reference value :  3.37850e-03
 Reference value :  3.41850e-03
 Reference value :  3.45850e-03
 Reference value :  3.49850e-03
 Reference value :  3.53850e-03
 Reference value :  3.56850e-03
 Reference value :  3.60850e-03
 Reference value :  3.64850e-03
 Reference value :  3.68850e-03
 Reference value :  3.72850e-03
 Reference value :  3.75850e-03
 Reference value :  3.78850e-03
 Reference value :  3.82850e-03
 Reference value :  3.86850e-03
 Reference value :  3.90850e-03
 Reference value :  3.94850e-03
 Reference value :  3.99850e-03
 Reference value :  4.03850e-03
 Reference value :  4.07850e-03
 Reference value :  4.11850e-03
 Reference value :  4.15850e-03
 Reference value :  4.18850e-03
 Reference value :  4.21850e-03
 Reference value :  4.24850e-03
 Reference value :  4.28850e-03
 Reference value :  4.32850e-03
 Reference value :  4.35850e-03
 Reference value :  4.39850e-03
 Reference value :  4.43850e-03
 Reference value :  4.47850e-03
 Reference value :  4.51850e-03
 Reference value :  4.56850e-03
 Reference value :  4.60850e-03
 Reference value :  4.65850e-03
 Reference value :  4.69850e-03
 Reference value :  4.73850e-03
 Reference value :  4.77850e-03
 Reference value :  4.80850e-03
 Reference value :  4.84850e-03
 Reference value :  4.88850e-03
 Reference value :  4.91850e-03
 Reference value :  4.95850e-03
 Reference value :  4.98850e-03
 Reference value :  5.02850e-03
 Reference value :  5.05850e-03
 Reference value :  5.08850e-03
 Reference value :  5.11850e-03
 Reference value :  5.14850e-03
 Reference value :  5.18850e-03
 Reference value :  5.21850e-03
 Reference value :  5.25850e-03
 Reference value :  5.28850e-03
 Reference value :  5.31850e-03
 Reference value :  5.34850e-03
 Reference value :  5.38850e-03
 Reference value :  5.42850e-03
 Reference value :  5.46850e-03
 Reference value :  5.50850e-03
 Reference value :  5.54850e-03
 Reference value :  5.58850e-03
 Reference value :  5.62850e-03
 Reference value :  5.66850e-03
 Reference value :  5.70850e-03
 Reference value :  5.74850e-03
 Reference value :  5.78850e-03
 Reference value :  5.81850e-03
 Reference value :  5.85850e-03
 Reference value :  5.89850e-03
 Reference value :  5.93850e-03
 Reference value :  5.97850e-03
 Reference value :  6.01850e-03
 Reference value :  6.05850e-03
 Reference value :  6.09850e-03
 Reference value :  6.12850e-03
 Reference value :  6.15850e-03
 Reference value :  6.19850e-03
 Reference value :  6.22850e-03
 Reference value :  6.25850e-03
 Reference value :  6.29850e-03
 Reference value :  6.33850e-03
 Reference value :  6.36850e-03
 Reference value :  6.39850e-03
 Reference value :  6.43850e-03
 Reference value :  6.47850e-03
 Reference value :  6.51850e-03
 Reference value :  6.54850e-03
 Reference value :  6.58850e-03
 Reference value :  6.61850e-03
 Reference value :  6.64850e-03
 Reference value :  6.68850e-03
 Reference value :  6.71850e-03
 Reference value :  6.74850e-03
 Reference value :  6.77850e-03
 Reference value :  6.81850e-03
 Reference value :  6.85850e-03
 Reference value :  6.88850e-03
 Reference value :  6.91850e-03
 Reference value :  6.94850e-03
 Reference value :  6.97850e-03
 Reference value :  7.01850e-03
 Reference value :  7.05850e-03
 Reference value :  7.09850e-03
 Reference value :  7.12850e-03
 Reference value :  7.15850e-03
 Reference value :  7.18850e-03
 Reference value :  7.22850e-03
 Reference value :  7.25850e-03
 Reference value :  7.29850e-03
 Reference value :  7.33850e-03
 Reference value :  7.36850e-03
 Reference value :  7.40850e-03
 Reference value :  7.43850e-03
 Reference value :  7.46850e-03
 Reference value :  7.50850e-03
 Reference value :  7.53850e-03
 Reference value :  7.56850e-03
 Reference value :  7.59850e-03
 Reference value :  7.62850e-03
 Reference value :  7.66850e-03
 Reference value :  7.70850e-03
 Reference value :  7.74850e-03
 Reference value :  7.78850e-03
 Reference value :  7.81850e-03
 Reference value :  7.84850e-03
 Reference value :  7.87850e-03
 Reference value :  7.90850e-03
 Reference value :  7.93850e-03
 Reference value :  7.96850e-03
 Reference value :  8.00850e-03
 Reference value :  8.03850e-03
 Reference value :  8.07850e-03
 Reference value :  8.11850e-03
 Reference value :  8.15850e-03
 Reference value :  8.18850e-03
 Reference value :  8.21850e-03
 Reference value :  8.25850e-03
 Reference value :  8.28850e-03
 Reference value :  8.32850e-03
 Reference value :  8.35850e-03
 Reference value :  8.38850e-03
 Reference value :  8.42850e-03
 Reference value :  8.45850e-03
 Reference value :  8.48850e-03
 Reference value :  8.52850e-03
 Reference value :  8.56850e-03
 Reference value :  8.60850e-03
 Reference value :  8.64850e-03
 Reference value :  8.67850e-03
 Reference value :  8.70850e-03
 Reference value :  8.73850e-03
 Reference value :  8.76850e-03
 Reference value :  8.79850e-03
 Reference value :  8.82850e-03
 Reference value :  8.85850e-03
 Reference value :  8.88850e-03
 Reference value :  8.92850e-03
 Reference value :  8.96850e-03
 Reference value :  9.00850e-03
 Reference value :  9.04850e-03
 Reference value :  9.08850e-03
 Reference value :  9.12850e-03
 Reference value :  9.15850e-03
 Reference value :  9.19850e-03
 Reference value :  9.22850e-03
 Reference value :  9.26850e-03
 Reference value :  9.30850e-03
 Reference value :  9.34850e-03
 Reference value :  9.38850e-03
 Reference value :  9.42850e-03
 Reference value :  9.45850e-03
 Reference value :  9.49850e-03
 Reference value :  9.52850e-03
 Reference value :  9.56850e-03
 Reference value :  9.60850e-03
 Reference value :  9.64850e-03
 Reference value :  9.68850e-03
 Reference value :  9.72850e-03
 Reference value :  9.75850e-03
 Reference value :  9.78850e-03
 Reference value :  9.81850e-03
 Reference value :  9.84850e-03
 Reference value :  9.87850e-03
 Reference value :  9.91850e-03
 Reference value :  9.95850e-03
 Reference value :  9.99425e-03
No. of Data Rows : 1025
meas_vref = 1.249510e+00
meas_vref_settled = 9.360017e-10
meas_ibias = 2.970000e+00
meas_bias_ok = 2.969999e+00
meas_isup = 7.630605e-07
ngspice-46 done

# ==== ngspice stderr ====

