# corner: sf_-40c_3.63v
# process=sf temp=-40C supply=3.63V
# ngspice exit: 0
# wall clock: 116.0s (--timeout was 300s)
# result: PASS

# ==== deck (exact input given to ngspice) ====
| * bias-core-startup corner deck -- generated by sim/bin/corner-run.py, do not edit
| * corner: sf_-40c_3.63v
| .param vsup=3.63
| .param tramp=100u
| .param tstop=10m
| .option wnflag=1
| .temp -40
| .lib "/home/ubuntu/.volare/sky130A/libs.tech/combined/sky130.lib.spice" sf
| ** sch_path: sim/bias-core-startup/testbench/tb_bias_core_startup.sch
| **.subckt tb_bias_core_startup
| V1 VDD 0 PWL(0 0 'tramp' 'vsup' 'tstop' 'vsup')
| .save i(v1)
| XDUT VDD 0 IBIAS VREF BIAS_OK bias_core
| **.ends
| 
| * expanding   symbol:  design/bias_core.sym # of pins=5
| ** sym_path: design/bias_core.sym
| ** sch_path: design/bias_core.sch
| .subckt bias_core VDD VSS IBIAS VREF BIAS_OK
| *.iopin VDD
| *.iopin VSS
| *.opin IBIAS
| *.opin VREF
| *.opin BIAS_OK
| XMP1 NA PG VDD VDD sky130_fd_pr__pfet_g5v0d10v5 L=4 W=8 nf=1 ad=2.32 as=2.32 pd=16.58 ps=16.58 nrd=0.03625 nrs=0.03625 sa=0 sb=0
| + sd=0 mult=1 m=1
| XMP2 NBTOP PG VDD VDD sky130_fd_pr__pfet_g5v0d10v5 L=4 W=8 nf=1 ad=2.32 as=2.32 pd=16.58 ps=16.58 nrd=0.03625 nrs=0.03625 sa=0
| + sb=0 sd=0 mult=1 m=1
| XMP3 VREF PG VDD VDD sky130_fd_pr__pfet_g5v0d10v5 L=4 W=8 nf=1 ad=2.32 as=2.32 pd=16.58 ps=16.58 nrd=0.03625 nrs=0.03625 sa=0 sb=0
| + sd=0 mult=1 m=1
| XMPBN NBG PG VDD VDD sky130_fd_pr__pfet_g5v0d10v5 L=4 W=2 nf=1 ad=0.58 as=0.58 pd=4.58 ps=4.58 nrd=0.145 nrs=0.145 sa=0 sb=0 sd=0
| + mult=1 m=1
| XQ1 VSS VSS NA sky130_fd_pr__pnp_05v5_W3p40L3p40 m=1 mult=1
| XRT NBTOP NB VSS sky130_fd_pr__res_xhigh_po W=2 L=17.5 mult=1 m=1
| XR1 NB EC VSS sky130_fd_pr__res_xhigh_po W=2 L=350.0 mult=1 m=1
| XQ8A VSS VSS EC sky130_fd_pr__pnp_05v5_W3p40L3p40 m=1 mult=1
| XQ8B VSS VSS EC sky130_fd_pr__pnp_05v5_W3p40L3p40 m=1 mult=1
| XQ8C VSS VSS EC sky130_fd_pr__pnp_05v5_W3p40L3p40 m=1 mult=1
| XQ8D VSS VSS EC sky130_fd_pr__pnp_05v5_W3p40L3p40 m=1 mult=1
| XQ8E VSS VSS EC sky130_fd_pr__pnp_05v5_W3p40L3p40 m=1 mult=1
| XQ8F VSS VSS EC sky130_fd_pr__pnp_05v5_W3p40L3p40 m=1 mult=1
| XQ8G VSS VSS EC sky130_fd_pr__pnp_05v5_W3p40L3p40 m=1 mult=1
| XQ8H VSS VSS EC sky130_fd_pr__pnp_05v5_W3p40L3p40 m=1 mult=1
| XR2 VREF ER VSS sky130_fd_pr__res_xhigh_po W=2 L=4104.0 mult=1 m=1
| XQR VSS VSS ER sky130_fd_pr__pnp_05v5_W3p40L3p40 m=1 mult=1
| XMBN NBG NBG VSS VSS sky130_fd_pr__nfet_g5v0d10v5 L=4 W=2 nf=1 ad=0.58 as=0.58 pd=4.58 ps=4.58 nrd=0.145 nrs=0.145 sa=0 sb=0 sd=0
| + mult=1 m=1
| XMBN2 PB NBG VSS VSS sky130_fd_pr__nfet_g5v0d10v5 L=4 W=2 nf=1 ad=0.58 as=0.58 pd=4.58 ps=4.58 nrd=0.145 nrs=0.145 sa=0 sb=0 sd=0
| + mult=1 m=1
| XMBP PB PB VDD VDD sky130_fd_pr__pfet_g5v0d10v5 L=4 W=2 nf=1 ad=0.58 as=0.58 pd=4.58 ps=4.58 nrd=0.145 nrs=0.145 sa=0 sb=0 sd=0
| + mult=1 m=1
| XMPIB IBIAS PB VDD VDD sky130_fd_pr__pfet_g5v0d10v5 L=4 W=40 nf=1 ad=11.6 as=11.6 pd=80.58 ps=80.58 nrd=0.00725 nrs=0.00725 sa=0
| + sb=0 sd=0 mult=1 m=1
| XMPT NT PB VDD VDD sky130_fd_pr__pfet_g5v0d10v5 L=4 W=2 nf=1 ad=0.58 as=0.58 pd=4.58 ps=4.58 nrd=0.145 nrs=0.145 sa=0 sb=0 sd=0
| + mult=1 m=1
| XMI1 N1 NA NT VDD sky130_fd_pr__pfet_g5v0d10v5 L=4 W=16 nf=1 ad=4.64 as=4.64 pd=32.58 ps=32.58 nrd=0.018125 nrs=0.018125 sa=0 sb=0
| + sd=0 mult=1 m=1
| XMI2 N2 NB NT VDD sky130_fd_pr__pfet_g5v0d10v5 L=4 W=16 nf=1 ad=4.64 as=4.64 pd=32.58 ps=32.58 nrd=0.018125 nrs=0.018125 sa=0 sb=0
| + sd=0 mult=1 m=1
| XML1 N1 N1 VSS VSS sky130_fd_pr__nfet_g5v0d10v5 L=8 W=4 nf=1 ad=1.16 as=1.16 pd=8.58 ps=8.58 nrd=0.0725 nrs=0.0725 sa=0 sb=0 sd=0
| + mult=1 m=1
| XML2 N2 N1 VSS VSS sky130_fd_pr__nfet_g5v0d10v5 L=8 W=4 nf=1 ad=1.16 as=1.16 pd=8.58 ps=8.58 nrd=0.0725 nrs=0.0725 sa=0 sb=0 sd=0
| + mult=1 m=1
| XMS2N PG N2 VSS VSS sky130_fd_pr__nfet_g5v0d10v5 L=8 W=8 nf=1 ad=2.32 as=2.32 pd=16.58 ps=16.58 nrd=0.03625 nrs=0.03625 sa=0 sb=0
| + sd=0 mult=1 m=1
| XMS2P PG PB VDD VDD sky130_fd_pr__pfet_g5v0d10v5 L=4 W=2 nf=1 ad=0.58 as=0.58 pd=4.58 ps=4.58 nrd=0.145 nrs=0.145 sa=0 sb=0 sd=0
| + mult=1 m=1
| XCC PG NZ sky130_fd_pr__cap_mim_m3_1 W=20 L=20 MF=1 m=1
| XRZ NZ N2 VSS sky130_fd_pr__res_xhigh_po W=2 L=1016.0 mult=1 m=1
| XKS0 VDD VDD KS1 VSS sky130_fd_pr__nfet_g5v0d10v5 L=8 W=1 nf=1 ad=0.29 as=0.29 pd=2.58 ps=2.58 nrd=0.29 nrs=0.29 sa=0 sb=0 sd=0
| + mult=1 m=1
| XKS1 KS1 KS1 KS2 VSS sky130_fd_pr__nfet_g5v0d10v5 L=8 W=1 nf=1 ad=0.29 as=0.29 pd=2.58 ps=2.58 nrd=0.29 nrs=0.29 sa=0 sb=0 sd=0
| + mult=1 m=1
| XKS2 KS2 KS2 KS3 VSS sky130_fd_pr__nfet_g5v0d10v5 L=8 W=1 nf=1 ad=0.29 as=0.29 pd=2.58 ps=2.58 nrd=0.29 nrs=0.29 sa=0 sb=0 sd=0
| + mult=1 m=1
| XKS3 KS3 KS3 KS4 VSS sky130_fd_pr__nfet_g5v0d10v5 L=8 W=1 nf=1 ad=0.29 as=0.29 pd=2.58 ps=2.58 nrd=0.29 nrs=0.29 sa=0 sb=0 sd=0
| + mult=1 m=1
| XKS4 KS4 KS4 NKG VSS sky130_fd_pr__nfet_g5v0d10v5 L=8 W=1 nf=1 ad=0.29 as=0.29 pd=2.58 ps=2.58 nrd=0.29 nrs=0.29 sa=0 sb=0 sd=0
| + mult=1 m=1
| XKA NKM PB VDD VDD sky130_fd_pr__pfet_g5v0d10v5 L=4 W=1 nf=1 ad=0.29 as=0.29 pd=2.58 ps=2.58 nrd=0.29 nrs=0.29 sa=0 sb=0 sd=0
| + mult=1 m=1
| XKAN NKM NKM VSS VSS sky130_fd_pr__nfet_g5v0d10v5 L=4 W=2 nf=1 ad=0.58 as=0.58 pd=4.58 ps=4.58 nrd=0.145 nrs=0.145 sa=0 sb=0 sd=0
| + mult=1 m=1
| XKPD NKG NKM VSS VSS sky130_fd_pr__nfet_g5v0d10v5 L=4 W=8 nf=1 ad=2.32 as=2.32 pd=16.58 ps=16.58 nrd=0.03625 nrs=0.03625 sa=0 sb=0
| + sd=0 mult=1 m=1
| XKICK PG NKG VSS VSS sky130_fd_pr__nfet_g5v0d10v5 L=4 W=1 nf=1 ad=0.29 as=0.29 pd=2.58 ps=2.58 nrd=0.29 nrs=0.29 sa=0 sb=0 sd=0
| + mult=1 m=1
| XMPOK TOK PB VDD VDD sky130_fd_pr__pfet_g5v0d10v5 L=4 W=1 nf=1 ad=0.29 as=0.29 pd=2.58 ps=2.58 nrd=0.29 nrs=0.29 sa=0 sb=0 sd=0
| + mult=1 m=1
| XMOKA NOKO NA TOK VDD sky130_fd_pr__pfet_g5v0d10v5 L=4 W=8 nf=1 ad=2.32 as=2.32 pd=16.58 ps=16.58 nrd=0.03625 nrs=0.03625 sa=0
| + sb=0 sd=0 mult=1 m=1
| XMOKB NOKL NBTOP TOK VDD sky130_fd_pr__pfet_g5v0d10v5 L=4 W=8 nf=1 ad=2.32 as=2.32 pd=16.58 ps=16.58 nrd=0.03625 nrs=0.03625 sa=0
| + sb=0 sd=0 mult=1 m=1
| XMOL1 NOKL NOKL VSS VSS sky130_fd_pr__nfet_g5v0d10v5 L=4 W=2 nf=1 ad=0.58 as=0.58 pd=4.58 ps=4.58 nrd=0.145 nrs=0.145 sa=0 sb=0
| + sd=0 mult=1 m=1
| XMOL2 NOKO NOKL VSS VSS sky130_fd_pr__nfet_g5v0d10v5 L=4 W=2 nf=1 ad=0.58 as=0.58 pd=4.58 ps=4.58 nrd=0.145 nrs=0.145 sa=0 sb=0
| + sd=0 mult=1 m=1
| XMOKC NOKO NKG VSS VSS sky130_fd_pr__nfet_g5v0d10v5 L=1 W=2 nf=1 ad=0.58 as=0.58 pd=4.58 ps=4.58 nrd=0.145 nrs=0.145 sa=0 sb=0
| + sd=0 mult=1 m=1
| XMOK2 NOKX NOKO VSS VSS sky130_fd_pr__nfet_g5v0d10v5 L=4 W=2 nf=1 ad=0.58 as=0.58 pd=4.58 ps=4.58 nrd=0.145 nrs=0.145 sa=0 sb=0
| + sd=0 mult=1 m=1
| XMOK2P NOKX PB VDD VDD sky130_fd_pr__pfet_g5v0d10v5 L=4 W=1 nf=1 ad=0.29 as=0.29 pd=2.58 ps=2.58 nrd=0.29 nrs=0.29 sa=0 sb=0 sd=0
| + mult=1 m=1
| XCOK VDD NOKX sky130_fd_pr__cap_mim_m3_1 W=6 L=6 MF=1 m=1
| XMO1P BIAS_OK NOKX VDD VDD sky130_fd_pr__pfet_g5v0d10v5 L=4 W=1 nf=1 ad=0.29 as=0.29 pd=2.58 ps=2.58 nrd=0.29 nrs=0.29 sa=0 sb=0
| + sd=0 mult=1 m=1
| XMO1N BIAS_OK NOKX VSS VSS sky130_fd_pr__nfet_g5v0d10v5 L=0.5 W=4 nf=1 ad=1.16 as=1.16 pd=8.58 ps=8.58 nrd=0.0725 nrs=0.0725 sa=0
| + sb=0 sd=0 mult=1 m=1
| .ends
| 
| .control
| save all
| tran 10u 10m uic
| let nlast = length(v(vref))-1
| let meas_vref = v(vref)[nlast]
| let meas_vref_settled = abs(v(vref)[nlast] - v(vref)[nlast-100])
| let meas_ibias = v(ibias)[nlast]
| let meas_bias_ok = v(bias_ok)[nlast]
| let meas_isup = -i(v1)[nlast]
| print meas_vref
| print meas_vref_settled
| print meas_ibias
| print meas_bias_ok
| print meas_isup
| quit
| .endc
| .end

# ==== ngspice stdout ====

Note: Compatibility modes selected: hs a


Circuit: * bias-core-startup corner deck -- generated by sim/bin/corner-run.py, do not edit

option SCALE: Scale is set to 1e-06 for instance and model parameters
option SCALE: Scale is set to 1e-06 for instance and model parameters
option SCALE: Scale is set to 1e-06 for instance and model parameters
option SCALE: Scale is set to 1e-06 for instance and model parameters
Doing analysis at TEMP = -40.000000 and TNOM = 27.000000

Using KLU as Direct Linear Solver
Operating point simulation skipped by 'uic',
  now using transient initial conditions.
 Reference value :  1.00000e-07
 Reference value :  1.60000e-06
 Reference value :  1.00000e-05
 Reference value :  1.44800e-05
 Reference value :  1.96000e-05
 Reference value :  2.61109e-05
 Reference value :  3.29443e-05
 Reference value :  4.29443e-05
 Reference value :  5.29443e-05
 Reference value :  6.02149e-05
 Reference value :  6.70213e-05
 Reference value :  7.19673e-05
 Reference value :  8.27144e-05
 Reference value :  9.48231e-05
 Reference value :  1.00921e-04
 Reference value :  1.02764e-04
 Reference value :  1.07350e-04
 Reference value :  1.24569e-04
 Reference value :  1.54569e-04
 Reference value :  1.84569e-04
 Reference value :  2.14569e-04
 Reference value :  2.44569e-04
 Reference value :  2.74569e-04
 Reference value :  2.94569e-04
 Reference value :  3.14569e-04
 Reference value :  3.44569e-04
 Reference value :  3.74569e-04
 Reference value :  3.94569e-04
 Reference value :  4.14569e-04
 Reference value :  4.34569e-04
 Reference value :  4.64569e-04
 Reference value :  4.94569e-04
 Reference value :  5.14569e-04
 Reference value :  5.44569e-04
 Reference value :  5.64569e-04
 Reference value :  5.84569e-04
 Reference value :  6.04569e-04
 Reference value :  6.34569e-04
 Reference value :  6.64569e-04
 Reference value :  6.94569e-04
 Reference value :  7.14569e-04
 Reference value :  7.44569e-04
 Reference value :  7.74569e-04
 Reference value :  8.04569e-04
 Reference value :  8.24569e-04
 Reference value :  8.64569e-04
 Reference value :  9.04569e-04
 Reference value :  9.44569e-04
 Reference value :  9.74569e-04
 Reference value :  1.00457e-03
 Reference value :  1.03457e-03
 Reference value :  1.07457e-03
 Reference value :  1.11457e-03
 Reference value :  1.15457e-03
 Reference value :  1.18457e-03
 Reference value :  1.21457e-03
 Reference value :  1.24457e-03
 Reference value :  1.27457e-03
 Reference value :  1.30457e-03
 Reference value :  1.33457e-03
 Reference value :  1.37457e-03
 Reference value :  1.40457e-03
 Reference value :  1.44457e-03
 Reference value :  1.47457e-03
 Reference value :  1.51457e-03
 Reference value :  1.54457e-03
 Reference value :  1.58457e-03
 Reference value :  1.61457e-03
 Reference value :  1.65457e-03
 Reference value :  1.69457e-03
 Reference value :  1.72457e-03
 Reference value :  1.76457e-03
 Reference value :  1.80457e-03
 Reference value :  1.84457e-03
 Reference value :  1.87457e-03
 Reference value :  1.91457e-03
 Reference value :  1.94457e-03
 Reference value :  1.98457e-03
 Reference value :  2.02457e-03
 Reference value :  2.06457e-03
 Reference value :  2.10457e-03
 Reference value :  2.13457e-03
 Reference value :  2.16457e-03
 Reference value :  2.20457e-03
 Reference value :  2.23457e-03
 Reference value :  2.26457e-03
 Reference value :  2.30457e-03
 Reference value :  2.33457e-03
 Reference value :  2.36457e-03
 Reference value :  2.39457e-03
 Reference value :  2.42457e-03
 Reference value :  2.46457e-03
 Reference value :  2.49457e-03
 Reference value :  2.52457e-03
 Reference value :  2.56457e-03
 Reference value :  2.59457e-03
 Reference value :  2.63457e-03
 Reference value :  2.66457e-03
 Reference value :  2.69457e-03
 Reference value :  2.72457e-03
 Reference value :  2.75457e-03
 Reference value :  2.78457e-03
 Reference value :  2.81457e-03
 Reference value :  2.84457e-03
 Reference value :  2.88457e-03
 Reference value :  2.91457e-03
 Reference value :  2.94457e-03
 Reference value :  2.97457e-03
 Reference value :  3.00457e-03
 Reference value :  3.03457e-03
 Reference value :  3.06457e-03
 Reference value :  3.09457e-03
 Reference value :  3.12457e-03
 Reference value :  3.15457e-03
 Reference value :  3.18457e-03
 Reference value :  3.22457e-03
 Reference value :  3.25457e-03
 Reference value :  3.29457e-03
 Reference value :  3.32457e-03
 Reference value :  3.36457e-03
 Reference value :  3.40457e-03
 Reference value :  3.44457e-03
 Reference value :  3.47457e-03
 Reference value :  3.50457e-03
 Reference value :  3.54457e-03
 Reference value :  3.57457e-03
 Reference value :  3.61457e-03
 Reference value :  3.65457e-03
 Reference value :  3.69457e-03
 Reference value :  3.73457e-03
 Reference value :  3.76457e-03
 Reference value :  3.80457e-03
 Reference value :  3.83457e-03
 Reference value :  3.86457e-03
 Reference value :  3.89457e-03
 Reference value :  3.92457e-03
 Reference value :  3.95457e-03
 Reference value :  3.98457e-03
 Reference value :  4.01457e-03
 Reference value :  4.04457e-03
 Reference value :  4.07457e-03
 Reference value :  4.10457e-03
 Reference value :  4.14457e-03
 Reference value :  4.17457e-03
 Reference value :  4.21457e-03
 Reference value :  4.24457e-03
 Reference value :  4.27457e-03
 Reference value :  4.31457e-03
 Reference value :  4.35457e-03
 Reference value :  4.38457e-03
 Reference value :  4.41457e-03
 Reference value :  4.44457e-03
 Reference value :  4.48457e-03
 Reference value :  4.51457e-03
 Reference value :  4.54457e-03
 Reference value :  4.57457e-03
 Reference value :  4.61457e-03
 Reference value :  4.64457e-03
 Reference value :  4.67457e-03
 Reference value :  4.70457e-03
 Reference value :  4.73457e-03
 Reference value :  4.76457e-03
 Reference value :  4.79457e-03
 Reference value :  4.82457e-03
 Reference value :  4.85457e-03
 Reference value :  4.88457e-03
 Reference value :  4.92457e-03
 Reference value :  4.95457e-03
 Reference value :  4.99457e-03
 Reference value :  5.03457e-03
 Reference value :  5.06457e-03
 Reference value :  5.09457e-03
 Reference value :  5.12457e-03
 Reference value :  5.15457e-03
 Reference value :  5.18457e-03
 Reference value :  5.21457e-03
 Reference value :  5.24457e-03
 Reference value :  5.28457e-03
 Reference value :  5.31457e-03
 Reference value :  5.34457e-03
 Reference value :  5.37457e-03
 Reference value :  5.40457e-03
 Reference value :  5.43457e-03
 Reference value :  5.46457e-03
 Reference value :  5.49457e-03
 Reference value :  5.53457e-03
 Reference value :  5.56457e-03
 Reference value :  5.60457e-03
 Reference value :  5.63457e-03
 Reference value :  5.66457e-03
 Reference value :  5.69457e-03
 Reference value :  5.73457e-03
 Reference value :  5.76457e-03
 Reference value :  5.79457e-03
 Reference value :  5.82457e-03
 Reference value :  5.85457e-03
 Reference value :  5.89457e-03
 Reference value :  5.92457e-03
 Reference value :  5.96457e-03
 Reference value :  6.00457e-03
 Reference value :  6.04457e-03
 Reference value :  6.08457e-03
 Reference value :  6.12457e-03
 Reference value :  6.15457e-03
 Reference value :  6.18457e-03
 Reference value :  6.21457e-03
 Reference value :  6.24457e-03
 Reference value :  6.27457e-03
 Reference value :  6.30457e-03
 Reference value :  6.33457e-03
 Reference value :  6.37457e-03
 Reference value :  6.41457e-03
 Reference value :  6.45457e-03
 Reference value :  6.48457e-03
 Reference value :  6.51457e-03
 Reference value :  6.55457e-03
 Reference value :  6.59457e-03
 Reference value :  6.63457e-03
 Reference value :  6.67457e-03
 Reference value :  6.71457e-03
 Reference value :  6.74457e-03
 Reference value :  6.78457e-03
 Reference value :  6.81457e-03
 Reference value :  6.84457e-03
 Reference value :  6.88457e-03
 Reference value :  6.92457e-03
 Reference value :  6.96457e-03
 Reference value :  7.00457e-03
 Reference value :  7.03457e-03
 Reference value :  7.07457e-03
 Reference value :  7.10457e-03
 Reference value :  7.14457e-03
 Reference value :  7.18457e-03
 Reference value :  7.22457e-03
 Reference value :  7.25457e-03
 Reference value :  7.29457e-03
 Reference value :  7.33457e-03
 Reference value :  7.36457e-03
 Reference value :  7.40457e-03
 Reference value :  7.43457e-03
 Reference value :  7.47457e-03
 Reference value :  7.51457e-03
 Reference value :  7.55457e-03
 Reference value :  7.59457e-03
 Reference value :  7.63457e-03
 Reference value :  7.67457e-03
 Reference value :  7.71457e-03
 Reference value :  7.75457e-03
 Reference value :  7.79457e-03
 Reference value :  7.83457e-03
 Reference value :  7.86457e-03
 Reference value :  7.90457e-03
 Reference value :  7.93457e-03
 Reference value :  7.96457e-03
 Reference value :  8.00457e-03
 Reference value :  8.04457e-03
 Reference value :  8.08457e-03
 Reference value :  8.12457e-03
 Reference value :  8.16457e-03
 Reference value :  8.19457e-03
 Reference value :  8.22457e-03
 Reference value :  8.25457e-03
 Reference value :  8.29457e-03
 Reference value :  8.33457e-03
 Reference value :  8.36457e-03
 Reference value :  8.39457e-03
 Reference value :  8.43457e-03
 Reference value :  8.47457e-03
 Reference value :  8.51457e-03
 Reference value :  8.55457e-03
 Reference value :  8.58457e-03
 Reference value :  8.61457e-03
 Reference value :  8.64457e-03
 Reference value :  8.67457e-03
 Reference value :  8.70457e-03
 Reference value :  8.73457e-03
 Reference value :  8.76457e-03
 Reference value :  8.79457e-03
 Reference value :  8.82457e-03
 Reference value :  8.85457e-03
 Reference value :  8.88457e-03
 Reference value :  8.91457e-03
 Reference value :  8.94457e-03
 Reference value :  8.97457e-03
 Reference value :  9.00457e-03
 Reference value :  9.04457e-03
 Reference value :  9.08457e-03
 Reference value :  9.12457e-03
 Reference value :  9.16457e-03
 Reference value :  9.20457e-03
 Reference value :  9.24457e-03
 Reference value :  9.27457e-03
 Reference value :  9.31457e-03
 Reference value :  9.35457e-03
 Reference value :  9.39457e-03
 Reference value :  9.43457e-03
 Reference value :  9.47457e-03
 Reference value :  9.51457e-03
 Reference value :  9.54457e-03
 Reference value :  9.57457e-03
 Reference value :  9.60457e-03
 Reference value :  9.63457e-03
 Reference value :  9.66457e-03
 Reference value :  9.69457e-03
 Reference value :  9.72457e-03
 Reference value :  9.75457e-03
 Reference value :  9.78457e-03
 Reference value :  9.81457e-03
 Reference value :  9.84457e-03
 Reference value :  9.87457e-03
 Reference value :  9.90457e-03
 Reference value :  9.93457e-03
 Reference value :  9.96457e-03
 Reference value :  9.99228e-03
No. of Data Rows : 1019
meas_vref = 1.245770e+00
meas_vref_settled = 5.671663e-11
meas_ibias = 3.630000e+00
meas_bias_ok = 3.629999e+00
meas_isup = 7.970169e-07
ngspice-46 done

# ==== ngspice stderr ====

