# corner: sf_-40c_2.97v
# process=sf temp=-40C supply=2.97V
# ngspice exit: 0
# wall clock: 91.2s (--timeout was 300s)
# result: PASS

# ==== deck (exact input given to ngspice) ====
| * bias-core-startup corner deck -- generated by sim/bin/corner-run.py, do not edit
| * corner: sf_-40c_2.97v
| .param vsup=2.97
| .param tramp=100u
| .param tstop=10m
| .option wnflag=1
| .temp -40
| .lib "/home/ubuntu/.volare/sky130A/libs.tech/combined/sky130.lib.spice" sf
| ** sch_path: sim/bias-core-startup/testbench/tb_bias_core_startup.sch
| **.subckt tb_bias_core_startup
| V1 VDD 0 PWL(0 0 'tramp' 'vsup' 'tstop' 'vsup')
| .save i(v1)
| XDUT VDD 0 IBIAS VREF BIAS_OK bias_core
| **.ends
| 
| * expanding   symbol:  design/bias_core.sym # of pins=5
| ** sym_path: design/bias_core.sym
| ** sch_path: design/bias_core.sch
| .subckt bias_core VDD VSS IBIAS VREF BIAS_OK
| *.iopin VDD
| *.iopin VSS
| *.opin IBIAS
| *.opin VREF
| *.opin BIAS_OK
| XMP1 NA PG VDD VDD sky130_fd_pr__pfet_g5v0d10v5 L=4 W=8 nf=1 ad=2.32 as=2.32 pd=16.58 ps=16.58 nrd=0.03625 nrs=0.03625 sa=0 sb=0
| + sd=0 mult=1 m=1
| XMP2 NBTOP PG VDD VDD sky130_fd_pr__pfet_g5v0d10v5 L=4 W=8 nf=1 ad=2.32 as=2.32 pd=16.58 ps=16.58 nrd=0.03625 nrs=0.03625 sa=0
| + sb=0 sd=0 mult=1 m=1
| XMP3 VREF PG VDD VDD sky130_fd_pr__pfet_g5v0d10v5 L=4 W=8 nf=1 ad=2.32 as=2.32 pd=16.58 ps=16.58 nrd=0.03625 nrs=0.03625 sa=0 sb=0
| + sd=0 mult=1 m=1
| XMPBN NBG PG VDD VDD sky130_fd_pr__pfet_g5v0d10v5 L=4 W=2 nf=1 ad=0.58 as=0.58 pd=4.58 ps=4.58 nrd=0.145 nrs=0.145 sa=0 sb=0 sd=0
| + mult=1 m=1
| XQ1 VSS VSS NA sky130_fd_pr__pnp_05v5_W3p40L3p40 m=1 mult=1
| XRT NBTOP NB VSS sky130_fd_pr__res_xhigh_po W=2 L=17.5 mult=1 m=1
| XR1 NB EC VSS sky130_fd_pr__res_xhigh_po W=2 L=350.0 mult=1 m=1
| XQ8A VSS VSS EC sky130_fd_pr__pnp_05v5_W3p40L3p40 m=1 mult=1
| XQ8B VSS VSS EC sky130_fd_pr__pnp_05v5_W3p40L3p40 m=1 mult=1
| XQ8C VSS VSS EC sky130_fd_pr__pnp_05v5_W3p40L3p40 m=1 mult=1
| XQ8D VSS VSS EC sky130_fd_pr__pnp_05v5_W3p40L3p40 m=1 mult=1
| XQ8E VSS VSS EC sky130_fd_pr__pnp_05v5_W3p40L3p40 m=1 mult=1
| XQ8F VSS VSS EC sky130_fd_pr__pnp_05v5_W3p40L3p40 m=1 mult=1
| XQ8G VSS VSS EC sky130_fd_pr__pnp_05v5_W3p40L3p40 m=1 mult=1
| XQ8H VSS VSS EC sky130_fd_pr__pnp_05v5_W3p40L3p40 m=1 mult=1
| XR2 VREF ER VSS sky130_fd_pr__res_xhigh_po W=2 L=4104.0 mult=1 m=1
| XQR VSS VSS ER sky130_fd_pr__pnp_05v5_W3p40L3p40 m=1 mult=1
| XMBN NBG NBG VSS VSS sky130_fd_pr__nfet_g5v0d10v5 L=4 W=2 nf=1 ad=0.58 as=0.58 pd=4.58 ps=4.58 nrd=0.145 nrs=0.145 sa=0 sb=0 sd=0
| + mult=1 m=1
| XMBN2 PB NBG VSS VSS sky130_fd_pr__nfet_g5v0d10v5 L=4 W=2 nf=1 ad=0.58 as=0.58 pd=4.58 ps=4.58 nrd=0.145 nrs=0.145 sa=0 sb=0 sd=0
| + mult=1 m=1
| XMBP PB PB VDD VDD sky130_fd_pr__pfet_g5v0d10v5 L=4 W=2 nf=1 ad=0.58 as=0.58 pd=4.58 ps=4.58 nrd=0.145 nrs=0.145 sa=0 sb=0 sd=0
| + mult=1 m=1
| XMPIB IBIAS PB VDD VDD sky130_fd_pr__pfet_g5v0d10v5 L=4 W=40 nf=1 ad=11.6 as=11.6 pd=80.58 ps=80.58 nrd=0.00725 nrs=0.00725 sa=0
| + sb=0 sd=0 mult=1 m=1
| XMPT NT PB VDD VDD sky130_fd_pr__pfet_g5v0d10v5 L=4 W=2 nf=1 ad=0.58 as=0.58 pd=4.58 ps=4.58 nrd=0.145 nrs=0.145 sa=0 sb=0 sd=0
| + mult=1 m=1
| XMI1 N1 NA NT VDD sky130_fd_pr__pfet_g5v0d10v5 L=4 W=16 nf=1 ad=4.64 as=4.64 pd=32.58 ps=32.58 nrd=0.018125 nrs=0.018125 sa=0 sb=0
| + sd=0 mult=1 m=1
| XMI2 N2 NB NT VDD sky130_fd_pr__pfet_g5v0d10v5 L=4 W=16 nf=1 ad=4.64 as=4.64 pd=32.58 ps=32.58 nrd=0.018125 nrs=0.018125 sa=0 sb=0
| + sd=0 mult=1 m=1
| XML1 N1 N1 VSS VSS sky130_fd_pr__nfet_g5v0d10v5 L=8 W=4 nf=1 ad=1.16 as=1.16 pd=8.58 ps=8.58 nrd=0.0725 nrs=0.0725 sa=0 sb=0 sd=0
| + mult=1 m=1
| XML2 N2 N1 VSS VSS sky130_fd_pr__nfet_g5v0d10v5 L=8 W=4 nf=1 ad=1.16 as=1.16 pd=8.58 ps=8.58 nrd=0.0725 nrs=0.0725 sa=0 sb=0 sd=0
| + mult=1 m=1
| XMS2N PG N2 VSS VSS sky130_fd_pr__nfet_g5v0d10v5 L=8 W=8 nf=1 ad=2.32 as=2.32 pd=16.58 ps=16.58 nrd=0.03625 nrs=0.03625 sa=0 sb=0
| + sd=0 mult=1 m=1
| XMS2P PG PB VDD VDD sky130_fd_pr__pfet_g5v0d10v5 L=4 W=2 nf=1 ad=0.58 as=0.58 pd=4.58 ps=4.58 nrd=0.145 nrs=0.145 sa=0 sb=0 sd=0
| + mult=1 m=1
| XCC PG NZ sky130_fd_pr__cap_mim_m3_1 W=20 L=20 MF=1 m=1
| XRZ NZ N2 VSS sky130_fd_pr__res_xhigh_po W=2 L=1016.0 mult=1 m=1
| XKS0 VDD VDD KS1 VSS sky130_fd_pr__nfet_g5v0d10v5 L=8 W=1 nf=1 ad=0.29 as=0.29 pd=2.58 ps=2.58 nrd=0.29 nrs=0.29 sa=0 sb=0 sd=0
| + mult=1 m=1
| XKS1 KS1 KS1 KS2 VSS sky130_fd_pr__nfet_g5v0d10v5 L=8 W=1 nf=1 ad=0.29 as=0.29 pd=2.58 ps=2.58 nrd=0.29 nrs=0.29 sa=0 sb=0 sd=0
| + mult=1 m=1
| XKS2 KS2 KS2 KS3 VSS sky130_fd_pr__nfet_g5v0d10v5 L=8 W=1 nf=1 ad=0.29 as=0.29 pd=2.58 ps=2.58 nrd=0.29 nrs=0.29 sa=0 sb=0 sd=0
| + mult=1 m=1
| XKS3 KS3 KS3 KS4 VSS sky130_fd_pr__nfet_g5v0d10v5 L=8 W=1 nf=1 ad=0.29 as=0.29 pd=2.58 ps=2.58 nrd=0.29 nrs=0.29 sa=0 sb=0 sd=0
| + mult=1 m=1
| XKS4 KS4 KS4 NKG VSS sky130_fd_pr__nfet_g5v0d10v5 L=8 W=1 nf=1 ad=0.29 as=0.29 pd=2.58 ps=2.58 nrd=0.29 nrs=0.29 sa=0 sb=0 sd=0
| + mult=1 m=1
| XKA NKM PB VDD VDD sky130_fd_pr__pfet_g5v0d10v5 L=4 W=1 nf=1 ad=0.29 as=0.29 pd=2.58 ps=2.58 nrd=0.29 nrs=0.29 sa=0 sb=0 sd=0
| + mult=1 m=1
| XKAN NKM NKM VSS VSS sky130_fd_pr__nfet_g5v0d10v5 L=4 W=2 nf=1 ad=0.58 as=0.58 pd=4.58 ps=4.58 nrd=0.145 nrs=0.145 sa=0 sb=0 sd=0
| + mult=1 m=1
| XKPD NKG NKM VSS VSS sky130_fd_pr__nfet_g5v0d10v5 L=4 W=8 nf=1 ad=2.32 as=2.32 pd=16.58 ps=16.58 nrd=0.03625 nrs=0.03625 sa=0 sb=0
| + sd=0 mult=1 m=1
| XKICK PG NKG VSS VSS sky130_fd_pr__nfet_g5v0d10v5 L=4 W=1 nf=1 ad=0.29 as=0.29 pd=2.58 ps=2.58 nrd=0.29 nrs=0.29 sa=0 sb=0 sd=0
| + mult=1 m=1
| XMPOK TOK PB VDD VDD sky130_fd_pr__pfet_g5v0d10v5 L=4 W=1 nf=1 ad=0.29 as=0.29 pd=2.58 ps=2.58 nrd=0.29 nrs=0.29 sa=0 sb=0 sd=0
| + mult=1 m=1
| XMOKA NOKO NA TOK VDD sky130_fd_pr__pfet_g5v0d10v5 L=4 W=8 nf=1 ad=2.32 as=2.32 pd=16.58 ps=16.58 nrd=0.03625 nrs=0.03625 sa=0
| + sb=0 sd=0 mult=1 m=1
| XMOKB NOKL NBTOP TOK VDD sky130_fd_pr__pfet_g5v0d10v5 L=4 W=8 nf=1 ad=2.32 as=2.32 pd=16.58 ps=16.58 nrd=0.03625 nrs=0.03625 sa=0
| + sb=0 sd=0 mult=1 m=1
| XMOL1 NOKL NOKL VSS VSS sky130_fd_pr__nfet_g5v0d10v5 L=4 W=2 nf=1 ad=0.58 as=0.58 pd=4.58 ps=4.58 nrd=0.145 nrs=0.145 sa=0 sb=0
| + sd=0 mult=1 m=1
| XMOL2 NOKO NOKL VSS VSS sky130_fd_pr__nfet_g5v0d10v5 L=4 W=2 nf=1 ad=0.58 as=0.58 pd=4.58 ps=4.58 nrd=0.145 nrs=0.145 sa=0 sb=0
| + sd=0 mult=1 m=1
| XMOKC NOKO NKG VSS VSS sky130_fd_pr__nfet_g5v0d10v5 L=1 W=2 nf=1 ad=0.58 as=0.58 pd=4.58 ps=4.58 nrd=0.145 nrs=0.145 sa=0 sb=0
| + sd=0 mult=1 m=1
| XMOK2 NOKX NOKO VSS VSS sky130_fd_pr__nfet_g5v0d10v5 L=4 W=2 nf=1 ad=0.58 as=0.58 pd=4.58 ps=4.58 nrd=0.145 nrs=0.145 sa=0 sb=0
| + sd=0 mult=1 m=1
| XMOK2P NOKX PB VDD VDD sky130_fd_pr__pfet_g5v0d10v5 L=4 W=1 nf=1 ad=0.29 as=0.29 pd=2.58 ps=2.58 nrd=0.29 nrs=0.29 sa=0 sb=0 sd=0
| + mult=1 m=1
| XCOK VDD NOKX sky130_fd_pr__cap_mim_m3_1 W=6 L=6 MF=1 m=1
| XMO1P BIAS_OK NOKX VDD VDD sky130_fd_pr__pfet_g5v0d10v5 L=4 W=1 nf=1 ad=0.29 as=0.29 pd=2.58 ps=2.58 nrd=0.29 nrs=0.29 sa=0 sb=0
| + sd=0 mult=1 m=1
| XMO1N BIAS_OK NOKX VSS VSS sky130_fd_pr__nfet_g5v0d10v5 L=0.5 W=4 nf=1 ad=1.16 as=1.16 pd=8.58 ps=8.58 nrd=0.0725 nrs=0.0725 sa=0
| + sb=0 sd=0 mult=1 m=1
| .ends
| 
| .control
| save all
| tran 10u 10m uic
| let nlast = length(v(vref))-1
| let meas_vref = v(vref)[nlast]
| let meas_vref_settled = abs(v(vref)[nlast] - v(vref)[nlast-100])
| let meas_ibias = v(ibias)[nlast]
| let meas_bias_ok = v(bias_ok)[nlast]
| let meas_isup = -i(v1)[nlast]
| print meas_vref
| print meas_vref_settled
| print meas_ibias
| print meas_bias_ok
| print meas_isup
| quit
| .endc
| .end

# ==== ngspice stdout ====

Note: Compatibility modes selected: hs a


Circuit: * bias-core-startup corner deck -- generated by sim/bin/corner-run.py, do not edit

option SCALE: Scale is set to 1e-06 for instance and model parameters
option SCALE: Scale is set to 1e-06 for instance and model parameters
option SCALE: Scale is set to 1e-06 for instance and model parameters
option SCALE: Scale is set to 1e-06 for instance and model parameters
Doing analysis at TEMP = -40.000000 and TNOM = 27.000000

Using KLU as Direct Linear Solver
Operating point simulation skipped by 'uic',
  now using transient initial conditions.
 Reference value :  1.00000e-07
 Reference value :  1.60000e-06
 Reference value :  1.00000e-05
 Reference value :  1.44800e-05
 Reference value :  2.81393e-05
 Reference value :  3.73177e-05
 Reference value :  5.73177e-05
 Reference value :  5.80568e-05
 Reference value :  6.20876e-05
 Reference value :  6.69249e-05
 Reference value :  6.86727e-05
 Reference value :  6.99494e-05
 Reference value :  7.10585e-05
 Reference value :  7.48230e-05
 Reference value :  7.73503e-05
 Reference value :  7.95795e-05
 Reference value :  8.52632e-05
 Reference value :  9.65058e-05
 Reference value :  1.02097e-04
 Reference value :  1.18175e-04
 Reference value :  1.36570e-04
 Reference value :  1.66570e-04
 Reference value :  1.96570e-04
 Reference value :  2.26570e-04
 Reference value :  2.56570e-04
 Reference value :  2.86570e-04
 Reference value :  3.26570e-04
 Reference value :  3.56570e-04
 Reference value :  3.96570e-04
 Reference value :  4.26570e-04
 Reference value :  4.56570e-04
 Reference value :  4.96570e-04
 Reference value :  5.36570e-04
 Reference value :  5.76570e-04
 Reference value :  6.06570e-04
 Reference value :  6.46570e-04
 Reference value :  6.86570e-04
 Reference value :  7.26570e-04
 Reference value :  7.56570e-04
 Reference value :  7.96570e-04
 Reference value :  8.36570e-04
 Reference value :  8.76570e-04
 Reference value :  9.06570e-04
 Reference value :  9.46570e-04
 Reference value :  9.86570e-04
 Reference value :  1.01657e-03
 Reference value :  1.05657e-03
 Reference value :  1.08657e-03
 Reference value :  1.11657e-03
 Reference value :  1.14657e-03
 Reference value :  1.18657e-03
 Reference value :  1.22657e-03
 Reference value :  1.26657e-03
 Reference value :  1.31657e-03
 Reference value :  1.34657e-03
 Reference value :  1.38657e-03
 Reference value :  1.41657e-03
 Reference value :  1.45657e-03
 Reference value :  1.48657e-03
 Reference value :  1.51657e-03
 Reference value :  1.54657e-03
 Reference value :  1.57657e-03
 Reference value :  1.60657e-03
 Reference value :  1.63657e-03
 Reference value :  1.66657e-03
 Reference value :  1.69657e-03
 Reference value :  1.72657e-03
 Reference value :  1.76657e-03
 Reference value :  1.79657e-03
 Reference value :  1.82657e-03
 Reference value :  1.85657e-03
 Reference value :  1.88657e-03
 Reference value :  1.91657e-03
 Reference value :  1.94657e-03
 Reference value :  1.97657e-03
 Reference value :  2.00657e-03
 Reference value :  2.03657e-03
 Reference value :  2.07657e-03
 Reference value :  2.10657e-03
 Reference value :  2.14657e-03
 Reference value :  2.18657e-03
 Reference value :  2.21657e-03
 Reference value :  2.24657e-03
 Reference value :  2.27657e-03
 Reference value :  2.30657e-03
 Reference value :  2.34657e-03
 Reference value :  2.38657e-03
 Reference value :  2.42657e-03
 Reference value :  2.46657e-03
 Reference value :  2.50657e-03
 Reference value :  2.53657e-03
 Reference value :  2.56657e-03
 Reference value :  2.60657e-03
 Reference value :  2.64657e-03
 Reference value :  2.68657e-03
 Reference value :  2.72657e-03
 Reference value :  2.76657e-03
 Reference value :  2.79657e-03
 Reference value :  2.82657e-03
 Reference value :  2.86657e-03
 Reference value :  2.90657e-03
 Reference value :  2.94657e-03
 Reference value :  2.98657e-03
 Reference value :  3.02657e-03
 Reference value :  3.06657e-03
 Reference value :  3.09657e-03
 Reference value :  3.13657e-03
 Reference value :  3.16657e-03
 Reference value :  3.19657e-03
 Reference value :  3.23657e-03
 Reference value :  3.27657e-03
 Reference value :  3.30657e-03
 Reference value :  3.33657e-03
 Reference value :  3.37657e-03
 Reference value :  3.40657e-03
 Reference value :  3.44657e-03
 Reference value :  3.48657e-03
 Reference value :  3.51657e-03
 Reference value :  3.55657e-03
 Reference value :  3.58657e-03
 Reference value :  3.61657e-03
 Reference value :  3.64657e-03
 Reference value :  3.67657e-03
 Reference value :  3.70657e-03
 Reference value :  3.74657e-03
 Reference value :  3.78657e-03
 Reference value :  3.81657e-03
 Reference value :  3.85657e-03
 Reference value :  3.89657e-03
 Reference value :  3.93657e-03
 Reference value :  3.97657e-03
 Reference value :  4.00657e-03
 Reference value :  4.03657e-03
 Reference value :  4.06657e-03
 Reference value :  4.09657e-03
 Reference value :  4.12657e-03
 Reference value :  4.16657e-03
 Reference value :  4.20657e-03
 Reference value :  4.25657e-03
 Reference value :  4.29657e-03
 Reference value :  4.33657e-03
 Reference value :  4.37657e-03
 Reference value :  4.40657e-03
 Reference value :  4.43657e-03
 Reference value :  4.47657e-03
 Reference value :  4.51657e-03
 Reference value :  4.55657e-03
 Reference value :  4.59657e-03
 Reference value :  4.62657e-03
 Reference value :  4.66657e-03
 Reference value :  4.70657e-03
 Reference value :  4.74657e-03
 Reference value :  4.78657e-03
 Reference value :  4.81657e-03
 Reference value :  4.84657e-03
 Reference value :  4.88657e-03
 Reference value :  4.92657e-03
 Reference value :  4.96657e-03
 Reference value :  5.00657e-03
 Reference value :  5.03657e-03
 Reference value :  5.06657e-03
 Reference value :  5.10657e-03
 Reference value :  5.14657e-03
 Reference value :  5.18657e-03
 Reference value :  5.22657e-03
 Reference value :  5.26657e-03
 Reference value :  5.30657e-03
 Reference value :  5.34657e-03
 Reference value :  5.38657e-03
 Reference value :  5.42657e-03
 Reference value :  5.46657e-03
 Reference value :  5.50657e-03
 Reference value :  5.54657e-03
 Reference value :  5.57657e-03
 Reference value :  5.61657e-03
 Reference value :  5.65657e-03
 Reference value :  5.69657e-03
 Reference value :  5.73657e-03
 Reference value :  5.77657e-03
 Reference value :  5.82657e-03
 Reference value :  5.86657e-03
 Reference value :  5.90657e-03
 Reference value :  5.94657e-03
 Reference value :  5.98657e-03
 Reference value :  6.02657e-03
 Reference value :  6.06657e-03
 Reference value :  6.10657e-03
 Reference value :  6.14657e-03
 Reference value :  6.18657e-03
 Reference value :  6.21657e-03
 Reference value :  6.24657e-03
 Reference value :  6.28657e-03
 Reference value :  6.32657e-03
 Reference value :  6.36657e-03
 Reference value :  6.40657e-03
 Reference value :  6.44657e-03
 Reference value :  6.48657e-03
 Reference value :  6.51657e-03
 Reference value :  6.54657e-03
 Reference value :  6.57657e-03
 Reference value :  6.60657e-03
 Reference value :  6.63657e-03
 Reference value :  6.66657e-03
 Reference value :  6.69657e-03
 Reference value :  6.72657e-03
 Reference value :  6.75657e-03
 Reference value :  6.79657e-03
 Reference value :  6.83657e-03
 Reference value :  6.87657e-03
 Reference value :  6.91657e-03
 Reference value :  6.95657e-03
 Reference value :  6.98657e-03
 Reference value :  7.02657e-03
 Reference value :  7.06657e-03
 Reference value :  7.09657e-03
 Reference value :  7.13657e-03
 Reference value :  7.17657e-03
 Reference value :  7.21657e-03
 Reference value :  7.24657e-03
 Reference value :  7.28657e-03
 Reference value :  7.32657e-03
 Reference value :  7.36657e-03
 Reference value :  7.40657e-03
 Reference value :  7.43657e-03
 Reference value :  7.46657e-03
 Reference value :  7.50657e-03
 Reference value :  7.54657e-03
 Reference value :  7.57657e-03
 Reference value :  7.61657e-03
 Reference value :  7.64657e-03
 Reference value :  7.68657e-03
 Reference value :  7.72657e-03
 Reference value :  7.75657e-03
 Reference value :  7.79657e-03
 Reference value :  7.82657e-03
 Reference value :  7.85657e-03
 Reference value :  7.88657e-03
 Reference value :  7.91657e-03
 Reference value :  7.94657e-03
 Reference value :  7.98657e-03
 Reference value :  8.02657e-03
 Reference value :  8.05657e-03
 Reference value :  8.08657e-03
 Reference value :  8.11657e-03
 Reference value :  8.14657e-03
 Reference value :  8.17657e-03
 Reference value :  8.20657e-03
 Reference value :  8.23657e-03
 Reference value :  8.26657e-03
 Reference value :  8.29657e-03
 Reference value :  8.33657e-03
 Reference value :  8.37657e-03
 Reference value :  8.41657e-03
 Reference value :  8.45657e-03
 Reference value :  8.49657e-03
 Reference value :  8.53657e-03
 Reference value :  8.57657e-03
 Reference value :  8.61657e-03
 Reference value :  8.65657e-03
 Reference value :  8.69657e-03
 Reference value :  8.73657e-03
 Reference value :  8.77657e-03
 Reference value :  8.80657e-03
 Reference value :  8.83657e-03
 Reference value :  8.87657e-03
 Reference value :  8.90657e-03
 Reference value :  8.93657e-03
 Reference value :  8.97657e-03
 Reference value :  9.00657e-03
 Reference value :  9.04657e-03
 Reference value :  9.08657e-03
 Reference value :  9.12657e-03
 Reference value :  9.15657e-03
 Reference value :  9.18657e-03
 Reference value :  9.21657e-03
 Reference value :  9.24657e-03
 Reference value :  9.28657e-03
 Reference value :  9.32657e-03
 Reference value :  9.36657e-03
 Reference value :  9.39657e-03
 Reference value :  9.43657e-03
 Reference value :  9.47657e-03
 Reference value :  9.50657e-03
 Reference value :  9.53657e-03
 Reference value :  9.56657e-03
 Reference value :  9.60657e-03
 Reference value :  9.63657e-03
 Reference value :  9.67657e-03
 Reference value :  9.71657e-03
 Reference value :  9.75657e-03
 Reference value :  9.78657e-03
 Reference value :  9.82657e-03
 Reference value :  9.85657e-03
 Reference value :  9.88657e-03
 Reference value :  9.91657e-03
 Reference value :  9.94657e-03
 Reference value :  9.97657e-03
 Reference value :  1.00000e-02
No. of Data Rows : 1032
meas_vref = 1.245568e+00
meas_vref_settled = 2.709133e-09
meas_ibias = 2.970000e+00
meas_bias_ok = 2.970001e+00
meas_isup = 7.898387e-07
ngspice-46 done

# ==== ngspice stderr ====

