# corner: sf_-40c_3.30v
# process=sf temp=-40C supply=3.30V
# ngspice exit: 0
# wall clock: 94.7s (--timeout was 300s)
# result: PASS

# ==== deck (exact input given to ngspice) ====
| * bias-core-startup corner deck -- generated by sim/bin/corner-run.py, do not edit
| * corner: sf_-40c_3.30v
| .param vsup=3.3
| .param tramp=100u
| .param tstop=10m
| .option wnflag=1
| .temp -40
| .lib "/home/ubuntu/.volare/sky130A/libs.tech/combined/sky130.lib.spice" sf
| ** sch_path: sim/bias-core-startup/testbench/tb_bias_core_startup.sch
| **.subckt tb_bias_core_startup
| V1 VDD 0 PWL(0 0 'tramp' 'vsup' 'tstop' 'vsup')
| .save i(v1)
| XDUT VDD 0 IBIAS VREF BIAS_OK bias_core
| **.ends
| 
| * expanding   symbol:  design/bias_core.sym # of pins=5
| ** sym_path: design/bias_core.sym
| ** sch_path: design/bias_core.sch
| .subckt bias_core VDD VSS IBIAS VREF BIAS_OK
| *.iopin VDD
| *.iopin VSS
| *.opin IBIAS
| *.opin VREF
| *.opin BIAS_OK
| XMP1 NA PG VDD VDD sky130_fd_pr__pfet_g5v0d10v5 L=4 W=8 nf=1 ad=2.32 as=2.32 pd=16.58 ps=16.58 nrd=0.03625 nrs=0.03625 sa=0 sb=0
| + sd=0 mult=1 m=1
| XMP2 NBTOP PG VDD VDD sky130_fd_pr__pfet_g5v0d10v5 L=4 W=8 nf=1 ad=2.32 as=2.32 pd=16.58 ps=16.58 nrd=0.03625 nrs=0.03625 sa=0
| + sb=0 sd=0 mult=1 m=1
| XMP3 VREF PG VDD VDD sky130_fd_pr__pfet_g5v0d10v5 L=4 W=8 nf=1 ad=2.32 as=2.32 pd=16.58 ps=16.58 nrd=0.03625 nrs=0.03625 sa=0 sb=0
| + sd=0 mult=1 m=1
| XMPBN NBG PG VDD VDD sky130_fd_pr__pfet_g5v0d10v5 L=4 W=2 nf=1 ad=0.58 as=0.58 pd=4.58 ps=4.58 nrd=0.145 nrs=0.145 sa=0 sb=0 sd=0
| + mult=1 m=1
| XQ1 VSS VSS NA sky130_fd_pr__pnp_05v5_W3p40L3p40 m=1 mult=1
| XRT NBTOP NB VSS sky130_fd_pr__res_xhigh_po W=2 L=17.5 mult=1 m=1
| XR1 NB EC VSS sky130_fd_pr__res_xhigh_po W=2 L=350.0 mult=1 m=1
| XQ8A VSS VSS EC sky130_fd_pr__pnp_05v5_W3p40L3p40 m=1 mult=1
| XQ8B VSS VSS EC sky130_fd_pr__pnp_05v5_W3p40L3p40 m=1 mult=1
| XQ8C VSS VSS EC sky130_fd_pr__pnp_05v5_W3p40L3p40 m=1 mult=1
| XQ8D VSS VSS EC sky130_fd_pr__pnp_05v5_W3p40L3p40 m=1 mult=1
| XQ8E VSS VSS EC sky130_fd_pr__pnp_05v5_W3p40L3p40 m=1 mult=1
| XQ8F VSS VSS EC sky130_fd_pr__pnp_05v5_W3p40L3p40 m=1 mult=1
| XQ8G VSS VSS EC sky130_fd_pr__pnp_05v5_W3p40L3p40 m=1 mult=1
| XQ8H VSS VSS EC sky130_fd_pr__pnp_05v5_W3p40L3p40 m=1 mult=1
| XR2 VREF ER VSS sky130_fd_pr__res_xhigh_po W=2 L=4104.0 mult=1 m=1
| XQR VSS VSS ER sky130_fd_pr__pnp_05v5_W3p40L3p40 m=1 mult=1
| XMBN NBG NBG VSS VSS sky130_fd_pr__nfet_g5v0d10v5 L=4 W=2 nf=1 ad=0.58 as=0.58 pd=4.58 ps=4.58 nrd=0.145 nrs=0.145 sa=0 sb=0 sd=0
| + mult=1 m=1
| XMBN2 PB NBG VSS VSS sky130_fd_pr__nfet_g5v0d10v5 L=4 W=2 nf=1 ad=0.58 as=0.58 pd=4.58 ps=4.58 nrd=0.145 nrs=0.145 sa=0 sb=0 sd=0
| + mult=1 m=1
| XMBP PB PB VDD VDD sky130_fd_pr__pfet_g5v0d10v5 L=4 W=2 nf=1 ad=0.58 as=0.58 pd=4.58 ps=4.58 nrd=0.145 nrs=0.145 sa=0 sb=0 sd=0
| + mult=1 m=1
| XMPIB IBIAS PB VDD VDD sky130_fd_pr__pfet_g5v0d10v5 L=4 W=40 nf=1 ad=11.6 as=11.6 pd=80.58 ps=80.58 nrd=0.00725 nrs=0.00725 sa=0
| + sb=0 sd=0 mult=1 m=1
| XMPT NT PB VDD VDD sky130_fd_pr__pfet_g5v0d10v5 L=4 W=2 nf=1 ad=0.58 as=0.58 pd=4.58 ps=4.58 nrd=0.145 nrs=0.145 sa=0 sb=0 sd=0
| + mult=1 m=1
| XMI1 N1 NA NT VDD sky130_fd_pr__pfet_g5v0d10v5 L=4 W=16 nf=1 ad=4.64 as=4.64 pd=32.58 ps=32.58 nrd=0.018125 nrs=0.018125 sa=0 sb=0
| + sd=0 mult=1 m=1
| XMI2 N2 NB NT VDD sky130_fd_pr__pfet_g5v0d10v5 L=4 W=16 nf=1 ad=4.64 as=4.64 pd=32.58 ps=32.58 nrd=0.018125 nrs=0.018125 sa=0 sb=0
| + sd=0 mult=1 m=1
| XML1 N1 N1 VSS VSS sky130_fd_pr__nfet_g5v0d10v5 L=8 W=4 nf=1 ad=1.16 as=1.16 pd=8.58 ps=8.58 nrd=0.0725 nrs=0.0725 sa=0 sb=0 sd=0
| + mult=1 m=1
| XML2 N2 N1 VSS VSS sky130_fd_pr__nfet_g5v0d10v5 L=8 W=4 nf=1 ad=1.16 as=1.16 pd=8.58 ps=8.58 nrd=0.0725 nrs=0.0725 sa=0 sb=0 sd=0
| + mult=1 m=1
| XMS2N PG N2 VSS VSS sky130_fd_pr__nfet_g5v0d10v5 L=8 W=8 nf=1 ad=2.32 as=2.32 pd=16.58 ps=16.58 nrd=0.03625 nrs=0.03625 sa=0 sb=0
| + sd=0 mult=1 m=1
| XMS2P PG PB VDD VDD sky130_fd_pr__pfet_g5v0d10v5 L=4 W=2 nf=1 ad=0.58 as=0.58 pd=4.58 ps=4.58 nrd=0.145 nrs=0.145 sa=0 sb=0 sd=0
| + mult=1 m=1
| XCC PG NZ sky130_fd_pr__cap_mim_m3_1 W=20 L=20 MF=1 m=1
| XRZ NZ N2 VSS sky130_fd_pr__res_xhigh_po W=2 L=1016.0 mult=1 m=1
| XKS0 VDD VDD KS1 VSS sky130_fd_pr__nfet_g5v0d10v5 L=8 W=1 nf=1 ad=0.29 as=0.29 pd=2.58 ps=2.58 nrd=0.29 nrs=0.29 sa=0 sb=0 sd=0
| + mult=1 m=1
| XKS1 KS1 KS1 KS2 VSS sky130_fd_pr__nfet_g5v0d10v5 L=8 W=1 nf=1 ad=0.29 as=0.29 pd=2.58 ps=2.58 nrd=0.29 nrs=0.29 sa=0 sb=0 sd=0
| + mult=1 m=1
| XKS2 KS2 KS2 KS3 VSS sky130_fd_pr__nfet_g5v0d10v5 L=8 W=1 nf=1 ad=0.29 as=0.29 pd=2.58 ps=2.58 nrd=0.29 nrs=0.29 sa=0 sb=0 sd=0
| + mult=1 m=1
| XKS3 KS3 KS3 KS4 VSS sky130_fd_pr__nfet_g5v0d10v5 L=8 W=1 nf=1 ad=0.29 as=0.29 pd=2.58 ps=2.58 nrd=0.29 nrs=0.29 sa=0 sb=0 sd=0
| + mult=1 m=1
| XKS4 KS4 KS4 NKG VSS sky130_fd_pr__nfet_g5v0d10v5 L=8 W=1 nf=1 ad=0.29 as=0.29 pd=2.58 ps=2.58 nrd=0.29 nrs=0.29 sa=0 sb=0 sd=0
| + mult=1 m=1
| XKA NKM PB VDD VDD sky130_fd_pr__pfet_g5v0d10v5 L=4 W=1 nf=1 ad=0.29 as=0.29 pd=2.58 ps=2.58 nrd=0.29 nrs=0.29 sa=0 sb=0 sd=0
| + mult=1 m=1
| XKAN NKM NKM VSS VSS sky130_fd_pr__nfet_g5v0d10v5 L=4 W=2 nf=1 ad=0.58 as=0.58 pd=4.58 ps=4.58 nrd=0.145 nrs=0.145 sa=0 sb=0 sd=0
| + mult=1 m=1
| XKPD NKG NKM VSS VSS sky130_fd_pr__nfet_g5v0d10v5 L=4 W=8 nf=1 ad=2.32 as=2.32 pd=16.58 ps=16.58 nrd=0.03625 nrs=0.03625 sa=0 sb=0
| + sd=0 mult=1 m=1
| XKICK PG NKG VSS VSS sky130_fd_pr__nfet_g5v0d10v5 L=4 W=1 nf=1 ad=0.29 as=0.29 pd=2.58 ps=2.58 nrd=0.29 nrs=0.29 sa=0 sb=0 sd=0
| + mult=1 m=1
| XMPOK TOK PB VDD VDD sky130_fd_pr__pfet_g5v0d10v5 L=4 W=1 nf=1 ad=0.29 as=0.29 pd=2.58 ps=2.58 nrd=0.29 nrs=0.29 sa=0 sb=0 sd=0
| + mult=1 m=1
| XMOKA NOKO NA TOK VDD sky130_fd_pr__pfet_g5v0d10v5 L=4 W=8 nf=1 ad=2.32 as=2.32 pd=16.58 ps=16.58 nrd=0.03625 nrs=0.03625 sa=0
| + sb=0 sd=0 mult=1 m=1
| XMOKB NOKL NBTOP TOK VDD sky130_fd_pr__pfet_g5v0d10v5 L=4 W=8 nf=1 ad=2.32 as=2.32 pd=16.58 ps=16.58 nrd=0.03625 nrs=0.03625 sa=0
| + sb=0 sd=0 mult=1 m=1
| XMOL1 NOKL NOKL VSS VSS sky130_fd_pr__nfet_g5v0d10v5 L=4 W=2 nf=1 ad=0.58 as=0.58 pd=4.58 ps=4.58 nrd=0.145 nrs=0.145 sa=0 sb=0
| + sd=0 mult=1 m=1
| XMOL2 NOKO NOKL VSS VSS sky130_fd_pr__nfet_g5v0d10v5 L=4 W=2 nf=1 ad=0.58 as=0.58 pd=4.58 ps=4.58 nrd=0.145 nrs=0.145 sa=0 sb=0
| + sd=0 mult=1 m=1
| XMOKC NOKO NKG VSS VSS sky130_fd_pr__nfet_g5v0d10v5 L=1 W=2 nf=1 ad=0.58 as=0.58 pd=4.58 ps=4.58 nrd=0.145 nrs=0.145 sa=0 sb=0
| + sd=0 mult=1 m=1
| XMOK2 NOKX NOKO VSS VSS sky130_fd_pr__nfet_g5v0d10v5 L=4 W=2 nf=1 ad=0.58 as=0.58 pd=4.58 ps=4.58 nrd=0.145 nrs=0.145 sa=0 sb=0
| + sd=0 mult=1 m=1
| XMOK2P NOKX PB VDD VDD sky130_fd_pr__pfet_g5v0d10v5 L=4 W=1 nf=1 ad=0.29 as=0.29 pd=2.58 ps=2.58 nrd=0.29 nrs=0.29 sa=0 sb=0 sd=0
| + mult=1 m=1
| XCOK VDD NOKX sky130_fd_pr__cap_mim_m3_1 W=6 L=6 MF=1 m=1
| XMO1P BIAS_OK NOKX VDD VDD sky130_fd_pr__pfet_g5v0d10v5 L=4 W=1 nf=1 ad=0.29 as=0.29 pd=2.58 ps=2.58 nrd=0.29 nrs=0.29 sa=0 sb=0
| + sd=0 mult=1 m=1
| XMO1N BIAS_OK NOKX VSS VSS sky130_fd_pr__nfet_g5v0d10v5 L=0.5 W=4 nf=1 ad=1.16 as=1.16 pd=8.58 ps=8.58 nrd=0.0725 nrs=0.0725 sa=0
| + sb=0 sd=0 mult=1 m=1
| .ends
| 
| .control
| save all
| tran 10u 10m uic
| let nlast = length(v(vref))-1
| let meas_vref = v(vref)[nlast]
| let meas_vref_settled = abs(v(vref)[nlast] - v(vref)[nlast-100])
| let meas_ibias = v(ibias)[nlast]
| let meas_bias_ok = v(bias_ok)[nlast]
| let meas_isup = -i(v1)[nlast]
| print meas_vref
| print meas_vref_settled
| print meas_ibias
| print meas_bias_ok
| print meas_isup
| quit
| .endc
| .end

# ==== ngspice stdout ====

Note: Compatibility modes selected: hs a


Circuit: * bias-core-startup corner deck -- generated by sim/bin/corner-run.py, do not edit

option SCALE: Scale is set to 1e-06 for instance and model parameters
option SCALE: Scale is set to 1e-06 for instance and model parameters
option SCALE: Scale is set to 1e-06 for instance and model parameters
option SCALE: Scale is set to 1e-06 for instance and model parameters
Doing analysis at TEMP = -40.000000 and TNOM = 27.000000

Using KLU as Direct Linear Solver
Operating point simulation skipped by 'uic',
  now using transient initial conditions.
 Reference value :  1.00000e-07
 Reference value :  8.00000e-07
 Reference value :  6.40000e-06
 Reference value :  1.19200e-05
 Reference value :  1.96000e-05
 Reference value :  3.30213e-05
 Reference value :  5.30213e-05
 Reference value :  6.30213e-05
 Reference value :  6.35077e-05
 Reference value :  6.44806e-05
 Reference value :  6.55473e-05
 Reference value :  6.63964e-05
 Reference value :  6.74536e-05
 Reference value :  6.84341e-05
 Reference value :  6.91460e-05
 Reference value :  7.07064e-05
 Reference value :  7.18692e-05
 Reference value :  7.29478e-05
 Reference value :  7.55693e-05
 Reference value :  8.54528e-05
 Reference value :  1.01000e-04
 Reference value :  1.07000e-04
 Reference value :  1.32634e-04
 Reference value :  1.72634e-04
 Reference value :  2.12634e-04
 Reference value :  2.42634e-04
 Reference value :  2.82634e-04
 Reference value :  3.12634e-04
 Reference value :  3.52634e-04
 Reference value :  3.92634e-04
 Reference value :  4.22634e-04
 Reference value :  4.62634e-04
 Reference value :  5.02634e-04
 Reference value :  5.42634e-04
 Reference value :  5.72634e-04
 Reference value :  6.12634e-04
 Reference value :  6.52634e-04
 Reference value :  6.82634e-04
 Reference value :  7.22634e-04
 Reference value :  7.62634e-04
 Reference value :  8.02634e-04
 Reference value :  8.42634e-04
 Reference value :  8.82634e-04
 Reference value :  9.22634e-04
 Reference value :  9.62634e-04
 Reference value :  1.00263e-03
 Reference value :  1.04263e-03
 Reference value :  1.08263e-03
 Reference value :  1.12263e-03
 Reference value :  1.16263e-03
 Reference value :  1.20263e-03
 Reference value :  1.23263e-03
 Reference value :  1.26263e-03
 Reference value :  1.29263e-03
 Reference value :  1.33263e-03
 Reference value :  1.37263e-03
 Reference value :  1.40263e-03
 Reference value :  1.43263e-03
 Reference value :  1.46263e-03
 Reference value :  1.49263e-03
 Reference value :  1.53263e-03
 Reference value :  1.56263e-03
 Reference value :  1.59263e-03
 Reference value :  1.62263e-03
 Reference value :  1.66263e-03
 Reference value :  1.70263e-03
 Reference value :  1.74263e-03
 Reference value :  1.78263e-03
 Reference value :  1.82263e-03
 Reference value :  1.86263e-03
 Reference value :  1.90263e-03
 Reference value :  1.94263e-03
 Reference value :  1.98263e-03
 Reference value :  2.02263e-03
 Reference value :  2.06263e-03
 Reference value :  2.10263e-03
 Reference value :  2.14263e-03
 Reference value :  2.18263e-03
 Reference value :  2.21263e-03
 Reference value :  2.24263e-03
 Reference value :  2.27263e-03
 Reference value :  2.30263e-03
 Reference value :  2.33263e-03
 Reference value :  2.36263e-03
 Reference value :  2.39263e-03
 Reference value :  2.43263e-03
 Reference value :  2.47263e-03
 Reference value :  2.50263e-03
 Reference value :  2.53263e-03
 Reference value :  2.56263e-03
 Reference value :  2.60263e-03
 Reference value :  2.64263e-03
 Reference value :  2.68263e-03
 Reference value :  2.72263e-03
 Reference value :  2.76263e-03
 Reference value :  2.80263e-03
 Reference value :  2.84263e-03
 Reference value :  2.88263e-03
 Reference value :  2.92263e-03
 Reference value :  2.95263e-03
 Reference value :  2.98263e-03
 Reference value :  3.01263e-03
 Reference value :  3.04263e-03
 Reference value :  3.07263e-03
 Reference value :  3.10263e-03
 Reference value :  3.14263e-03
 Reference value :  3.18263e-03
 Reference value :  3.21263e-03
 Reference value :  3.24263e-03
 Reference value :  3.28263e-03
 Reference value :  3.32263e-03
 Reference value :  3.36263e-03
 Reference value :  3.40263e-03
 Reference value :  3.44263e-03
 Reference value :  3.47263e-03
 Reference value :  3.50263e-03
 Reference value :  3.53263e-03
 Reference value :  3.57263e-03
 Reference value :  3.60263e-03
 Reference value :  3.63263e-03
 Reference value :  3.66263e-03
 Reference value :  3.70263e-03
 Reference value :  3.73263e-03
 Reference value :  3.76263e-03
 Reference value :  3.79263e-03
 Reference value :  3.82263e-03
 Reference value :  3.86263e-03
 Reference value :  3.89263e-03
 Reference value :  3.93263e-03
 Reference value :  3.96263e-03
 Reference value :  4.00263e-03
 Reference value :  4.04263e-03
 Reference value :  4.08263e-03
 Reference value :  4.11263e-03
 Reference value :  4.15263e-03
 Reference value :  4.18263e-03
 Reference value :  4.22263e-03
 Reference value :  4.26263e-03
 Reference value :  4.29263e-03
 Reference value :  4.32263e-03
 Reference value :  4.35263e-03
 Reference value :  4.38263e-03
 Reference value :  4.42263e-03
 Reference value :  4.45263e-03
 Reference value :  4.48263e-03
 Reference value :  4.52263e-03
 Reference value :  4.55263e-03
 Reference value :  4.58263e-03
 Reference value :  4.61263e-03
 Reference value :  4.64263e-03
 Reference value :  4.67263e-03
 Reference value :  4.70263e-03
 Reference value :  4.73263e-03
 Reference value :  4.76263e-03
 Reference value :  4.80263e-03
 Reference value :  4.84263e-03
 Reference value :  4.89263e-03
 Reference value :  4.92263e-03
 Reference value :  4.96263e-03
 Reference value :  5.00263e-03
 Reference value :  5.05263e-03
 Reference value :  5.09263e-03
 Reference value :  5.13263e-03
 Reference value :  5.17263e-03
 Reference value :  5.21263e-03
 Reference value :  5.24263e-03
 Reference value :  5.27263e-03
 Reference value :  5.30263e-03
 Reference value :  5.33263e-03
 Reference value :  5.36263e-03
 Reference value :  5.39263e-03
 Reference value :  5.42263e-03
 Reference value :  5.46263e-03
 Reference value :  5.49263e-03
 Reference value :  5.52263e-03
 Reference value :  5.56263e-03
 Reference value :  5.60263e-03
 Reference value :  5.64263e-03
 Reference value :  5.68263e-03
 Reference value :  5.72263e-03
 Reference value :  5.76263e-03
 Reference value :  5.79263e-03
 Reference value :  5.83263e-03
 Reference value :  5.87263e-03
 Reference value :  5.90263e-03
 Reference value :  5.94263e-03
 Reference value :  5.97263e-03
 Reference value :  6.00263e-03
 Reference value :  6.03263e-03
 Reference value :  6.07263e-03
 Reference value :  6.11263e-03
 Reference value :  6.15263e-03
 Reference value :  6.19263e-03
 Reference value :  6.23263e-03
 Reference value :  6.26263e-03
 Reference value :  6.29263e-03
 Reference value :  6.32263e-03
 Reference value :  6.35263e-03
 Reference value :  6.38263e-03
 Reference value :  6.41263e-03
 Reference value :  6.44263e-03
 Reference value :  6.47263e-03
 Reference value :  6.50263e-03
 Reference value :  6.54263e-03
 Reference value :  6.57263e-03
 Reference value :  6.61263e-03
 Reference value :  6.64263e-03
 Reference value :  6.67263e-03
 Reference value :  6.70263e-03
 Reference value :  6.73263e-03
 Reference value :  6.77263e-03
 Reference value :  6.80263e-03
 Reference value :  6.83263e-03
 Reference value :  6.87263e-03
 Reference value :  6.90263e-03
 Reference value :  6.94263e-03
 Reference value :  6.97263e-03
 Reference value :  7.00263e-03
 Reference value :  7.03263e-03
 Reference value :  7.06263e-03
 Reference value :  7.09263e-03
 Reference value :  7.13263e-03
 Reference value :  7.17263e-03
 Reference value :  7.21263e-03
 Reference value :  7.24263e-03
 Reference value :  7.28263e-03
 Reference value :  7.31263e-03
 Reference value :  7.34263e-03
 Reference value :  7.38263e-03
 Reference value :  7.42263e-03
 Reference value :  7.46263e-03
 Reference value :  7.49263e-03
 Reference value :  7.52263e-03
 Reference value :  7.55263e-03
 Reference value :  7.58263e-03
 Reference value :  7.62263e-03
 Reference value :  7.65263e-03
 Reference value :  7.69263e-03
 Reference value :  7.72263e-03
 Reference value :  7.76263e-03
 Reference value :  7.79263e-03
 Reference value :  7.82263e-03
 Reference value :  7.86263e-03
 Reference value :  7.89263e-03
 Reference value :  7.93263e-03
 Reference value :  7.96263e-03
 Reference value :  7.99263e-03
 Reference value :  8.02263e-03
 Reference value :  8.05263e-03
 Reference value :  8.08263e-03
 Reference value :  8.12263e-03
 Reference value :  8.16263e-03
 Reference value :  8.19263e-03
 Reference value :  8.22263e-03
 Reference value :  8.25263e-03
 Reference value :  8.28263e-03
 Reference value :  8.32263e-03
 Reference value :  8.36263e-03
 Reference value :  8.39263e-03
 Reference value :  8.42263e-03
 Reference value :  8.45263e-03
 Reference value :  8.48263e-03
 Reference value :  8.52263e-03
 Reference value :  8.55263e-03
 Reference value :  8.58263e-03
 Reference value :  8.61263e-03
 Reference value :  8.64263e-03
 Reference value :  8.67263e-03
 Reference value :  8.70263e-03
 Reference value :  8.73263e-03
 Reference value :  8.77263e-03
 Reference value :  8.80263e-03
 Reference value :  8.83263e-03
 Reference value :  8.86263e-03
 Reference value :  8.89263e-03
 Reference value :  8.92263e-03
 Reference value :  8.96263e-03
 Reference value :  9.00263e-03
 Reference value :  9.03263e-03
 Reference value :  9.06263e-03
 Reference value :  9.09263e-03
 Reference value :  9.12263e-03
 Reference value :  9.15263e-03
 Reference value :  9.19263e-03
 Reference value :  9.22263e-03
 Reference value :  9.26263e-03
 Reference value :  9.30263e-03
 Reference value :  9.34263e-03
 Reference value :  9.38263e-03
 Reference value :  9.41263e-03
 Reference value :  9.45263e-03
 Reference value :  9.48263e-03
 Reference value :  9.51263e-03
 Reference value :  9.54263e-03
 Reference value :  9.57263e-03
 Reference value :  9.60263e-03
 Reference value :  9.63263e-03
 Reference value :  9.67263e-03
 Reference value :  9.71263e-03
 Reference value :  9.74263e-03
 Reference value :  9.77263e-03
 Reference value :  9.80263e-03
 Reference value :  9.84263e-03
 Reference value :  9.87263e-03
 Reference value :  9.90263e-03
 Reference value :  9.93263e-03
 Reference value :  9.96263e-03
 Reference value :  1.00000e-02
No. of Data Rows : 1028
meas_vref = 1.245705e+00
meas_vref_settled = 1.497766e-10
meas_ibias = 3.300000e+00
meas_bias_ok = 3.299999e+00
meas_isup = 7.938110e-07
ngspice-46 done

# ==== ngspice stderr ====

