# corner: sf_125c_3.63v
# process=sf temp=125C supply=3.63V
# ngspice exit: 0
# wall clock: 102.6s (--timeout was 300s)
# result: FAIL

# ==== deck (exact input given to ngspice) ====
| * bias-core-startup corner deck -- generated by sim/bin/corner-run.py, do not edit
| * corner: sf_125c_3.63v
| .param vsup=3.63
| .param tramp=100u
| .param tstop=10m
| .option wnflag=1
| .temp 125
| .lib "/home/ubuntu/.volare/sky130A/libs.tech/combined/sky130.lib.spice" sf
| ** sch_path: sim/bias-core-startup/testbench/tb_bias_core_startup.sch
| **.subckt tb_bias_core_startup
| V1 VDD 0 PWL(0 0 'tramp' 'vsup' 'tstop' 'vsup')
| .save i(v1)
| XDUT VDD 0 IBIAS VREF BIAS_OK bias_core
| **.ends
| 
| * expanding   symbol:  design/bias_core.sym # of pins=5
| ** sym_path: design/bias_core.sym
| ** sch_path: design/bias_core.sch
| .subckt bias_core VDD VSS IBIAS VREF BIAS_OK
| *.iopin VDD
| *.iopin VSS
| *.opin IBIAS
| *.opin VREF
| *.opin BIAS_OK
| XMP1 NA PG VDD VDD sky130_fd_pr__pfet_g5v0d10v5 L=4 W=8 nf=1 ad=2.32 as=2.32 pd=16.58 ps=16.58 nrd=0.03625 nrs=0.03625 sa=0 sb=0
| + sd=0 mult=1 m=1
| XMP2 NBTOP PG VDD VDD sky130_fd_pr__pfet_g5v0d10v5 L=4 W=8 nf=1 ad=2.32 as=2.32 pd=16.58 ps=16.58 nrd=0.03625 nrs=0.03625 sa=0
| + sb=0 sd=0 mult=1 m=1
| XMP3 VREF PG VDD VDD sky130_fd_pr__pfet_g5v0d10v5 L=4 W=8 nf=1 ad=2.32 as=2.32 pd=16.58 ps=16.58 nrd=0.03625 nrs=0.03625 sa=0 sb=0
| + sd=0 mult=1 m=1
| XMPBN NBG PG VDD VDD sky130_fd_pr__pfet_g5v0d10v5 L=4 W=2 nf=1 ad=0.58 as=0.58 pd=4.58 ps=4.58 nrd=0.145 nrs=0.145 sa=0 sb=0 sd=0
| + mult=1 m=1
| XQ1 VSS VSS NA sky130_fd_pr__pnp_05v5_W3p40L3p40 m=1 mult=1
| XRT NBTOP NB VSS sky130_fd_pr__res_xhigh_po W=2 L=17.5 mult=1 m=1
| XR1 NB EC VSS sky130_fd_pr__res_xhigh_po W=2 L=350.0 mult=1 m=1
| XQ8A VSS VSS EC sky130_fd_pr__pnp_05v5_W3p40L3p40 m=1 mult=1
| XQ8B VSS VSS EC sky130_fd_pr__pnp_05v5_W3p40L3p40 m=1 mult=1
| XQ8C VSS VSS EC sky130_fd_pr__pnp_05v5_W3p40L3p40 m=1 mult=1
| XQ8D VSS VSS EC sky130_fd_pr__pnp_05v5_W3p40L3p40 m=1 mult=1
| XQ8E VSS VSS EC sky130_fd_pr__pnp_05v5_W3p40L3p40 m=1 mult=1
| XQ8F VSS VSS EC sky130_fd_pr__pnp_05v5_W3p40L3p40 m=1 mult=1
| XQ8G VSS VSS EC sky130_fd_pr__pnp_05v5_W3p40L3p40 m=1 mult=1
| XQ8H VSS VSS EC sky130_fd_pr__pnp_05v5_W3p40L3p40 m=1 mult=1
| XR2 VREF ER VSS sky130_fd_pr__res_xhigh_po W=2 L=4104.0 mult=1 m=1
| XQR VSS VSS ER sky130_fd_pr__pnp_05v5_W3p40L3p40 m=1 mult=1
| XMBN NBG NBG VSS VSS sky130_fd_pr__nfet_g5v0d10v5 L=4 W=2 nf=1 ad=0.58 as=0.58 pd=4.58 ps=4.58 nrd=0.145 nrs=0.145 sa=0 sb=0 sd=0
| + mult=1 m=1
| XMBN2 PB NBG VSS VSS sky130_fd_pr__nfet_g5v0d10v5 L=4 W=2 nf=1 ad=0.58 as=0.58 pd=4.58 ps=4.58 nrd=0.145 nrs=0.145 sa=0 sb=0 sd=0
| + mult=1 m=1
| XMBP PB PB VDD VDD sky130_fd_pr__pfet_g5v0d10v5 L=4 W=2 nf=1 ad=0.58 as=0.58 pd=4.58 ps=4.58 nrd=0.145 nrs=0.145 sa=0 sb=0 sd=0
| + mult=1 m=1
| XMPIB IBIAS PB VDD VDD sky130_fd_pr__pfet_g5v0d10v5 L=4 W=40 nf=1 ad=11.6 as=11.6 pd=80.58 ps=80.58 nrd=0.00725 nrs=0.00725 sa=0
| + sb=0 sd=0 mult=1 m=1
| XMPT NT PB VDD VDD sky130_fd_pr__pfet_g5v0d10v5 L=4 W=2 nf=1 ad=0.58 as=0.58 pd=4.58 ps=4.58 nrd=0.145 nrs=0.145 sa=0 sb=0 sd=0
| + mult=1 m=1
| XMI1 N1 NA NT VDD sky130_fd_pr__pfet_g5v0d10v5 L=4 W=16 nf=1 ad=4.64 as=4.64 pd=32.58 ps=32.58 nrd=0.018125 nrs=0.018125 sa=0 sb=0
| + sd=0 mult=1 m=1
| XMI2 N2 NB NT VDD sky130_fd_pr__pfet_g5v0d10v5 L=4 W=16 nf=1 ad=4.64 as=4.64 pd=32.58 ps=32.58 nrd=0.018125 nrs=0.018125 sa=0 sb=0
| + sd=0 mult=1 m=1
| XML1 N1 N1 VSS VSS sky130_fd_pr__nfet_g5v0d10v5 L=8 W=4 nf=1 ad=1.16 as=1.16 pd=8.58 ps=8.58 nrd=0.0725 nrs=0.0725 sa=0 sb=0 sd=0
| + mult=1 m=1
| XML2 N2 N1 VSS VSS sky130_fd_pr__nfet_g5v0d10v5 L=8 W=4 nf=1 ad=1.16 as=1.16 pd=8.58 ps=8.58 nrd=0.0725 nrs=0.0725 sa=0 sb=0 sd=0
| + mult=1 m=1
| XMS2N PG N2 VSS VSS sky130_fd_pr__nfet_g5v0d10v5 L=8 W=8 nf=1 ad=2.32 as=2.32 pd=16.58 ps=16.58 nrd=0.03625 nrs=0.03625 sa=0 sb=0
| + sd=0 mult=1 m=1
| XMS2P PG PB VDD VDD sky130_fd_pr__pfet_g5v0d10v5 L=4 W=2 nf=1 ad=0.58 as=0.58 pd=4.58 ps=4.58 nrd=0.145 nrs=0.145 sa=0 sb=0 sd=0
| + mult=1 m=1
| XCC PG NZ sky130_fd_pr__cap_mim_m3_1 W=20 L=20 MF=1 m=1
| XRZ NZ N2 VSS sky130_fd_pr__res_xhigh_po W=2 L=1016.0 mult=1 m=1
| XKS0 VDD VDD KS1 VSS sky130_fd_pr__nfet_g5v0d10v5 L=8 W=1 nf=1 ad=0.29 as=0.29 pd=2.58 ps=2.58 nrd=0.29 nrs=0.29 sa=0 sb=0 sd=0
| + mult=1 m=1
| XKS1 KS1 KS1 KS2 VSS sky130_fd_pr__nfet_g5v0d10v5 L=8 W=1 nf=1 ad=0.29 as=0.29 pd=2.58 ps=2.58 nrd=0.29 nrs=0.29 sa=0 sb=0 sd=0
| + mult=1 m=1
| XKS2 KS2 KS2 KS3 VSS sky130_fd_pr__nfet_g5v0d10v5 L=8 W=1 nf=1 ad=0.29 as=0.29 pd=2.58 ps=2.58 nrd=0.29 nrs=0.29 sa=0 sb=0 sd=0
| + mult=1 m=1
| XKS3 KS3 KS3 KS4 VSS sky130_fd_pr__nfet_g5v0d10v5 L=8 W=1 nf=1 ad=0.29 as=0.29 pd=2.58 ps=2.58 nrd=0.29 nrs=0.29 sa=0 sb=0 sd=0
| + mult=1 m=1
| XKS4 KS4 KS4 NKG VSS sky130_fd_pr__nfet_g5v0d10v5 L=8 W=1 nf=1 ad=0.29 as=0.29 pd=2.58 ps=2.58 nrd=0.29 nrs=0.29 sa=0 sb=0 sd=0
| + mult=1 m=1
| XKA NKM PB VDD VDD sky130_fd_pr__pfet_g5v0d10v5 L=4 W=1 nf=1 ad=0.29 as=0.29 pd=2.58 ps=2.58 nrd=0.29 nrs=0.29 sa=0 sb=0 sd=0
| + mult=1 m=1
| XKAN NKM NKM VSS VSS sky130_fd_pr__nfet_g5v0d10v5 L=4 W=2 nf=1 ad=0.58 as=0.58 pd=4.58 ps=4.58 nrd=0.145 nrs=0.145 sa=0 sb=0 sd=0
| + mult=1 m=1
| XKPD NKG NKM VSS VSS sky130_fd_pr__nfet_g5v0d10v5 L=4 W=8 nf=1 ad=2.32 as=2.32 pd=16.58 ps=16.58 nrd=0.03625 nrs=0.03625 sa=0 sb=0
| + sd=0 mult=1 m=1
| XKICK PG NKG VSS VSS sky130_fd_pr__nfet_g5v0d10v5 L=4 W=1 nf=1 ad=0.29 as=0.29 pd=2.58 ps=2.58 nrd=0.29 nrs=0.29 sa=0 sb=0 sd=0
| + mult=1 m=1
| XMPOK TOK PB VDD VDD sky130_fd_pr__pfet_g5v0d10v5 L=4 W=1 nf=1 ad=0.29 as=0.29 pd=2.58 ps=2.58 nrd=0.29 nrs=0.29 sa=0 sb=0 sd=0
| + mult=1 m=1
| XMOKA NOKO NA TOK VDD sky130_fd_pr__pfet_g5v0d10v5 L=4 W=8 nf=1 ad=2.32 as=2.32 pd=16.58 ps=16.58 nrd=0.03625 nrs=0.03625 sa=0
| + sb=0 sd=0 mult=1 m=1
| XMOKB NOKL NBTOP TOK VDD sky130_fd_pr__pfet_g5v0d10v5 L=4 W=8 nf=1 ad=2.32 as=2.32 pd=16.58 ps=16.58 nrd=0.03625 nrs=0.03625 sa=0
| + sb=0 sd=0 mult=1 m=1
| XMOL1 NOKL NOKL VSS VSS sky130_fd_pr__nfet_g5v0d10v5 L=4 W=2 nf=1 ad=0.58 as=0.58 pd=4.58 ps=4.58 nrd=0.145 nrs=0.145 sa=0 sb=0
| + sd=0 mult=1 m=1
| XMOL2 NOKO NOKL VSS VSS sky130_fd_pr__nfet_g5v0d10v5 L=4 W=2 nf=1 ad=0.58 as=0.58 pd=4.58 ps=4.58 nrd=0.145 nrs=0.145 sa=0 sb=0
| + sd=0 mult=1 m=1
| XMOKC NOKO NKG VSS VSS sky130_fd_pr__nfet_g5v0d10v5 L=1 W=2 nf=1 ad=0.58 as=0.58 pd=4.58 ps=4.58 nrd=0.145 nrs=0.145 sa=0 sb=0
| + sd=0 mult=1 m=1
| XMOK2 NOKX NOKO VSS VSS sky130_fd_pr__nfet_g5v0d10v5 L=4 W=2 nf=1 ad=0.58 as=0.58 pd=4.58 ps=4.58 nrd=0.145 nrs=0.145 sa=0 sb=0
| + sd=0 mult=1 m=1
| XMOK2P NOKX PB VDD VDD sky130_fd_pr__pfet_g5v0d10v5 L=4 W=1 nf=1 ad=0.29 as=0.29 pd=2.58 ps=2.58 nrd=0.29 nrs=0.29 sa=0 sb=0 sd=0
| + mult=1 m=1
| XCOK VDD NOKX sky130_fd_pr__cap_mim_m3_1 W=6 L=6 MF=1 m=1
| XMO1P BIAS_OK NOKX VDD VDD sky130_fd_pr__pfet_g5v0d10v5 L=4 W=1 nf=1 ad=0.29 as=0.29 pd=2.58 ps=2.58 nrd=0.29 nrs=0.29 sa=0 sb=0
| + sd=0 mult=1 m=1
| XMO1N BIAS_OK NOKX VSS VSS sky130_fd_pr__nfet_g5v0d10v5 L=0.5 W=4 nf=1 ad=1.16 as=1.16 pd=8.58 ps=8.58 nrd=0.0725 nrs=0.0725 sa=0
| + sb=0 sd=0 mult=1 m=1
| .ends
| 
| .control
| save all
| tran 10u 10m uic
| let nlast = length(v(vref))-1
| let meas_vref = v(vref)[nlast]
| let meas_vref_settled = abs(v(vref)[nlast] - v(vref)[nlast-100])
| let meas_ibias = v(ibias)[nlast]
| let meas_bias_ok = v(bias_ok)[nlast]
| let meas_isup = -i(v1)[nlast]
| print meas_vref
| print meas_vref_settled
| print meas_ibias
| print meas_bias_ok
| print meas_isup
| quit
| .endc
| .end

# ==== ngspice stdout ====

Note: Compatibility modes selected: hs a


Circuit: * bias-core-startup corner deck -- generated by sim/bin/corner-run.py, do not edit

option SCALE: Scale is set to 1e-06 for instance and model parameters
option SCALE: Scale is set to 1e-06 for instance and model parameters
option SCALE: Scale is set to 1e-06 for instance and model parameters
option SCALE: Scale is set to 1e-06 for instance and model parameters
Doing analysis at TEMP = 125.000000 and TNOM = 27.000000

Using KLU as Direct Linear Solver
Operating point simulation skipped by 'uic',
  now using transient initial conditions.
 Reference value :  1.00000e-07
 Reference value :  8.00000e-07
 Reference value :  6.40000e-06
 Reference value :  1.06400e-05
 Reference value :  1.44800e-05
 Reference value :  2.69643e-05
 Reference value :  3.42269e-05
 Reference value :  4.15363e-05
 Reference value :  4.71622e-05
 Reference value :  5.16968e-05
 Reference value :  5.51684e-05
 Reference value :  5.68546e-05
 Reference value :  5.88024e-05
 Reference value :  6.32498e-05
 Reference value :  7.14106e-05
 Reference value :  8.88659e-05
 Reference value :  1.00000e-04
 Reference value :  1.07000e-04
 Reference value :  1.27744e-04
 Reference value :  1.57744e-04
 Reference value :  1.87744e-04
 Reference value :  2.27744e-04
 Reference value :  2.67744e-04
 Reference value :  3.07744e-04
 Reference value :  3.47744e-04
 Reference value :  3.87744e-04
 Reference value :  4.27744e-04
 Reference value :  4.57744e-04
 Reference value :  4.97744e-04
 Reference value :  5.37744e-04
 Reference value :  5.77744e-04
 Reference value :  6.17744e-04
 Reference value :  6.57744e-04
 Reference value :  6.97744e-04
 Reference value :  7.27744e-04
 Reference value :  7.57744e-04
 Reference value :  7.87744e-04
 Reference value :  8.27744e-04
 Reference value :  8.67744e-04
 Reference value :  9.07744e-04
 Reference value :  9.47744e-04
 Reference value :  9.77744e-04
 Reference value :  1.01774e-03
 Reference value :  1.04774e-03
 Reference value :  1.08774e-03
 Reference value :  1.12774e-03
 Reference value :  1.16774e-03
 Reference value :  1.20774e-03
 Reference value :  1.23774e-03
 Reference value :  1.26774e-03
 Reference value :  1.30774e-03
 Reference value :  1.34774e-03
 Reference value :  1.37774e-03
 Reference value :  1.41774e-03
 Reference value :  1.45774e-03
 Reference value :  1.47774e-03
 Reference value :  1.49774e-03
 Reference value :  1.52774e-03
 Reference value :  1.54774e-03
 Reference value :  1.57774e-03
 Reference value :  1.60774e-03
 Reference value :  1.63774e-03
 Reference value :  1.66774e-03
 Reference value :  1.69774e-03
 Reference value :  1.72774e-03
 Reference value :  1.75774e-03
 Reference value :  1.79774e-03
 Reference value :  1.83774e-03
 Reference value :  1.87774e-03
 Reference value :  1.91774e-03
 Reference value :  1.95774e-03
 Reference value :  1.99774e-03
 Reference value :  2.03774e-03
 Reference value :  2.07774e-03
 Reference value :  2.11774e-03
 Reference value :  2.15774e-03
 Reference value :  2.19774e-03
 Reference value :  2.22774e-03
 Reference value :  2.25774e-03
 Reference value :  2.28774e-03
 Reference value :  2.31774e-03
 Reference value :  2.34774e-03
 Reference value :  2.37774e-03
 Reference value :  2.40774e-03
 Reference value :  2.43774e-03
 Reference value :  2.47774e-03
 Reference value :  2.51774e-03
 Reference value :  2.55774e-03
 Reference value :  2.58774e-03
 Reference value :  2.61774e-03
 Reference value :  2.64774e-03
 Reference value :  2.67774e-03
 Reference value :  2.69774e-03
 Reference value :  2.72774e-03
 Reference value :  2.75774e-03
 Reference value :  2.78774e-03
 Reference value :  2.81774e-03
 Reference value :  2.85774e-03
 Reference value :  2.89774e-03
 Reference value :  2.92774e-03
 Reference value :  2.96774e-03
 Reference value :  3.00774e-03
 Reference value :  3.03774e-03
 Reference value :  3.07774e-03
 Reference value :  3.11774e-03
 Reference value :  3.14774e-03
 Reference value :  3.17774e-03
 Reference value :  3.20774e-03
 Reference value :  3.24774e-03
 Reference value :  3.27774e-03
 Reference value :  3.30774e-03
 Reference value :  3.33774e-03
 Reference value :  3.36774e-03
 Reference value :  3.40774e-03
 Reference value :  3.43774e-03
 Reference value :  3.46774e-03
 Reference value :  3.49774e-03
 Reference value :  3.52774e-03
 Reference value :  3.55774e-03
 Reference value :  3.59774e-03
 Reference value :  3.62774e-03
 Reference value :  3.65774e-03
 Reference value :  3.68774e-03
 Reference value :  3.72774e-03
 Reference value :  3.75774e-03
 Reference value :  3.79774e-03
 Reference value :  3.82774e-03
 Reference value :  3.85774e-03
 Reference value :  3.88774e-03
 Reference value :  3.91774e-03
 Reference value :  3.94774e-03
 Reference value :  3.97774e-03
 Reference value :  4.01774e-03
 Reference value :  4.05774e-03
 Reference value :  4.09774e-03
 Reference value :  4.12774e-03
 Reference value :  4.15774e-03
 Reference value :  4.19774e-03
 Reference value :  4.23774e-03
 Reference value :  4.27774e-03
 Reference value :  4.31774e-03
 Reference value :  4.35774e-03
 Reference value :  4.39774e-03
 Reference value :  4.42774e-03
 Reference value :  4.45774e-03
 Reference value :  4.48774e-03
 Reference value :  4.51774e-03
 Reference value :  4.54774e-03
 Reference value :  4.58774e-03
 Reference value :  4.61774e-03
 Reference value :  4.65774e-03
 Reference value :  4.69774e-03
 Reference value :  4.73774e-03
 Reference value :  4.77774e-03
 Reference value :  4.81774e-03
 Reference value :  4.84774e-03
 Reference value :  4.87774e-03
 Reference value :  4.91774e-03
 Reference value :  4.94774e-03
 Reference value :  4.98774e-03
 Reference value :  5.02774e-03
 Reference value :  5.05774e-03
 Reference value :  5.08774e-03
 Reference value :  5.11774e-03
 Reference value :  5.14774e-03
 Reference value :  5.17774e-03
 Reference value :  5.20774e-03
 Reference value :  5.23774e-03
 Reference value :  5.26774e-03
 Reference value :  5.29774e-03
 Reference value :  5.32774e-03
 Reference value :  5.35774e-03
 Reference value :  5.38774e-03
 Reference value :  5.41774e-03
 Reference value :  5.45774e-03
 Reference value :  5.49774e-03
 Reference value :  5.53774e-03
 Reference value :  5.57774e-03
 Reference value :  5.61774e-03
 Reference value :  5.64774e-03
 Reference value :  5.67774e-03
 Reference value :  5.71774e-03
 Reference value :  5.74774e-03
 Reference value :  5.77774e-03
 Reference value :  5.80774e-03
 Reference value :  5.83774e-03
 Reference value :  5.87774e-03
 Reference value :  5.91774e-03
 Reference value :  5.95774e-03
 Reference value :  5.98774e-03
 Reference value :  6.02774e-03
 Reference value :  6.06774e-03
 Reference value :  6.10774e-03
 Reference value :  6.14774e-03
 Reference value :  6.18774e-03
 Reference value :  6.22774e-03
 Reference value :  6.25774e-03
 Reference value :  6.29774e-03
 Reference value :  6.33774e-03
 Reference value :  6.36774e-03
 Reference value :  6.39774e-03
 Reference value :  6.43774e-03
 Reference value :  6.47774e-03
 Reference value :  6.51774e-03
 Reference value :  6.54774e-03
 Reference value :  6.58774e-03
 Reference value :  6.62774e-03
 Reference value :  6.66774e-03
 Reference value :  6.70774e-03
 Reference value :  6.74774e-03
 Reference value :  6.77774e-03
 Reference value :  6.80774e-03
 Reference value :  6.83774e-03
 Reference value :  6.86774e-03
 Reference value :  6.89774e-03
 Reference value :  6.92774e-03
 Reference value :  6.95774e-03
 Reference value :  6.98774e-03
 Reference value :  7.01774e-03
 Reference value :  7.04774e-03
 Reference value :  7.08774e-03
 Reference value :  7.11774e-03
 Reference value :  7.15774e-03
 Reference value :  7.19774e-03
 Reference value :  7.23774e-03
 Reference value :  7.27774e-03
 Reference value :  7.30774e-03
 Reference value :  7.34774e-03
 Reference value :  7.37774e-03
 Reference value :  7.41774e-03
 Reference value :  7.45774e-03
 Reference value :  7.49774e-03
 Reference value :  7.53774e-03
 Reference value :  7.56774e-03
 Reference value :  7.60774e-03
 Reference value :  7.64774e-03
 Reference value :  7.67774e-03
 Reference value :  7.70774e-03
 Reference value :  7.73774e-03
 Reference value :  7.76774e-03
 Reference value :  7.80774e-03
 Reference value :  7.83774e-03
 Reference value :  7.86774e-03
 Reference value :  7.89774e-03
 Reference value :  7.92774e-03
 Reference value :  7.96774e-03
 Reference value :  8.00774e-03
 Reference value :  8.04774e-03
 Reference value :  8.08774e-03
 Reference value :  8.12774e-03
 Reference value :  8.16774e-03
 Reference value :  8.20774e-03
 Reference value :  8.24774e-03
 Reference value :  8.28774e-03
 Reference value :  8.32774e-03
 Reference value :  8.36774e-03
 Reference value :  8.40774e-03
 Reference value :  8.43774e-03
 Reference value :  8.46774e-03
 Reference value :  8.49774e-03
 Reference value :  8.52774e-03
 Reference value :  8.56774e-03
 Reference value :  8.60774e-03
 Reference value :  8.63774e-03
 Reference value :  8.67774e-03
 Reference value :  8.71774e-03
 Reference value :  8.75774e-03
 Reference value :  8.78774e-03
 Reference value :  8.82774e-03
 Reference value :  8.86774e-03
 Reference value :  8.91774e-03
 Reference value :  8.95774e-03
 Reference value :  8.99774e-03
 Reference value :  9.03774e-03
 Reference value :  9.07774e-03
 Reference value :  9.11774e-03
 Reference value :  9.16774e-03
 Reference value :  9.20774e-03
 Reference value :  9.24774e-03
 Reference value :  9.28774e-03
 Reference value :  9.32774e-03
 Reference value :  9.36774e-03
 Reference value :  9.40774e-03
 Reference value :  9.44774e-03
 Reference value :  9.48774e-03
 Reference value :  9.52774e-03
 Reference value :  9.56774e-03
 Reference value :  9.60774e-03
 Reference value :  9.64774e-03
 Reference value :  9.68774e-03
 Reference value :  9.72774e-03
 Reference value :  9.76774e-03
 Reference value :  9.80774e-03
 Reference value :  9.84774e-03
 Reference value :  9.88774e-03
 Reference value :  9.91774e-03
 Reference value :  9.94774e-03
 Reference value :  9.97774e-03
No. of Data Rows : 1022
meas_vref = 1.712277e-01
meas_vref_settled = 4.941834e-05
meas_ibias = 3.630000e+00
meas_bias_ok = 4.428578e-09
meas_isup = -5.56839e-03
ngspice-46 done

# ==== ngspice stderr ====

