# corner: sf_125c_3.30v
# process=sf temp=125C supply=3.30V
# ngspice exit: 0
# wall clock: 89.6s (--timeout was 300s)
# result: PASS

# ==== deck (exact input given to ngspice) ====
| * bias-core-startup corner deck -- generated by sim/bin/corner-run.py, do not edit
| * corner: sf_125c_3.30v
| .param vsup=3.3
| .param tramp=100u
| .param tstop=10m
| .option wnflag=1
| .temp 125
| .lib "/home/ubuntu/.volare/sky130A/libs.tech/combined/sky130.lib.spice" sf
| ** sch_path: sim/bias-core-startup/testbench/tb_bias_core_startup.sch
| **.subckt tb_bias_core_startup
| V1 VDD 0 PWL(0 0 'tramp' 'vsup' 'tstop' 'vsup')
| .save i(v1)
| XDUT VDD 0 IBIAS VREF BIAS_OK bias_core
| **.ends
| 
| * expanding   symbol:  design/bias_core.sym # of pins=5
| ** sym_path: design/bias_core.sym
| ** sch_path: design/bias_core.sch
| .subckt bias_core VDD VSS IBIAS VREF BIAS_OK
| *.iopin VDD
| *.iopin VSS
| *.opin IBIAS
| *.opin VREF
| *.opin BIAS_OK
| XMP1 NA PG VDD VDD sky130_fd_pr__pfet_g5v0d10v5 L=4 W=8 nf=1 ad=2.32 as=2.32 pd=16.58 ps=16.58 nrd=0.03625 nrs=0.03625 sa=0 sb=0
| + sd=0 mult=1 m=1
| XMP2 NBTOP PG VDD VDD sky130_fd_pr__pfet_g5v0d10v5 L=4 W=8 nf=1 ad=2.32 as=2.32 pd=16.58 ps=16.58 nrd=0.03625 nrs=0.03625 sa=0
| + sb=0 sd=0 mult=1 m=1
| XMP3 VREF PG VDD VDD sky130_fd_pr__pfet_g5v0d10v5 L=4 W=8 nf=1 ad=2.32 as=2.32 pd=16.58 ps=16.58 nrd=0.03625 nrs=0.03625 sa=0 sb=0
| + sd=0 mult=1 m=1
| XMPBN NBG PG VDD VDD sky130_fd_pr__pfet_g5v0d10v5 L=4 W=2 nf=1 ad=0.58 as=0.58 pd=4.58 ps=4.58 nrd=0.145 nrs=0.145 sa=0 sb=0 sd=0
| + mult=1 m=1
| XQ1 VSS VSS NA sky130_fd_pr__pnp_05v5_W3p40L3p40 m=1 mult=1
| XRT NBTOP NB VSS sky130_fd_pr__res_xhigh_po W=2 L=17.5 mult=1 m=1
| XR1 NB EC VSS sky130_fd_pr__res_xhigh_po W=2 L=350.0 mult=1 m=1
| XQ8A VSS VSS EC sky130_fd_pr__pnp_05v5_W3p40L3p40 m=1 mult=1
| XQ8B VSS VSS EC sky130_fd_pr__pnp_05v5_W3p40L3p40 m=1 mult=1
| XQ8C VSS VSS EC sky130_fd_pr__pnp_05v5_W3p40L3p40 m=1 mult=1
| XQ8D VSS VSS EC sky130_fd_pr__pnp_05v5_W3p40L3p40 m=1 mult=1
| XQ8E VSS VSS EC sky130_fd_pr__pnp_05v5_W3p40L3p40 m=1 mult=1
| XQ8F VSS VSS EC sky130_fd_pr__pnp_05v5_W3p40L3p40 m=1 mult=1
| XQ8G VSS VSS EC sky130_fd_pr__pnp_05v5_W3p40L3p40 m=1 mult=1
| XQ8H VSS VSS EC sky130_fd_pr__pnp_05v5_W3p40L3p40 m=1 mult=1
| XR2 VREF ER VSS sky130_fd_pr__res_xhigh_po W=2 L=4104.0 mult=1 m=1
| XQR VSS VSS ER sky130_fd_pr__pnp_05v5_W3p40L3p40 m=1 mult=1
| XMBN NBG NBG VSS VSS sky130_fd_pr__nfet_g5v0d10v5 L=4 W=2 nf=1 ad=0.58 as=0.58 pd=4.58 ps=4.58 nrd=0.145 nrs=0.145 sa=0 sb=0 sd=0
| + mult=1 m=1
| XMBN2 PB NBG VSS VSS sky130_fd_pr__nfet_g5v0d10v5 L=4 W=2 nf=1 ad=0.58 as=0.58 pd=4.58 ps=4.58 nrd=0.145 nrs=0.145 sa=0 sb=0 sd=0
| + mult=1 m=1
| XMBP PB PB VDD VDD sky130_fd_pr__pfet_g5v0d10v5 L=4 W=2 nf=1 ad=0.58 as=0.58 pd=4.58 ps=4.58 nrd=0.145 nrs=0.145 sa=0 sb=0 sd=0
| + mult=1 m=1
| XMPIB IBIAS PB VDD VDD sky130_fd_pr__pfet_g5v0d10v5 L=4 W=40 nf=1 ad=11.6 as=11.6 pd=80.58 ps=80.58 nrd=0.00725 nrs=0.00725 sa=0
| + sb=0 sd=0 mult=1 m=1
| XMPT NT PB VDD VDD sky130_fd_pr__pfet_g5v0d10v5 L=4 W=2 nf=1 ad=0.58 as=0.58 pd=4.58 ps=4.58 nrd=0.145 nrs=0.145 sa=0 sb=0 sd=0
| + mult=1 m=1
| XMI1 N1 NA NT VDD sky130_fd_pr__pfet_g5v0d10v5 L=4 W=16 nf=1 ad=4.64 as=4.64 pd=32.58 ps=32.58 nrd=0.018125 nrs=0.018125 sa=0 sb=0
| + sd=0 mult=1 m=1
| XMI2 N2 NB NT VDD sky130_fd_pr__pfet_g5v0d10v5 L=4 W=16 nf=1 ad=4.64 as=4.64 pd=32.58 ps=32.58 nrd=0.018125 nrs=0.018125 sa=0 sb=0
| + sd=0 mult=1 m=1
| XML1 N1 N1 VSS VSS sky130_fd_pr__nfet_g5v0d10v5 L=8 W=4 nf=1 ad=1.16 as=1.16 pd=8.58 ps=8.58 nrd=0.0725 nrs=0.0725 sa=0 sb=0 sd=0
| + mult=1 m=1
| XML2 N2 N1 VSS VSS sky130_fd_pr__nfet_g5v0d10v5 L=8 W=4 nf=1 ad=1.16 as=1.16 pd=8.58 ps=8.58 nrd=0.0725 nrs=0.0725 sa=0 sb=0 sd=0
| + mult=1 m=1
| XMS2N PG N2 VSS VSS sky130_fd_pr__nfet_g5v0d10v5 L=8 W=8 nf=1 ad=2.32 as=2.32 pd=16.58 ps=16.58 nrd=0.03625 nrs=0.03625 sa=0 sb=0
| + sd=0 mult=1 m=1
| XMS2P PG PB VDD VDD sky130_fd_pr__pfet_g5v0d10v5 L=4 W=2 nf=1 ad=0.58 as=0.58 pd=4.58 ps=4.58 nrd=0.145 nrs=0.145 sa=0 sb=0 sd=0
| + mult=1 m=1
| XCC PG NZ sky130_fd_pr__cap_mim_m3_1 W=20 L=20 MF=1 m=1
| XRZ NZ N2 VSS sky130_fd_pr__res_xhigh_po W=2 L=1016.0 mult=1 m=1
| XKS0 VDD VDD KS1 VSS sky130_fd_pr__nfet_g5v0d10v5 L=8 W=1 nf=1 ad=0.29 as=0.29 pd=2.58 ps=2.58 nrd=0.29 nrs=0.29 sa=0 sb=0 sd=0
| + mult=1 m=1
| XKS1 KS1 KS1 KS2 VSS sky130_fd_pr__nfet_g5v0d10v5 L=8 W=1 nf=1 ad=0.29 as=0.29 pd=2.58 ps=2.58 nrd=0.29 nrs=0.29 sa=0 sb=0 sd=0
| + mult=1 m=1
| XKS2 KS2 KS2 KS3 VSS sky130_fd_pr__nfet_g5v0d10v5 L=8 W=1 nf=1 ad=0.29 as=0.29 pd=2.58 ps=2.58 nrd=0.29 nrs=0.29 sa=0 sb=0 sd=0
| + mult=1 m=1
| XKS3 KS3 KS3 KS4 VSS sky130_fd_pr__nfet_g5v0d10v5 L=8 W=1 nf=1 ad=0.29 as=0.29 pd=2.58 ps=2.58 nrd=0.29 nrs=0.29 sa=0 sb=0 sd=0
| + mult=1 m=1
| XKS4 KS4 KS4 NKG VSS sky130_fd_pr__nfet_g5v0d10v5 L=8 W=1 nf=1 ad=0.29 as=0.29 pd=2.58 ps=2.58 nrd=0.29 nrs=0.29 sa=0 sb=0 sd=0
| + mult=1 m=1
| XKA NKM PB VDD VDD sky130_fd_pr__pfet_g5v0d10v5 L=4 W=1 nf=1 ad=0.29 as=0.29 pd=2.58 ps=2.58 nrd=0.29 nrs=0.29 sa=0 sb=0 sd=0
| + mult=1 m=1
| XKAN NKM NKM VSS VSS sky130_fd_pr__nfet_g5v0d10v5 L=4 W=2 nf=1 ad=0.58 as=0.58 pd=4.58 ps=4.58 nrd=0.145 nrs=0.145 sa=0 sb=0 sd=0
| + mult=1 m=1
| XKPD NKG NKM VSS VSS sky130_fd_pr__nfet_g5v0d10v5 L=4 W=8 nf=1 ad=2.32 as=2.32 pd=16.58 ps=16.58 nrd=0.03625 nrs=0.03625 sa=0 sb=0
| + sd=0 mult=1 m=1
| XKICK PG NKG VSS VSS sky130_fd_pr__nfet_g5v0d10v5 L=4 W=1 nf=1 ad=0.29 as=0.29 pd=2.58 ps=2.58 nrd=0.29 nrs=0.29 sa=0 sb=0 sd=0
| + mult=1 m=1
| XMPOK TOK PB VDD VDD sky130_fd_pr__pfet_g5v0d10v5 L=4 W=1 nf=1 ad=0.29 as=0.29 pd=2.58 ps=2.58 nrd=0.29 nrs=0.29 sa=0 sb=0 sd=0
| + mult=1 m=1
| XMOKA NOKO NA TOK VDD sky130_fd_pr__pfet_g5v0d10v5 L=4 W=8 nf=1 ad=2.32 as=2.32 pd=16.58 ps=16.58 nrd=0.03625 nrs=0.03625 sa=0
| + sb=0 sd=0 mult=1 m=1
| XMOKB NOKL NBTOP TOK VDD sky130_fd_pr__pfet_g5v0d10v5 L=4 W=8 nf=1 ad=2.32 as=2.32 pd=16.58 ps=16.58 nrd=0.03625 nrs=0.03625 sa=0
| + sb=0 sd=0 mult=1 m=1
| XMOL1 NOKL NOKL VSS VSS sky130_fd_pr__nfet_g5v0d10v5 L=4 W=2 nf=1 ad=0.58 as=0.58 pd=4.58 ps=4.58 nrd=0.145 nrs=0.145 sa=0 sb=0
| + sd=0 mult=1 m=1
| XMOL2 NOKO NOKL VSS VSS sky130_fd_pr__nfet_g5v0d10v5 L=4 W=2 nf=1 ad=0.58 as=0.58 pd=4.58 ps=4.58 nrd=0.145 nrs=0.145 sa=0 sb=0
| + sd=0 mult=1 m=1
| XMOKC NOKO NKG VSS VSS sky130_fd_pr__nfet_g5v0d10v5 L=1 W=2 nf=1 ad=0.58 as=0.58 pd=4.58 ps=4.58 nrd=0.145 nrs=0.145 sa=0 sb=0
| + sd=0 mult=1 m=1
| XMOK2 NOKX NOKO VSS VSS sky130_fd_pr__nfet_g5v0d10v5 L=4 W=2 nf=1 ad=0.58 as=0.58 pd=4.58 ps=4.58 nrd=0.145 nrs=0.145 sa=0 sb=0
| + sd=0 mult=1 m=1
| XMOK2P NOKX PB VDD VDD sky130_fd_pr__pfet_g5v0d10v5 L=4 W=1 nf=1 ad=0.29 as=0.29 pd=2.58 ps=2.58 nrd=0.29 nrs=0.29 sa=0 sb=0 sd=0
| + mult=1 m=1
| XCOK VDD NOKX sky130_fd_pr__cap_mim_m3_1 W=6 L=6 MF=1 m=1
| XMO1P BIAS_OK NOKX VDD VDD sky130_fd_pr__pfet_g5v0d10v5 L=4 W=1 nf=1 ad=0.29 as=0.29 pd=2.58 ps=2.58 nrd=0.29 nrs=0.29 sa=0 sb=0
| + sd=0 mult=1 m=1
| XMO1N BIAS_OK NOKX VSS VSS sky130_fd_pr__nfet_g5v0d10v5 L=0.5 W=4 nf=1 ad=1.16 as=1.16 pd=8.58 ps=8.58 nrd=0.0725 nrs=0.0725 sa=0
| + sb=0 sd=0 mult=1 m=1
| .ends
| 
| .control
| save all
| tran 10u 10m uic
| let nlast = length(v(vref))-1
| let meas_vref = v(vref)[nlast]
| let meas_vref_settled = abs(v(vref)[nlast] - v(vref)[nlast-100])
| let meas_ibias = v(ibias)[nlast]
| let meas_bias_ok = v(bias_ok)[nlast]
| let meas_isup = -i(v1)[nlast]
| print meas_vref
| print meas_vref_settled
| print meas_ibias
| print meas_bias_ok
| print meas_isup
| quit
| .endc
| .end

# ==== ngspice stdout ====

Note: Compatibility modes selected: hs a


Circuit: * bias-core-startup corner deck -- generated by sim/bin/corner-run.py, do not edit

option SCALE: Scale is set to 1e-06 for instance and model parameters
option SCALE: Scale is set to 1e-06 for instance and model parameters
option SCALE: Scale is set to 1e-06 for instance and model parameters
option SCALE: Scale is set to 1e-06 for instance and model parameters
Doing analysis at TEMP = 125.000000 and TNOM = 27.000000

Using KLU as Direct Linear Solver
Operating point simulation skipped by 'uic',
  now using transient initial conditions.
 Reference value :  1.00000e-07
 Reference value :  1.60000e-06
 Reference value :  1.00000e-05
 Reference value :  1.44800e-05
 Reference value :  3.73527e-05
 Reference value :  4.59659e-05
 Reference value :  5.29038e-05
 Reference value :  5.85459e-05
 Reference value :  6.38686e-05
 Reference value :  6.80425e-05
 Reference value :  7.68289e-05
 Reference value :  8.86274e-05
 Reference value :  1.00000e-04
 Reference value :  1.03000e-04
 Reference value :  1.11879e-04
 Reference value :  1.27283e-04
 Reference value :  1.47283e-04
 Reference value :  1.77283e-04
 Reference value :  2.07283e-04
 Reference value :  2.27283e-04
 Reference value :  2.47283e-04
 Reference value :  2.77283e-04
 Reference value :  2.97283e-04
 Reference value :  3.17283e-04
 Reference value :  3.37283e-04
 Reference value :  3.67283e-04
 Reference value :  4.07283e-04
 Reference value :  4.37283e-04
 Reference value :  4.67283e-04
 Reference value :  4.97283e-04
 Reference value :  5.37283e-04
 Reference value :  5.67283e-04
 Reference value :  5.97283e-04
 Reference value :  6.27283e-04
 Reference value :  6.57283e-04
 Reference value :  6.87283e-04
 Reference value :  7.17283e-04
 Reference value :  7.47283e-04
 Reference value :  7.77283e-04
 Reference value :  8.07283e-04
 Reference value :  8.47283e-04
 Reference value :  8.77283e-04
 Reference value :  9.07283e-04
 Reference value :  9.37283e-04
 Reference value :  9.67283e-04
 Reference value :  1.00728e-03
 Reference value :  1.04728e-03
 Reference value :  1.08728e-03
 Reference value :  1.12728e-03
 Reference value :  1.16728e-03
 Reference value :  1.19728e-03
 Reference value :  1.23728e-03
 Reference value :  1.26728e-03
 Reference value :  1.30728e-03
 Reference value :  1.34728e-03
 Reference value :  1.37728e-03
 Reference value :  1.41728e-03
 Reference value :  1.45728e-03
 Reference value :  1.48728e-03
 Reference value :  1.51728e-03
 Reference value :  1.54728e-03
 Reference value :  1.57728e-03
 Reference value :  1.60728e-03
 Reference value :  1.63728e-03
 Reference value :  1.66728e-03
 Reference value :  1.69728e-03
 Reference value :  1.73728e-03
 Reference value :  1.77728e-03
 Reference value :  1.80728e-03
 Reference value :  1.84728e-03
 Reference value :  1.88728e-03
 Reference value :  1.92728e-03
 Reference value :  1.96728e-03
 Reference value :  1.99728e-03
 Reference value :  2.03728e-03
 Reference value :  2.06728e-03
 Reference value :  2.09728e-03
 Reference value :  2.12728e-03
 Reference value :  2.15728e-03
 Reference value :  2.18728e-03
 Reference value :  2.22728e-03
 Reference value :  2.25728e-03
 Reference value :  2.29728e-03
 Reference value :  2.32728e-03
 Reference value :  2.36728e-03
 Reference value :  2.40728e-03
 Reference value :  2.44728e-03
 Reference value :  2.48728e-03
 Reference value :  2.52728e-03
 Reference value :  2.55728e-03
 Reference value :  2.58728e-03
 Reference value :  2.61728e-03
 Reference value :  2.65728e-03
 Reference value :  2.69728e-03
 Reference value :  2.73728e-03
 Reference value :  2.77728e-03
 Reference value :  2.81728e-03
 Reference value :  2.85728e-03
 Reference value :  2.89728e-03
 Reference value :  2.93728e-03
 Reference value :  2.97728e-03
 Reference value :  3.01728e-03
 Reference value :  3.05728e-03
 Reference value :  3.09728e-03
 Reference value :  3.13728e-03
 Reference value :  3.17728e-03
 Reference value :  3.21728e-03
 Reference value :  3.25728e-03
 Reference value :  3.29728e-03
 Reference value :  3.33728e-03
 Reference value :  3.36728e-03
 Reference value :  3.39728e-03
 Reference value :  3.42728e-03
 Reference value :  3.45728e-03
 Reference value :  3.49728e-03
 Reference value :  3.52728e-03
 Reference value :  3.55728e-03
 Reference value :  3.58728e-03
 Reference value :  3.61728e-03
 Reference value :  3.65728e-03
 Reference value :  3.68728e-03
 Reference value :  3.72728e-03
 Reference value :  3.76728e-03
 Reference value :  3.80728e-03
 Reference value :  3.84728e-03
 Reference value :  3.88728e-03
 Reference value :  3.92728e-03
 Reference value :  3.95728e-03
 Reference value :  3.98728e-03
 Reference value :  4.01728e-03
 Reference value :  4.04728e-03
 Reference value :  4.08728e-03
 Reference value :  4.11728e-03
 Reference value :  4.14728e-03
 Reference value :  4.18728e-03
 Reference value :  4.21728e-03
 Reference value :  4.24728e-03
 Reference value :  4.27728e-03
 Reference value :  4.30728e-03
 Reference value :  4.34728e-03
 Reference value :  4.37728e-03
 Reference value :  4.40728e-03
 Reference value :  4.43728e-03
 Reference value :  4.46728e-03
 Reference value :  4.49728e-03
 Reference value :  4.52728e-03
 Reference value :  4.55728e-03
 Reference value :  4.59728e-03
 Reference value :  4.63728e-03
 Reference value :  4.67728e-03
 Reference value :  4.71728e-03
 Reference value :  4.75728e-03
 Reference value :  4.79728e-03
 Reference value :  4.83728e-03
 Reference value :  4.86728e-03
 Reference value :  4.89728e-03
 Reference value :  4.92728e-03
 Reference value :  4.95728e-03
 Reference value :  4.98728e-03
 Reference value :  5.01728e-03
 Reference value :  5.04728e-03
 Reference value :  5.07728e-03
 Reference value :  5.10728e-03
 Reference value :  5.13728e-03
 Reference value :  5.16728e-03
 Reference value :  5.19728e-03
 Reference value :  5.22728e-03
 Reference value :  5.25728e-03
 Reference value :  5.28728e-03
 Reference value :  5.31728e-03
 Reference value :  5.35728e-03
 Reference value :  5.39728e-03
 Reference value :  5.43728e-03
 Reference value :  5.47728e-03
 Reference value :  5.51728e-03
 Reference value :  5.54728e-03
 Reference value :  5.57728e-03
 Reference value :  5.60728e-03
 Reference value :  5.63728e-03
 Reference value :  5.66728e-03
 Reference value :  5.69728e-03
 Reference value :  5.72728e-03
 Reference value :  5.75728e-03
 Reference value :  5.79728e-03
 Reference value :  5.83728e-03
 Reference value :  5.87728e-03
 Reference value :  5.90728e-03
 Reference value :  5.94728e-03
 Reference value :  5.98728e-03
 Reference value :  6.02728e-03
 Reference value :  6.05728e-03
 Reference value :  6.09728e-03
 Reference value :  6.13728e-03
 Reference value :  6.17728e-03
 Reference value :  6.21728e-03
 Reference value :  6.25728e-03
 Reference value :  6.29728e-03
 Reference value :  6.33728e-03
 Reference value :  6.37728e-03
 Reference value :  6.41728e-03
 Reference value :  6.45728e-03
 Reference value :  6.49728e-03
 Reference value :  6.53728e-03
 Reference value :  6.57728e-03
 Reference value :  6.60728e-03
 Reference value :  6.64728e-03
 Reference value :  6.68728e-03
 Reference value :  6.71728e-03
 Reference value :  6.75728e-03
 Reference value :  6.79728e-03
 Reference value :  6.82728e-03
 Reference value :  6.86728e-03
 Reference value :  6.90728e-03
 Reference value :  6.94728e-03
 Reference value :  6.97728e-03
 Reference value :  7.01728e-03
 Reference value :  7.04728e-03
 Reference value :  7.07728e-03
 Reference value :  7.11728e-03
 Reference value :  7.15728e-03
 Reference value :  7.19728e-03
 Reference value :  7.23728e-03
 Reference value :  7.27728e-03
 Reference value :  7.31728e-03
 Reference value :  7.34728e-03
 Reference value :  7.38728e-03
 Reference value :  7.41728e-03
 Reference value :  7.45728e-03
 Reference value :  7.49728e-03
 Reference value :  7.53728e-03
 Reference value :  7.57728e-03
 Reference value :  7.60728e-03
 Reference value :  7.64728e-03
 Reference value :  7.67728e-03
 Reference value :  7.70728e-03
 Reference value :  7.73728e-03
 Reference value :  7.78728e-03
 Reference value :  7.82728e-03
 Reference value :  7.86728e-03
 Reference value :  7.90728e-03
 Reference value :  7.93728e-03
 Reference value :  7.98728e-03
 Reference value :  8.02728e-03
 Reference value :  8.06728e-03
 Reference value :  8.10728e-03
 Reference value :  8.14728e-03
 Reference value :  8.18728e-03
 Reference value :  8.22728e-03
 Reference value :  8.26728e-03
 Reference value :  8.30728e-03
 Reference value :  8.34728e-03
 Reference value :  8.38728e-03
 Reference value :  8.42728e-03
 Reference value :  8.46728e-03
 Reference value :  8.50728e-03
 Reference value :  8.54728e-03
 Reference value :  8.58728e-03
 Reference value :  8.62728e-03
 Reference value :  8.66728e-03
 Reference value :  8.69728e-03
 Reference value :  8.72728e-03
 Reference value :  8.75728e-03
 Reference value :  8.78728e-03
 Reference value :  8.81728e-03
 Reference value :  8.84728e-03
 Reference value :  8.87728e-03
 Reference value :  8.90728e-03
 Reference value :  8.93728e-03
 Reference value :  8.97728e-03
 Reference value :  9.01728e-03
 Reference value :  9.05728e-03
 Reference value :  9.09728e-03
 Reference value :  9.13728e-03
 Reference value :  9.17728e-03
 Reference value :  9.21728e-03
 Reference value :  9.25728e-03
 Reference value :  9.29728e-03
 Reference value :  9.33728e-03
 Reference value :  9.37728e-03
 Reference value :  9.41728e-03
 Reference value :  9.45728e-03
 Reference value :  9.49728e-03
 Reference value :  9.53728e-03
 Reference value :  9.56728e-03
 Reference value :  9.59728e-03
 Reference value :  9.63728e-03
 Reference value :  9.67728e-03
 Reference value :  9.71728e-03
 Reference value :  9.75728e-03
 Reference value :  9.79728e-03
 Reference value :  9.82728e-03
 Reference value :  9.86728e-03
 Reference value :  9.90728e-03
 Reference value :  9.94728e-03
 Reference value :  9.98728e-03
No. of Data Rows : 1019
meas_vref = 1.255484e+00
meas_vref_settled = 1.307841e-10
meas_ibias = 3.300000e+00
meas_bias_ok = 3.299697e+00
meas_isup = 1.180462e-06
ngspice-46 done

# ==== ngspice stderr ====

