# corner: sf_125c_2.97v
# process=sf temp=125C supply=2.97V
# ngspice exit: 0
# wall clock: 87.3s (--timeout was 300s)
# result: PASS

# ==== deck (exact input given to ngspice) ====
| * bias-core-startup corner deck -- generated by sim/bin/corner-run.py, do not edit
| * corner: sf_125c_2.97v
| .param vsup=2.97
| .param tramp=100u
| .param tstop=10m
| .option wnflag=1
| .temp 125
| .lib "/home/ubuntu/.volare/sky130A/libs.tech/combined/sky130.lib.spice" sf
| ** sch_path: sim/bias-core-startup/testbench/tb_bias_core_startup.sch
| **.subckt tb_bias_core_startup
| V1 VDD 0 PWL(0 0 'tramp' 'vsup' 'tstop' 'vsup')
| .save i(v1)
| XDUT VDD 0 IBIAS VREF BIAS_OK bias_core
| **.ends
| 
| * expanding   symbol:  design/bias_core.sym # of pins=5
| ** sym_path: design/bias_core.sym
| ** sch_path: design/bias_core.sch
| .subckt bias_core VDD VSS IBIAS VREF BIAS_OK
| *.iopin VDD
| *.iopin VSS
| *.opin IBIAS
| *.opin VREF
| *.opin BIAS_OK
| XMP1 NA PG VDD VDD sky130_fd_pr__pfet_g5v0d10v5 L=4 W=8 nf=1 ad=2.32 as=2.32 pd=16.58 ps=16.58 nrd=0.03625 nrs=0.03625 sa=0 sb=0
| + sd=0 mult=1 m=1
| XMP2 NBTOP PG VDD VDD sky130_fd_pr__pfet_g5v0d10v5 L=4 W=8 nf=1 ad=2.32 as=2.32 pd=16.58 ps=16.58 nrd=0.03625 nrs=0.03625 sa=0
| + sb=0 sd=0 mult=1 m=1
| XMP3 VREF PG VDD VDD sky130_fd_pr__pfet_g5v0d10v5 L=4 W=8 nf=1 ad=2.32 as=2.32 pd=16.58 ps=16.58 nrd=0.03625 nrs=0.03625 sa=0 sb=0
| + sd=0 mult=1 m=1
| XMPBN NBG PG VDD VDD sky130_fd_pr__pfet_g5v0d10v5 L=4 W=2 nf=1 ad=0.58 as=0.58 pd=4.58 ps=4.58 nrd=0.145 nrs=0.145 sa=0 sb=0 sd=0
| + mult=1 m=1
| XQ1 VSS VSS NA sky130_fd_pr__pnp_05v5_W3p40L3p40 m=1 mult=1
| XRT NBTOP NB VSS sky130_fd_pr__res_xhigh_po W=2 L=17.5 mult=1 m=1
| XR1 NB EC VSS sky130_fd_pr__res_xhigh_po W=2 L=350.0 mult=1 m=1
| XQ8A VSS VSS EC sky130_fd_pr__pnp_05v5_W3p40L3p40 m=1 mult=1
| XQ8B VSS VSS EC sky130_fd_pr__pnp_05v5_W3p40L3p40 m=1 mult=1
| XQ8C VSS VSS EC sky130_fd_pr__pnp_05v5_W3p40L3p40 m=1 mult=1
| XQ8D VSS VSS EC sky130_fd_pr__pnp_05v5_W3p40L3p40 m=1 mult=1
| XQ8E VSS VSS EC sky130_fd_pr__pnp_05v5_W3p40L3p40 m=1 mult=1
| XQ8F VSS VSS EC sky130_fd_pr__pnp_05v5_W3p40L3p40 m=1 mult=1
| XQ8G VSS VSS EC sky130_fd_pr__pnp_05v5_W3p40L3p40 m=1 mult=1
| XQ8H VSS VSS EC sky130_fd_pr__pnp_05v5_W3p40L3p40 m=1 mult=1
| XR2 VREF ER VSS sky130_fd_pr__res_xhigh_po W=2 L=4104.0 mult=1 m=1
| XQR VSS VSS ER sky130_fd_pr__pnp_05v5_W3p40L3p40 m=1 mult=1
| XMBN NBG NBG VSS VSS sky130_fd_pr__nfet_g5v0d10v5 L=4 W=2 nf=1 ad=0.58 as=0.58 pd=4.58 ps=4.58 nrd=0.145 nrs=0.145 sa=0 sb=0 sd=0
| + mult=1 m=1
| XMBN2 PB NBG VSS VSS sky130_fd_pr__nfet_g5v0d10v5 L=4 W=2 nf=1 ad=0.58 as=0.58 pd=4.58 ps=4.58 nrd=0.145 nrs=0.145 sa=0 sb=0 sd=0
| + mult=1 m=1
| XMBP PB PB VDD VDD sky130_fd_pr__pfet_g5v0d10v5 L=4 W=2 nf=1 ad=0.58 as=0.58 pd=4.58 ps=4.58 nrd=0.145 nrs=0.145 sa=0 sb=0 sd=0
| + mult=1 m=1
| XMPIB IBIAS PB VDD VDD sky130_fd_pr__pfet_g5v0d10v5 L=4 W=40 nf=1 ad=11.6 as=11.6 pd=80.58 ps=80.58 nrd=0.00725 nrs=0.00725 sa=0
| + sb=0 sd=0 mult=1 m=1
| XMPT NT PB VDD VDD sky130_fd_pr__pfet_g5v0d10v5 L=4 W=2 nf=1 ad=0.58 as=0.58 pd=4.58 ps=4.58 nrd=0.145 nrs=0.145 sa=0 sb=0 sd=0
| + mult=1 m=1
| XMI1 N1 NA NT VDD sky130_fd_pr__pfet_g5v0d10v5 L=4 W=16 nf=1 ad=4.64 as=4.64 pd=32.58 ps=32.58 nrd=0.018125 nrs=0.018125 sa=0 sb=0
| + sd=0 mult=1 m=1
| XMI2 N2 NB NT VDD sky130_fd_pr__pfet_g5v0d10v5 L=4 W=16 nf=1 ad=4.64 as=4.64 pd=32.58 ps=32.58 nrd=0.018125 nrs=0.018125 sa=0 sb=0
| + sd=0 mult=1 m=1
| XML1 N1 N1 VSS VSS sky130_fd_pr__nfet_g5v0d10v5 L=8 W=4 nf=1 ad=1.16 as=1.16 pd=8.58 ps=8.58 nrd=0.0725 nrs=0.0725 sa=0 sb=0 sd=0
| + mult=1 m=1
| XML2 N2 N1 VSS VSS sky130_fd_pr__nfet_g5v0d10v5 L=8 W=4 nf=1 ad=1.16 as=1.16 pd=8.58 ps=8.58 nrd=0.0725 nrs=0.0725 sa=0 sb=0 sd=0
| + mult=1 m=1
| XMS2N PG N2 VSS VSS sky130_fd_pr__nfet_g5v0d10v5 L=8 W=8 nf=1 ad=2.32 as=2.32 pd=16.58 ps=16.58 nrd=0.03625 nrs=0.03625 sa=0 sb=0
| + sd=0 mult=1 m=1
| XMS2P PG PB VDD VDD sky130_fd_pr__pfet_g5v0d10v5 L=4 W=2 nf=1 ad=0.58 as=0.58 pd=4.58 ps=4.58 nrd=0.145 nrs=0.145 sa=0 sb=0 sd=0
| + mult=1 m=1
| XCC PG NZ sky130_fd_pr__cap_mim_m3_1 W=20 L=20 MF=1 m=1
| XRZ NZ N2 VSS sky130_fd_pr__res_xhigh_po W=2 L=1016.0 mult=1 m=1
| XKS0 VDD VDD KS1 VSS sky130_fd_pr__nfet_g5v0d10v5 L=8 W=1 nf=1 ad=0.29 as=0.29 pd=2.58 ps=2.58 nrd=0.29 nrs=0.29 sa=0 sb=0 sd=0
| + mult=1 m=1
| XKS1 KS1 KS1 KS2 VSS sky130_fd_pr__nfet_g5v0d10v5 L=8 W=1 nf=1 ad=0.29 as=0.29 pd=2.58 ps=2.58 nrd=0.29 nrs=0.29 sa=0 sb=0 sd=0
| + mult=1 m=1
| XKS2 KS2 KS2 KS3 VSS sky130_fd_pr__nfet_g5v0d10v5 L=8 W=1 nf=1 ad=0.29 as=0.29 pd=2.58 ps=2.58 nrd=0.29 nrs=0.29 sa=0 sb=0 sd=0
| + mult=1 m=1
| XKS3 KS3 KS3 KS4 VSS sky130_fd_pr__nfet_g5v0d10v5 L=8 W=1 nf=1 ad=0.29 as=0.29 pd=2.58 ps=2.58 nrd=0.29 nrs=0.29 sa=0 sb=0 sd=0
| + mult=1 m=1
| XKS4 KS4 KS4 NKG VSS sky130_fd_pr__nfet_g5v0d10v5 L=8 W=1 nf=1 ad=0.29 as=0.29 pd=2.58 ps=2.58 nrd=0.29 nrs=0.29 sa=0 sb=0 sd=0
| + mult=1 m=1
| XKA NKM PB VDD VDD sky130_fd_pr__pfet_g5v0d10v5 L=4 W=1 nf=1 ad=0.29 as=0.29 pd=2.58 ps=2.58 nrd=0.29 nrs=0.29 sa=0 sb=0 sd=0
| + mult=1 m=1
| XKAN NKM NKM VSS VSS sky130_fd_pr__nfet_g5v0d10v5 L=4 W=2 nf=1 ad=0.58 as=0.58 pd=4.58 ps=4.58 nrd=0.145 nrs=0.145 sa=0 sb=0 sd=0
| + mult=1 m=1
| XKPD NKG NKM VSS VSS sky130_fd_pr__nfet_g5v0d10v5 L=4 W=8 nf=1 ad=2.32 as=2.32 pd=16.58 ps=16.58 nrd=0.03625 nrs=0.03625 sa=0 sb=0
| + sd=0 mult=1 m=1
| XKICK PG NKG VSS VSS sky130_fd_pr__nfet_g5v0d10v5 L=4 W=1 nf=1 ad=0.29 as=0.29 pd=2.58 ps=2.58 nrd=0.29 nrs=0.29 sa=0 sb=0 sd=0
| + mult=1 m=1
| XMPOK TOK PB VDD VDD sky130_fd_pr__pfet_g5v0d10v5 L=4 W=1 nf=1 ad=0.29 as=0.29 pd=2.58 ps=2.58 nrd=0.29 nrs=0.29 sa=0 sb=0 sd=0
| + mult=1 m=1
| XMOKA NOKO NA TOK VDD sky130_fd_pr__pfet_g5v0d10v5 L=4 W=8 nf=1 ad=2.32 as=2.32 pd=16.58 ps=16.58 nrd=0.03625 nrs=0.03625 sa=0
| + sb=0 sd=0 mult=1 m=1
| XMOKB NOKL NBTOP TOK VDD sky130_fd_pr__pfet_g5v0d10v5 L=4 W=8 nf=1 ad=2.32 as=2.32 pd=16.58 ps=16.58 nrd=0.03625 nrs=0.03625 sa=0
| + sb=0 sd=0 mult=1 m=1
| XMOL1 NOKL NOKL VSS VSS sky130_fd_pr__nfet_g5v0d10v5 L=4 W=2 nf=1 ad=0.58 as=0.58 pd=4.58 ps=4.58 nrd=0.145 nrs=0.145 sa=0 sb=0
| + sd=0 mult=1 m=1
| XMOL2 NOKO NOKL VSS VSS sky130_fd_pr__nfet_g5v0d10v5 L=4 W=2 nf=1 ad=0.58 as=0.58 pd=4.58 ps=4.58 nrd=0.145 nrs=0.145 sa=0 sb=0
| + sd=0 mult=1 m=1
| XMOKC NOKO NKG VSS VSS sky130_fd_pr__nfet_g5v0d10v5 L=1 W=2 nf=1 ad=0.58 as=0.58 pd=4.58 ps=4.58 nrd=0.145 nrs=0.145 sa=0 sb=0
| + sd=0 mult=1 m=1
| XMOK2 NOKX NOKO VSS VSS sky130_fd_pr__nfet_g5v0d10v5 L=4 W=2 nf=1 ad=0.58 as=0.58 pd=4.58 ps=4.58 nrd=0.145 nrs=0.145 sa=0 sb=0
| + sd=0 mult=1 m=1
| XMOK2P NOKX PB VDD VDD sky130_fd_pr__pfet_g5v0d10v5 L=4 W=1 nf=1 ad=0.29 as=0.29 pd=2.58 ps=2.58 nrd=0.29 nrs=0.29 sa=0 sb=0 sd=0
| + mult=1 m=1
| XCOK VDD NOKX sky130_fd_pr__cap_mim_m3_1 W=6 L=6 MF=1 m=1
| XMO1P BIAS_OK NOKX VDD VDD sky130_fd_pr__pfet_g5v0d10v5 L=4 W=1 nf=1 ad=0.29 as=0.29 pd=2.58 ps=2.58 nrd=0.29 nrs=0.29 sa=0 sb=0
| + sd=0 mult=1 m=1
| XMO1N BIAS_OK NOKX VSS VSS sky130_fd_pr__nfet_g5v0d10v5 L=0.5 W=4 nf=1 ad=1.16 as=1.16 pd=8.58 ps=8.58 nrd=0.0725 nrs=0.0725 sa=0
| + sb=0 sd=0 mult=1 m=1
| .ends
| 
| .control
| save all
| tran 10u 10m uic
| let nlast = length(v(vref))-1
| let meas_vref = v(vref)[nlast]
| let meas_vref_settled = abs(v(vref)[nlast] - v(vref)[nlast-100])
| let meas_ibias = v(ibias)[nlast]
| let meas_bias_ok = v(bias_ok)[nlast]
| let meas_isup = -i(v1)[nlast]
| print meas_vref
| print meas_vref_settled
| print meas_ibias
| print meas_bias_ok
| print meas_isup
| quit
| .endc
| .end

# ==== ngspice stdout ====

Note: Compatibility modes selected: hs a


Circuit: * bias-core-startup corner deck -- generated by sim/bin/corner-run.py, do not edit

option SCALE: Scale is set to 1e-06 for instance and model parameters
option SCALE: Scale is set to 1e-06 for instance and model parameters
option SCALE: Scale is set to 1e-06 for instance and model parameters
option SCALE: Scale is set to 1e-06 for instance and model parameters
Doing analysis at TEMP = 125.000000 and TNOM = 27.000000

Using KLU as Direct Linear Solver
Operating point simulation skipped by 'uic',
  now using transient initial conditions.
 Reference value :  1.00000e-07
 Reference value :  8.00000e-07
 Reference value :  3.20000e-06
 Reference value :  1.00000e-05
 Reference value :  1.44800e-05
 Reference value :  2.93155e-05
 Reference value :  3.93155e-05
 Reference value :  4.88872e-05
 Reference value :  5.58924e-05
 Reference value :  6.33232e-05
 Reference value :  6.85420e-05
 Reference value :  7.98351e-05
 Reference value :  9.35625e-05
 Reference value :  1.01000e-04
 Reference value :  1.05748e-04
 Reference value :  1.14653e-04
 Reference value :  1.31002e-04
 Reference value :  1.61002e-04
 Reference value :  1.81002e-04
 Reference value :  2.11002e-04
 Reference value :  2.31002e-04
 Reference value :  2.61002e-04
 Reference value :  2.91002e-04
 Reference value :  3.11002e-04
 Reference value :  3.31002e-04
 Reference value :  3.51002e-04
 Reference value :  3.81002e-04
 Reference value :  4.01002e-04
 Reference value :  4.31002e-04
 Reference value :  4.61002e-04
 Reference value :  4.91002e-04
 Reference value :  5.21002e-04
 Reference value :  5.61002e-04
 Reference value :  6.01002e-04
 Reference value :  6.41002e-04
 Reference value :  6.71002e-04
 Reference value :  7.01002e-04
 Reference value :  7.41002e-04
 Reference value :  7.81002e-04
 Reference value :  8.21002e-04
 Reference value :  8.61002e-04
 Reference value :  9.01002e-04
 Reference value :  9.41002e-04
 Reference value :  9.81002e-04
 Reference value :  1.02100e-03
 Reference value :  1.06100e-03
 Reference value :  1.10100e-03
 Reference value :  1.13100e-03
 Reference value :  1.16100e-03
 Reference value :  1.20100e-03
 Reference value :  1.24100e-03
 Reference value :  1.28100e-03
 Reference value :  1.32100e-03
 Reference value :  1.36100e-03
 Reference value :  1.39100e-03
 Reference value :  1.42100e-03
 Reference value :  1.46100e-03
 Reference value :  1.49100e-03
 Reference value :  1.53100e-03
 Reference value :  1.56100e-03
 Reference value :  1.60100e-03
 Reference value :  1.64100e-03
 Reference value :  1.68100e-03
 Reference value :  1.72100e-03
 Reference value :  1.76100e-03
 Reference value :  1.80100e-03
 Reference value :  1.83100e-03
 Reference value :  1.87100e-03
 Reference value :  1.91100e-03
 Reference value :  1.95100e-03
 Reference value :  1.99100e-03
 Reference value :  2.03100e-03
 Reference value :  2.06100e-03
 Reference value :  2.10100e-03
 Reference value :  2.14100e-03
 Reference value :  2.18100e-03
 Reference value :  2.22100e-03
 Reference value :  2.26100e-03
 Reference value :  2.30100e-03
 Reference value :  2.34100e-03
 Reference value :  2.38100e-03
 Reference value :  2.42100e-03
 Reference value :  2.45100e-03
 Reference value :  2.49100e-03
 Reference value :  2.53100e-03
 Reference value :  2.56100e-03
 Reference value :  2.59100e-03
 Reference value :  2.62100e-03
 Reference value :  2.65100e-03
 Reference value :  2.69100e-03
 Reference value :  2.72100e-03
 Reference value :  2.76100e-03
 Reference value :  2.80100e-03
 Reference value :  2.84100e-03
 Reference value :  2.88100e-03
 Reference value :  2.92100e-03
 Reference value :  2.96100e-03
 Reference value :  3.00100e-03
 Reference value :  3.04100e-03
 Reference value :  3.08100e-03
 Reference value :  3.11100e-03
 Reference value :  3.14100e-03
 Reference value :  3.18100e-03
 Reference value :  3.21100e-03
 Reference value :  3.25100e-03
 Reference value :  3.29100e-03
 Reference value :  3.33100e-03
 Reference value :  3.37100e-03
 Reference value :  3.40100e-03
 Reference value :  3.44100e-03
 Reference value :  3.48100e-03
 Reference value :  3.51100e-03
 Reference value :  3.54100e-03
 Reference value :  3.57100e-03
 Reference value :  3.60100e-03
 Reference value :  3.64100e-03
 Reference value :  3.68100e-03
 Reference value :  3.71100e-03
 Reference value :  3.75100e-03
 Reference value :  3.78100e-03
 Reference value :  3.81100e-03
 Reference value :  3.85100e-03
 Reference value :  3.89100e-03
 Reference value :  3.92100e-03
 Reference value :  3.96100e-03
 Reference value :  3.99100e-03
 Reference value :  4.02100e-03
 Reference value :  4.06100e-03
 Reference value :  4.09100e-03
 Reference value :  4.13100e-03
 Reference value :  4.16100e-03
 Reference value :  4.19100e-03
 Reference value :  4.23100e-03
 Reference value :  4.26100e-03
 Reference value :  4.29100e-03
 Reference value :  4.33100e-03
 Reference value :  4.36100e-03
 Reference value :  4.40100e-03
 Reference value :  4.44100e-03
 Reference value :  4.48100e-03
 Reference value :  4.52100e-03
 Reference value :  4.56100e-03
 Reference value :  4.60100e-03
 Reference value :  4.64100e-03
 Reference value :  4.68100e-03
 Reference value :  4.72100e-03
 Reference value :  4.76100e-03
 Reference value :  4.80100e-03
 Reference value :  4.84100e-03
 Reference value :  4.88100e-03
 Reference value :  4.92100e-03
 Reference value :  4.96100e-03
 Reference value :  5.00100e-03
 Reference value :  5.04100e-03
 Reference value :  5.08100e-03
 Reference value :  5.12100e-03
 Reference value :  5.16100e-03
 Reference value :  5.20100e-03
 Reference value :  5.24100e-03
 Reference value :  5.27100e-03
 Reference value :  5.31100e-03
 Reference value :  5.34100e-03
 Reference value :  5.37100e-03
 Reference value :  5.41100e-03
 Reference value :  5.44100e-03
 Reference value :  5.47100e-03
 Reference value :  5.50100e-03
 Reference value :  5.54100e-03
 Reference value :  5.59100e-03
 Reference value :  5.64100e-03
 Reference value :  5.69100e-03
 Reference value :  5.75100e-03
 Reference value :  5.81100e-03
 Reference value :  5.86100e-03
 Reference value :  5.92100e-03
 Reference value :  5.97100e-03
 Reference value :  6.03100e-03
 Reference value :  6.06100e-03
 Reference value :  6.09100e-03
 Reference value :  6.12100e-03
 Reference value :  6.16100e-03
 Reference value :  6.20100e-03
 Reference value :  6.23100e-03
 Reference value :  6.26100e-03
 Reference value :  6.29100e-03
 Reference value :  6.32100e-03
 Reference value :  6.35100e-03
 Reference value :  6.39100e-03
 Reference value :  6.43100e-03
 Reference value :  6.47100e-03
 Reference value :  6.52100e-03
 Reference value :  6.56100e-03
 Reference value :  6.60100e-03
 Reference value :  6.64100e-03
 Reference value :  6.68100e-03
 Reference value :  6.72100e-03
 Reference value :  6.76100e-03
 Reference value :  6.80100e-03
 Reference value :  6.84100e-03
 Reference value :  6.89100e-03
 Reference value :  6.93100e-03
 Reference value :  6.97100e-03
 Reference value :  7.01100e-03
 Reference value :  7.05100e-03
 Reference value :  7.09100e-03
 Reference value :  7.13100e-03
 Reference value :  7.17100e-03
 Reference value :  7.20100e-03
 Reference value :  7.23100e-03
 Reference value :  7.26100e-03
 Reference value :  7.29100e-03
 Reference value :  7.32100e-03
 Reference value :  7.36100e-03
 Reference value :  7.39100e-03
 Reference value :  7.42100e-03
 Reference value :  7.45100e-03
 Reference value :  7.49100e-03
 Reference value :  7.54100e-03
 Reference value :  7.58100e-03
 Reference value :  7.62100e-03
 Reference value :  7.66100e-03
 Reference value :  7.71100e-03
 Reference value :  7.76100e-03
 Reference value :  7.81100e-03
 Reference value :  7.86100e-03
 Reference value :  7.91100e-03
 Reference value :  7.96100e-03
 Reference value :  7.99100e-03
 Reference value :  8.02100e-03
 Reference value :  8.05100e-03
 Reference value :  8.09100e-03
 Reference value :  8.12100e-03
 Reference value :  8.15100e-03
 Reference value :  8.19100e-03
 Reference value :  8.23100e-03
 Reference value :  8.26100e-03
 Reference value :  8.30100e-03
 Reference value :  8.34100e-03
 Reference value :  8.38100e-03
 Reference value :  8.41100e-03
 Reference value :  8.44100e-03
 Reference value :  8.48100e-03
 Reference value :  8.51100e-03
 Reference value :  8.54100e-03
 Reference value :  8.58100e-03
 Reference value :  8.61100e-03
 Reference value :  8.64100e-03
 Reference value :  8.68100e-03
 Reference value :  8.71100e-03
 Reference value :  8.75100e-03
 Reference value :  8.78100e-03
 Reference value :  8.81100e-03
 Reference value :  8.85100e-03
 Reference value :  8.89100e-03
 Reference value :  8.92100e-03
 Reference value :  8.96100e-03
 Reference value :  9.00100e-03
 Reference value :  9.04100e-03
 Reference value :  9.08100e-03
 Reference value :  9.12100e-03
 Reference value :  9.16100e-03
 Reference value :  9.20100e-03
 Reference value :  9.24100e-03
 Reference value :  9.28100e-03
 Reference value :  9.32100e-03
 Reference value :  9.36100e-03
 Reference value :  9.40100e-03
 Reference value :  9.44100e-03
 Reference value :  9.48100e-03
 Reference value :  9.52100e-03
 Reference value :  9.56100e-03
 Reference value :  9.60100e-03
 Reference value :  9.64100e-03
 Reference value :  9.68100e-03
 Reference value :  9.72100e-03
 Reference value :  9.76100e-03
 Reference value :  9.80100e-03
 Reference value :  9.84100e-03
 Reference value :  9.88100e-03
 Reference value :  9.92100e-03
 Reference value :  9.96100e-03
 Reference value :  1.00000e-02
No. of Data Rows : 1017
meas_vref = 1.255255e+00
meas_vref_settled = 4.317375e-10
meas_ibias = 2.970000e+00
meas_bias_ok = 2.969691e+00
meas_isup = 1.176400e-06
ngspice-46 done

# ==== ngspice stderr ====

