# corner: sf_27c_3.63v
# process=sf temp=27C supply=3.63V
# ngspice exit: 0
# wall clock: 96.7s (--timeout was 300s)
# result: PASS

# ==== deck (exact input given to ngspice) ====
| * bias-core-startup corner deck -- generated by sim/bin/corner-run.py, do not edit
| * corner: sf_27c_3.63v
| .param vsup=3.63
| .param tramp=100u
| .param tstop=10m
| .option wnflag=1
| .temp 27
| .lib "/home/ubuntu/.volare/sky130A/libs.tech/combined/sky130.lib.spice" sf
| ** sch_path: sim/bias-core-startup/testbench/tb_bias_core_startup.sch
| **.subckt tb_bias_core_startup
| V1 VDD 0 PWL(0 0 'tramp' 'vsup' 'tstop' 'vsup')
| .save i(v1)
| XDUT VDD 0 IBIAS VREF BIAS_OK bias_core
| **.ends
| 
| * expanding   symbol:  design/bias_core.sym # of pins=5
| ** sym_path: design/bias_core.sym
| ** sch_path: design/bias_core.sch
| .subckt bias_core VDD VSS IBIAS VREF BIAS_OK
| *.iopin VDD
| *.iopin VSS
| *.opin IBIAS
| *.opin VREF
| *.opin BIAS_OK
| XMP1 NA PG VDD VDD sky130_fd_pr__pfet_g5v0d10v5 L=4 W=8 nf=1 ad=2.32 as=2.32 pd=16.58 ps=16.58 nrd=0.03625 nrs=0.03625 sa=0 sb=0
| + sd=0 mult=1 m=1
| XMP2 NBTOP PG VDD VDD sky130_fd_pr__pfet_g5v0d10v5 L=4 W=8 nf=1 ad=2.32 as=2.32 pd=16.58 ps=16.58 nrd=0.03625 nrs=0.03625 sa=0
| + sb=0 sd=0 mult=1 m=1
| XMP3 VREF PG VDD VDD sky130_fd_pr__pfet_g5v0d10v5 L=4 W=8 nf=1 ad=2.32 as=2.32 pd=16.58 ps=16.58 nrd=0.03625 nrs=0.03625 sa=0 sb=0
| + sd=0 mult=1 m=1
| XMPBN NBG PG VDD VDD sky130_fd_pr__pfet_g5v0d10v5 L=4 W=2 nf=1 ad=0.58 as=0.58 pd=4.58 ps=4.58 nrd=0.145 nrs=0.145 sa=0 sb=0 sd=0
| + mult=1 m=1
| XQ1 VSS VSS NA sky130_fd_pr__pnp_05v5_W3p40L3p40 m=1 mult=1
| XRT NBTOP NB VSS sky130_fd_pr__res_xhigh_po W=2 L=17.5 mult=1 m=1
| XR1 NB EC VSS sky130_fd_pr__res_xhigh_po W=2 L=350.0 mult=1 m=1
| XQ8A VSS VSS EC sky130_fd_pr__pnp_05v5_W3p40L3p40 m=1 mult=1
| XQ8B VSS VSS EC sky130_fd_pr__pnp_05v5_W3p40L3p40 m=1 mult=1
| XQ8C VSS VSS EC sky130_fd_pr__pnp_05v5_W3p40L3p40 m=1 mult=1
| XQ8D VSS VSS EC sky130_fd_pr__pnp_05v5_W3p40L3p40 m=1 mult=1
| XQ8E VSS VSS EC sky130_fd_pr__pnp_05v5_W3p40L3p40 m=1 mult=1
| XQ8F VSS VSS EC sky130_fd_pr__pnp_05v5_W3p40L3p40 m=1 mult=1
| XQ8G VSS VSS EC sky130_fd_pr__pnp_05v5_W3p40L3p40 m=1 mult=1
| XQ8H VSS VSS EC sky130_fd_pr__pnp_05v5_W3p40L3p40 m=1 mult=1
| XR2 VREF ER VSS sky130_fd_pr__res_xhigh_po W=2 L=4104.0 mult=1 m=1
| XQR VSS VSS ER sky130_fd_pr__pnp_05v5_W3p40L3p40 m=1 mult=1
| XMBN NBG NBG VSS VSS sky130_fd_pr__nfet_g5v0d10v5 L=4 W=2 nf=1 ad=0.58 as=0.58 pd=4.58 ps=4.58 nrd=0.145 nrs=0.145 sa=0 sb=0 sd=0
| + mult=1 m=1
| XMBN2 PB NBG VSS VSS sky130_fd_pr__nfet_g5v0d10v5 L=4 W=2 nf=1 ad=0.58 as=0.58 pd=4.58 ps=4.58 nrd=0.145 nrs=0.145 sa=0 sb=0 sd=0
| + mult=1 m=1
| XMBP PB PB VDD VDD sky130_fd_pr__pfet_g5v0d10v5 L=4 W=2 nf=1 ad=0.58 as=0.58 pd=4.58 ps=4.58 nrd=0.145 nrs=0.145 sa=0 sb=0 sd=0
| + mult=1 m=1
| XMPIB IBIAS PB VDD VDD sky130_fd_pr__pfet_g5v0d10v5 L=4 W=40 nf=1 ad=11.6 as=11.6 pd=80.58 ps=80.58 nrd=0.00725 nrs=0.00725 sa=0
| + sb=0 sd=0 mult=1 m=1
| XMPT NT PB VDD VDD sky130_fd_pr__pfet_g5v0d10v5 L=4 W=2 nf=1 ad=0.58 as=0.58 pd=4.58 ps=4.58 nrd=0.145 nrs=0.145 sa=0 sb=0 sd=0
| + mult=1 m=1
| XMI1 N1 NA NT VDD sky130_fd_pr__pfet_g5v0d10v5 L=4 W=16 nf=1 ad=4.64 as=4.64 pd=32.58 ps=32.58 nrd=0.018125 nrs=0.018125 sa=0 sb=0
| + sd=0 mult=1 m=1
| XMI2 N2 NB NT VDD sky130_fd_pr__pfet_g5v0d10v5 L=4 W=16 nf=1 ad=4.64 as=4.64 pd=32.58 ps=32.58 nrd=0.018125 nrs=0.018125 sa=0 sb=0
| + sd=0 mult=1 m=1
| XML1 N1 N1 VSS VSS sky130_fd_pr__nfet_g5v0d10v5 L=8 W=4 nf=1 ad=1.16 as=1.16 pd=8.58 ps=8.58 nrd=0.0725 nrs=0.0725 sa=0 sb=0 sd=0
| + mult=1 m=1
| XML2 N2 N1 VSS VSS sky130_fd_pr__nfet_g5v0d10v5 L=8 W=4 nf=1 ad=1.16 as=1.16 pd=8.58 ps=8.58 nrd=0.0725 nrs=0.0725 sa=0 sb=0 sd=0
| + mult=1 m=1
| XMS2N PG N2 VSS VSS sky130_fd_pr__nfet_g5v0d10v5 L=8 W=8 nf=1 ad=2.32 as=2.32 pd=16.58 ps=16.58 nrd=0.03625 nrs=0.03625 sa=0 sb=0
| + sd=0 mult=1 m=1
| XMS2P PG PB VDD VDD sky130_fd_pr__pfet_g5v0d10v5 L=4 W=2 nf=1 ad=0.58 as=0.58 pd=4.58 ps=4.58 nrd=0.145 nrs=0.145 sa=0 sb=0 sd=0
| + mult=1 m=1
| XCC PG NZ sky130_fd_pr__cap_mim_m3_1 W=20 L=20 MF=1 m=1
| XRZ NZ N2 VSS sky130_fd_pr__res_xhigh_po W=2 L=1016.0 mult=1 m=1
| XKS0 VDD VDD KS1 VSS sky130_fd_pr__nfet_g5v0d10v5 L=8 W=1 nf=1 ad=0.29 as=0.29 pd=2.58 ps=2.58 nrd=0.29 nrs=0.29 sa=0 sb=0 sd=0
| + mult=1 m=1
| XKS1 KS1 KS1 KS2 VSS sky130_fd_pr__nfet_g5v0d10v5 L=8 W=1 nf=1 ad=0.29 as=0.29 pd=2.58 ps=2.58 nrd=0.29 nrs=0.29 sa=0 sb=0 sd=0
| + mult=1 m=1
| XKS2 KS2 KS2 KS3 VSS sky130_fd_pr__nfet_g5v0d10v5 L=8 W=1 nf=1 ad=0.29 as=0.29 pd=2.58 ps=2.58 nrd=0.29 nrs=0.29 sa=0 sb=0 sd=0
| + mult=1 m=1
| XKS3 KS3 KS3 KS4 VSS sky130_fd_pr__nfet_g5v0d10v5 L=8 W=1 nf=1 ad=0.29 as=0.29 pd=2.58 ps=2.58 nrd=0.29 nrs=0.29 sa=0 sb=0 sd=0
| + mult=1 m=1
| XKS4 KS4 KS4 NKG VSS sky130_fd_pr__nfet_g5v0d10v5 L=8 W=1 nf=1 ad=0.29 as=0.29 pd=2.58 ps=2.58 nrd=0.29 nrs=0.29 sa=0 sb=0 sd=0
| + mult=1 m=1
| XKA NKM PB VDD VDD sky130_fd_pr__pfet_g5v0d10v5 L=4 W=1 nf=1 ad=0.29 as=0.29 pd=2.58 ps=2.58 nrd=0.29 nrs=0.29 sa=0 sb=0 sd=0
| + mult=1 m=1
| XKAN NKM NKM VSS VSS sky130_fd_pr__nfet_g5v0d10v5 L=4 W=2 nf=1 ad=0.58 as=0.58 pd=4.58 ps=4.58 nrd=0.145 nrs=0.145 sa=0 sb=0 sd=0
| + mult=1 m=1
| XKPD NKG NKM VSS VSS sky130_fd_pr__nfet_g5v0d10v5 L=4 W=8 nf=1 ad=2.32 as=2.32 pd=16.58 ps=16.58 nrd=0.03625 nrs=0.03625 sa=0 sb=0
| + sd=0 mult=1 m=1
| XKICK PG NKG VSS VSS sky130_fd_pr__nfet_g5v0d10v5 L=4 W=1 nf=1 ad=0.29 as=0.29 pd=2.58 ps=2.58 nrd=0.29 nrs=0.29 sa=0 sb=0 sd=0
| + mult=1 m=1
| XMPOK TOK PB VDD VDD sky130_fd_pr__pfet_g5v0d10v5 L=4 W=1 nf=1 ad=0.29 as=0.29 pd=2.58 ps=2.58 nrd=0.29 nrs=0.29 sa=0 sb=0 sd=0
| + mult=1 m=1
| XMOKA NOKO NA TOK VDD sky130_fd_pr__pfet_g5v0d10v5 L=4 W=8 nf=1 ad=2.32 as=2.32 pd=16.58 ps=16.58 nrd=0.03625 nrs=0.03625 sa=0
| + sb=0 sd=0 mult=1 m=1
| XMOKB NOKL NBTOP TOK VDD sky130_fd_pr__pfet_g5v0d10v5 L=4 W=8 nf=1 ad=2.32 as=2.32 pd=16.58 ps=16.58 nrd=0.03625 nrs=0.03625 sa=0
| + sb=0 sd=0 mult=1 m=1
| XMOL1 NOKL NOKL VSS VSS sky130_fd_pr__nfet_g5v0d10v5 L=4 W=2 nf=1 ad=0.58 as=0.58 pd=4.58 ps=4.58 nrd=0.145 nrs=0.145 sa=0 sb=0
| + sd=0 mult=1 m=1
| XMOL2 NOKO NOKL VSS VSS sky130_fd_pr__nfet_g5v0d10v5 L=4 W=2 nf=1 ad=0.58 as=0.58 pd=4.58 ps=4.58 nrd=0.145 nrs=0.145 sa=0 sb=0
| + sd=0 mult=1 m=1
| XMOKC NOKO NKG VSS VSS sky130_fd_pr__nfet_g5v0d10v5 L=1 W=2 nf=1 ad=0.58 as=0.58 pd=4.58 ps=4.58 nrd=0.145 nrs=0.145 sa=0 sb=0
| + sd=0 mult=1 m=1
| XMOK2 NOKX NOKO VSS VSS sky130_fd_pr__nfet_g5v0d10v5 L=4 W=2 nf=1 ad=0.58 as=0.58 pd=4.58 ps=4.58 nrd=0.145 nrs=0.145 sa=0 sb=0
| + sd=0 mult=1 m=1
| XMOK2P NOKX PB VDD VDD sky130_fd_pr__pfet_g5v0d10v5 L=4 W=1 nf=1 ad=0.29 as=0.29 pd=2.58 ps=2.58 nrd=0.29 nrs=0.29 sa=0 sb=0 sd=0
| + mult=1 m=1
| XCOK VDD NOKX sky130_fd_pr__cap_mim_m3_1 W=6 L=6 MF=1 m=1
| XMO1P BIAS_OK NOKX VDD VDD sky130_fd_pr__pfet_g5v0d10v5 L=4 W=1 nf=1 ad=0.29 as=0.29 pd=2.58 ps=2.58 nrd=0.29 nrs=0.29 sa=0 sb=0
| + sd=0 mult=1 m=1
| XMO1N BIAS_OK NOKX VSS VSS sky130_fd_pr__nfet_g5v0d10v5 L=0.5 W=4 nf=1 ad=1.16 as=1.16 pd=8.58 ps=8.58 nrd=0.0725 nrs=0.0725 sa=0
| + sb=0 sd=0 mult=1 m=1
| .ends
| 
| .control
| save all
| tran 10u 10m uic
| let nlast = length(v(vref))-1
| let meas_vref = v(vref)[nlast]
| let meas_vref_settled = abs(v(vref)[nlast] - v(vref)[nlast-100])
| let meas_ibias = v(ibias)[nlast]
| let meas_bias_ok = v(bias_ok)[nlast]
| let meas_isup = -i(v1)[nlast]
| print meas_vref
| print meas_vref_settled
| print meas_ibias
| print meas_bias_ok
| print meas_isup
| quit
| .endc
| .end

# ==== ngspice stdout ====

Note: Compatibility modes selected: hs a


Circuit: * bias-core-startup corner deck -- generated by sim/bin/corner-run.py, do not edit

option SCALE: Scale is set to 1e-06 for instance and model parameters
option SCALE: Scale is set to 1e-06 for instance and model parameters
option SCALE: Scale is set to 1e-06 for instance and model parameters
option SCALE: Scale is set to 1e-06 for instance and model parameters
Doing analysis at TEMP = 27.000000 and TNOM = 27.000000

Using KLU as Direct Linear Solver
Operating point simulation skipped by 'uic',
  now using transient initial conditions.
 Reference value :  1.00000e-07
 Reference value :  8.00000e-07
 Reference value :  6.40000e-06
 Reference value :  1.06400e-05
 Reference value :  1.44800e-05
 Reference value :  1.96000e-05
 Reference value :  2.60768e-05
 Reference value :  4.55957e-05
 Reference value :  5.32106e-05
 Reference value :  5.95077e-05
 Reference value :  6.44651e-05
 Reference value :  7.52233e-05
 Reference value :  8.08226e-05
 Reference value :  8.62778e-05
 Reference value :  9.13310e-05
 Reference value :  9.56655e-05
 Reference value :  1.00469e-04
 Reference value :  1.02986e-04
 Reference value :  1.09896e-04
 Reference value :  1.24222e-04
 Reference value :  1.44222e-04
 Reference value :  1.64222e-04
 Reference value :  1.94222e-04
 Reference value :  2.14222e-04
 Reference value :  2.34222e-04
 Reference value :  2.64222e-04
 Reference value :  2.94222e-04
 Reference value :  3.24222e-04
 Reference value :  3.54222e-04
 Reference value :  3.94222e-04
 Reference value :  4.44222e-04
 Reference value :  4.74222e-04
 Reference value :  5.04222e-04
 Reference value :  5.44222e-04
 Reference value :  5.84222e-04
 Reference value :  6.24222e-04
 Reference value :  6.64222e-04
 Reference value :  7.04222e-04
 Reference value :  7.34222e-04
 Reference value :  7.64222e-04
 Reference value :  7.94222e-04
 Reference value :  8.24222e-04
 Reference value :  8.54222e-04
 Reference value :  8.94222e-04
 Reference value :  9.34222e-04
 Reference value :  9.74222e-04
 Reference value :  1.00422e-03
 Reference value :  1.03422e-03
 Reference value :  1.07422e-03
 Reference value :  1.11422e-03
 Reference value :  1.15422e-03
 Reference value :  1.19422e-03
 Reference value :  1.23422e-03
 Reference value :  1.27422e-03
 Reference value :  1.30422e-03
 Reference value :  1.34422e-03
 Reference value :  1.38422e-03
 Reference value :  1.42422e-03
 Reference value :  1.45422e-03
 Reference value :  1.48422e-03
 Reference value :  1.51422e-03
 Reference value :  1.54422e-03
 Reference value :  1.58422e-03
 Reference value :  1.62422e-03
 Reference value :  1.65422e-03
 Reference value :  1.68422e-03
 Reference value :  1.72422e-03
 Reference value :  1.75422e-03
 Reference value :  1.78422e-03
 Reference value :  1.81422e-03
 Reference value :  1.84422e-03
 Reference value :  1.87422e-03
 Reference value :  1.91422e-03
 Reference value :  1.95422e-03
 Reference value :  1.99422e-03
 Reference value :  2.03422e-03
 Reference value :  2.07422e-03
 Reference value :  2.11422e-03
 Reference value :  2.14422e-03
 Reference value :  2.18422e-03
 Reference value :  2.21422e-03
 Reference value :  2.25422e-03
 Reference value :  2.29422e-03
 Reference value :  2.33422e-03
 Reference value :  2.36422e-03
 Reference value :  2.40422e-03
 Reference value :  2.44422e-03
 Reference value :  2.48422e-03
 Reference value :  2.52422e-03
 Reference value :  2.56422e-03
 Reference value :  2.60422e-03
 Reference value :  2.63422e-03
 Reference value :  2.66422e-03
 Reference value :  2.70422e-03
 Reference value :  2.74422e-03
 Reference value :  2.78422e-03
 Reference value :  2.81422e-03
 Reference value :  2.84422e-03
 Reference value :  2.87422e-03
 Reference value :  2.90422e-03
 Reference value :  2.93422e-03
 Reference value :  2.96422e-03
 Reference value :  2.99422e-03
 Reference value :  3.02422e-03
 Reference value :  3.06422e-03
 Reference value :  3.10422e-03
 Reference value :  3.14422e-03
 Reference value :  3.17422e-03
 Reference value :  3.21422e-03
 Reference value :  3.24422e-03
 Reference value :  3.27422e-03
 Reference value :  3.30422e-03
 Reference value :  3.33422e-03
 Reference value :  3.36422e-03
 Reference value :  3.40422e-03
 Reference value :  3.44422e-03
 Reference value :  3.47422e-03
 Reference value :  3.50422e-03
 Reference value :  3.54422e-03
 Reference value :  3.57422e-03
 Reference value :  3.61422e-03
 Reference value :  3.65422e-03
 Reference value :  3.69422e-03
 Reference value :  3.73422e-03
 Reference value :  3.76422e-03
 Reference value :  3.80422e-03
 Reference value :  3.84422e-03
 Reference value :  3.87422e-03
 Reference value :  3.90422e-03
 Reference value :  3.93422e-03
 Reference value :  3.96422e-03
 Reference value :  3.99422e-03
 Reference value :  4.02422e-03
 Reference value :  4.06422e-03
 Reference value :  4.10422e-03
 Reference value :  4.13422e-03
 Reference value :  4.16422e-03
 Reference value :  4.20422e-03
 Reference value :  4.24422e-03
 Reference value :  4.27422e-03
 Reference value :  4.30422e-03
 Reference value :  4.33422e-03
 Reference value :  4.37422e-03
 Reference value :  4.40422e-03
 Reference value :  4.43422e-03
 Reference value :  4.46422e-03
 Reference value :  4.49422e-03
 Reference value :  4.53422e-03
 Reference value :  4.56422e-03
 Reference value :  4.59422e-03
 Reference value :  4.63422e-03
 Reference value :  4.66422e-03
 Reference value :  4.69422e-03
 Reference value :  4.72422e-03
 Reference value :  4.76422e-03
 Reference value :  4.79422e-03
 Reference value :  4.82422e-03
 Reference value :  4.85422e-03
 Reference value :  4.88422e-03
 Reference value :  4.91422e-03
 Reference value :  4.95422e-03
 Reference value :  4.99422e-03
 Reference value :  5.03422e-03
 Reference value :  5.06422e-03
 Reference value :  5.09422e-03
 Reference value :  5.12422e-03
 Reference value :  5.15422e-03
 Reference value :  5.19422e-03
 Reference value :  5.23422e-03
 Reference value :  5.26422e-03
 Reference value :  5.29422e-03
 Reference value :  5.32422e-03
 Reference value :  5.36422e-03
 Reference value :  5.40422e-03
 Reference value :  5.44422e-03
 Reference value :  5.47422e-03
 Reference value :  5.51422e-03
 Reference value :  5.55422e-03
 Reference value :  5.59422e-03
 Reference value :  5.63422e-03
 Reference value :  5.67422e-03
 Reference value :  5.71422e-03
 Reference value :  5.74422e-03
 Reference value :  5.78422e-03
 Reference value :  5.81422e-03
 Reference value :  5.84422e-03
 Reference value :  5.87422e-03
 Reference value :  5.91422e-03
 Reference value :  5.95422e-03
 Reference value :  5.98422e-03
 Reference value :  6.01422e-03
 Reference value :  6.05422e-03
 Reference value :  6.09422e-03
 Reference value :  6.13422e-03
 Reference value :  6.16422e-03
 Reference value :  6.20422e-03
 Reference value :  6.24422e-03
 Reference value :  6.27422e-03
 Reference value :  6.31422e-03
 Reference value :  6.35422e-03
 Reference value :  6.38422e-03
 Reference value :  6.41422e-03
 Reference value :  6.44422e-03
 Reference value :  6.48422e-03
 Reference value :  6.51422e-03
 Reference value :  6.55422e-03
 Reference value :  6.59422e-03
 Reference value :  6.63422e-03
 Reference value :  6.67422e-03
 Reference value :  6.71422e-03
 Reference value :  6.74422e-03
 Reference value :  6.77422e-03
 Reference value :  6.81422e-03
 Reference value :  6.85422e-03
 Reference value :  6.88422e-03
 Reference value :  6.92422e-03
 Reference value :  6.96422e-03
 Reference value :  6.99422e-03
 Reference value :  7.03422e-03
 Reference value :  7.07422e-03
 Reference value :  7.11422e-03
 Reference value :  7.14422e-03
 Reference value :  7.18422e-03
 Reference value :  7.22422e-03
 Reference value :  7.26422e-03
 Reference value :  7.30422e-03
 Reference value :  7.34422e-03
 Reference value :  7.38422e-03
 Reference value :  7.42422e-03
 Reference value :  7.46422e-03
 Reference value :  7.50422e-03
 Reference value :  7.54422e-03
 Reference value :  7.58422e-03
 Reference value :  7.61422e-03
 Reference value :  7.65422e-03
 Reference value :  7.69422e-03
 Reference value :  7.73422e-03
 Reference value :  7.77422e-03
 Reference value :  7.80422e-03
 Reference value :  7.83422e-03
 Reference value :  7.86422e-03
 Reference value :  7.90422e-03
 Reference value :  7.94422e-03
 Reference value :  7.97422e-03
 Reference value :  8.01422e-03
 Reference value :  8.05422e-03
 Reference value :  8.09422e-03
 Reference value :  8.13422e-03
 Reference value :  8.17422e-03
 Reference value :  8.21422e-03
 Reference value :  8.25422e-03
 Reference value :  8.29422e-03
 Reference value :  8.33422e-03
 Reference value :  8.38422e-03
 Reference value :  8.42422e-03
 Reference value :  8.46422e-03
 Reference value :  8.50422e-03
 Reference value :  8.54422e-03
 Reference value :  8.57422e-03
 Reference value :  8.61422e-03
 Reference value :  8.64422e-03
 Reference value :  8.68422e-03
 Reference value :  8.71422e-03
 Reference value :  8.74422e-03
 Reference value :  8.78422e-03
 Reference value :  8.82422e-03
 Reference value :  8.86422e-03
 Reference value :  8.89422e-03
 Reference value :  8.92422e-03
 Reference value :  8.95422e-03
 Reference value :  8.99422e-03
 Reference value :  9.02422e-03
 Reference value :  9.06422e-03
 Reference value :  9.10422e-03
 Reference value :  9.13422e-03
 Reference value :  9.16422e-03
 Reference value :  9.20422e-03
 Reference value :  9.23422e-03
 Reference value :  9.27422e-03
 Reference value :  9.31422e-03
 Reference value :  9.35422e-03
 Reference value :  9.38422e-03
 Reference value :  9.42422e-03
 Reference value :  9.46422e-03
 Reference value :  9.50422e-03
 Reference value :  9.54422e-03
 Reference value :  9.59422e-03
 Reference value :  9.63422e-03
 Reference value :  9.68422e-03
 Reference value :  9.73422e-03
 Reference value :  9.79422e-03
 Reference value :  9.85422e-03
 Reference value :  9.91422e-03
 Reference value :  9.97422e-03
No. of Data Rows : 1021
meas_vref = 1.253850e+00
meas_vref_settled = 1.256629e-09
meas_ibias = 3.630000e+00
meas_bias_ok = 3.629998e+00
meas_isup = 9.522751e-07
ngspice-46 done

# ==== ngspice stderr ====

