# corner: sf_27c_2.97v
# process=sf temp=27C supply=2.97V
# ngspice exit: 0
# wall clock: 88.8s (--timeout was 300s)
# result: PASS

# ==== deck (exact input given to ngspice) ====
| * bias-core-startup corner deck -- generated by sim/bin/corner-run.py, do not edit
| * corner: sf_27c_2.97v
| .param vsup=2.97
| .param tramp=100u
| .param tstop=10m
| .option wnflag=1
| .temp 27
| .lib "/home/ubuntu/.volare/sky130A/libs.tech/combined/sky130.lib.spice" sf
| ** sch_path: sim/bias-core-startup/testbench/tb_bias_core_startup.sch
| **.subckt tb_bias_core_startup
| V1 VDD 0 PWL(0 0 'tramp' 'vsup' 'tstop' 'vsup')
| .save i(v1)
| XDUT VDD 0 IBIAS VREF BIAS_OK bias_core
| **.ends
| 
| * expanding   symbol:  design/bias_core.sym # of pins=5
| ** sym_path: design/bias_core.sym
| ** sch_path: design/bias_core.sch
| .subckt bias_core VDD VSS IBIAS VREF BIAS_OK
| *.iopin VDD
| *.iopin VSS
| *.opin IBIAS
| *.opin VREF
| *.opin BIAS_OK
| XMP1 NA PG VDD VDD sky130_fd_pr__pfet_g5v0d10v5 L=4 W=8 nf=1 ad=2.32 as=2.32 pd=16.58 ps=16.58 nrd=0.03625 nrs=0.03625 sa=0 sb=0
| + sd=0 mult=1 m=1
| XMP2 NBTOP PG VDD VDD sky130_fd_pr__pfet_g5v0d10v5 L=4 W=8 nf=1 ad=2.32 as=2.32 pd=16.58 ps=16.58 nrd=0.03625 nrs=0.03625 sa=0
| + sb=0 sd=0 mult=1 m=1
| XMP3 VREF PG VDD VDD sky130_fd_pr__pfet_g5v0d10v5 L=4 W=8 nf=1 ad=2.32 as=2.32 pd=16.58 ps=16.58 nrd=0.03625 nrs=0.03625 sa=0 sb=0
| + sd=0 mult=1 m=1
| XMPBN NBG PG VDD VDD sky130_fd_pr__pfet_g5v0d10v5 L=4 W=2 nf=1 ad=0.58 as=0.58 pd=4.58 ps=4.58 nrd=0.145 nrs=0.145 sa=0 sb=0 sd=0
| + mult=1 m=1
| XQ1 VSS VSS NA sky130_fd_pr__pnp_05v5_W3p40L3p40 m=1 mult=1
| XRT NBTOP NB VSS sky130_fd_pr__res_xhigh_po W=2 L=17.5 mult=1 m=1
| XR1 NB EC VSS sky130_fd_pr__res_xhigh_po W=2 L=350.0 mult=1 m=1
| XQ8A VSS VSS EC sky130_fd_pr__pnp_05v5_W3p40L3p40 m=1 mult=1
| XQ8B VSS VSS EC sky130_fd_pr__pnp_05v5_W3p40L3p40 m=1 mult=1
| XQ8C VSS VSS EC sky130_fd_pr__pnp_05v5_W3p40L3p40 m=1 mult=1
| XQ8D VSS VSS EC sky130_fd_pr__pnp_05v5_W3p40L3p40 m=1 mult=1
| XQ8E VSS VSS EC sky130_fd_pr__pnp_05v5_W3p40L3p40 m=1 mult=1
| XQ8F VSS VSS EC sky130_fd_pr__pnp_05v5_W3p40L3p40 m=1 mult=1
| XQ8G VSS VSS EC sky130_fd_pr__pnp_05v5_W3p40L3p40 m=1 mult=1
| XQ8H VSS VSS EC sky130_fd_pr__pnp_05v5_W3p40L3p40 m=1 mult=1
| XR2 VREF ER VSS sky130_fd_pr__res_xhigh_po W=2 L=4104.0 mult=1 m=1
| XQR VSS VSS ER sky130_fd_pr__pnp_05v5_W3p40L3p40 m=1 mult=1
| XMBN NBG NBG VSS VSS sky130_fd_pr__nfet_g5v0d10v5 L=4 W=2 nf=1 ad=0.58 as=0.58 pd=4.58 ps=4.58 nrd=0.145 nrs=0.145 sa=0 sb=0 sd=0
| + mult=1 m=1
| XMBN2 PB NBG VSS VSS sky130_fd_pr__nfet_g5v0d10v5 L=4 W=2 nf=1 ad=0.58 as=0.58 pd=4.58 ps=4.58 nrd=0.145 nrs=0.145 sa=0 sb=0 sd=0
| + mult=1 m=1
| XMBP PB PB VDD VDD sky130_fd_pr__pfet_g5v0d10v5 L=4 W=2 nf=1 ad=0.58 as=0.58 pd=4.58 ps=4.58 nrd=0.145 nrs=0.145 sa=0 sb=0 sd=0
| + mult=1 m=1
| XMPIB IBIAS PB VDD VDD sky130_fd_pr__pfet_g5v0d10v5 L=4 W=40 nf=1 ad=11.6 as=11.6 pd=80.58 ps=80.58 nrd=0.00725 nrs=0.00725 sa=0
| + sb=0 sd=0 mult=1 m=1
| XMPT NT PB VDD VDD sky130_fd_pr__pfet_g5v0d10v5 L=4 W=2 nf=1 ad=0.58 as=0.58 pd=4.58 ps=4.58 nrd=0.145 nrs=0.145 sa=0 sb=0 sd=0
| + mult=1 m=1
| XMI1 N1 NA NT VDD sky130_fd_pr__pfet_g5v0d10v5 L=4 W=16 nf=1 ad=4.64 as=4.64 pd=32.58 ps=32.58 nrd=0.018125 nrs=0.018125 sa=0 sb=0
| + sd=0 mult=1 m=1
| XMI2 N2 NB NT VDD sky130_fd_pr__pfet_g5v0d10v5 L=4 W=16 nf=1 ad=4.64 as=4.64 pd=32.58 ps=32.58 nrd=0.018125 nrs=0.018125 sa=0 sb=0
| + sd=0 mult=1 m=1
| XML1 N1 N1 VSS VSS sky130_fd_pr__nfet_g5v0d10v5 L=8 W=4 nf=1 ad=1.16 as=1.16 pd=8.58 ps=8.58 nrd=0.0725 nrs=0.0725 sa=0 sb=0 sd=0
| + mult=1 m=1
| XML2 N2 N1 VSS VSS sky130_fd_pr__nfet_g5v0d10v5 L=8 W=4 nf=1 ad=1.16 as=1.16 pd=8.58 ps=8.58 nrd=0.0725 nrs=0.0725 sa=0 sb=0 sd=0
| + mult=1 m=1
| XMS2N PG N2 VSS VSS sky130_fd_pr__nfet_g5v0d10v5 L=8 W=8 nf=1 ad=2.32 as=2.32 pd=16.58 ps=16.58 nrd=0.03625 nrs=0.03625 sa=0 sb=0
| + sd=0 mult=1 m=1
| XMS2P PG PB VDD VDD sky130_fd_pr__pfet_g5v0d10v5 L=4 W=2 nf=1 ad=0.58 as=0.58 pd=4.58 ps=4.58 nrd=0.145 nrs=0.145 sa=0 sb=0 sd=0
| + mult=1 m=1
| XCC PG NZ sky130_fd_pr__cap_mim_m3_1 W=20 L=20 MF=1 m=1
| XRZ NZ N2 VSS sky130_fd_pr__res_xhigh_po W=2 L=1016.0 mult=1 m=1
| XKS0 VDD VDD KS1 VSS sky130_fd_pr__nfet_g5v0d10v5 L=8 W=1 nf=1 ad=0.29 as=0.29 pd=2.58 ps=2.58 nrd=0.29 nrs=0.29 sa=0 sb=0 sd=0
| + mult=1 m=1
| XKS1 KS1 KS1 KS2 VSS sky130_fd_pr__nfet_g5v0d10v5 L=8 W=1 nf=1 ad=0.29 as=0.29 pd=2.58 ps=2.58 nrd=0.29 nrs=0.29 sa=0 sb=0 sd=0
| + mult=1 m=1
| XKS2 KS2 KS2 KS3 VSS sky130_fd_pr__nfet_g5v0d10v5 L=8 W=1 nf=1 ad=0.29 as=0.29 pd=2.58 ps=2.58 nrd=0.29 nrs=0.29 sa=0 sb=0 sd=0
| + mult=1 m=1
| XKS3 KS3 KS3 KS4 VSS sky130_fd_pr__nfet_g5v0d10v5 L=8 W=1 nf=1 ad=0.29 as=0.29 pd=2.58 ps=2.58 nrd=0.29 nrs=0.29 sa=0 sb=0 sd=0
| + mult=1 m=1
| XKS4 KS4 KS4 NKG VSS sky130_fd_pr__nfet_g5v0d10v5 L=8 W=1 nf=1 ad=0.29 as=0.29 pd=2.58 ps=2.58 nrd=0.29 nrs=0.29 sa=0 sb=0 sd=0
| + mult=1 m=1
| XKA NKM PB VDD VDD sky130_fd_pr__pfet_g5v0d10v5 L=4 W=1 nf=1 ad=0.29 as=0.29 pd=2.58 ps=2.58 nrd=0.29 nrs=0.29 sa=0 sb=0 sd=0
| + mult=1 m=1
| XKAN NKM NKM VSS VSS sky130_fd_pr__nfet_g5v0d10v5 L=4 W=2 nf=1 ad=0.58 as=0.58 pd=4.58 ps=4.58 nrd=0.145 nrs=0.145 sa=0 sb=0 sd=0
| + mult=1 m=1
| XKPD NKG NKM VSS VSS sky130_fd_pr__nfet_g5v0d10v5 L=4 W=8 nf=1 ad=2.32 as=2.32 pd=16.58 ps=16.58 nrd=0.03625 nrs=0.03625 sa=0 sb=0
| + sd=0 mult=1 m=1
| XKICK PG NKG VSS VSS sky130_fd_pr__nfet_g5v0d10v5 L=4 W=1 nf=1 ad=0.29 as=0.29 pd=2.58 ps=2.58 nrd=0.29 nrs=0.29 sa=0 sb=0 sd=0
| + mult=1 m=1
| XMPOK TOK PB VDD VDD sky130_fd_pr__pfet_g5v0d10v5 L=4 W=1 nf=1 ad=0.29 as=0.29 pd=2.58 ps=2.58 nrd=0.29 nrs=0.29 sa=0 sb=0 sd=0
| + mult=1 m=1
| XMOKA NOKO NA TOK VDD sky130_fd_pr__pfet_g5v0d10v5 L=4 W=8 nf=1 ad=2.32 as=2.32 pd=16.58 ps=16.58 nrd=0.03625 nrs=0.03625 sa=0
| + sb=0 sd=0 mult=1 m=1
| XMOKB NOKL NBTOP TOK VDD sky130_fd_pr__pfet_g5v0d10v5 L=4 W=8 nf=1 ad=2.32 as=2.32 pd=16.58 ps=16.58 nrd=0.03625 nrs=0.03625 sa=0
| + sb=0 sd=0 mult=1 m=1
| XMOL1 NOKL NOKL VSS VSS sky130_fd_pr__nfet_g5v0d10v5 L=4 W=2 nf=1 ad=0.58 as=0.58 pd=4.58 ps=4.58 nrd=0.145 nrs=0.145 sa=0 sb=0
| + sd=0 mult=1 m=1
| XMOL2 NOKO NOKL VSS VSS sky130_fd_pr__nfet_g5v0d10v5 L=4 W=2 nf=1 ad=0.58 as=0.58 pd=4.58 ps=4.58 nrd=0.145 nrs=0.145 sa=0 sb=0
| + sd=0 mult=1 m=1
| XMOKC NOKO NKG VSS VSS sky130_fd_pr__nfet_g5v0d10v5 L=1 W=2 nf=1 ad=0.58 as=0.58 pd=4.58 ps=4.58 nrd=0.145 nrs=0.145 sa=0 sb=0
| + sd=0 mult=1 m=1
| XMOK2 NOKX NOKO VSS VSS sky130_fd_pr__nfet_g5v0d10v5 L=4 W=2 nf=1 ad=0.58 as=0.58 pd=4.58 ps=4.58 nrd=0.145 nrs=0.145 sa=0 sb=0
| + sd=0 mult=1 m=1
| XMOK2P NOKX PB VDD VDD sky130_fd_pr__pfet_g5v0d10v5 L=4 W=1 nf=1 ad=0.29 as=0.29 pd=2.58 ps=2.58 nrd=0.29 nrs=0.29 sa=0 sb=0 sd=0
| + mult=1 m=1
| XCOK VDD NOKX sky130_fd_pr__cap_mim_m3_1 W=6 L=6 MF=1 m=1
| XMO1P BIAS_OK NOKX VDD VDD sky130_fd_pr__pfet_g5v0d10v5 L=4 W=1 nf=1 ad=0.29 as=0.29 pd=2.58 ps=2.58 nrd=0.29 nrs=0.29 sa=0 sb=0
| + sd=0 mult=1 m=1
| XMO1N BIAS_OK NOKX VSS VSS sky130_fd_pr__nfet_g5v0d10v5 L=0.5 W=4 nf=1 ad=1.16 as=1.16 pd=8.58 ps=8.58 nrd=0.0725 nrs=0.0725 sa=0
| + sb=0 sd=0 mult=1 m=1
| .ends
| 
| .control
| save all
| tran 10u 10m uic
| let nlast = length(v(vref))-1
| let meas_vref = v(vref)[nlast]
| let meas_vref_settled = abs(v(vref)[nlast] - v(vref)[nlast-100])
| let meas_ibias = v(ibias)[nlast]
| let meas_bias_ok = v(bias_ok)[nlast]
| let meas_isup = -i(v1)[nlast]
| print meas_vref
| print meas_vref_settled
| print meas_ibias
| print meas_bias_ok
| print meas_isup
| quit
| .endc
| .end

# ==== ngspice stdout ====

Note: Compatibility modes selected: hs a


Circuit: * bias-core-startup corner deck -- generated by sim/bin/corner-run.py, do not edit

option SCALE: Scale is set to 1e-06 for instance and model parameters
option SCALE: Scale is set to 1e-06 for instance and model parameters
option SCALE: Scale is set to 1e-06 for instance and model parameters
option SCALE: Scale is set to 1e-06 for instance and model parameters
Doing analysis at TEMP = 27.000000 and TNOM = 27.000000

Using KLU as Direct Linear Solver
Operating point simulation skipped by 'uic',
  now using transient initial conditions.
 Reference value :  1.00000e-07
 Reference value :  8.00000e-07
 Reference value :  6.40000e-06
 Reference value :  1.06400e-05
 Reference value :  1.96000e-05
 Reference value :  2.96000e-05
 Reference value :  4.96000e-05
 Reference value :  5.96000e-05
 Reference value :  6.69118e-05
 Reference value :  7.30314e-05
 Reference value :  7.76730e-05
 Reference value :  8.75521e-05
 Reference value :  1.00000e-04
 Reference value :  1.02610e-04
 Reference value :  1.05206e-04
 Reference value :  1.19414e-04
 Reference value :  1.49414e-04
 Reference value :  1.79414e-04
 Reference value :  1.99414e-04
 Reference value :  2.19414e-04
 Reference value :  2.39414e-04
 Reference value :  2.59414e-04
 Reference value :  2.79414e-04
 Reference value :  2.99414e-04
 Reference value :  3.29414e-04
 Reference value :  3.59414e-04
 Reference value :  3.79414e-04
 Reference value :  3.99414e-04
 Reference value :  4.19414e-04
 Reference value :  4.39414e-04
 Reference value :  4.69414e-04
 Reference value :  5.09414e-04
 Reference value :  5.39414e-04
 Reference value :  5.69414e-04
 Reference value :  6.09414e-04
 Reference value :  6.39414e-04
 Reference value :  6.69414e-04
 Reference value :  6.99414e-04
 Reference value :  7.39414e-04
 Reference value :  7.79414e-04
 Reference value :  8.19414e-04
 Reference value :  8.49414e-04
 Reference value :  8.89414e-04
 Reference value :  9.29414e-04
 Reference value :  9.69414e-04
 Reference value :  1.00941e-03
 Reference value :  1.04941e-03
 Reference value :  1.07941e-03
 Reference value :  1.10941e-03
 Reference value :  1.14941e-03
 Reference value :  1.17941e-03
 Reference value :  1.20941e-03
 Reference value :  1.23941e-03
 Reference value :  1.26941e-03
 Reference value :  1.30941e-03
 Reference value :  1.34941e-03
 Reference value :  1.38941e-03
 Reference value :  1.41941e-03
 Reference value :  1.45941e-03
 Reference value :  1.49941e-03
 Reference value :  1.53941e-03
 Reference value :  1.57941e-03
 Reference value :  1.61941e-03
 Reference value :  1.65941e-03
 Reference value :  1.69941e-03
 Reference value :  1.73941e-03
 Reference value :  1.77941e-03
 Reference value :  1.81941e-03
 Reference value :  1.85941e-03
 Reference value :  1.89941e-03
 Reference value :  1.92941e-03
 Reference value :  1.96941e-03
 Reference value :  1.99941e-03
 Reference value :  2.03941e-03
 Reference value :  2.07941e-03
 Reference value :  2.11941e-03
 Reference value :  2.15941e-03
 Reference value :  2.19941e-03
 Reference value :  2.23941e-03
 Reference value :  2.27941e-03
 Reference value :  2.30941e-03
 Reference value :  2.33941e-03
 Reference value :  2.36941e-03
 Reference value :  2.39941e-03
 Reference value :  2.42941e-03
 Reference value :  2.46941e-03
 Reference value :  2.49941e-03
 Reference value :  2.52941e-03
 Reference value :  2.56941e-03
 Reference value :  2.59941e-03
 Reference value :  2.62941e-03
 Reference value :  2.65941e-03
 Reference value :  2.68941e-03
 Reference value :  2.71941e-03
 Reference value :  2.74941e-03
 Reference value :  2.77941e-03
 Reference value :  2.80941e-03
 Reference value :  2.83941e-03
 Reference value :  2.86941e-03
 Reference value :  2.89941e-03
 Reference value :  2.92941e-03
 Reference value :  2.96941e-03
 Reference value :  3.00941e-03
 Reference value :  3.04941e-03
 Reference value :  3.08941e-03
 Reference value :  3.11941e-03
 Reference value :  3.15941e-03
 Reference value :  3.19941e-03
 Reference value :  3.23941e-03
 Reference value :  3.27941e-03
 Reference value :  3.31941e-03
 Reference value :  3.35941e-03
 Reference value :  3.39941e-03
 Reference value :  3.42941e-03
 Reference value :  3.45941e-03
 Reference value :  3.48941e-03
 Reference value :  3.52941e-03
 Reference value :  3.55941e-03
 Reference value :  3.58941e-03
 Reference value :  3.61941e-03
 Reference value :  3.64941e-03
 Reference value :  3.67941e-03
 Reference value :  3.70941e-03
 Reference value :  3.73941e-03
 Reference value :  3.76941e-03
 Reference value :  3.79941e-03
 Reference value :  3.82941e-03
 Reference value :  3.86941e-03
 Reference value :  3.89941e-03
 Reference value :  3.92941e-03
 Reference value :  3.95941e-03
 Reference value :  3.99941e-03
 Reference value :  4.03941e-03
 Reference value :  4.06941e-03
 Reference value :  4.09941e-03
 Reference value :  4.12941e-03
 Reference value :  4.15941e-03
 Reference value :  4.19941e-03
 Reference value :  4.23941e-03
 Reference value :  4.27941e-03
 Reference value :  4.30941e-03
 Reference value :  4.34941e-03
 Reference value :  4.38941e-03
 Reference value :  4.42941e-03
 Reference value :  4.46941e-03
 Reference value :  4.50941e-03
 Reference value :  4.53941e-03
 Reference value :  4.57941e-03
 Reference value :  4.61941e-03
 Reference value :  4.65941e-03
 Reference value :  4.69941e-03
 Reference value :  4.73941e-03
 Reference value :  4.76941e-03
 Reference value :  4.79941e-03
 Reference value :  4.82941e-03
 Reference value :  4.86941e-03
 Reference value :  4.90941e-03
 Reference value :  4.94941e-03
 Reference value :  4.97941e-03
 Reference value :  5.01941e-03
 Reference value :  5.05941e-03
 Reference value :  5.09941e-03
 Reference value :  5.12941e-03
 Reference value :  5.16941e-03
 Reference value :  5.20941e-03
 Reference value :  5.24941e-03
 Reference value :  5.29941e-03
 Reference value :  5.33941e-03
 Reference value :  5.37941e-03
 Reference value :  5.41941e-03
 Reference value :  5.45941e-03
 Reference value :  5.49941e-03
 Reference value :  5.53941e-03
 Reference value :  5.57941e-03
 Reference value :  5.61941e-03
 Reference value :  5.65941e-03
 Reference value :  5.69941e-03
 Reference value :  5.73941e-03
 Reference value :  5.77941e-03
 Reference value :  5.81941e-03
 Reference value :  5.85941e-03
 Reference value :  5.89941e-03
 Reference value :  5.93941e-03
 Reference value :  5.97941e-03
 Reference value :  6.01941e-03
 Reference value :  6.05941e-03
 Reference value :  6.09941e-03
 Reference value :  6.12941e-03
 Reference value :  6.15941e-03
 Reference value :  6.19941e-03
 Reference value :  6.23941e-03
 Reference value :  6.27941e-03
 Reference value :  6.31941e-03
 Reference value :  6.35941e-03
 Reference value :  6.39941e-03
 Reference value :  6.43941e-03
 Reference value :  6.47941e-03
 Reference value :  6.51941e-03
 Reference value :  6.55941e-03
 Reference value :  6.59941e-03
 Reference value :  6.62941e-03
 Reference value :  6.66941e-03
 Reference value :  6.70941e-03
 Reference value :  6.74941e-03
 Reference value :  6.77941e-03
 Reference value :  6.80941e-03
 Reference value :  6.84941e-03
 Reference value :  6.88941e-03
 Reference value :  6.91941e-03
 Reference value :  6.95941e-03
 Reference value :  6.99941e-03
 Reference value :  7.03941e-03
 Reference value :  7.07941e-03
 Reference value :  7.11941e-03
 Reference value :  7.14941e-03
 Reference value :  7.17941e-03
 Reference value :  7.20941e-03
 Reference value :  7.23941e-03
 Reference value :  7.26941e-03
 Reference value :  7.29941e-03
 Reference value :  7.32941e-03
 Reference value :  7.35941e-03
 Reference value :  7.38941e-03
 Reference value :  7.41941e-03
 Reference value :  7.45941e-03
 Reference value :  7.49941e-03
 Reference value :  7.53941e-03
 Reference value :  7.57941e-03
 Reference value :  7.60941e-03
 Reference value :  7.63941e-03
 Reference value :  7.67941e-03
 Reference value :  7.70941e-03
 Reference value :  7.73941e-03
 Reference value :  7.77941e-03
 Reference value :  7.81941e-03
 Reference value :  7.85941e-03
 Reference value :  7.88941e-03
 Reference value :  7.91941e-03
 Reference value :  7.94941e-03
 Reference value :  7.97941e-03
 Reference value :  8.00941e-03
 Reference value :  8.03941e-03
 Reference value :  8.06941e-03
 Reference value :  8.09941e-03
 Reference value :  8.13941e-03
 Reference value :  8.17941e-03
 Reference value :  8.21941e-03
 Reference value :  8.25941e-03
 Reference value :  8.29941e-03
 Reference value :  8.33941e-03
 Reference value :  8.37941e-03
 Reference value :  8.41941e-03
 Reference value :  8.45941e-03
 Reference value :  8.49941e-03
 Reference value :  8.52941e-03
 Reference value :  8.56941e-03
 Reference value :  8.60941e-03
 Reference value :  8.64941e-03
 Reference value :  8.68941e-03
 Reference value :  8.72941e-03
 Reference value :  8.75941e-03
 Reference value :  8.79941e-03
 Reference value :  8.83941e-03
 Reference value :  8.87941e-03
 Reference value :  8.91941e-03
 Reference value :  8.94941e-03
 Reference value :  8.97941e-03
 Reference value :  9.00941e-03
 Reference value :  9.03941e-03
 Reference value :  9.06941e-03
 Reference value :  9.09941e-03
 Reference value :  9.12941e-03
 Reference value :  9.15941e-03
 Reference value :  9.18941e-03
 Reference value :  9.21941e-03
 Reference value :  9.25941e-03
 Reference value :  9.29941e-03
 Reference value :  9.32941e-03
 Reference value :  9.36941e-03
 Reference value :  9.40941e-03
 Reference value :  9.43941e-03
 Reference value :  9.46941e-03
 Reference value :  9.50941e-03
 Reference value :  9.54941e-03
 Reference value :  9.59941e-03
 Reference value :  9.64941e-03
 Reference value :  9.69941e-03
 Reference value :  9.74941e-03
 Reference value :  9.79941e-03
 Reference value :  9.84941e-03
 Reference value :  9.89941e-03
 Reference value :  9.94941e-03
 Reference value :  9.98941e-03
No. of Data Rows : 1018
meas_vref = 1.253650e+00
meas_vref_settled = 2.403107e-09
meas_ibias = 2.970000e+00
meas_bias_ok = 2.969998e+00
meas_isup = 9.454375e-07
ngspice-46 done

# ==== ngspice stderr ====

