# corner: sf_27c_3.30v
# process=sf temp=27C supply=3.30V
# ngspice exit: 0
# wall clock: 80.5s (--timeout was 300s)
# result: PASS

# ==== deck (exact input given to ngspice) ====
| * bias-core-startup corner deck -- generated by sim/bin/corner-run.py, do not edit
| * corner: sf_27c_3.30v
| .param vsup=3.3
| .param tramp=100u
| .param tstop=10m
| .option wnflag=1
| .temp 27
| .lib "/home/ubuntu/.volare/sky130A/libs.tech/combined/sky130.lib.spice" sf
| ** sch_path: sim/bias-core-startup/testbench/tb_bias_core_startup.sch
| **.subckt tb_bias_core_startup
| V1 VDD 0 PWL(0 0 'tramp' 'vsup' 'tstop' 'vsup')
| .save i(v1)
| XDUT VDD 0 IBIAS VREF BIAS_OK bias_core
| **.ends
| 
| * expanding   symbol:  design/bias_core.sym # of pins=5
| ** sym_path: design/bias_core.sym
| ** sch_path: design/bias_core.sch
| .subckt bias_core VDD VSS IBIAS VREF BIAS_OK
| *.iopin VDD
| *.iopin VSS
| *.opin IBIAS
| *.opin VREF
| *.opin BIAS_OK
| XMP1 NA PG VDD VDD sky130_fd_pr__pfet_g5v0d10v5 L=4 W=8 nf=1 ad=2.32 as=2.32 pd=16.58 ps=16.58 nrd=0.03625 nrs=0.03625 sa=0 sb=0
| + sd=0 mult=1 m=1
| XMP2 NBTOP PG VDD VDD sky130_fd_pr__pfet_g5v0d10v5 L=4 W=8 nf=1 ad=2.32 as=2.32 pd=16.58 ps=16.58 nrd=0.03625 nrs=0.03625 sa=0
| + sb=0 sd=0 mult=1 m=1
| XMP3 VREF PG VDD VDD sky130_fd_pr__pfet_g5v0d10v5 L=4 W=8 nf=1 ad=2.32 as=2.32 pd=16.58 ps=16.58 nrd=0.03625 nrs=0.03625 sa=0 sb=0
| + sd=0 mult=1 m=1
| XMPBN NBG PG VDD VDD sky130_fd_pr__pfet_g5v0d10v5 L=4 W=2 nf=1 ad=0.58 as=0.58 pd=4.58 ps=4.58 nrd=0.145 nrs=0.145 sa=0 sb=0 sd=0
| + mult=1 m=1
| XQ1 VSS VSS NA sky130_fd_pr__pnp_05v5_W3p40L3p40 m=1 mult=1
| XRT NBTOP NB VSS sky130_fd_pr__res_xhigh_po W=2 L=17.5 mult=1 m=1
| XR1 NB EC VSS sky130_fd_pr__res_xhigh_po W=2 L=350.0 mult=1 m=1
| XQ8A VSS VSS EC sky130_fd_pr__pnp_05v5_W3p40L3p40 m=1 mult=1
| XQ8B VSS VSS EC sky130_fd_pr__pnp_05v5_W3p40L3p40 m=1 mult=1
| XQ8C VSS VSS EC sky130_fd_pr__pnp_05v5_W3p40L3p40 m=1 mult=1
| XQ8D VSS VSS EC sky130_fd_pr__pnp_05v5_W3p40L3p40 m=1 mult=1
| XQ8E VSS VSS EC sky130_fd_pr__pnp_05v5_W3p40L3p40 m=1 mult=1
| XQ8F VSS VSS EC sky130_fd_pr__pnp_05v5_W3p40L3p40 m=1 mult=1
| XQ8G VSS VSS EC sky130_fd_pr__pnp_05v5_W3p40L3p40 m=1 mult=1
| XQ8H VSS VSS EC sky130_fd_pr__pnp_05v5_W3p40L3p40 m=1 mult=1
| XR2 VREF ER VSS sky130_fd_pr__res_xhigh_po W=2 L=4104.0 mult=1 m=1
| XQR VSS VSS ER sky130_fd_pr__pnp_05v5_W3p40L3p40 m=1 mult=1
| XMBN NBG NBG VSS VSS sky130_fd_pr__nfet_g5v0d10v5 L=4 W=2 nf=1 ad=0.58 as=0.58 pd=4.58 ps=4.58 nrd=0.145 nrs=0.145 sa=0 sb=0 sd=0
| + mult=1 m=1
| XMBN2 PB NBG VSS VSS sky130_fd_pr__nfet_g5v0d10v5 L=4 W=2 nf=1 ad=0.58 as=0.58 pd=4.58 ps=4.58 nrd=0.145 nrs=0.145 sa=0 sb=0 sd=0
| + mult=1 m=1
| XMBP PB PB VDD VDD sky130_fd_pr__pfet_g5v0d10v5 L=4 W=2 nf=1 ad=0.58 as=0.58 pd=4.58 ps=4.58 nrd=0.145 nrs=0.145 sa=0 sb=0 sd=0
| + mult=1 m=1
| XMPIB IBIAS PB VDD VDD sky130_fd_pr__pfet_g5v0d10v5 L=4 W=40 nf=1 ad=11.6 as=11.6 pd=80.58 ps=80.58 nrd=0.00725 nrs=0.00725 sa=0
| + sb=0 sd=0 mult=1 m=1
| XMPT NT PB VDD VDD sky130_fd_pr__pfet_g5v0d10v5 L=4 W=2 nf=1 ad=0.58 as=0.58 pd=4.58 ps=4.58 nrd=0.145 nrs=0.145 sa=0 sb=0 sd=0
| + mult=1 m=1
| XMI1 N1 NA NT VDD sky130_fd_pr__pfet_g5v0d10v5 L=4 W=16 nf=1 ad=4.64 as=4.64 pd=32.58 ps=32.58 nrd=0.018125 nrs=0.018125 sa=0 sb=0
| + sd=0 mult=1 m=1
| XMI2 N2 NB NT VDD sky130_fd_pr__pfet_g5v0d10v5 L=4 W=16 nf=1 ad=4.64 as=4.64 pd=32.58 ps=32.58 nrd=0.018125 nrs=0.018125 sa=0 sb=0
| + sd=0 mult=1 m=1
| XML1 N1 N1 VSS VSS sky130_fd_pr__nfet_g5v0d10v5 L=8 W=4 nf=1 ad=1.16 as=1.16 pd=8.58 ps=8.58 nrd=0.0725 nrs=0.0725 sa=0 sb=0 sd=0
| + mult=1 m=1
| XML2 N2 N1 VSS VSS sky130_fd_pr__nfet_g5v0d10v5 L=8 W=4 nf=1 ad=1.16 as=1.16 pd=8.58 ps=8.58 nrd=0.0725 nrs=0.0725 sa=0 sb=0 sd=0
| + mult=1 m=1
| XMS2N PG N2 VSS VSS sky130_fd_pr__nfet_g5v0d10v5 L=8 W=8 nf=1 ad=2.32 as=2.32 pd=16.58 ps=16.58 nrd=0.03625 nrs=0.03625 sa=0 sb=0
| + sd=0 mult=1 m=1
| XMS2P PG PB VDD VDD sky130_fd_pr__pfet_g5v0d10v5 L=4 W=2 nf=1 ad=0.58 as=0.58 pd=4.58 ps=4.58 nrd=0.145 nrs=0.145 sa=0 sb=0 sd=0
| + mult=1 m=1
| XCC PG NZ sky130_fd_pr__cap_mim_m3_1 W=20 L=20 MF=1 m=1
| XRZ NZ N2 VSS sky130_fd_pr__res_xhigh_po W=2 L=1016.0 mult=1 m=1
| XKS0 VDD VDD KS1 VSS sky130_fd_pr__nfet_g5v0d10v5 L=8 W=1 nf=1 ad=0.29 as=0.29 pd=2.58 ps=2.58 nrd=0.29 nrs=0.29 sa=0 sb=0 sd=0
| + mult=1 m=1
| XKS1 KS1 KS1 KS2 VSS sky130_fd_pr__nfet_g5v0d10v5 L=8 W=1 nf=1 ad=0.29 as=0.29 pd=2.58 ps=2.58 nrd=0.29 nrs=0.29 sa=0 sb=0 sd=0
| + mult=1 m=1
| XKS2 KS2 KS2 KS3 VSS sky130_fd_pr__nfet_g5v0d10v5 L=8 W=1 nf=1 ad=0.29 as=0.29 pd=2.58 ps=2.58 nrd=0.29 nrs=0.29 sa=0 sb=0 sd=0
| + mult=1 m=1
| XKS3 KS3 KS3 KS4 VSS sky130_fd_pr__nfet_g5v0d10v5 L=8 W=1 nf=1 ad=0.29 as=0.29 pd=2.58 ps=2.58 nrd=0.29 nrs=0.29 sa=0 sb=0 sd=0
| + mult=1 m=1
| XKS4 KS4 KS4 NKG VSS sky130_fd_pr__nfet_g5v0d10v5 L=8 W=1 nf=1 ad=0.29 as=0.29 pd=2.58 ps=2.58 nrd=0.29 nrs=0.29 sa=0 sb=0 sd=0
| + mult=1 m=1
| XKA NKM PB VDD VDD sky130_fd_pr__pfet_g5v0d10v5 L=4 W=1 nf=1 ad=0.29 as=0.29 pd=2.58 ps=2.58 nrd=0.29 nrs=0.29 sa=0 sb=0 sd=0
| + mult=1 m=1
| XKAN NKM NKM VSS VSS sky130_fd_pr__nfet_g5v0d10v5 L=4 W=2 nf=1 ad=0.58 as=0.58 pd=4.58 ps=4.58 nrd=0.145 nrs=0.145 sa=0 sb=0 sd=0
| + mult=1 m=1
| XKPD NKG NKM VSS VSS sky130_fd_pr__nfet_g5v0d10v5 L=4 W=8 nf=1 ad=2.32 as=2.32 pd=16.58 ps=16.58 nrd=0.03625 nrs=0.03625 sa=0 sb=0
| + sd=0 mult=1 m=1
| XKICK PG NKG VSS VSS sky130_fd_pr__nfet_g5v0d10v5 L=4 W=1 nf=1 ad=0.29 as=0.29 pd=2.58 ps=2.58 nrd=0.29 nrs=0.29 sa=0 sb=0 sd=0
| + mult=1 m=1
| XMPOK TOK PB VDD VDD sky130_fd_pr__pfet_g5v0d10v5 L=4 W=1 nf=1 ad=0.29 as=0.29 pd=2.58 ps=2.58 nrd=0.29 nrs=0.29 sa=0 sb=0 sd=0
| + mult=1 m=1
| XMOKA NOKO NA TOK VDD sky130_fd_pr__pfet_g5v0d10v5 L=4 W=8 nf=1 ad=2.32 as=2.32 pd=16.58 ps=16.58 nrd=0.03625 nrs=0.03625 sa=0
| + sb=0 sd=0 mult=1 m=1
| XMOKB NOKL NBTOP TOK VDD sky130_fd_pr__pfet_g5v0d10v5 L=4 W=8 nf=1 ad=2.32 as=2.32 pd=16.58 ps=16.58 nrd=0.03625 nrs=0.03625 sa=0
| + sb=0 sd=0 mult=1 m=1
| XMOL1 NOKL NOKL VSS VSS sky130_fd_pr__nfet_g5v0d10v5 L=4 W=2 nf=1 ad=0.58 as=0.58 pd=4.58 ps=4.58 nrd=0.145 nrs=0.145 sa=0 sb=0
| + sd=0 mult=1 m=1
| XMOL2 NOKO NOKL VSS VSS sky130_fd_pr__nfet_g5v0d10v5 L=4 W=2 nf=1 ad=0.58 as=0.58 pd=4.58 ps=4.58 nrd=0.145 nrs=0.145 sa=0 sb=0
| + sd=0 mult=1 m=1
| XMOKC NOKO NKG VSS VSS sky130_fd_pr__nfet_g5v0d10v5 L=1 W=2 nf=1 ad=0.58 as=0.58 pd=4.58 ps=4.58 nrd=0.145 nrs=0.145 sa=0 sb=0
| + sd=0 mult=1 m=1
| XMOK2 NOKX NOKO VSS VSS sky130_fd_pr__nfet_g5v0d10v5 L=4 W=2 nf=1 ad=0.58 as=0.58 pd=4.58 ps=4.58 nrd=0.145 nrs=0.145 sa=0 sb=0
| + sd=0 mult=1 m=1
| XMOK2P NOKX PB VDD VDD sky130_fd_pr__pfet_g5v0d10v5 L=4 W=1 nf=1 ad=0.29 as=0.29 pd=2.58 ps=2.58 nrd=0.29 nrs=0.29 sa=0 sb=0 sd=0
| + mult=1 m=1
| XCOK VDD NOKX sky130_fd_pr__cap_mim_m3_1 W=6 L=6 MF=1 m=1
| XMO1P BIAS_OK NOKX VDD VDD sky130_fd_pr__pfet_g5v0d10v5 L=4 W=1 nf=1 ad=0.29 as=0.29 pd=2.58 ps=2.58 nrd=0.29 nrs=0.29 sa=0 sb=0
| + sd=0 mult=1 m=1
| XMO1N BIAS_OK NOKX VSS VSS sky130_fd_pr__nfet_g5v0d10v5 L=0.5 W=4 nf=1 ad=1.16 as=1.16 pd=8.58 ps=8.58 nrd=0.0725 nrs=0.0725 sa=0
| + sb=0 sd=0 mult=1 m=1
| .ends
| 
| .control
| save all
| tran 10u 10m uic
| let nlast = length(v(vref))-1
| let meas_vref = v(vref)[nlast]
| let meas_vref_settled = abs(v(vref)[nlast] - v(vref)[nlast-100])
| let meas_ibias = v(ibias)[nlast]
| let meas_bias_ok = v(bias_ok)[nlast]
| let meas_isup = -i(v1)[nlast]
| print meas_vref
| print meas_vref_settled
| print meas_ibias
| print meas_bias_ok
| print meas_isup
| quit
| .endc
| .end

# ==== ngspice stdout ====

Note: Compatibility modes selected: hs a


Circuit: * bias-core-startup corner deck -- generated by sim/bin/corner-run.py, do not edit

option SCALE: Scale is set to 1e-06 for instance and model parameters
option SCALE: Scale is set to 1e-06 for instance and model parameters
option SCALE: Scale is set to 1e-06 for instance and model parameters
option SCALE: Scale is set to 1e-06 for instance and model parameters
Doing analysis at TEMP = 27.000000 and TNOM = 27.000000

Using KLU as Direct Linear Solver
Operating point simulation skipped by 'uic',
  now using transient initial conditions.
 Reference value :  1.00000e-07
 Reference value :  1.60000e-06
 Reference value :  1.00000e-05
 Reference value :  1.96000e-05
 Reference value :  3.73510e-05
 Reference value :  4.73510e-05
 Reference value :  5.72655e-05
 Reference value :  6.41554e-05
 Reference value :  7.00203e-05
 Reference value :  8.01787e-05
 Reference value :  8.91609e-05
 Reference value :  1.00000e-04
 Reference value :  1.03829e-04
 Reference value :  1.30886e-04
 Reference value :  1.70886e-04
 Reference value :  2.10886e-04
 Reference value :  2.60886e-04
 Reference value :  3.20886e-04
 Reference value :  3.80886e-04
 Reference value :  4.30886e-04
 Reference value :  4.90886e-04
 Reference value :  5.40886e-04
 Reference value :  6.00886e-04
 Reference value :  6.60886e-04
 Reference value :  7.20886e-04
 Reference value :  7.70886e-04
 Reference value :  8.30886e-04
 Reference value :  8.90886e-04
 Reference value :  9.50886e-04
 Reference value :  1.01089e-03
 Reference value :  1.06089e-03
 Reference value :  1.11089e-03
 Reference value :  1.17089e-03
 Reference value :  1.23089e-03
 Reference value :  1.28089e-03
 Reference value :  1.33089e-03
 Reference value :  1.39089e-03
 Reference value :  1.45089e-03
 Reference value :  1.51089e-03
 Reference value :  1.57089e-03
 Reference value :  1.62089e-03
 Reference value :  1.67089e-03
 Reference value :  1.73089e-03
 Reference value :  1.79089e-03
 Reference value :  1.85089e-03
 Reference value :  1.91089e-03
 Reference value :  1.97089e-03
 Reference value :  2.03089e-03
 Reference value :  2.09089e-03
 Reference value :  2.15089e-03
 Reference value :  2.20089e-03
 Reference value :  2.25089e-03
 Reference value :  2.30089e-03
 Reference value :  2.35089e-03
 Reference value :  2.40089e-03
 Reference value :  2.45089e-03
 Reference value :  2.50089e-03
 Reference value :  2.55089e-03
 Reference value :  2.58089e-03
 Reference value :  2.62089e-03
 Reference value :  2.67089e-03
 Reference value :  2.73089e-03
 Reference value :  2.76089e-03
 Reference value :  2.79089e-03
 Reference value :  2.83089e-03
 Reference value :  2.87089e-03
 Reference value :  2.91089e-03
 Reference value :  2.95089e-03
 Reference value :  2.99089e-03
 Reference value :  3.04089e-03
 Reference value :  3.08089e-03
 Reference value :  3.12089e-03
 Reference value :  3.16089e-03
 Reference value :  3.20089e-03
 Reference value :  3.24089e-03
 Reference value :  3.28089e-03
 Reference value :  3.32089e-03
 Reference value :  3.36089e-03
 Reference value :  3.40089e-03
 Reference value :  3.44089e-03
 Reference value :  3.48089e-03
 Reference value :  3.52089e-03
 Reference value :  3.55089e-03
 Reference value :  3.59089e-03
 Reference value :  3.63089e-03
 Reference value :  3.67089e-03
 Reference value :  3.71089e-03
 Reference value :  3.75089e-03
 Reference value :  3.79089e-03
 Reference value :  3.82089e-03
 Reference value :  3.86089e-03
 Reference value :  3.90089e-03
 Reference value :  3.94089e-03
 Reference value :  3.98089e-03
 Reference value :  4.02089e-03
 Reference value :  4.05089e-03
 Reference value :  4.09089e-03
 Reference value :  4.13089e-03
 Reference value :  4.17089e-03
 Reference value :  4.20089e-03
 Reference value :  4.24089e-03
 Reference value :  4.27089e-03
 Reference value :  4.31089e-03
 Reference value :  4.34089e-03
 Reference value :  4.37089e-03
 Reference value :  4.40089e-03
 Reference value :  4.43089e-03
 Reference value :  4.46089e-03
 Reference value :  4.49089e-03
 Reference value :  4.52089e-03
 Reference value :  4.55089e-03
 Reference value :  4.58089e-03
 Reference value :  4.61089e-03
 Reference value :  4.64089e-03
 Reference value :  4.67089e-03
 Reference value :  4.70089e-03
 Reference value :  4.73089e-03
 Reference value :  4.76089e-03
 Reference value :  4.79089e-03
 Reference value :  4.82089e-03
 Reference value :  4.85089e-03
 Reference value :  4.88089e-03
 Reference value :  4.91089e-03
 Reference value :  4.94089e-03
 Reference value :  4.97089e-03
 Reference value :  5.00089e-03
 Reference value :  5.03089e-03
 Reference value :  5.07089e-03
 Reference value :  5.11089e-03
 Reference value :  5.14089e-03
 Reference value :  5.17089e-03
 Reference value :  5.21089e-03
 Reference value :  5.25089e-03
 Reference value :  5.29089e-03
 Reference value :  5.33089e-03
 Reference value :  5.37089e-03
 Reference value :  5.41089e-03
 Reference value :  5.45089e-03
 Reference value :  5.48089e-03
 Reference value :  5.52089e-03
 Reference value :  5.55089e-03
 Reference value :  5.58089e-03
 Reference value :  5.61089e-03
 Reference value :  5.64089e-03
 Reference value :  5.68089e-03
 Reference value :  5.72089e-03
 Reference value :  5.76089e-03
 Reference value :  5.80089e-03
 Reference value :  5.84089e-03
 Reference value :  5.87089e-03
 Reference value :  5.90089e-03
 Reference value :  5.93089e-03
 Reference value :  5.97089e-03
 Reference value :  6.00089e-03
 Reference value :  6.03089e-03
 Reference value :  6.06089e-03
 Reference value :  6.09089e-03
 Reference value :  6.12089e-03
 Reference value :  6.15089e-03
 Reference value :  6.18089e-03
 Reference value :  6.21089e-03
 Reference value :  6.24089e-03
 Reference value :  6.28089e-03
 Reference value :  6.32089e-03
 Reference value :  6.35089e-03
 Reference value :  6.38089e-03
 Reference value :  6.41089e-03
 Reference value :  6.44089e-03
 Reference value :  6.47089e-03
 Reference value :  6.50089e-03
 Reference value :  6.54089e-03
 Reference value :  6.58089e-03
 Reference value :  6.61089e-03
 Reference value :  6.64089e-03
 Reference value :  6.67089e-03
 Reference value :  6.71089e-03
 Reference value :  6.75089e-03
 Reference value :  6.78089e-03
 Reference value :  6.81089e-03
 Reference value :  6.84089e-03
 Reference value :  6.88089e-03
 Reference value :  6.91089e-03
 Reference value :  6.94089e-03
 Reference value :  6.97089e-03
 Reference value :  7.01089e-03
 Reference value :  7.04089e-03
 Reference value :  7.07089e-03
 Reference value :  7.10089e-03
 Reference value :  7.13089e-03
 Reference value :  7.17089e-03
 Reference value :  7.21089e-03
 Reference value :  7.25089e-03
 Reference value :  7.29089e-03
 Reference value :  7.32089e-03
 Reference value :  7.35089e-03
 Reference value :  7.38089e-03
 Reference value :  7.42089e-03
 Reference value :  7.45089e-03
 Reference value :  7.48089e-03
 Reference value :  7.51089e-03
 Reference value :  7.54089e-03
 Reference value :  7.57089e-03
 Reference value :  7.60089e-03
 Reference value :  7.64089e-03
 Reference value :  7.68089e-03
 Reference value :  7.71089e-03
 Reference value :  7.74089e-03
 Reference value :  7.78089e-03
 Reference value :  7.82089e-03
 Reference value :  7.86089e-03
 Reference value :  7.90089e-03
 Reference value :  7.94089e-03
 Reference value :  7.97089e-03
 Reference value :  8.01089e-03
 Reference value :  8.05089e-03
 Reference value :  8.09089e-03
 Reference value :  8.13089e-03
 Reference value :  8.17089e-03
 Reference value :  8.21089e-03
 Reference value :  8.25089e-03
 Reference value :  8.29089e-03
 Reference value :  8.33089e-03
 Reference value :  8.37089e-03
 Reference value :  8.41089e-03
 Reference value :  8.45089e-03
 Reference value :  8.49089e-03
 Reference value :  8.53089e-03
 Reference value :  8.57089e-03
 Reference value :  8.61089e-03
 Reference value :  8.65089e-03
 Reference value :  8.69089e-03
 Reference value :  8.73089e-03
 Reference value :  8.76089e-03
 Reference value :  8.80089e-03
 Reference value :  8.83089e-03
 Reference value :  8.86089e-03
 Reference value :  8.90089e-03
 Reference value :  8.94089e-03
 Reference value :  8.98089e-03
 Reference value :  9.01089e-03
 Reference value :  9.04089e-03
 Reference value :  9.07089e-03
 Reference value :  9.10089e-03
 Reference value :  9.13089e-03
 Reference value :  9.16089e-03
 Reference value :  9.20089e-03
 Reference value :  9.24089e-03
 Reference value :  9.28089e-03
 Reference value :  9.32089e-03
 Reference value :  9.36089e-03
 Reference value :  9.39089e-03
 Reference value :  9.42089e-03
 Reference value :  9.45089e-03
 Reference value :  9.49089e-03
 Reference value :  9.53089e-03
 Reference value :  9.57089e-03
 Reference value :  9.61089e-03
 Reference value :  9.65089e-03
 Reference value :  9.69089e-03
 Reference value :  9.73089e-03
 Reference value :  9.76089e-03
 Reference value :  9.79089e-03
 Reference value :  9.83089e-03
 Reference value :  9.87089e-03
 Reference value :  9.91089e-03
 Reference value :  9.95089e-03
 Reference value :  9.99089e-03
No. of Data Rows : 1019
meas_vref = 1.253808e+00
meas_vref_settled = 1.209397e-10
meas_ibias = 3.300000e+00
meas_bias_ok = 3.299998e+00
meas_isup = 9.489341e-07
ngspice-46 done

# ==== ngspice stderr ====

