# corner: ss_125c_3.63v
# process=ss temp=125C supply=3.63V
# ngspice exit: 0
# wall clock: 75.0s (--timeout was 300s)
# result: PASS

# ==== deck (exact input given to ngspice) ====
| * bias-core-startup corner deck -- generated by sim/bin/corner-run.py, do not edit
| * corner: ss_125c_3.63v
| .param vsup=3.63
| .param tramp=100u
| .param tstop=10m
| .option wnflag=1
| .temp 125
| .lib "/home/ubuntu/.volare/sky130A/libs.tech/combined/sky130.lib.spice" ss
| ** sch_path: sim/bias-core-startup/testbench/tb_bias_core_startup.sch
| **.subckt tb_bias_core_startup
| V1 VDD 0 PWL(0 0 'tramp' 'vsup' 'tstop' 'vsup')
| .save i(v1)
| XDUT VDD 0 IBIAS VREF BIAS_OK bias_core
| **.ends
| 
| * expanding   symbol:  design/bias_core.sym # of pins=5
| ** sym_path: design/bias_core.sym
| ** sch_path: design/bias_core.sch
| .subckt bias_core VDD VSS IBIAS VREF BIAS_OK
| *.iopin VDD
| *.iopin VSS
| *.opin IBIAS
| *.opin VREF
| *.opin BIAS_OK
| XMP1 NA PG VDD VDD sky130_fd_pr__pfet_g5v0d10v5 L=4 W=8 nf=1 ad=2.32 as=2.32 pd=16.58 ps=16.58 nrd=0.03625 nrs=0.03625 sa=0 sb=0
| + sd=0 mult=1 m=1
| XMP2 NBTOP PG VDD VDD sky130_fd_pr__pfet_g5v0d10v5 L=4 W=8 nf=1 ad=2.32 as=2.32 pd=16.58 ps=16.58 nrd=0.03625 nrs=0.03625 sa=0
| + sb=0 sd=0 mult=1 m=1
| XMP3 VREF PG VDD VDD sky130_fd_pr__pfet_g5v0d10v5 L=4 W=8 nf=1 ad=2.32 as=2.32 pd=16.58 ps=16.58 nrd=0.03625 nrs=0.03625 sa=0 sb=0
| + sd=0 mult=1 m=1
| XMPBN NBG PG VDD VDD sky130_fd_pr__pfet_g5v0d10v5 L=4 W=2 nf=1 ad=0.58 as=0.58 pd=4.58 ps=4.58 nrd=0.145 nrs=0.145 sa=0 sb=0 sd=0
| + mult=1 m=1
| XQ1 VSS VSS NA sky130_fd_pr__pnp_05v5_W3p40L3p40 m=1 mult=1
| XRT NBTOP NB VSS sky130_fd_pr__res_xhigh_po W=2 L=17.5 mult=1 m=1
| XR1 NB EC VSS sky130_fd_pr__res_xhigh_po W=2 L=350.0 mult=1 m=1
| XQ8A VSS VSS EC sky130_fd_pr__pnp_05v5_W3p40L3p40 m=1 mult=1
| XQ8B VSS VSS EC sky130_fd_pr__pnp_05v5_W3p40L3p40 m=1 mult=1
| XQ8C VSS VSS EC sky130_fd_pr__pnp_05v5_W3p40L3p40 m=1 mult=1
| XQ8D VSS VSS EC sky130_fd_pr__pnp_05v5_W3p40L3p40 m=1 mult=1
| XQ8E VSS VSS EC sky130_fd_pr__pnp_05v5_W3p40L3p40 m=1 mult=1
| XQ8F VSS VSS EC sky130_fd_pr__pnp_05v5_W3p40L3p40 m=1 mult=1
| XQ8G VSS VSS EC sky130_fd_pr__pnp_05v5_W3p40L3p40 m=1 mult=1
| XQ8H VSS VSS EC sky130_fd_pr__pnp_05v5_W3p40L3p40 m=1 mult=1
| XR2 VREF ER VSS sky130_fd_pr__res_xhigh_po W=2 L=4104.0 mult=1 m=1
| XQR VSS VSS ER sky130_fd_pr__pnp_05v5_W3p40L3p40 m=1 mult=1
| XMBN NBG NBG VSS VSS sky130_fd_pr__nfet_g5v0d10v5 L=4 W=2 nf=1 ad=0.58 as=0.58 pd=4.58 ps=4.58 nrd=0.145 nrs=0.145 sa=0 sb=0 sd=0
| + mult=1 m=1
| XMBN2 PB NBG VSS VSS sky130_fd_pr__nfet_g5v0d10v5 L=4 W=2 nf=1 ad=0.58 as=0.58 pd=4.58 ps=4.58 nrd=0.145 nrs=0.145 sa=0 sb=0 sd=0
| + mult=1 m=1
| XMBP PB PB VDD VDD sky130_fd_pr__pfet_g5v0d10v5 L=4 W=2 nf=1 ad=0.58 as=0.58 pd=4.58 ps=4.58 nrd=0.145 nrs=0.145 sa=0 sb=0 sd=0
| + mult=1 m=1
| XMPIB IBIAS PB VDD VDD sky130_fd_pr__pfet_g5v0d10v5 L=4 W=40 nf=1 ad=11.6 as=11.6 pd=80.58 ps=80.58 nrd=0.00725 nrs=0.00725 sa=0
| + sb=0 sd=0 mult=1 m=1
| XMPT NT PB VDD VDD sky130_fd_pr__pfet_g5v0d10v5 L=4 W=2 nf=1 ad=0.58 as=0.58 pd=4.58 ps=4.58 nrd=0.145 nrs=0.145 sa=0 sb=0 sd=0
| + mult=1 m=1
| XMI1 N1 NA NT VDD sky130_fd_pr__pfet_g5v0d10v5 L=4 W=16 nf=1 ad=4.64 as=4.64 pd=32.58 ps=32.58 nrd=0.018125 nrs=0.018125 sa=0 sb=0
| + sd=0 mult=1 m=1
| XMI2 N2 NB NT VDD sky130_fd_pr__pfet_g5v0d10v5 L=4 W=16 nf=1 ad=4.64 as=4.64 pd=32.58 ps=32.58 nrd=0.018125 nrs=0.018125 sa=0 sb=0
| + sd=0 mult=1 m=1
| XML1 N1 N1 VSS VSS sky130_fd_pr__nfet_g5v0d10v5 L=8 W=4 nf=1 ad=1.16 as=1.16 pd=8.58 ps=8.58 nrd=0.0725 nrs=0.0725 sa=0 sb=0 sd=0
| + mult=1 m=1
| XML2 N2 N1 VSS VSS sky130_fd_pr__nfet_g5v0d10v5 L=8 W=4 nf=1 ad=1.16 as=1.16 pd=8.58 ps=8.58 nrd=0.0725 nrs=0.0725 sa=0 sb=0 sd=0
| + mult=1 m=1
| XMS2N PG N2 VSS VSS sky130_fd_pr__nfet_g5v0d10v5 L=8 W=8 nf=1 ad=2.32 as=2.32 pd=16.58 ps=16.58 nrd=0.03625 nrs=0.03625 sa=0 sb=0
| + sd=0 mult=1 m=1
| XMS2P PG PB VDD VDD sky130_fd_pr__pfet_g5v0d10v5 L=4 W=2 nf=1 ad=0.58 as=0.58 pd=4.58 ps=4.58 nrd=0.145 nrs=0.145 sa=0 sb=0 sd=0
| + mult=1 m=1
| XCC PG NZ sky130_fd_pr__cap_mim_m3_1 W=20 L=20 MF=1 m=1
| XRZ NZ N2 VSS sky130_fd_pr__res_xhigh_po W=2 L=1016.0 mult=1 m=1
| XKS0 VDD VDD KS1 VSS sky130_fd_pr__nfet_g5v0d10v5 L=8 W=1 nf=1 ad=0.29 as=0.29 pd=2.58 ps=2.58 nrd=0.29 nrs=0.29 sa=0 sb=0 sd=0
| + mult=1 m=1
| XKS1 KS1 KS1 KS2 VSS sky130_fd_pr__nfet_g5v0d10v5 L=8 W=1 nf=1 ad=0.29 as=0.29 pd=2.58 ps=2.58 nrd=0.29 nrs=0.29 sa=0 sb=0 sd=0
| + mult=1 m=1
| XKS2 KS2 KS2 KS3 VSS sky130_fd_pr__nfet_g5v0d10v5 L=8 W=1 nf=1 ad=0.29 as=0.29 pd=2.58 ps=2.58 nrd=0.29 nrs=0.29 sa=0 sb=0 sd=0
| + mult=1 m=1
| XKS3 KS3 KS3 KS4 VSS sky130_fd_pr__nfet_g5v0d10v5 L=8 W=1 nf=1 ad=0.29 as=0.29 pd=2.58 ps=2.58 nrd=0.29 nrs=0.29 sa=0 sb=0 sd=0
| + mult=1 m=1
| XKS4 KS4 KS4 NKG VSS sky130_fd_pr__nfet_g5v0d10v5 L=8 W=1 nf=1 ad=0.29 as=0.29 pd=2.58 ps=2.58 nrd=0.29 nrs=0.29 sa=0 sb=0 sd=0
| + mult=1 m=1
| XKA NKM PB VDD VDD sky130_fd_pr__pfet_g5v0d10v5 L=4 W=1 nf=1 ad=0.29 as=0.29 pd=2.58 ps=2.58 nrd=0.29 nrs=0.29 sa=0 sb=0 sd=0
| + mult=1 m=1
| XKAN NKM NKM VSS VSS sky130_fd_pr__nfet_g5v0d10v5 L=4 W=2 nf=1 ad=0.58 as=0.58 pd=4.58 ps=4.58 nrd=0.145 nrs=0.145 sa=0 sb=0 sd=0
| + mult=1 m=1
| XKPD NKG NKM VSS VSS sky130_fd_pr__nfet_g5v0d10v5 L=4 W=8 nf=1 ad=2.32 as=2.32 pd=16.58 ps=16.58 nrd=0.03625 nrs=0.03625 sa=0 sb=0
| + sd=0 mult=1 m=1
| XKICK PG NKG VSS VSS sky130_fd_pr__nfet_g5v0d10v5 L=4 W=1 nf=1 ad=0.29 as=0.29 pd=2.58 ps=2.58 nrd=0.29 nrs=0.29 sa=0 sb=0 sd=0
| + mult=1 m=1
| XMPOK TOK PB VDD VDD sky130_fd_pr__pfet_g5v0d10v5 L=4 W=1 nf=1 ad=0.29 as=0.29 pd=2.58 ps=2.58 nrd=0.29 nrs=0.29 sa=0 sb=0 sd=0
| + mult=1 m=1
| XMOKA NOKO NA TOK VDD sky130_fd_pr__pfet_g5v0d10v5 L=4 W=8 nf=1 ad=2.32 as=2.32 pd=16.58 ps=16.58 nrd=0.03625 nrs=0.03625 sa=0
| + sb=0 sd=0 mult=1 m=1
| XMOKB NOKL NBTOP TOK VDD sky130_fd_pr__pfet_g5v0d10v5 L=4 W=8 nf=1 ad=2.32 as=2.32 pd=16.58 ps=16.58 nrd=0.03625 nrs=0.03625 sa=0
| + sb=0 sd=0 mult=1 m=1
| XMOL1 NOKL NOKL VSS VSS sky130_fd_pr__nfet_g5v0d10v5 L=4 W=2 nf=1 ad=0.58 as=0.58 pd=4.58 ps=4.58 nrd=0.145 nrs=0.145 sa=0 sb=0
| + sd=0 mult=1 m=1
| XMOL2 NOKO NOKL VSS VSS sky130_fd_pr__nfet_g5v0d10v5 L=4 W=2 nf=1 ad=0.58 as=0.58 pd=4.58 ps=4.58 nrd=0.145 nrs=0.145 sa=0 sb=0
| + sd=0 mult=1 m=1
| XMOKC NOKO NKG VSS VSS sky130_fd_pr__nfet_g5v0d10v5 L=1 W=2 nf=1 ad=0.58 as=0.58 pd=4.58 ps=4.58 nrd=0.145 nrs=0.145 sa=0 sb=0
| + sd=0 mult=1 m=1
| XMOK2 NOKX NOKO VSS VSS sky130_fd_pr__nfet_g5v0d10v5 L=4 W=2 nf=1 ad=0.58 as=0.58 pd=4.58 ps=4.58 nrd=0.145 nrs=0.145 sa=0 sb=0
| + sd=0 mult=1 m=1
| XMOK2P NOKX PB VDD VDD sky130_fd_pr__pfet_g5v0d10v5 L=4 W=1 nf=1 ad=0.29 as=0.29 pd=2.58 ps=2.58 nrd=0.29 nrs=0.29 sa=0 sb=0 sd=0
| + mult=1 m=1
| XCOK VDD NOKX sky130_fd_pr__cap_mim_m3_1 W=6 L=6 MF=1 m=1
| XMO1P BIAS_OK NOKX VDD VDD sky130_fd_pr__pfet_g5v0d10v5 L=4 W=1 nf=1 ad=0.29 as=0.29 pd=2.58 ps=2.58 nrd=0.29 nrs=0.29 sa=0 sb=0
| + sd=0 mult=1 m=1
| XMO1N BIAS_OK NOKX VSS VSS sky130_fd_pr__nfet_g5v0d10v5 L=0.5 W=4 nf=1 ad=1.16 as=1.16 pd=8.58 ps=8.58 nrd=0.0725 nrs=0.0725 sa=0
| + sb=0 sd=0 mult=1 m=1
| .ends
| 
| .control
| save all
| tran 10u 10m uic
| let nlast = length(v(vref))-1
| let meas_vref = v(vref)[nlast]
| let meas_vref_settled = abs(v(vref)[nlast] - v(vref)[nlast-100])
| let meas_ibias = v(ibias)[nlast]
| let meas_bias_ok = v(bias_ok)[nlast]
| let meas_isup = -i(v1)[nlast]
| print meas_vref
| print meas_vref_settled
| print meas_ibias
| print meas_bias_ok
| print meas_isup
| quit
| .endc
| .end

# ==== ngspice stdout ====

Note: Compatibility modes selected: hs a


Circuit: * bias-core-startup corner deck -- generated by sim/bin/corner-run.py, do not edit

option SCALE: Scale is set to 1e-06 for instance and model parameters
option SCALE: Scale is set to 1e-06 for instance and model parameters
option SCALE: Scale is set to 1e-06 for instance and model parameters
option SCALE: Scale is set to 1e-06 for instance and model parameters
Doing analysis at TEMP = 125.000000 and TNOM = 27.000000

Using KLU as Direct Linear Solver
Operating point simulation skipped by 'uic',
  now using transient initial conditions.
 Reference value :  1.00000e-07
 Reference value :  1.60000e-06
 Reference value :  1.00000e-05
 Reference value :  1.96000e-05
 Reference value :  2.67692e-05
 Reference value :  4.06718e-05
 Reference value :  4.62714e-05
 Reference value :  5.14767e-05
 Reference value :  5.52713e-05
 Reference value :  6.33819e-05
 Reference value :  7.49486e-05
 Reference value :  8.80416e-05
 Reference value :  1.00000e-04
 Reference value :  1.04388e-04
 Reference value :  1.16465e-04
 Reference value :  1.54302e-04
 Reference value :  1.94302e-04
 Reference value :  2.44302e-04
 Reference value :  3.04302e-04
 Reference value :  3.64302e-04
 Reference value :  4.04302e-04
 Reference value :  4.44302e-04
 Reference value :  4.94302e-04
 Reference value :  5.54302e-04
 Reference value :  6.14302e-04
 Reference value :  6.64302e-04
 Reference value :  7.24302e-04
 Reference value :  7.74302e-04
 Reference value :  8.34302e-04
 Reference value :  8.94302e-04
 Reference value :  9.54302e-04
 Reference value :  1.00430e-03
 Reference value :  1.05430e-03
 Reference value :  1.09430e-03
 Reference value :  1.13430e-03
 Reference value :  1.17430e-03
 Reference value :  1.21430e-03
 Reference value :  1.25430e-03
 Reference value :  1.29430e-03
 Reference value :  1.33430e-03
 Reference value :  1.37430e-03
 Reference value :  1.41430e-03
 Reference value :  1.44430e-03
 Reference value :  1.48430e-03
 Reference value :  1.52430e-03
 Reference value :  1.56430e-03
 Reference value :  1.60430e-03
 Reference value :  1.64430e-03
 Reference value :  1.68430e-03
 Reference value :  1.72430e-03
 Reference value :  1.75430e-03
 Reference value :  1.79430e-03
 Reference value :  1.83430e-03
 Reference value :  1.87430e-03
 Reference value :  1.91430e-03
 Reference value :  1.94430e-03
 Reference value :  1.98430e-03
 Reference value :  2.01430e-03
 Reference value :  2.05430e-03
 Reference value :  2.09430e-03
 Reference value :  2.13430e-03
 Reference value :  2.17430e-03
 Reference value :  2.20430e-03
 Reference value :  2.24430e-03
 Reference value :  2.28430e-03
 Reference value :  2.32430e-03
 Reference value :  2.36430e-03
 Reference value :  2.40430e-03
 Reference value :  2.44430e-03
 Reference value :  2.48430e-03
 Reference value :  2.52430e-03
 Reference value :  2.56430e-03
 Reference value :  2.60430e-03
 Reference value :  2.64430e-03
 Reference value :  2.68430e-03
 Reference value :  2.72430e-03
 Reference value :  2.76430e-03
 Reference value :  2.80430e-03
 Reference value :  2.84430e-03
 Reference value :  2.88430e-03
 Reference value :  2.91430e-03
 Reference value :  2.95430e-03
 Reference value :  2.99430e-03
 Reference value :  3.03430e-03
 Reference value :  3.07430e-03
 Reference value :  3.11430e-03
 Reference value :  3.15430e-03
 Reference value :  3.19430e-03
 Reference value :  3.23430e-03
 Reference value :  3.27430e-03
 Reference value :  3.31430e-03
 Reference value :  3.35430e-03
 Reference value :  3.39430e-03
 Reference value :  3.42430e-03
 Reference value :  3.46430e-03
 Reference value :  3.50430e-03
 Reference value :  3.53430e-03
 Reference value :  3.57430e-03
 Reference value :  3.61430e-03
 Reference value :  3.66430e-03
 Reference value :  3.70430e-03
 Reference value :  3.74430e-03
 Reference value :  3.78430e-03
 Reference value :  3.81430e-03
 Reference value :  3.84430e-03
 Reference value :  3.88430e-03
 Reference value :  3.91430e-03
 Reference value :  3.94430e-03
 Reference value :  3.97430e-03
 Reference value :  4.02430e-03
 Reference value :  4.05430e-03
 Reference value :  4.08430e-03
 Reference value :  4.12430e-03
 Reference value :  4.16430e-03
 Reference value :  4.19430e-03
 Reference value :  4.23430e-03
 Reference value :  4.27430e-03
 Reference value :  4.31430e-03
 Reference value :  4.35430e-03
 Reference value :  4.38430e-03
 Reference value :  4.42430e-03
 Reference value :  4.46430e-03
 Reference value :  4.50430e-03
 Reference value :  4.54430e-03
 Reference value :  4.58430e-03
 Reference value :  4.62430e-03
 Reference value :  4.65430e-03
 Reference value :  4.69430e-03
 Reference value :  4.72430e-03
 Reference value :  4.76430e-03
 Reference value :  4.80430e-03
 Reference value :  4.83430e-03
 Reference value :  4.87430e-03
 Reference value :  4.91430e-03
 Reference value :  4.95430e-03
 Reference value :  4.99430e-03
 Reference value :  5.03430e-03
 Reference value :  5.07430e-03
 Reference value :  5.10430e-03
 Reference value :  5.14430e-03
 Reference value :  5.18430e-03
 Reference value :  5.22430e-03
 Reference value :  5.26430e-03
 Reference value :  5.30430e-03
 Reference value :  5.34430e-03
 Reference value :  5.38430e-03
 Reference value :  5.42430e-03
 Reference value :  5.46430e-03
 Reference value :  5.49430e-03
 Reference value :  5.52430e-03
 Reference value :  5.55430e-03
 Reference value :  5.58430e-03
 Reference value :  5.62430e-03
 Reference value :  5.66430e-03
 Reference value :  5.70430e-03
 Reference value :  5.74430e-03
 Reference value :  5.78430e-03
 Reference value :  5.82430e-03
 Reference value :  5.86430e-03
 Reference value :  5.89430e-03
 Reference value :  5.92430e-03
 Reference value :  5.95430e-03
 Reference value :  5.98430e-03
 Reference value :  6.02430e-03
 Reference value :  6.06430e-03
 Reference value :  6.10430e-03
 Reference value :  6.14430e-03
 Reference value :  6.17430e-03
 Reference value :  6.21430e-03
 Reference value :  6.25430e-03
 Reference value :  6.29430e-03
 Reference value :  6.33430e-03
 Reference value :  6.37430e-03
 Reference value :  6.41430e-03
 Reference value :  6.44430e-03
 Reference value :  6.48430e-03
 Reference value :  6.52430e-03
 Reference value :  6.56430e-03
 Reference value :  6.60430e-03
 Reference value :  6.63430e-03
 Reference value :  6.66430e-03
 Reference value :  6.69430e-03
 Reference value :  6.72430e-03
 Reference value :  6.75430e-03
 Reference value :  6.78430e-03
 Reference value :  6.81430e-03
 Reference value :  6.85430e-03
 Reference value :  6.89430e-03
 Reference value :  6.93430e-03
 Reference value :  6.97430e-03
 Reference value :  7.01430e-03
 Reference value :  7.05430e-03
 Reference value :  7.09430e-03
 Reference value :  7.13430e-03
 Reference value :  7.16430e-03
 Reference value :  7.19430e-03
 Reference value :  7.23430e-03
 Reference value :  7.27430e-03
 Reference value :  7.31430e-03
 Reference value :  7.34430e-03
 Reference value :  7.38430e-03
 Reference value :  7.42430e-03
 Reference value :  7.46430e-03
 Reference value :  7.50430e-03
 Reference value :  7.54430e-03
 Reference value :  7.58430e-03
 Reference value :  7.62430e-03
 Reference value :  7.66430e-03
 Reference value :  7.70430e-03
 Reference value :  7.74430e-03
 Reference value :  7.78430e-03
 Reference value :  7.82430e-03
 Reference value :  7.85430e-03
 Reference value :  7.89430e-03
 Reference value :  7.93430e-03
 Reference value :  7.97430e-03
 Reference value :  8.00430e-03
 Reference value :  8.03430e-03
 Reference value :  8.07430e-03
 Reference value :  8.11430e-03
 Reference value :  8.14430e-03
 Reference value :  8.17430e-03
 Reference value :  8.20430e-03
 Reference value :  8.23430e-03
 Reference value :  8.27430e-03
 Reference value :  8.30430e-03
 Reference value :  8.33430e-03
 Reference value :  8.36430e-03
 Reference value :  8.39430e-03
 Reference value :  8.43430e-03
 Reference value :  8.47430e-03
 Reference value :  8.50430e-03
 Reference value :  8.53430e-03
 Reference value :  8.56430e-03
 Reference value :  8.59430e-03
 Reference value :  8.62430e-03
 Reference value :  8.65430e-03
 Reference value :  8.68430e-03
 Reference value :  8.71430e-03
 Reference value :  8.75430e-03
 Reference value :  8.78430e-03
 Reference value :  8.81430e-03
 Reference value :  8.84430e-03
 Reference value :  8.87430e-03
 Reference value :  8.90430e-03
 Reference value :  8.93430e-03
 Reference value :  8.96430e-03
 Reference value :  8.99430e-03
 Reference value :  9.02430e-03
 Reference value :  9.05430e-03
 Reference value :  9.09430e-03
 Reference value :  9.12430e-03
 Reference value :  9.15430e-03
 Reference value :  9.18430e-03
 Reference value :  9.21430e-03
 Reference value :  9.24430e-03
 Reference value :  9.27430e-03
 Reference value :  9.31430e-03
 Reference value :  9.34430e-03
 Reference value :  9.38430e-03
 Reference value :  9.42430e-03
 Reference value :  9.45430e-03
 Reference value :  9.48430e-03
 Reference value :  9.51430e-03
 Reference value :  9.54430e-03
 Reference value :  9.57430e-03
 Reference value :  9.60430e-03
 Reference value :  9.64430e-03
 Reference value :  9.67430e-03
 Reference value :  9.70430e-03
 Reference value :  9.74430e-03
 Reference value :  9.77430e-03
 Reference value :  9.80430e-03
 Reference value :  9.83430e-03
 Reference value :  9.86430e-03
 Reference value :  9.89430e-03
 Reference value :  9.93430e-03
 Reference value :  9.97430e-03
 Reference value :  1.00000e-02
No. of Data Rows : 1021
meas_vref = 1.257919e+00
meas_vref_settled = 1.242877e-10
meas_ibias = 3.630000e+00
meas_bias_ok = 3.629969e+00
meas_isup = 1.170294e-06
ngspice-46 done

# ==== ngspice stderr ====

