# corner: ss_27c_3.63v
# process=ss temp=27C supply=3.63V
# ngspice exit: 0
# wall clock: 85.1s (--timeout was 300s)
# result: PASS

# ==== deck (exact input given to ngspice) ====
| * bias-core-startup corner deck -- generated by sim/bin/corner-run.py, do not edit
| * corner: ss_27c_3.63v
| .param vsup=3.63
| .param tramp=100u
| .param tstop=10m
| .option wnflag=1
| .temp 27
| .lib "/home/ubuntu/.volare/sky130A/libs.tech/combined/sky130.lib.spice" ss
| ** sch_path: sim/bias-core-startup/testbench/tb_bias_core_startup.sch
| **.subckt tb_bias_core_startup
| V1 VDD 0 PWL(0 0 'tramp' 'vsup' 'tstop' 'vsup')
| .save i(v1)
| XDUT VDD 0 IBIAS VREF BIAS_OK bias_core
| **.ends
| 
| * expanding   symbol:  design/bias_core.sym # of pins=5
| ** sym_path: design/bias_core.sym
| ** sch_path: design/bias_core.sch
| .subckt bias_core VDD VSS IBIAS VREF BIAS_OK
| *.iopin VDD
| *.iopin VSS
| *.opin IBIAS
| *.opin VREF
| *.opin BIAS_OK
| XMP1 NA PG VDD VDD sky130_fd_pr__pfet_g5v0d10v5 L=4 W=8 nf=1 ad=2.32 as=2.32 pd=16.58 ps=16.58 nrd=0.03625 nrs=0.03625 sa=0 sb=0
| + sd=0 mult=1 m=1
| XMP2 NBTOP PG VDD VDD sky130_fd_pr__pfet_g5v0d10v5 L=4 W=8 nf=1 ad=2.32 as=2.32 pd=16.58 ps=16.58 nrd=0.03625 nrs=0.03625 sa=0
| + sb=0 sd=0 mult=1 m=1
| XMP3 VREF PG VDD VDD sky130_fd_pr__pfet_g5v0d10v5 L=4 W=8 nf=1 ad=2.32 as=2.32 pd=16.58 ps=16.58 nrd=0.03625 nrs=0.03625 sa=0 sb=0
| + sd=0 mult=1 m=1
| XMPBN NBG PG VDD VDD sky130_fd_pr__pfet_g5v0d10v5 L=4 W=2 nf=1 ad=0.58 as=0.58 pd=4.58 ps=4.58 nrd=0.145 nrs=0.145 sa=0 sb=0 sd=0
| + mult=1 m=1
| XQ1 VSS VSS NA sky130_fd_pr__pnp_05v5_W3p40L3p40 m=1 mult=1
| XRT NBTOP NB VSS sky130_fd_pr__res_xhigh_po W=2 L=17.5 mult=1 m=1
| XR1 NB EC VSS sky130_fd_pr__res_xhigh_po W=2 L=350.0 mult=1 m=1
| XQ8A VSS VSS EC sky130_fd_pr__pnp_05v5_W3p40L3p40 m=1 mult=1
| XQ8B VSS VSS EC sky130_fd_pr__pnp_05v5_W3p40L3p40 m=1 mult=1
| XQ8C VSS VSS EC sky130_fd_pr__pnp_05v5_W3p40L3p40 m=1 mult=1
| XQ8D VSS VSS EC sky130_fd_pr__pnp_05v5_W3p40L3p40 m=1 mult=1
| XQ8E VSS VSS EC sky130_fd_pr__pnp_05v5_W3p40L3p40 m=1 mult=1
| XQ8F VSS VSS EC sky130_fd_pr__pnp_05v5_W3p40L3p40 m=1 mult=1
| XQ8G VSS VSS EC sky130_fd_pr__pnp_05v5_W3p40L3p40 m=1 mult=1
| XQ8H VSS VSS EC sky130_fd_pr__pnp_05v5_W3p40L3p40 m=1 mult=1
| XR2 VREF ER VSS sky130_fd_pr__res_xhigh_po W=2 L=4104.0 mult=1 m=1
| XQR VSS VSS ER sky130_fd_pr__pnp_05v5_W3p40L3p40 m=1 mult=1
| XMBN NBG NBG VSS VSS sky130_fd_pr__nfet_g5v0d10v5 L=4 W=2 nf=1 ad=0.58 as=0.58 pd=4.58 ps=4.58 nrd=0.145 nrs=0.145 sa=0 sb=0 sd=0
| + mult=1 m=1
| XMBN2 PB NBG VSS VSS sky130_fd_pr__nfet_g5v0d10v5 L=4 W=2 nf=1 ad=0.58 as=0.58 pd=4.58 ps=4.58 nrd=0.145 nrs=0.145 sa=0 sb=0 sd=0
| + mult=1 m=1
| XMBP PB PB VDD VDD sky130_fd_pr__pfet_g5v0d10v5 L=4 W=2 nf=1 ad=0.58 as=0.58 pd=4.58 ps=4.58 nrd=0.145 nrs=0.145 sa=0 sb=0 sd=0
| + mult=1 m=1
| XMPIB IBIAS PB VDD VDD sky130_fd_pr__pfet_g5v0d10v5 L=4 W=40 nf=1 ad=11.6 as=11.6 pd=80.58 ps=80.58 nrd=0.00725 nrs=0.00725 sa=0
| + sb=0 sd=0 mult=1 m=1
| XMPT NT PB VDD VDD sky130_fd_pr__pfet_g5v0d10v5 L=4 W=2 nf=1 ad=0.58 as=0.58 pd=4.58 ps=4.58 nrd=0.145 nrs=0.145 sa=0 sb=0 sd=0
| + mult=1 m=1
| XMI1 N1 NA NT VDD sky130_fd_pr__pfet_g5v0d10v5 L=4 W=16 nf=1 ad=4.64 as=4.64 pd=32.58 ps=32.58 nrd=0.018125 nrs=0.018125 sa=0 sb=0
| + sd=0 mult=1 m=1
| XMI2 N2 NB NT VDD sky130_fd_pr__pfet_g5v0d10v5 L=4 W=16 nf=1 ad=4.64 as=4.64 pd=32.58 ps=32.58 nrd=0.018125 nrs=0.018125 sa=0 sb=0
| + sd=0 mult=1 m=1
| XML1 N1 N1 VSS VSS sky130_fd_pr__nfet_g5v0d10v5 L=8 W=4 nf=1 ad=1.16 as=1.16 pd=8.58 ps=8.58 nrd=0.0725 nrs=0.0725 sa=0 sb=0 sd=0
| + mult=1 m=1
| XML2 N2 N1 VSS VSS sky130_fd_pr__nfet_g5v0d10v5 L=8 W=4 nf=1 ad=1.16 as=1.16 pd=8.58 ps=8.58 nrd=0.0725 nrs=0.0725 sa=0 sb=0 sd=0
| + mult=1 m=1
| XMS2N PG N2 VSS VSS sky130_fd_pr__nfet_g5v0d10v5 L=8 W=8 nf=1 ad=2.32 as=2.32 pd=16.58 ps=16.58 nrd=0.03625 nrs=0.03625 sa=0 sb=0
| + sd=0 mult=1 m=1
| XMS2P PG PB VDD VDD sky130_fd_pr__pfet_g5v0d10v5 L=4 W=2 nf=1 ad=0.58 as=0.58 pd=4.58 ps=4.58 nrd=0.145 nrs=0.145 sa=0 sb=0 sd=0
| + mult=1 m=1
| XCC PG NZ sky130_fd_pr__cap_mim_m3_1 W=20 L=20 MF=1 m=1
| XRZ NZ N2 VSS sky130_fd_pr__res_xhigh_po W=2 L=1016.0 mult=1 m=1
| XKS0 VDD VDD KS1 VSS sky130_fd_pr__nfet_g5v0d10v5 L=8 W=1 nf=1 ad=0.29 as=0.29 pd=2.58 ps=2.58 nrd=0.29 nrs=0.29 sa=0 sb=0 sd=0
| + mult=1 m=1
| XKS1 KS1 KS1 KS2 VSS sky130_fd_pr__nfet_g5v0d10v5 L=8 W=1 nf=1 ad=0.29 as=0.29 pd=2.58 ps=2.58 nrd=0.29 nrs=0.29 sa=0 sb=0 sd=0
| + mult=1 m=1
| XKS2 KS2 KS2 KS3 VSS sky130_fd_pr__nfet_g5v0d10v5 L=8 W=1 nf=1 ad=0.29 as=0.29 pd=2.58 ps=2.58 nrd=0.29 nrs=0.29 sa=0 sb=0 sd=0
| + mult=1 m=1
| XKS3 KS3 KS3 KS4 VSS sky130_fd_pr__nfet_g5v0d10v5 L=8 W=1 nf=1 ad=0.29 as=0.29 pd=2.58 ps=2.58 nrd=0.29 nrs=0.29 sa=0 sb=0 sd=0
| + mult=1 m=1
| XKS4 KS4 KS4 NKG VSS sky130_fd_pr__nfet_g5v0d10v5 L=8 W=1 nf=1 ad=0.29 as=0.29 pd=2.58 ps=2.58 nrd=0.29 nrs=0.29 sa=0 sb=0 sd=0
| + mult=1 m=1
| XKA NKM PB VDD VDD sky130_fd_pr__pfet_g5v0d10v5 L=4 W=1 nf=1 ad=0.29 as=0.29 pd=2.58 ps=2.58 nrd=0.29 nrs=0.29 sa=0 sb=0 sd=0
| + mult=1 m=1
| XKAN NKM NKM VSS VSS sky130_fd_pr__nfet_g5v0d10v5 L=4 W=2 nf=1 ad=0.58 as=0.58 pd=4.58 ps=4.58 nrd=0.145 nrs=0.145 sa=0 sb=0 sd=0
| + mult=1 m=1
| XKPD NKG NKM VSS VSS sky130_fd_pr__nfet_g5v0d10v5 L=4 W=8 nf=1 ad=2.32 as=2.32 pd=16.58 ps=16.58 nrd=0.03625 nrs=0.03625 sa=0 sb=0
| + sd=0 mult=1 m=1
| XKICK PG NKG VSS VSS sky130_fd_pr__nfet_g5v0d10v5 L=4 W=1 nf=1 ad=0.29 as=0.29 pd=2.58 ps=2.58 nrd=0.29 nrs=0.29 sa=0 sb=0 sd=0
| + mult=1 m=1
| XMPOK TOK PB VDD VDD sky130_fd_pr__pfet_g5v0d10v5 L=4 W=1 nf=1 ad=0.29 as=0.29 pd=2.58 ps=2.58 nrd=0.29 nrs=0.29 sa=0 sb=0 sd=0
| + mult=1 m=1
| XMOKA NOKO NA TOK VDD sky130_fd_pr__pfet_g5v0d10v5 L=4 W=8 nf=1 ad=2.32 as=2.32 pd=16.58 ps=16.58 nrd=0.03625 nrs=0.03625 sa=0
| + sb=0 sd=0 mult=1 m=1
| XMOKB NOKL NBTOP TOK VDD sky130_fd_pr__pfet_g5v0d10v5 L=4 W=8 nf=1 ad=2.32 as=2.32 pd=16.58 ps=16.58 nrd=0.03625 nrs=0.03625 sa=0
| + sb=0 sd=0 mult=1 m=1
| XMOL1 NOKL NOKL VSS VSS sky130_fd_pr__nfet_g5v0d10v5 L=4 W=2 nf=1 ad=0.58 as=0.58 pd=4.58 ps=4.58 nrd=0.145 nrs=0.145 sa=0 sb=0
| + sd=0 mult=1 m=1
| XMOL2 NOKO NOKL VSS VSS sky130_fd_pr__nfet_g5v0d10v5 L=4 W=2 nf=1 ad=0.58 as=0.58 pd=4.58 ps=4.58 nrd=0.145 nrs=0.145 sa=0 sb=0
| + sd=0 mult=1 m=1
| XMOKC NOKO NKG VSS VSS sky130_fd_pr__nfet_g5v0d10v5 L=1 W=2 nf=1 ad=0.58 as=0.58 pd=4.58 ps=4.58 nrd=0.145 nrs=0.145 sa=0 sb=0
| + sd=0 mult=1 m=1
| XMOK2 NOKX NOKO VSS VSS sky130_fd_pr__nfet_g5v0d10v5 L=4 W=2 nf=1 ad=0.58 as=0.58 pd=4.58 ps=4.58 nrd=0.145 nrs=0.145 sa=0 sb=0
| + sd=0 mult=1 m=1
| XMOK2P NOKX PB VDD VDD sky130_fd_pr__pfet_g5v0d10v5 L=4 W=1 nf=1 ad=0.29 as=0.29 pd=2.58 ps=2.58 nrd=0.29 nrs=0.29 sa=0 sb=0 sd=0
| + mult=1 m=1
| XCOK VDD NOKX sky130_fd_pr__cap_mim_m3_1 W=6 L=6 MF=1 m=1
| XMO1P BIAS_OK NOKX VDD VDD sky130_fd_pr__pfet_g5v0d10v5 L=4 W=1 nf=1 ad=0.29 as=0.29 pd=2.58 ps=2.58 nrd=0.29 nrs=0.29 sa=0 sb=0
| + sd=0 mult=1 m=1
| XMO1N BIAS_OK NOKX VSS VSS sky130_fd_pr__nfet_g5v0d10v5 L=0.5 W=4 nf=1 ad=1.16 as=1.16 pd=8.58 ps=8.58 nrd=0.0725 nrs=0.0725 sa=0
| + sb=0 sd=0 mult=1 m=1
| .ends
| 
| .control
| save all
| tran 10u 10m uic
| let nlast = length(v(vref))-1
| let meas_vref = v(vref)[nlast]
| let meas_vref_settled = abs(v(vref)[nlast] - v(vref)[nlast-100])
| let meas_ibias = v(ibias)[nlast]
| let meas_bias_ok = v(bias_ok)[nlast]
| let meas_isup = -i(v1)[nlast]
| print meas_vref
| print meas_vref_settled
| print meas_ibias
| print meas_bias_ok
| print meas_isup
| quit
| .endc
| .end

# ==== ngspice stdout ====

Note: Compatibility modes selected: hs a


Circuit: * bias-core-startup corner deck -- generated by sim/bin/corner-run.py, do not edit

option SCALE: Scale is set to 1e-06 for instance and model parameters
option SCALE: Scale is set to 1e-06 for instance and model parameters
option SCALE: Scale is set to 1e-06 for instance and model parameters
option SCALE: Scale is set to 1e-06 for instance and model parameters
Doing analysis at TEMP = 27.000000 and TNOM = 27.000000

Using KLU as Direct Linear Solver
Operating point simulation skipped by 'uic',
  now using transient initial conditions.
 Reference value :  1.00000e-07
 Reference value :  1.60000e-06
 Reference value :  1.00000e-05
 Reference value :  1.44800e-05
 Reference value :  1.96000e-05
 Reference value :  2.64741e-05
 Reference value :  4.57535e-05
 Reference value :  5.28384e-05
 Reference value :  5.89871e-05
 Reference value :  6.36519e-05
 Reference value :  6.80295e-05
 Reference value :  7.36387e-05
 Reference value :  7.91795e-05
 Reference value :  8.33599e-05
 Reference value :  8.68162e-05
 Reference value :  9.02677e-05
 Reference value :  9.34209e-05
 Reference value :  9.67770e-05
 Reference value :  1.00372e-04
 Reference value :  1.04445e-04
 Reference value :  1.15773e-04
 Reference value :  1.41698e-04
 Reference value :  1.71698e-04
 Reference value :  2.01698e-04
 Reference value :  2.31698e-04
 Reference value :  2.61698e-04
 Reference value :  2.91698e-04
 Reference value :  3.21698e-04
 Reference value :  3.51698e-04
 Reference value :  3.81698e-04
 Reference value :  4.11698e-04
 Reference value :  4.41698e-04
 Reference value :  4.71698e-04
 Reference value :  5.01698e-04
 Reference value :  5.31698e-04
 Reference value :  5.61698e-04
 Reference value :  5.91698e-04
 Reference value :  6.31698e-04
 Reference value :  6.81698e-04
 Reference value :  7.21698e-04
 Reference value :  7.51698e-04
 Reference value :  7.81698e-04
 Reference value :  8.11698e-04
 Reference value :  8.51698e-04
 Reference value :  8.91698e-04
 Reference value :  9.31698e-04
 Reference value :  9.71698e-04
 Reference value :  1.01170e-03
 Reference value :  1.05170e-03
 Reference value :  1.09170e-03
 Reference value :  1.13170e-03
 Reference value :  1.17170e-03
 Reference value :  1.21170e-03
 Reference value :  1.25170e-03
 Reference value :  1.28170e-03
 Reference value :  1.31170e-03
 Reference value :  1.34170e-03
 Reference value :  1.37170e-03
 Reference value :  1.41170e-03
 Reference value :  1.44170e-03
 Reference value :  1.47170e-03
 Reference value :  1.51170e-03
 Reference value :  1.55170e-03
 Reference value :  1.59170e-03
 Reference value :  1.63170e-03
 Reference value :  1.68170e-03
 Reference value :  1.72170e-03
 Reference value :  1.77170e-03
 Reference value :  1.81170e-03
 Reference value :  1.85170e-03
 Reference value :  1.89170e-03
 Reference value :  1.94170e-03
 Reference value :  1.98170e-03
 Reference value :  2.02170e-03
 Reference value :  2.05170e-03
 Reference value :  2.08170e-03
 Reference value :  2.11170e-03
 Reference value :  2.14170e-03
 Reference value :  2.17170e-03
 Reference value :  2.20170e-03
 Reference value :  2.24170e-03
 Reference value :  2.28170e-03
 Reference value :  2.31170e-03
 Reference value :  2.34170e-03
 Reference value :  2.38170e-03
 Reference value :  2.41170e-03
 Reference value :  2.44170e-03
 Reference value :  2.47170e-03
 Reference value :  2.50170e-03
 Reference value :  2.54170e-03
 Reference value :  2.58170e-03
 Reference value :  2.62170e-03
 Reference value :  2.66170e-03
 Reference value :  2.69170e-03
 Reference value :  2.72170e-03
 Reference value :  2.75170e-03
 Reference value :  2.78170e-03
 Reference value :  2.81170e-03
 Reference value :  2.85170e-03
 Reference value :  2.88170e-03
 Reference value :  2.91170e-03
 Reference value :  2.95170e-03
 Reference value :  2.99170e-03
 Reference value :  3.03170e-03
 Reference value :  3.07170e-03
 Reference value :  3.11170e-03
 Reference value :  3.14170e-03
 Reference value :  3.18170e-03
 Reference value :  3.22170e-03
 Reference value :  3.25170e-03
 Reference value :  3.28170e-03
 Reference value :  3.32170e-03
 Reference value :  3.35170e-03
 Reference value :  3.39170e-03
 Reference value :  3.42170e-03
 Reference value :  3.45170e-03
 Reference value :  3.48170e-03
 Reference value :  3.51170e-03
 Reference value :  3.54170e-03
 Reference value :  3.58170e-03
 Reference value :  3.62170e-03
 Reference value :  3.66170e-03
 Reference value :  3.69170e-03
 Reference value :  3.72170e-03
 Reference value :  3.75170e-03
 Reference value :  3.79170e-03
 Reference value :  3.82170e-03
 Reference value :  3.86170e-03
 Reference value :  3.90170e-03
 Reference value :  3.94170e-03
 Reference value :  3.97170e-03
 Reference value :  4.00170e-03
 Reference value :  4.03170e-03
 Reference value :  4.06170e-03
 Reference value :  4.09170e-03
 Reference value :  4.12170e-03
 Reference value :  4.16170e-03
 Reference value :  4.20170e-03
 Reference value :  4.24170e-03
 Reference value :  4.27170e-03
 Reference value :  4.31170e-03
 Reference value :  4.34170e-03
 Reference value :  4.38170e-03
 Reference value :  4.41170e-03
 Reference value :  4.44170e-03
 Reference value :  4.47170e-03
 Reference value :  4.50170e-03
 Reference value :  4.53170e-03
 Reference value :  4.57170e-03
 Reference value :  4.60170e-03
 Reference value :  4.63170e-03
 Reference value :  4.67170e-03
 Reference value :  4.70170e-03
 Reference value :  4.73170e-03
 Reference value :  4.77170e-03
 Reference value :  4.80170e-03
 Reference value :  4.83170e-03
 Reference value :  4.86170e-03
 Reference value :  4.89170e-03
 Reference value :  4.92170e-03
 Reference value :  4.95170e-03
 Reference value :  4.98170e-03
 Reference value :  5.02170e-03
 Reference value :  5.05170e-03
 Reference value :  5.09170e-03
 Reference value :  5.13170e-03
 Reference value :  5.16170e-03
 Reference value :  5.19170e-03
 Reference value :  5.22170e-03
 Reference value :  5.26170e-03
 Reference value :  5.29170e-03
 Reference value :  5.32170e-03
 Reference value :  5.35170e-03
 Reference value :  5.39170e-03
 Reference value :  5.42170e-03
 Reference value :  5.45170e-03
 Reference value :  5.48170e-03
 Reference value :  5.52170e-03
 Reference value :  5.56170e-03
 Reference value :  5.60170e-03
 Reference value :  5.63170e-03
 Reference value :  5.66170e-03
 Reference value :  5.69170e-03
 Reference value :  5.73170e-03
 Reference value :  5.76170e-03
 Reference value :  5.79170e-03
 Reference value :  5.83170e-03
 Reference value :  5.86170e-03
 Reference value :  5.89170e-03
 Reference value :  5.92170e-03
 Reference value :  5.96170e-03
 Reference value :  5.99170e-03
 Reference value :  6.02170e-03
 Reference value :  6.05170e-03
 Reference value :  6.09170e-03
 Reference value :  6.13170e-03
 Reference value :  6.17170e-03
 Reference value :  6.20170e-03
 Reference value :  6.23170e-03
 Reference value :  6.26170e-03
 Reference value :  6.29170e-03
 Reference value :  6.33170e-03
 Reference value :  6.37170e-03
 Reference value :  6.40170e-03
 Reference value :  6.44170e-03
 Reference value :  6.47170e-03
 Reference value :  6.51170e-03
 Reference value :  6.55170e-03
 Reference value :  6.59170e-03
 Reference value :  6.62170e-03
 Reference value :  6.65170e-03
 Reference value :  6.68170e-03
 Reference value :  6.71170e-03
 Reference value :  6.74170e-03
 Reference value :  6.77170e-03
 Reference value :  6.81170e-03
 Reference value :  6.85170e-03
 Reference value :  6.89170e-03
 Reference value :  6.93170e-03
 Reference value :  6.97170e-03
 Reference value :  7.01170e-03
 Reference value :  7.05170e-03
 Reference value :  7.09170e-03
 Reference value :  7.13170e-03
 Reference value :  7.17170e-03
 Reference value :  7.21170e-03
 Reference value :  7.25170e-03
 Reference value :  7.29170e-03
 Reference value :  7.33170e-03
 Reference value :  7.37170e-03
 Reference value :  7.41170e-03
 Reference value :  7.45170e-03
 Reference value :  7.49170e-03
 Reference value :  7.52170e-03
 Reference value :  7.55170e-03
 Reference value :  7.58170e-03
 Reference value :  7.61170e-03
 Reference value :  7.64170e-03
 Reference value :  7.67170e-03
 Reference value :  7.71170e-03
 Reference value :  7.75170e-03
 Reference value :  7.79170e-03
 Reference value :  7.82170e-03
 Reference value :  7.85170e-03
 Reference value :  7.89170e-03
 Reference value :  7.93170e-03
 Reference value :  7.97170e-03
 Reference value :  8.00170e-03
 Reference value :  8.04170e-03
 Reference value :  8.08170e-03
 Reference value :  8.12170e-03
 Reference value :  8.16170e-03
 Reference value :  8.19170e-03
 Reference value :  8.22170e-03
 Reference value :  8.25170e-03
 Reference value :  8.28170e-03
 Reference value :  8.32170e-03
 Reference value :  8.36170e-03
 Reference value :  8.39170e-03
 Reference value :  8.42170e-03
 Reference value :  8.45170e-03
 Reference value :  8.48170e-03
 Reference value :  8.52170e-03
 Reference value :  8.56170e-03
 Reference value :  8.60170e-03
 Reference value :  8.63170e-03
 Reference value :  8.66170e-03
 Reference value :  8.69170e-03
 Reference value :  8.72170e-03
 Reference value :  8.75170e-03
 Reference value :  8.78170e-03
 Reference value :  8.81170e-03
 Reference value :  8.85170e-03
 Reference value :  8.88170e-03
 Reference value :  8.91170e-03
 Reference value :  8.94170e-03
 Reference value :  8.97170e-03
 Reference value :  9.01170e-03
 Reference value :  9.04170e-03
 Reference value :  9.07170e-03
 Reference value :  9.10170e-03
 Reference value :  9.14170e-03
 Reference value :  9.17170e-03
 Reference value :  9.21170e-03
 Reference value :  9.24170e-03
 Reference value :  9.27170e-03
 Reference value :  9.30170e-03
 Reference value :  9.33170e-03
 Reference value :  9.36170e-03
 Reference value :  9.39170e-03
 Reference value :  9.42170e-03
 Reference value :  9.45170e-03
 Reference value :  9.48170e-03
 Reference value :  9.51170e-03
 Reference value :  9.55170e-03
 Reference value :  9.58170e-03
 Reference value :  9.61170e-03
 Reference value :  9.65170e-03
 Reference value :  9.68170e-03
 Reference value :  9.71170e-03
 Reference value :  9.75170e-03
 Reference value :  9.78170e-03
 Reference value :  9.81170e-03
 Reference value :  9.84170e-03
 Reference value :  9.87170e-03
 Reference value :  9.90170e-03
 Reference value :  9.94170e-03
 Reference value :  9.97170e-03
No. of Data Rows : 1023
meas_vref = 1.256752e+00
meas_vref_settled = 8.662626e-11
meas_ibias = 3.630000e+00
meas_bias_ok = 3.630000e+00
meas_isup = 9.448435e-07
ngspice-46 done

# ==== ngspice stderr ====

