# corner: tt_-40c_2.97v
# process=tt temp=-40C supply=2.97V
# ngspice exit: 0
# wall clock: 121.3s (--timeout was 300s)
# result: PASS

# ==== deck (exact input given to ngspice) ====
| * bias-core-startup corner deck -- generated by sim/bin/corner-run.py, do not edit
| * corner: tt_-40c_2.97v
| .param vsup=2.97
| .param tramp=100u
| .param tstop=10m
| .option wnflag=1
| .temp -40
| .lib "/home/ubuntu/.volare/sky130A/libs.tech/combined/sky130.lib.spice" tt
| ** sch_path: sim/bias-core-startup/testbench/tb_bias_core_startup.sch
| **.subckt tb_bias_core_startup
| V1 VDD 0 PWL(0 0 'tramp' 'vsup' 'tstop' 'vsup')
| .save i(v1)
| XDUT VDD 0 IBIAS VREF BIAS_OK bias_core
| **.ends
| 
| * expanding   symbol:  design/bias_core.sym # of pins=5
| ** sym_path: design/bias_core.sym
| ** sch_path: design/bias_core.sch
| .subckt bias_core VDD VSS IBIAS VREF BIAS_OK
| *.iopin VDD
| *.iopin VSS
| *.opin IBIAS
| *.opin VREF
| *.opin BIAS_OK
| XMP1 NA PG VDD VDD sky130_fd_pr__pfet_g5v0d10v5 L=4 W=8 nf=1 ad=2.32 as=2.32 pd=16.58 ps=16.58 nrd=0.03625 nrs=0.03625 sa=0 sb=0
| + sd=0 mult=1 m=1
| XMP2 NBTOP PG VDD VDD sky130_fd_pr__pfet_g5v0d10v5 L=4 W=8 nf=1 ad=2.32 as=2.32 pd=16.58 ps=16.58 nrd=0.03625 nrs=0.03625 sa=0
| + sb=0 sd=0 mult=1 m=1
| XMP3 VREF PG VDD VDD sky130_fd_pr__pfet_g5v0d10v5 L=4 W=8 nf=1 ad=2.32 as=2.32 pd=16.58 ps=16.58 nrd=0.03625 nrs=0.03625 sa=0 sb=0
| + sd=0 mult=1 m=1
| XMPBN NBG PG VDD VDD sky130_fd_pr__pfet_g5v0d10v5 L=4 W=2 nf=1 ad=0.58 as=0.58 pd=4.58 ps=4.58 nrd=0.145 nrs=0.145 sa=0 sb=0 sd=0
| + mult=1 m=1
| XQ1 VSS VSS NA sky130_fd_pr__pnp_05v5_W3p40L3p40 m=1 mult=1
| XRT NBTOP NB VSS sky130_fd_pr__res_xhigh_po W=2 L=17.5 mult=1 m=1
| XR1 NB EC VSS sky130_fd_pr__res_xhigh_po W=2 L=350.0 mult=1 m=1
| XQ8A VSS VSS EC sky130_fd_pr__pnp_05v5_W3p40L3p40 m=1 mult=1
| XQ8B VSS VSS EC sky130_fd_pr__pnp_05v5_W3p40L3p40 m=1 mult=1
| XQ8C VSS VSS EC sky130_fd_pr__pnp_05v5_W3p40L3p40 m=1 mult=1
| XQ8D VSS VSS EC sky130_fd_pr__pnp_05v5_W3p40L3p40 m=1 mult=1
| XQ8E VSS VSS EC sky130_fd_pr__pnp_05v5_W3p40L3p40 m=1 mult=1
| XQ8F VSS VSS EC sky130_fd_pr__pnp_05v5_W3p40L3p40 m=1 mult=1
| XQ8G VSS VSS EC sky130_fd_pr__pnp_05v5_W3p40L3p40 m=1 mult=1
| XQ8H VSS VSS EC sky130_fd_pr__pnp_05v5_W3p40L3p40 m=1 mult=1
| XR2 VREF ER VSS sky130_fd_pr__res_xhigh_po W=2 L=4104.0 mult=1 m=1
| XQR VSS VSS ER sky130_fd_pr__pnp_05v5_W3p40L3p40 m=1 mult=1
| XMBN NBG NBG VSS VSS sky130_fd_pr__nfet_g5v0d10v5 L=4 W=2 nf=1 ad=0.58 as=0.58 pd=4.58 ps=4.58 nrd=0.145 nrs=0.145 sa=0 sb=0 sd=0
| + mult=1 m=1
| XMBN2 PB NBG VSS VSS sky130_fd_pr__nfet_g5v0d10v5 L=4 W=2 nf=1 ad=0.58 as=0.58 pd=4.58 ps=4.58 nrd=0.145 nrs=0.145 sa=0 sb=0 sd=0
| + mult=1 m=1
| XMBP PB PB VDD VDD sky130_fd_pr__pfet_g5v0d10v5 L=4 W=2 nf=1 ad=0.58 as=0.58 pd=4.58 ps=4.58 nrd=0.145 nrs=0.145 sa=0 sb=0 sd=0
| + mult=1 m=1
| XMPIB IBIAS PB VDD VDD sky130_fd_pr__pfet_g5v0d10v5 L=4 W=40 nf=1 ad=11.6 as=11.6 pd=80.58 ps=80.58 nrd=0.00725 nrs=0.00725 sa=0
| + sb=0 sd=0 mult=1 m=1
| XMPT NT PB VDD VDD sky130_fd_pr__pfet_g5v0d10v5 L=4 W=2 nf=1 ad=0.58 as=0.58 pd=4.58 ps=4.58 nrd=0.145 nrs=0.145 sa=0 sb=0 sd=0
| + mult=1 m=1
| XMI1 N1 NA NT VDD sky130_fd_pr__pfet_g5v0d10v5 L=4 W=16 nf=1 ad=4.64 as=4.64 pd=32.58 ps=32.58 nrd=0.018125 nrs=0.018125 sa=0 sb=0
| + sd=0 mult=1 m=1
| XMI2 N2 NB NT VDD sky130_fd_pr__pfet_g5v0d10v5 L=4 W=16 nf=1 ad=4.64 as=4.64 pd=32.58 ps=32.58 nrd=0.018125 nrs=0.018125 sa=0 sb=0
| + sd=0 mult=1 m=1
| XML1 N1 N1 VSS VSS sky130_fd_pr__nfet_g5v0d10v5 L=8 W=4 nf=1 ad=1.16 as=1.16 pd=8.58 ps=8.58 nrd=0.0725 nrs=0.0725 sa=0 sb=0 sd=0
| + mult=1 m=1
| XML2 N2 N1 VSS VSS sky130_fd_pr__nfet_g5v0d10v5 L=8 W=4 nf=1 ad=1.16 as=1.16 pd=8.58 ps=8.58 nrd=0.0725 nrs=0.0725 sa=0 sb=0 sd=0
| + mult=1 m=1
| XMS2N PG N2 VSS VSS sky130_fd_pr__nfet_g5v0d10v5 L=8 W=8 nf=1 ad=2.32 as=2.32 pd=16.58 ps=16.58 nrd=0.03625 nrs=0.03625 sa=0 sb=0
| + sd=0 mult=1 m=1
| XMS2P PG PB VDD VDD sky130_fd_pr__pfet_g5v0d10v5 L=4 W=2 nf=1 ad=0.58 as=0.58 pd=4.58 ps=4.58 nrd=0.145 nrs=0.145 sa=0 sb=0 sd=0
| + mult=1 m=1
| XCC PG NZ sky130_fd_pr__cap_mim_m3_1 W=20 L=20 MF=1 m=1
| XRZ NZ N2 VSS sky130_fd_pr__res_xhigh_po W=2 L=1016.0 mult=1 m=1
| XKS0 VDD VDD KS1 VSS sky130_fd_pr__nfet_g5v0d10v5 L=8 W=1 nf=1 ad=0.29 as=0.29 pd=2.58 ps=2.58 nrd=0.29 nrs=0.29 sa=0 sb=0 sd=0
| + mult=1 m=1
| XKS1 KS1 KS1 KS2 VSS sky130_fd_pr__nfet_g5v0d10v5 L=8 W=1 nf=1 ad=0.29 as=0.29 pd=2.58 ps=2.58 nrd=0.29 nrs=0.29 sa=0 sb=0 sd=0
| + mult=1 m=1
| XKS2 KS2 KS2 KS3 VSS sky130_fd_pr__nfet_g5v0d10v5 L=8 W=1 nf=1 ad=0.29 as=0.29 pd=2.58 ps=2.58 nrd=0.29 nrs=0.29 sa=0 sb=0 sd=0
| + mult=1 m=1
| XKS3 KS3 KS3 KS4 VSS sky130_fd_pr__nfet_g5v0d10v5 L=8 W=1 nf=1 ad=0.29 as=0.29 pd=2.58 ps=2.58 nrd=0.29 nrs=0.29 sa=0 sb=0 sd=0
| + mult=1 m=1
| XKS4 KS4 KS4 NKG VSS sky130_fd_pr__nfet_g5v0d10v5 L=8 W=1 nf=1 ad=0.29 as=0.29 pd=2.58 ps=2.58 nrd=0.29 nrs=0.29 sa=0 sb=0 sd=0
| + mult=1 m=1
| XKA NKM PB VDD VDD sky130_fd_pr__pfet_g5v0d10v5 L=4 W=1 nf=1 ad=0.29 as=0.29 pd=2.58 ps=2.58 nrd=0.29 nrs=0.29 sa=0 sb=0 sd=0
| + mult=1 m=1
| XKAN NKM NKM VSS VSS sky130_fd_pr__nfet_g5v0d10v5 L=4 W=2 nf=1 ad=0.58 as=0.58 pd=4.58 ps=4.58 nrd=0.145 nrs=0.145 sa=0 sb=0 sd=0
| + mult=1 m=1
| XKPD NKG NKM VSS VSS sky130_fd_pr__nfet_g5v0d10v5 L=4 W=8 nf=1 ad=2.32 as=2.32 pd=16.58 ps=16.58 nrd=0.03625 nrs=0.03625 sa=0 sb=0
| + sd=0 mult=1 m=1
| XKICK PG NKG VSS VSS sky130_fd_pr__nfet_g5v0d10v5 L=4 W=1 nf=1 ad=0.29 as=0.29 pd=2.58 ps=2.58 nrd=0.29 nrs=0.29 sa=0 sb=0 sd=0
| + mult=1 m=1
| XMPOK TOK PB VDD VDD sky130_fd_pr__pfet_g5v0d10v5 L=4 W=1 nf=1 ad=0.29 as=0.29 pd=2.58 ps=2.58 nrd=0.29 nrs=0.29 sa=0 sb=0 sd=0
| + mult=1 m=1
| XMOKA NOKO NA TOK VDD sky130_fd_pr__pfet_g5v0d10v5 L=4 W=8 nf=1 ad=2.32 as=2.32 pd=16.58 ps=16.58 nrd=0.03625 nrs=0.03625 sa=0
| + sb=0 sd=0 mult=1 m=1
| XMOKB NOKL NBTOP TOK VDD sky130_fd_pr__pfet_g5v0d10v5 L=4 W=8 nf=1 ad=2.32 as=2.32 pd=16.58 ps=16.58 nrd=0.03625 nrs=0.03625 sa=0
| + sb=0 sd=0 mult=1 m=1
| XMOL1 NOKL NOKL VSS VSS sky130_fd_pr__nfet_g5v0d10v5 L=4 W=2 nf=1 ad=0.58 as=0.58 pd=4.58 ps=4.58 nrd=0.145 nrs=0.145 sa=0 sb=0
| + sd=0 mult=1 m=1
| XMOL2 NOKO NOKL VSS VSS sky130_fd_pr__nfet_g5v0d10v5 L=4 W=2 nf=1 ad=0.58 as=0.58 pd=4.58 ps=4.58 nrd=0.145 nrs=0.145 sa=0 sb=0
| + sd=0 mult=1 m=1
| XMOKC NOKO NKG VSS VSS sky130_fd_pr__nfet_g5v0d10v5 L=1 W=2 nf=1 ad=0.58 as=0.58 pd=4.58 ps=4.58 nrd=0.145 nrs=0.145 sa=0 sb=0
| + sd=0 mult=1 m=1
| XMOK2 NOKX NOKO VSS VSS sky130_fd_pr__nfet_g5v0d10v5 L=4 W=2 nf=1 ad=0.58 as=0.58 pd=4.58 ps=4.58 nrd=0.145 nrs=0.145 sa=0 sb=0
| + sd=0 mult=1 m=1
| XMOK2P NOKX PB VDD VDD sky130_fd_pr__pfet_g5v0d10v5 L=4 W=1 nf=1 ad=0.29 as=0.29 pd=2.58 ps=2.58 nrd=0.29 nrs=0.29 sa=0 sb=0 sd=0
| + mult=1 m=1
| XCOK VDD NOKX sky130_fd_pr__cap_mim_m3_1 W=6 L=6 MF=1 m=1
| XMO1P BIAS_OK NOKX VDD VDD sky130_fd_pr__pfet_g5v0d10v5 L=4 W=1 nf=1 ad=0.29 as=0.29 pd=2.58 ps=2.58 nrd=0.29 nrs=0.29 sa=0 sb=0
| + sd=0 mult=1 m=1
| XMO1N BIAS_OK NOKX VSS VSS sky130_fd_pr__nfet_g5v0d10v5 L=0.5 W=4 nf=1 ad=1.16 as=1.16 pd=8.58 ps=8.58 nrd=0.0725 nrs=0.0725 sa=0
| + sb=0 sd=0 mult=1 m=1
| .ends
| 
| .control
| save all
| tran 10u 10m uic
| let nlast = length(v(vref))-1
| let meas_vref = v(vref)[nlast]
| let meas_vref_settled = abs(v(vref)[nlast] - v(vref)[nlast-100])
| let meas_ibias = v(ibias)[nlast]
| let meas_bias_ok = v(bias_ok)[nlast]
| let meas_isup = -i(v1)[nlast]
| print meas_vref
| print meas_vref_settled
| print meas_ibias
| print meas_bias_ok
| print meas_isup
| quit
| .endc
| .end

# ==== ngspice stdout ====

Note: Compatibility modes selected: hs a


Circuit: * bias-core-startup corner deck -- generated by sim/bin/corner-run.py, do not edit

option SCALE: Scale is set to 1e-06 for instance and model parameters
option SCALE: Scale is set to 1e-06 for instance and model parameters
option SCALE: Scale is set to 1e-06 for instance and model parameters
option SCALE: Scale is set to 1e-06 for instance and model parameters
Doing analysis at TEMP = -40.000000 and TNOM = 27.000000

Using KLU as Direct Linear Solver
Operating point simulation skipped by 'uic',
  now using transient initial conditions.
 Reference value :  1.00000e-07
 Reference value :  8.00000e-07
 Reference value :  6.40000e-06
 Reference value :  1.44800e-05
 Reference value :  2.93196e-05
 Reference value :  3.87765e-05
 Reference value :  4.97071e-05
 Reference value :  5.45358e-05
 Reference value :  6.08388e-05
 Reference value :  6.35937e-05
 Reference value :  6.58182e-05
 Reference value :  6.71311e-05
 Reference value :  6.80893e-05
 Reference value :  7.05184e-05
 Reference value :  7.25709e-05
 Reference value :  7.44749e-05
 Reference value :  7.58657e-05
 Reference value :  7.71562e-05
 Reference value :  8.01120e-05
 Reference value :  8.75331e-05
 Reference value :  1.00000e-04
 Reference value :  1.05649e-04
 Reference value :  1.30181e-04
 Reference value :  1.70181e-04
 Reference value :  2.10181e-04
 Reference value :  2.40181e-04
 Reference value :  2.70181e-04
 Reference value :  3.10181e-04
 Reference value :  3.50181e-04
 Reference value :  3.90181e-04
 Reference value :  4.30181e-04
 Reference value :  4.60181e-04
 Reference value :  4.90181e-04
 Reference value :  5.20181e-04
 Reference value :  5.50181e-04
 Reference value :  5.90181e-04
 Reference value :  6.20181e-04
 Reference value :  6.50181e-04
 Reference value :  6.90181e-04
 Reference value :  7.30181e-04
 Reference value :  7.60181e-04
 Reference value :  7.90181e-04
 Reference value :  8.20181e-04
 Reference value :  8.60181e-04
 Reference value :  9.00181e-04
 Reference value :  9.30181e-04
 Reference value :  9.60181e-04
 Reference value :  9.90181e-04
 Reference value :  1.02018e-03
 Reference value :  1.06018e-03
 Reference value :  1.10018e-03
 Reference value :  1.14018e-03
 Reference value :  1.17018e-03
 Reference value :  1.20018e-03
 Reference value :  1.23018e-03
 Reference value :  1.26018e-03
 Reference value :  1.29018e-03
 Reference value :  1.33018e-03
 Reference value :  1.37018e-03
 Reference value :  1.41018e-03
 Reference value :  1.44018e-03
 Reference value :  1.48018e-03
 Reference value :  1.52018e-03
 Reference value :  1.55018e-03
 Reference value :  1.58018e-03
 Reference value :  1.61018e-03
 Reference value :  1.64018e-03
 Reference value :  1.67018e-03
 Reference value :  1.70018e-03
 Reference value :  1.73018e-03
 Reference value :  1.76018e-03
 Reference value :  1.79018e-03
 Reference value :  1.82018e-03
 Reference value :  1.86018e-03
 Reference value :  1.89018e-03
 Reference value :  1.93018e-03
 Reference value :  1.96018e-03
 Reference value :  1.99018e-03
 Reference value :  2.02018e-03
 Reference value :  2.05018e-03
 Reference value :  2.08018e-03
 Reference value :  2.11018e-03
 Reference value :  2.14018e-03
 Reference value :  2.17018e-03
 Reference value :  2.20018e-03
 Reference value :  2.23018e-03
 Reference value :  2.26018e-03
 Reference value :  2.29018e-03
 Reference value :  2.33018e-03
 Reference value :  2.37018e-03
 Reference value :  2.41018e-03
 Reference value :  2.45018e-03
 Reference value :  2.49018e-03
 Reference value :  2.53018e-03
 Reference value :  2.57018e-03
 Reference value :  2.61018e-03
 Reference value :  2.65018e-03
 Reference value :  2.69018e-03
 Reference value :  2.74018e-03
 Reference value :  2.78018e-03
 Reference value :  2.82018e-03
 Reference value :  2.86018e-03
 Reference value :  2.90018e-03
 Reference value :  2.94018e-03
 Reference value :  2.98018e-03
 Reference value :  3.02018e-03
 Reference value :  3.06018e-03
 Reference value :  3.10018e-03
 Reference value :  3.14018e-03
 Reference value :  3.18018e-03
 Reference value :  3.22018e-03
 Reference value :  3.26018e-03
 Reference value :  3.30018e-03
 Reference value :  3.35018e-03
 Reference value :  3.39018e-03
 Reference value :  3.43018e-03
 Reference value :  3.46018e-03
 Reference value :  3.49018e-03
 Reference value :  3.53018e-03
 Reference value :  3.57018e-03
 Reference value :  3.60018e-03
 Reference value :  3.64018e-03
 Reference value :  3.67018e-03
 Reference value :  3.70018e-03
 Reference value :  3.74018e-03
 Reference value :  3.77018e-03
 Reference value :  3.81018e-03
 Reference value :  3.84018e-03
 Reference value :  3.87018e-03
 Reference value :  3.90018e-03
 Reference value :  3.94018e-03
 Reference value :  3.98018e-03
 Reference value :  4.02018e-03
 Reference value :  4.06018e-03
 Reference value :  4.09018e-03
 Reference value :  4.13018e-03
 Reference value :  4.17018e-03
 Reference value :  4.20018e-03
 Reference value :  4.24018e-03
 Reference value :  4.27018e-03
 Reference value :  4.31018e-03
 Reference value :  4.35018e-03
 Reference value :  4.39018e-03
 Reference value :  4.43018e-03
 Reference value :  4.47018e-03
 Reference value :  4.51018e-03
 Reference value :  4.55018e-03
 Reference value :  4.59018e-03
 Reference value :  4.63018e-03
 Reference value :  4.66018e-03
 Reference value :  4.69018e-03
 Reference value :  4.72018e-03
 Reference value :  4.76018e-03
 Reference value :  4.79018e-03
 Reference value :  4.82018e-03
 Reference value :  4.86018e-03
 Reference value :  4.89018e-03
 Reference value :  4.92018e-03
 Reference value :  4.96018e-03
 Reference value :  5.00018e-03
 Reference value :  5.04018e-03
 Reference value :  5.08018e-03
 Reference value :  5.12018e-03
 Reference value :  5.16018e-03
 Reference value :  5.20018e-03
 Reference value :  5.24018e-03
 Reference value :  5.28018e-03
 Reference value :  5.32018e-03
 Reference value :  5.35018e-03
 Reference value :  5.39018e-03
 Reference value :  5.42018e-03
 Reference value :  5.45018e-03
 Reference value :  5.48018e-03
 Reference value :  5.51018e-03
 Reference value :  5.54018e-03
 Reference value :  5.57018e-03
 Reference value :  5.60018e-03
 Reference value :  5.63018e-03
 Reference value :  5.66018e-03
 Reference value :  5.69018e-03
 Reference value :  5.73018e-03
 Reference value :  5.76018e-03
 Reference value :  5.79018e-03
 Reference value :  5.82018e-03
 Reference value :  5.85018e-03
 Reference value :  5.89018e-03
 Reference value :  5.92018e-03
 Reference value :  5.96018e-03
 Reference value :  5.99018e-03
 Reference value :  6.02018e-03
 Reference value :  6.05018e-03
 Reference value :  6.08018e-03
 Reference value :  6.11018e-03
 Reference value :  6.15018e-03
 Reference value :  6.19018e-03
 Reference value :  6.23018e-03
 Reference value :  6.26018e-03
 Reference value :  6.29018e-03
 Reference value :  6.33018e-03
 Reference value :  6.36018e-03
 Reference value :  6.39018e-03
 Reference value :  6.42018e-03
 Reference value :  6.45018e-03
 Reference value :  6.48018e-03
 Reference value :  6.52018e-03
 Reference value :  6.56018e-03
 Reference value :  6.60018e-03
 Reference value :  6.63018e-03
 Reference value :  6.66018e-03
 Reference value :  6.69018e-03
 Reference value :  6.72018e-03
 Reference value :  6.75018e-03
 Reference value :  6.78018e-03
 Reference value :  6.81018e-03
 Reference value :  6.84018e-03
 Reference value :  6.87018e-03
 Reference value :  6.90018e-03
 Reference value :  6.93018e-03
 Reference value :  6.97018e-03
 Reference value :  7.00018e-03
 Reference value :  7.03018e-03
 Reference value :  7.06018e-03
 Reference value :  7.09018e-03
 Reference value :  7.12018e-03
 Reference value :  7.15018e-03
 Reference value :  7.18018e-03
 Reference value :  7.21018e-03
 Reference value :  7.25018e-03
 Reference value :  7.29018e-03
 Reference value :  7.33018e-03
 Reference value :  7.37018e-03
 Reference value :  7.41018e-03
 Reference value :  7.45018e-03
 Reference value :  7.49018e-03
 Reference value :  7.52018e-03
 Reference value :  7.56018e-03
 Reference value :  7.59018e-03
 Reference value :  7.62018e-03
 Reference value :  7.66018e-03
 Reference value :  7.70018e-03
 Reference value :  7.74018e-03
 Reference value :  7.77018e-03
 Reference value :  7.80018e-03
 Reference value :  7.83018e-03
 Reference value :  7.87018e-03
 Reference value :  7.91018e-03
 Reference value :  7.94018e-03
 Reference value :  7.97018e-03
 Reference value :  8.01018e-03
 Reference value :  8.04018e-03
 Reference value :  8.07018e-03
 Reference value :  8.10018e-03
 Reference value :  8.13018e-03
 Reference value :  8.16018e-03
 Reference value :  8.19018e-03
 Reference value :  8.22018e-03
 Reference value :  8.25018e-03
 Reference value :  8.28018e-03
 Reference value :  8.31018e-03
 Reference value :  8.35018e-03
 Reference value :  8.39018e-03
 Reference value :  8.43018e-03
 Reference value :  8.47018e-03
 Reference value :  8.51018e-03
 Reference value :  8.54018e-03
 Reference value :  8.58018e-03
 Reference value :  8.61018e-03
 Reference value :  8.64018e-03
 Reference value :  8.67018e-03
 Reference value :  8.70018e-03
 Reference value :  8.73018e-03
 Reference value :  8.77018e-03
 Reference value :  8.80018e-03
 Reference value :  8.84018e-03
 Reference value :  8.88018e-03
 Reference value :  8.92018e-03
 Reference value :  8.96018e-03
 Reference value :  9.00018e-03
 Reference value :  9.03018e-03
 Reference value :  9.06018e-03
 Reference value :  9.10018e-03
 Reference value :  9.13018e-03
 Reference value :  9.17018e-03
 Reference value :  9.21018e-03
 Reference value :  9.24018e-03
 Reference value :  9.27018e-03
 Reference value :  9.30018e-03
 Reference value :  9.34018e-03
 Reference value :  9.37018e-03
 Reference value :  9.40018e-03
 Reference value :  9.44018e-03
 Reference value :  9.47018e-03
 Reference value :  9.50018e-03
 Reference value :  9.54018e-03
 Reference value :  9.57018e-03
 Reference value :  9.60018e-03
 Reference value :  9.64018e-03
 Reference value :  9.67018e-03
 Reference value :  9.71018e-03
 Reference value :  9.74018e-03
 Reference value :  9.77018e-03
 Reference value :  9.80018e-03
 Reference value :  9.83018e-03
 Reference value :  9.86018e-03
 Reference value :  9.89018e-03
 Reference value :  9.92018e-03
 Reference value :  9.95018e-03
 Reference value :  9.98018e-03
No. of Data Rows : 1031
meas_vref = 1.248402e+00
meas_vref_settled = 1.496914e-10
meas_ibias = 2.970000e+00
meas_bias_ok = 2.969999e+00
meas_isup = 7.767147e-07
ngspice-46 done

# ==== ngspice stderr ====

