# corner: tt_-40c_3.30v
# process=tt temp=-40C supply=3.30V
# ngspice exit: 0
# wall clock: 108.0s (--timeout was 300s)
# result: PASS

# ==== deck (exact input given to ngspice) ====
| * bias-core-startup corner deck -- generated by sim/bin/corner-run.py, do not edit
| * corner: tt_-40c_3.30v
| .param vsup=3.3
| .param tramp=100u
| .param tstop=10m
| .option wnflag=1
| .temp -40
| .lib "/home/ubuntu/.volare/sky130A/libs.tech/combined/sky130.lib.spice" tt
| ** sch_path: sim/bias-core-startup/testbench/tb_bias_core_startup.sch
| **.subckt tb_bias_core_startup
| V1 VDD 0 PWL(0 0 'tramp' 'vsup' 'tstop' 'vsup')
| .save i(v1)
| XDUT VDD 0 IBIAS VREF BIAS_OK bias_core
| **.ends
| 
| * expanding   symbol:  design/bias_core.sym # of pins=5
| ** sym_path: design/bias_core.sym
| ** sch_path: design/bias_core.sch
| .subckt bias_core VDD VSS IBIAS VREF BIAS_OK
| *.iopin VDD
| *.iopin VSS
| *.opin IBIAS
| *.opin VREF
| *.opin BIAS_OK
| XMP1 NA PG VDD VDD sky130_fd_pr__pfet_g5v0d10v5 L=4 W=8 nf=1 ad=2.32 as=2.32 pd=16.58 ps=16.58 nrd=0.03625 nrs=0.03625 sa=0 sb=0
| + sd=0 mult=1 m=1
| XMP2 NBTOP PG VDD VDD sky130_fd_pr__pfet_g5v0d10v5 L=4 W=8 nf=1 ad=2.32 as=2.32 pd=16.58 ps=16.58 nrd=0.03625 nrs=0.03625 sa=0
| + sb=0 sd=0 mult=1 m=1
| XMP3 VREF PG VDD VDD sky130_fd_pr__pfet_g5v0d10v5 L=4 W=8 nf=1 ad=2.32 as=2.32 pd=16.58 ps=16.58 nrd=0.03625 nrs=0.03625 sa=0 sb=0
| + sd=0 mult=1 m=1
| XMPBN NBG PG VDD VDD sky130_fd_pr__pfet_g5v0d10v5 L=4 W=2 nf=1 ad=0.58 as=0.58 pd=4.58 ps=4.58 nrd=0.145 nrs=0.145 sa=0 sb=0 sd=0
| + mult=1 m=1
| XQ1 VSS VSS NA sky130_fd_pr__pnp_05v5_W3p40L3p40 m=1 mult=1
| XRT NBTOP NB VSS sky130_fd_pr__res_xhigh_po W=2 L=17.5 mult=1 m=1
| XR1 NB EC VSS sky130_fd_pr__res_xhigh_po W=2 L=350.0 mult=1 m=1
| XQ8A VSS VSS EC sky130_fd_pr__pnp_05v5_W3p40L3p40 m=1 mult=1
| XQ8B VSS VSS EC sky130_fd_pr__pnp_05v5_W3p40L3p40 m=1 mult=1
| XQ8C VSS VSS EC sky130_fd_pr__pnp_05v5_W3p40L3p40 m=1 mult=1
| XQ8D VSS VSS EC sky130_fd_pr__pnp_05v5_W3p40L3p40 m=1 mult=1
| XQ8E VSS VSS EC sky130_fd_pr__pnp_05v5_W3p40L3p40 m=1 mult=1
| XQ8F VSS VSS EC sky130_fd_pr__pnp_05v5_W3p40L3p40 m=1 mult=1
| XQ8G VSS VSS EC sky130_fd_pr__pnp_05v5_W3p40L3p40 m=1 mult=1
| XQ8H VSS VSS EC sky130_fd_pr__pnp_05v5_W3p40L3p40 m=1 mult=1
| XR2 VREF ER VSS sky130_fd_pr__res_xhigh_po W=2 L=4104.0 mult=1 m=1
| XQR VSS VSS ER sky130_fd_pr__pnp_05v5_W3p40L3p40 m=1 mult=1
| XMBN NBG NBG VSS VSS sky130_fd_pr__nfet_g5v0d10v5 L=4 W=2 nf=1 ad=0.58 as=0.58 pd=4.58 ps=4.58 nrd=0.145 nrs=0.145 sa=0 sb=0 sd=0
| + mult=1 m=1
| XMBN2 PB NBG VSS VSS sky130_fd_pr__nfet_g5v0d10v5 L=4 W=2 nf=1 ad=0.58 as=0.58 pd=4.58 ps=4.58 nrd=0.145 nrs=0.145 sa=0 sb=0 sd=0
| + mult=1 m=1
| XMBP PB PB VDD VDD sky130_fd_pr__pfet_g5v0d10v5 L=4 W=2 nf=1 ad=0.58 as=0.58 pd=4.58 ps=4.58 nrd=0.145 nrs=0.145 sa=0 sb=0 sd=0
| + mult=1 m=1
| XMPIB IBIAS PB VDD VDD sky130_fd_pr__pfet_g5v0d10v5 L=4 W=40 nf=1 ad=11.6 as=11.6 pd=80.58 ps=80.58 nrd=0.00725 nrs=0.00725 sa=0
| + sb=0 sd=0 mult=1 m=1
| XMPT NT PB VDD VDD sky130_fd_pr__pfet_g5v0d10v5 L=4 W=2 nf=1 ad=0.58 as=0.58 pd=4.58 ps=4.58 nrd=0.145 nrs=0.145 sa=0 sb=0 sd=0
| + mult=1 m=1
| XMI1 N1 NA NT VDD sky130_fd_pr__pfet_g5v0d10v5 L=4 W=16 nf=1 ad=4.64 as=4.64 pd=32.58 ps=32.58 nrd=0.018125 nrs=0.018125 sa=0 sb=0
| + sd=0 mult=1 m=1
| XMI2 N2 NB NT VDD sky130_fd_pr__pfet_g5v0d10v5 L=4 W=16 nf=1 ad=4.64 as=4.64 pd=32.58 ps=32.58 nrd=0.018125 nrs=0.018125 sa=0 sb=0
| + sd=0 mult=1 m=1
| XML1 N1 N1 VSS VSS sky130_fd_pr__nfet_g5v0d10v5 L=8 W=4 nf=1 ad=1.16 as=1.16 pd=8.58 ps=8.58 nrd=0.0725 nrs=0.0725 sa=0 sb=0 sd=0
| + mult=1 m=1
| XML2 N2 N1 VSS VSS sky130_fd_pr__nfet_g5v0d10v5 L=8 W=4 nf=1 ad=1.16 as=1.16 pd=8.58 ps=8.58 nrd=0.0725 nrs=0.0725 sa=0 sb=0 sd=0
| + mult=1 m=1
| XMS2N PG N2 VSS VSS sky130_fd_pr__nfet_g5v0d10v5 L=8 W=8 nf=1 ad=2.32 as=2.32 pd=16.58 ps=16.58 nrd=0.03625 nrs=0.03625 sa=0 sb=0
| + sd=0 mult=1 m=1
| XMS2P PG PB VDD VDD sky130_fd_pr__pfet_g5v0d10v5 L=4 W=2 nf=1 ad=0.58 as=0.58 pd=4.58 ps=4.58 nrd=0.145 nrs=0.145 sa=0 sb=0 sd=0
| + mult=1 m=1
| XCC PG NZ sky130_fd_pr__cap_mim_m3_1 W=20 L=20 MF=1 m=1
| XRZ NZ N2 VSS sky130_fd_pr__res_xhigh_po W=2 L=1016.0 mult=1 m=1
| XKS0 VDD VDD KS1 VSS sky130_fd_pr__nfet_g5v0d10v5 L=8 W=1 nf=1 ad=0.29 as=0.29 pd=2.58 ps=2.58 nrd=0.29 nrs=0.29 sa=0 sb=0 sd=0
| + mult=1 m=1
| XKS1 KS1 KS1 KS2 VSS sky130_fd_pr__nfet_g5v0d10v5 L=8 W=1 nf=1 ad=0.29 as=0.29 pd=2.58 ps=2.58 nrd=0.29 nrs=0.29 sa=0 sb=0 sd=0
| + mult=1 m=1
| XKS2 KS2 KS2 KS3 VSS sky130_fd_pr__nfet_g5v0d10v5 L=8 W=1 nf=1 ad=0.29 as=0.29 pd=2.58 ps=2.58 nrd=0.29 nrs=0.29 sa=0 sb=0 sd=0
| + mult=1 m=1
| XKS3 KS3 KS3 KS4 VSS sky130_fd_pr__nfet_g5v0d10v5 L=8 W=1 nf=1 ad=0.29 as=0.29 pd=2.58 ps=2.58 nrd=0.29 nrs=0.29 sa=0 sb=0 sd=0
| + mult=1 m=1
| XKS4 KS4 KS4 NKG VSS sky130_fd_pr__nfet_g5v0d10v5 L=8 W=1 nf=1 ad=0.29 as=0.29 pd=2.58 ps=2.58 nrd=0.29 nrs=0.29 sa=0 sb=0 sd=0
| + mult=1 m=1
| XKA NKM PB VDD VDD sky130_fd_pr__pfet_g5v0d10v5 L=4 W=1 nf=1 ad=0.29 as=0.29 pd=2.58 ps=2.58 nrd=0.29 nrs=0.29 sa=0 sb=0 sd=0
| + mult=1 m=1
| XKAN NKM NKM VSS VSS sky130_fd_pr__nfet_g5v0d10v5 L=4 W=2 nf=1 ad=0.58 as=0.58 pd=4.58 ps=4.58 nrd=0.145 nrs=0.145 sa=0 sb=0 sd=0
| + mult=1 m=1
| XKPD NKG NKM VSS VSS sky130_fd_pr__nfet_g5v0d10v5 L=4 W=8 nf=1 ad=2.32 as=2.32 pd=16.58 ps=16.58 nrd=0.03625 nrs=0.03625 sa=0 sb=0
| + sd=0 mult=1 m=1
| XKICK PG NKG VSS VSS sky130_fd_pr__nfet_g5v0d10v5 L=4 W=1 nf=1 ad=0.29 as=0.29 pd=2.58 ps=2.58 nrd=0.29 nrs=0.29 sa=0 sb=0 sd=0
| + mult=1 m=1
| XMPOK TOK PB VDD VDD sky130_fd_pr__pfet_g5v0d10v5 L=4 W=1 nf=1 ad=0.29 as=0.29 pd=2.58 ps=2.58 nrd=0.29 nrs=0.29 sa=0 sb=0 sd=0
| + mult=1 m=1
| XMOKA NOKO NA TOK VDD sky130_fd_pr__pfet_g5v0d10v5 L=4 W=8 nf=1 ad=2.32 as=2.32 pd=16.58 ps=16.58 nrd=0.03625 nrs=0.03625 sa=0
| + sb=0 sd=0 mult=1 m=1
| XMOKB NOKL NBTOP TOK VDD sky130_fd_pr__pfet_g5v0d10v5 L=4 W=8 nf=1 ad=2.32 as=2.32 pd=16.58 ps=16.58 nrd=0.03625 nrs=0.03625 sa=0
| + sb=0 sd=0 mult=1 m=1
| XMOL1 NOKL NOKL VSS VSS sky130_fd_pr__nfet_g5v0d10v5 L=4 W=2 nf=1 ad=0.58 as=0.58 pd=4.58 ps=4.58 nrd=0.145 nrs=0.145 sa=0 sb=0
| + sd=0 mult=1 m=1
| XMOL2 NOKO NOKL VSS VSS sky130_fd_pr__nfet_g5v0d10v5 L=4 W=2 nf=1 ad=0.58 as=0.58 pd=4.58 ps=4.58 nrd=0.145 nrs=0.145 sa=0 sb=0
| + sd=0 mult=1 m=1
| XMOKC NOKO NKG VSS VSS sky130_fd_pr__nfet_g5v0d10v5 L=1 W=2 nf=1 ad=0.58 as=0.58 pd=4.58 ps=4.58 nrd=0.145 nrs=0.145 sa=0 sb=0
| + sd=0 mult=1 m=1
| XMOK2 NOKX NOKO VSS VSS sky130_fd_pr__nfet_g5v0d10v5 L=4 W=2 nf=1 ad=0.58 as=0.58 pd=4.58 ps=4.58 nrd=0.145 nrs=0.145 sa=0 sb=0
| + sd=0 mult=1 m=1
| XMOK2P NOKX PB VDD VDD sky130_fd_pr__pfet_g5v0d10v5 L=4 W=1 nf=1 ad=0.29 as=0.29 pd=2.58 ps=2.58 nrd=0.29 nrs=0.29 sa=0 sb=0 sd=0
| + mult=1 m=1
| XCOK VDD NOKX sky130_fd_pr__cap_mim_m3_1 W=6 L=6 MF=1 m=1
| XMO1P BIAS_OK NOKX VDD VDD sky130_fd_pr__pfet_g5v0d10v5 L=4 W=1 nf=1 ad=0.29 as=0.29 pd=2.58 ps=2.58 nrd=0.29 nrs=0.29 sa=0 sb=0
| + sd=0 mult=1 m=1
| XMO1N BIAS_OK NOKX VSS VSS sky130_fd_pr__nfet_g5v0d10v5 L=0.5 W=4 nf=1 ad=1.16 as=1.16 pd=8.58 ps=8.58 nrd=0.0725 nrs=0.0725 sa=0
| + sb=0 sd=0 mult=1 m=1
| .ends
| 
| .control
| save all
| tran 10u 10m uic
| let nlast = length(v(vref))-1
| let meas_vref = v(vref)[nlast]
| let meas_vref_settled = abs(v(vref)[nlast] - v(vref)[nlast-100])
| let meas_ibias = v(ibias)[nlast]
| let meas_bias_ok = v(bias_ok)[nlast]
| let meas_isup = -i(v1)[nlast]
| print meas_vref
| print meas_vref_settled
| print meas_ibias
| print meas_bias_ok
| print meas_isup
| quit
| .endc
| .end

# ==== ngspice stdout ====

Note: Compatibility modes selected: hs a


Circuit: * bias-core-startup corner deck -- generated by sim/bin/corner-run.py, do not edit

option SCALE: Scale is set to 1e-06 for instance and model parameters
option SCALE: Scale is set to 1e-06 for instance and model parameters
option SCALE: Scale is set to 1e-06 for instance and model parameters
option SCALE: Scale is set to 1e-06 for instance and model parameters
Doing analysis at TEMP = -40.000000 and TNOM = 27.000000

Using KLU as Direct Linear Solver
Operating point simulation skipped by 'uic',
  now using transient initial conditions.
 Reference value :  1.00000e-07
 Reference value :  8.00000e-07
 Reference value :  6.40000e-06
 Reference value :  1.19200e-05
 Reference value :  1.96000e-05
 Reference value :  2.78770e-05
 Reference value :  3.56899e-05
 Reference value :  4.64013e-05
 Reference value :  5.02075e-05
 Reference value :  5.29588e-05
 Reference value :  5.44101e-05
 Reference value :  5.49506e-05
 Reference value :  5.54195e-05
 Reference value :  5.59166e-05
 Reference value :  5.68253e-05
 Reference value :  5.77938e-05
 Reference value :  6.10719e-05
 Reference value :  6.35048e-05
 Reference value :  6.54194e-05
 Reference value :  6.72774e-05
 Reference value :  6.86115e-05
 Reference value :  7.09225e-05
 Reference value :  7.37658e-05
 Reference value :  7.77740e-05
 Reference value :  8.33983e-05
 Reference value :  9.35029e-05
 Reference value :  1.00940e-04
 Reference value :  1.11684e-04
 Reference value :  1.37904e-04
 Reference value :  1.77904e-04
 Reference value :  2.17904e-04
 Reference value :  2.67904e-04
 Reference value :  3.07904e-04
 Reference value :  3.47904e-04
 Reference value :  3.77904e-04
 Reference value :  4.17904e-04
 Reference value :  4.47904e-04
 Reference value :  4.87904e-04
 Reference value :  5.27904e-04
 Reference value :  5.67904e-04
 Reference value :  6.07904e-04
 Reference value :  6.57904e-04
 Reference value :  6.97904e-04
 Reference value :  7.37904e-04
 Reference value :  7.67904e-04
 Reference value :  8.07904e-04
 Reference value :  8.47904e-04
 Reference value :  8.87904e-04
 Reference value :  9.27904e-04
 Reference value :  9.67904e-04
 Reference value :  1.00790e-03
 Reference value :  1.03790e-03
 Reference value :  1.06790e-03
 Reference value :  1.09790e-03
 Reference value :  1.13790e-03
 Reference value :  1.17790e-03
 Reference value :  1.22790e-03
 Reference value :  1.25790e-03
 Reference value :  1.29790e-03
 Reference value :  1.32790e-03
 Reference value :  1.36790e-03
 Reference value :  1.40790e-03
 Reference value :  1.44790e-03
 Reference value :  1.48790e-03
 Reference value :  1.51790e-03
 Reference value :  1.54790e-03
 Reference value :  1.58790e-03
 Reference value :  1.61790e-03
 Reference value :  1.65790e-03
 Reference value :  1.68790e-03
 Reference value :  1.71790e-03
 Reference value :  1.75790e-03
 Reference value :  1.79790e-03
 Reference value :  1.82790e-03
 Reference value :  1.86790e-03
 Reference value :  1.90790e-03
 Reference value :  1.94790e-03
 Reference value :  1.98790e-03
 Reference value :  2.02790e-03
 Reference value :  2.06790e-03
 Reference value :  2.10790e-03
 Reference value :  2.13790e-03
 Reference value :  2.16790e-03
 Reference value :  2.19790e-03
 Reference value :  2.22790e-03
 Reference value :  2.25790e-03
 Reference value :  2.28790e-03
 Reference value :  2.31790e-03
 Reference value :  2.35790e-03
 Reference value :  2.38790e-03
 Reference value :  2.41790e-03
 Reference value :  2.44790e-03
 Reference value :  2.47790e-03
 Reference value :  2.51790e-03
 Reference value :  2.54790e-03
 Reference value :  2.57790e-03
 Reference value :  2.60790e-03
 Reference value :  2.63790e-03
 Reference value :  2.67790e-03
 Reference value :  2.70790e-03
 Reference value :  2.73790e-03
 Reference value :  2.77790e-03
 Reference value :  2.81790e-03
 Reference value :  2.85790e-03
 Reference value :  2.89790e-03
 Reference value :  2.92790e-03
 Reference value :  2.96790e-03
 Reference value :  2.99790e-03
 Reference value :  3.02790e-03
 Reference value :  3.05790e-03
 Reference value :  3.08790e-03
 Reference value :  3.12790e-03
 Reference value :  3.15790e-03
 Reference value :  3.18790e-03
 Reference value :  3.21790e-03
 Reference value :  3.24790e-03
 Reference value :  3.27790e-03
 Reference value :  3.30790e-03
 Reference value :  3.33790e-03
 Reference value :  3.36790e-03
 Reference value :  3.39790e-03
 Reference value :  3.42790e-03
 Reference value :  3.46790e-03
 Reference value :  3.49790e-03
 Reference value :  3.52790e-03
 Reference value :  3.55790e-03
 Reference value :  3.58790e-03
 Reference value :  3.61790e-03
 Reference value :  3.64790e-03
 Reference value :  3.67790e-03
 Reference value :  3.70790e-03
 Reference value :  3.73790e-03
 Reference value :  3.76790e-03
 Reference value :  3.79790e-03
 Reference value :  3.83790e-03
 Reference value :  3.86790e-03
 Reference value :  3.89790e-03
 Reference value :  3.92790e-03
 Reference value :  3.95790e-03
 Reference value :  3.98790e-03
 Reference value :  4.01790e-03
 Reference value :  4.04790e-03
 Reference value :  4.07790e-03
 Reference value :  4.10790e-03
 Reference value :  4.13790e-03
 Reference value :  4.16790e-03
 Reference value :  4.20790e-03
 Reference value :  4.24790e-03
 Reference value :  4.28790e-03
 Reference value :  4.32790e-03
 Reference value :  4.36790e-03
 Reference value :  4.40790e-03
 Reference value :  4.43790e-03
 Reference value :  4.47790e-03
 Reference value :  4.50790e-03
 Reference value :  4.54790e-03
 Reference value :  4.58790e-03
 Reference value :  4.62790e-03
 Reference value :  4.66790e-03
 Reference value :  4.69790e-03
 Reference value :  4.72790e-03
 Reference value :  4.76790e-03
 Reference value :  4.79790e-03
 Reference value :  4.82790e-03
 Reference value :  4.86790e-03
 Reference value :  4.90790e-03
 Reference value :  4.93790e-03
 Reference value :  4.97790e-03
 Reference value :  5.01790e-03
 Reference value :  5.05790e-03
 Reference value :  5.09790e-03
 Reference value :  5.13790e-03
 Reference value :  5.17790e-03
 Reference value :  5.21790e-03
 Reference value :  5.25790e-03
 Reference value :  5.29790e-03
 Reference value :  5.33790e-03
 Reference value :  5.37790e-03
 Reference value :  5.41790e-03
 Reference value :  5.45790e-03
 Reference value :  5.49790e-03
 Reference value :  5.53790e-03
 Reference value :  5.57790e-03
 Reference value :  5.61790e-03
 Reference value :  5.65790e-03
 Reference value :  5.69790e-03
 Reference value :  5.73790e-03
 Reference value :  5.77790e-03
 Reference value :  5.81790e-03
 Reference value :  5.84790e-03
 Reference value :  5.88790e-03
 Reference value :  5.91790e-03
 Reference value :  5.95790e-03
 Reference value :  5.99790e-03
 Reference value :  6.03790e-03
 Reference value :  6.07790e-03
 Reference value :  6.10790e-03
 Reference value :  6.13790e-03
 Reference value :  6.17790e-03
 Reference value :  6.21790e-03
 Reference value :  6.25790e-03
 Reference value :  6.29790e-03
 Reference value :  6.32790e-03
 Reference value :  6.36790e-03
 Reference value :  6.39790e-03
 Reference value :  6.42790e-03
 Reference value :  6.46790e-03
 Reference value :  6.50790e-03
 Reference value :  6.54790e-03
 Reference value :  6.58790e-03
 Reference value :  6.62790e-03
 Reference value :  6.66790e-03
 Reference value :  6.70790e-03
 Reference value :  6.74790e-03
 Reference value :  6.78790e-03
 Reference value :  6.82790e-03
 Reference value :  6.86790e-03
 Reference value :  6.90790e-03
 Reference value :  6.93790e-03
 Reference value :  6.96790e-03
 Reference value :  6.99790e-03
 Reference value :  7.02790e-03
 Reference value :  7.06790e-03
 Reference value :  7.10790e-03
 Reference value :  7.13790e-03
 Reference value :  7.17790e-03
 Reference value :  7.20790e-03
 Reference value :  7.24790e-03
 Reference value :  7.27790e-03
 Reference value :  7.30790e-03
 Reference value :  7.33790e-03
 Reference value :  7.36790e-03
 Reference value :  7.39790e-03
 Reference value :  7.43790e-03
 Reference value :  7.47790e-03
 Reference value :  7.50790e-03
 Reference value :  7.54790e-03
 Reference value :  7.57790e-03
 Reference value :  7.60790e-03
 Reference value :  7.63790e-03
 Reference value :  7.66790e-03
 Reference value :  7.70790e-03
 Reference value :  7.74790e-03
 Reference value :  7.77790e-03
 Reference value :  7.81790e-03
 Reference value :  7.85790e-03
 Reference value :  7.88790e-03
 Reference value :  7.92790e-03
 Reference value :  7.96790e-03
 Reference value :  8.00790e-03
 Reference value :  8.03790e-03
 Reference value :  8.06790e-03
 Reference value :  8.09790e-03
 Reference value :  8.12790e-03
 Reference value :  8.15790e-03
 Reference value :  8.18790e-03
 Reference value :  8.22790e-03
 Reference value :  8.26790e-03
 Reference value :  8.30790e-03
 Reference value :  8.33790e-03
 Reference value :  8.37790e-03
 Reference value :  8.41790e-03
 Reference value :  8.45790e-03
 Reference value :  8.49790e-03
 Reference value :  8.53790e-03
 Reference value :  8.56790e-03
 Reference value :  8.60790e-03
 Reference value :  8.63790e-03
 Reference value :  8.66790e-03
 Reference value :  8.69790e-03
 Reference value :  8.72790e-03
 Reference value :  8.75790e-03
 Reference value :  8.78790e-03
 Reference value :  8.81790e-03
 Reference value :  8.84790e-03
 Reference value :  8.88790e-03
 Reference value :  8.92790e-03
 Reference value :  8.96790e-03
 Reference value :  9.00790e-03
 Reference value :  9.04790e-03
 Reference value :  9.08790e-03
 Reference value :  9.12790e-03
 Reference value :  9.16790e-03
 Reference value :  9.20790e-03
 Reference value :  9.24790e-03
 Reference value :  9.28790e-03
 Reference value :  9.32790e-03
 Reference value :  9.36790e-03
 Reference value :  9.40790e-03
 Reference value :  9.44790e-03
 Reference value :  9.48790e-03
 Reference value :  9.52790e-03
 Reference value :  9.56790e-03
 Reference value :  9.60790e-03
 Reference value :  9.64790e-03
 Reference value :  9.68790e-03
 Reference value :  9.71790e-03
 Reference value :  9.74790e-03
 Reference value :  9.77790e-03
 Reference value :  9.81790e-03
 Reference value :  9.84790e-03
 Reference value :  9.88790e-03
 Reference value :  9.91790e-03
 Reference value :  9.95790e-03
 Reference value :  9.98790e-03
No. of Data Rows : 1041
meas_vref = 1.248542e+00
meas_vref_settled = 9.617169e-10
meas_ibias = 3.300000e+00
meas_bias_ok = 3.300000e+00
meas_isup = 7.801011e-07
ngspice-46 done

# ==== ngspice stderr ====

