# corner: tt_125c_2.97v
# process=tt temp=125C supply=2.97V
# ngspice exit: 0
# wall clock: 65.7s (--timeout was 300s)
# result: PASS

# ==== deck (exact input given to ngspice) ====
| * bias-core-startup corner deck -- generated by sim/bin/corner-run.py, do not edit
| * corner: tt_125c_2.97v
| .param vsup=2.97
| .param tramp=100u
| .param tstop=10m
| .option wnflag=1
| .temp 125
| .lib "/home/ubuntu/.volare/sky130A/libs.tech/combined/sky130.lib.spice" tt
| ** sch_path: sim/bias-core-startup/testbench/tb_bias_core_startup.sch
| **.subckt tb_bias_core_startup
| V1 VDD 0 PWL(0 0 'tramp' 'vsup' 'tstop' 'vsup')
| .save i(v1)
| XDUT VDD 0 IBIAS VREF BIAS_OK bias_core
| **.ends
| 
| * expanding   symbol:  design/bias_core.sym # of pins=5
| ** sym_path: design/bias_core.sym
| ** sch_path: design/bias_core.sch
| .subckt bias_core VDD VSS IBIAS VREF BIAS_OK
| *.iopin VDD
| *.iopin VSS
| *.opin IBIAS
| *.opin VREF
| *.opin BIAS_OK
| XMP1 NA PG VDD VDD sky130_fd_pr__pfet_g5v0d10v5 L=4 W=8 nf=1 ad=2.32 as=2.32 pd=16.58 ps=16.58 nrd=0.03625 nrs=0.03625 sa=0 sb=0
| + sd=0 mult=1 m=1
| XMP2 NBTOP PG VDD VDD sky130_fd_pr__pfet_g5v0d10v5 L=4 W=8 nf=1 ad=2.32 as=2.32 pd=16.58 ps=16.58 nrd=0.03625 nrs=0.03625 sa=0
| + sb=0 sd=0 mult=1 m=1
| XMP3 VREF PG VDD VDD sky130_fd_pr__pfet_g5v0d10v5 L=4 W=8 nf=1 ad=2.32 as=2.32 pd=16.58 ps=16.58 nrd=0.03625 nrs=0.03625 sa=0 sb=0
| + sd=0 mult=1 m=1
| XMPBN NBG PG VDD VDD sky130_fd_pr__pfet_g5v0d10v5 L=4 W=2 nf=1 ad=0.58 as=0.58 pd=4.58 ps=4.58 nrd=0.145 nrs=0.145 sa=0 sb=0 sd=0
| + mult=1 m=1
| XQ1 VSS VSS NA sky130_fd_pr__pnp_05v5_W3p40L3p40 m=1 mult=1
| XRT NBTOP NB VSS sky130_fd_pr__res_xhigh_po W=2 L=17.5 mult=1 m=1
| XR1 NB EC VSS sky130_fd_pr__res_xhigh_po W=2 L=350.0 mult=1 m=1
| XQ8A VSS VSS EC sky130_fd_pr__pnp_05v5_W3p40L3p40 m=1 mult=1
| XQ8B VSS VSS EC sky130_fd_pr__pnp_05v5_W3p40L3p40 m=1 mult=1
| XQ8C VSS VSS EC sky130_fd_pr__pnp_05v5_W3p40L3p40 m=1 mult=1
| XQ8D VSS VSS EC sky130_fd_pr__pnp_05v5_W3p40L3p40 m=1 mult=1
| XQ8E VSS VSS EC sky130_fd_pr__pnp_05v5_W3p40L3p40 m=1 mult=1
| XQ8F VSS VSS EC sky130_fd_pr__pnp_05v5_W3p40L3p40 m=1 mult=1
| XQ8G VSS VSS EC sky130_fd_pr__pnp_05v5_W3p40L3p40 m=1 mult=1
| XQ8H VSS VSS EC sky130_fd_pr__pnp_05v5_W3p40L3p40 m=1 mult=1
| XR2 VREF ER VSS sky130_fd_pr__res_xhigh_po W=2 L=4104.0 mult=1 m=1
| XQR VSS VSS ER sky130_fd_pr__pnp_05v5_W3p40L3p40 m=1 mult=1
| XMBN NBG NBG VSS VSS sky130_fd_pr__nfet_g5v0d10v5 L=4 W=2 nf=1 ad=0.58 as=0.58 pd=4.58 ps=4.58 nrd=0.145 nrs=0.145 sa=0 sb=0 sd=0
| + mult=1 m=1
| XMBN2 PB NBG VSS VSS sky130_fd_pr__nfet_g5v0d10v5 L=4 W=2 nf=1 ad=0.58 as=0.58 pd=4.58 ps=4.58 nrd=0.145 nrs=0.145 sa=0 sb=0 sd=0
| + mult=1 m=1
| XMBP PB PB VDD VDD sky130_fd_pr__pfet_g5v0d10v5 L=4 W=2 nf=1 ad=0.58 as=0.58 pd=4.58 ps=4.58 nrd=0.145 nrs=0.145 sa=0 sb=0 sd=0
| + mult=1 m=1
| XMPIB IBIAS PB VDD VDD sky130_fd_pr__pfet_g5v0d10v5 L=4 W=40 nf=1 ad=11.6 as=11.6 pd=80.58 ps=80.58 nrd=0.00725 nrs=0.00725 sa=0
| + sb=0 sd=0 mult=1 m=1
| XMPT NT PB VDD VDD sky130_fd_pr__pfet_g5v0d10v5 L=4 W=2 nf=1 ad=0.58 as=0.58 pd=4.58 ps=4.58 nrd=0.145 nrs=0.145 sa=0 sb=0 sd=0
| + mult=1 m=1
| XMI1 N1 NA NT VDD sky130_fd_pr__pfet_g5v0d10v5 L=4 W=16 nf=1 ad=4.64 as=4.64 pd=32.58 ps=32.58 nrd=0.018125 nrs=0.018125 sa=0 sb=0
| + sd=0 mult=1 m=1
| XMI2 N2 NB NT VDD sky130_fd_pr__pfet_g5v0d10v5 L=4 W=16 nf=1 ad=4.64 as=4.64 pd=32.58 ps=32.58 nrd=0.018125 nrs=0.018125 sa=0 sb=0
| + sd=0 mult=1 m=1
| XML1 N1 N1 VSS VSS sky130_fd_pr__nfet_g5v0d10v5 L=8 W=4 nf=1 ad=1.16 as=1.16 pd=8.58 ps=8.58 nrd=0.0725 nrs=0.0725 sa=0 sb=0 sd=0
| + mult=1 m=1
| XML2 N2 N1 VSS VSS sky130_fd_pr__nfet_g5v0d10v5 L=8 W=4 nf=1 ad=1.16 as=1.16 pd=8.58 ps=8.58 nrd=0.0725 nrs=0.0725 sa=0 sb=0 sd=0
| + mult=1 m=1
| XMS2N PG N2 VSS VSS sky130_fd_pr__nfet_g5v0d10v5 L=8 W=8 nf=1 ad=2.32 as=2.32 pd=16.58 ps=16.58 nrd=0.03625 nrs=0.03625 sa=0 sb=0
| + sd=0 mult=1 m=1
| XMS2P PG PB VDD VDD sky130_fd_pr__pfet_g5v0d10v5 L=4 W=2 nf=1 ad=0.58 as=0.58 pd=4.58 ps=4.58 nrd=0.145 nrs=0.145 sa=0 sb=0 sd=0
| + mult=1 m=1
| XCC PG NZ sky130_fd_pr__cap_mim_m3_1 W=20 L=20 MF=1 m=1
| XRZ NZ N2 VSS sky130_fd_pr__res_xhigh_po W=2 L=1016.0 mult=1 m=1
| XKS0 VDD VDD KS1 VSS sky130_fd_pr__nfet_g5v0d10v5 L=8 W=1 nf=1 ad=0.29 as=0.29 pd=2.58 ps=2.58 nrd=0.29 nrs=0.29 sa=0 sb=0 sd=0
| + mult=1 m=1
| XKS1 KS1 KS1 KS2 VSS sky130_fd_pr__nfet_g5v0d10v5 L=8 W=1 nf=1 ad=0.29 as=0.29 pd=2.58 ps=2.58 nrd=0.29 nrs=0.29 sa=0 sb=0 sd=0
| + mult=1 m=1
| XKS2 KS2 KS2 KS3 VSS sky130_fd_pr__nfet_g5v0d10v5 L=8 W=1 nf=1 ad=0.29 as=0.29 pd=2.58 ps=2.58 nrd=0.29 nrs=0.29 sa=0 sb=0 sd=0
| + mult=1 m=1
| XKS3 KS3 KS3 KS4 VSS sky130_fd_pr__nfet_g5v0d10v5 L=8 W=1 nf=1 ad=0.29 as=0.29 pd=2.58 ps=2.58 nrd=0.29 nrs=0.29 sa=0 sb=0 sd=0
| + mult=1 m=1
| XKS4 KS4 KS4 NKG VSS sky130_fd_pr__nfet_g5v0d10v5 L=8 W=1 nf=1 ad=0.29 as=0.29 pd=2.58 ps=2.58 nrd=0.29 nrs=0.29 sa=0 sb=0 sd=0
| + mult=1 m=1
| XKA NKM PB VDD VDD sky130_fd_pr__pfet_g5v0d10v5 L=4 W=1 nf=1 ad=0.29 as=0.29 pd=2.58 ps=2.58 nrd=0.29 nrs=0.29 sa=0 sb=0 sd=0
| + mult=1 m=1
| XKAN NKM NKM VSS VSS sky130_fd_pr__nfet_g5v0d10v5 L=4 W=2 nf=1 ad=0.58 as=0.58 pd=4.58 ps=4.58 nrd=0.145 nrs=0.145 sa=0 sb=0 sd=0
| + mult=1 m=1
| XKPD NKG NKM VSS VSS sky130_fd_pr__nfet_g5v0d10v5 L=4 W=8 nf=1 ad=2.32 as=2.32 pd=16.58 ps=16.58 nrd=0.03625 nrs=0.03625 sa=0 sb=0
| + sd=0 mult=1 m=1
| XKICK PG NKG VSS VSS sky130_fd_pr__nfet_g5v0d10v5 L=4 W=1 nf=1 ad=0.29 as=0.29 pd=2.58 ps=2.58 nrd=0.29 nrs=0.29 sa=0 sb=0 sd=0
| + mult=1 m=1
| XMPOK TOK PB VDD VDD sky130_fd_pr__pfet_g5v0d10v5 L=4 W=1 nf=1 ad=0.29 as=0.29 pd=2.58 ps=2.58 nrd=0.29 nrs=0.29 sa=0 sb=0 sd=0
| + mult=1 m=1
| XMOKA NOKO NA TOK VDD sky130_fd_pr__pfet_g5v0d10v5 L=4 W=8 nf=1 ad=2.32 as=2.32 pd=16.58 ps=16.58 nrd=0.03625 nrs=0.03625 sa=0
| + sb=0 sd=0 mult=1 m=1
| XMOKB NOKL NBTOP TOK VDD sky130_fd_pr__pfet_g5v0d10v5 L=4 W=8 nf=1 ad=2.32 as=2.32 pd=16.58 ps=16.58 nrd=0.03625 nrs=0.03625 sa=0
| + sb=0 sd=0 mult=1 m=1
| XMOL1 NOKL NOKL VSS VSS sky130_fd_pr__nfet_g5v0d10v5 L=4 W=2 nf=1 ad=0.58 as=0.58 pd=4.58 ps=4.58 nrd=0.145 nrs=0.145 sa=0 sb=0
| + sd=0 mult=1 m=1
| XMOL2 NOKO NOKL VSS VSS sky130_fd_pr__nfet_g5v0d10v5 L=4 W=2 nf=1 ad=0.58 as=0.58 pd=4.58 ps=4.58 nrd=0.145 nrs=0.145 sa=0 sb=0
| + sd=0 mult=1 m=1
| XMOKC NOKO NKG VSS VSS sky130_fd_pr__nfet_g5v0d10v5 L=1 W=2 nf=1 ad=0.58 as=0.58 pd=4.58 ps=4.58 nrd=0.145 nrs=0.145 sa=0 sb=0
| + sd=0 mult=1 m=1
| XMOK2 NOKX NOKO VSS VSS sky130_fd_pr__nfet_g5v0d10v5 L=4 W=2 nf=1 ad=0.58 as=0.58 pd=4.58 ps=4.58 nrd=0.145 nrs=0.145 sa=0 sb=0
| + sd=0 mult=1 m=1
| XMOK2P NOKX PB VDD VDD sky130_fd_pr__pfet_g5v0d10v5 L=4 W=1 nf=1 ad=0.29 as=0.29 pd=2.58 ps=2.58 nrd=0.29 nrs=0.29 sa=0 sb=0 sd=0
| + mult=1 m=1
| XCOK VDD NOKX sky130_fd_pr__cap_mim_m3_1 W=6 L=6 MF=1 m=1
| XMO1P BIAS_OK NOKX VDD VDD sky130_fd_pr__pfet_g5v0d10v5 L=4 W=1 nf=1 ad=0.29 as=0.29 pd=2.58 ps=2.58 nrd=0.29 nrs=0.29 sa=0 sb=0
| + sd=0 mult=1 m=1
| XMO1N BIAS_OK NOKX VSS VSS sky130_fd_pr__nfet_g5v0d10v5 L=0.5 W=4 nf=1 ad=1.16 as=1.16 pd=8.58 ps=8.58 nrd=0.0725 nrs=0.0725 sa=0
| + sb=0 sd=0 mult=1 m=1
| .ends
| 
| .control
| save all
| tran 10u 10m uic
| let nlast = length(v(vref))-1
| let meas_vref = v(vref)[nlast]
| let meas_vref_settled = abs(v(vref)[nlast] - v(vref)[nlast-100])
| let meas_ibias = v(ibias)[nlast]
| let meas_bias_ok = v(bias_ok)[nlast]
| let meas_isup = -i(v1)[nlast]
| print meas_vref
| print meas_vref_settled
| print meas_ibias
| print meas_bias_ok
| print meas_isup
| quit
| .endc
| .end

# ==== ngspice stdout ====

Note: Compatibility modes selected: hs a


Circuit: * bias-core-startup corner deck -- generated by sim/bin/corner-run.py, do not edit

option SCALE: Scale is set to 1e-06 for instance and model parameters
option SCALE: Scale is set to 1e-06 for instance and model parameters
option SCALE: Scale is set to 1e-06 for instance and model parameters
option SCALE: Scale is set to 1e-06 for instance and model parameters
Doing analysis at TEMP = 125.000000 and TNOM = 27.000000

Using KLU as Direct Linear Solver
Operating point simulation skipped by 'uic',
  now using transient initial conditions.
 Reference value :  1.00000e-07
 Reference value :  8.00000e-07
 Reference value :  3.20000e-06
 Reference value :  1.00000e-05
 Reference value :  1.44800e-05
 Reference value :  2.80283e-05
 Reference value :  3.65337e-05
 Reference value :  4.50903e-05
 Reference value :  5.14008e-05
 Reference value :  5.70487e-05
 Reference value :  6.12916e-05
 Reference value :  6.91613e-05
 Reference value :  7.63178e-05
 Reference value :  8.28812e-05
 Reference value :  9.04568e-05
 Reference value :  1.00000e-04
 Reference value :  1.02050e-04
 Reference value :  1.04783e-04
 Reference value :  1.12256e-04
 Reference value :  1.29482e-04
 Reference value :  1.59482e-04
 Reference value :  1.89482e-04
 Reference value :  2.19482e-04
 Reference value :  2.49482e-04
 Reference value :  2.79482e-04
 Reference value :  3.09482e-04
 Reference value :  3.39482e-04
 Reference value :  3.69482e-04
 Reference value :  3.99482e-04
 Reference value :  4.39482e-04
 Reference value :  4.79482e-04
 Reference value :  5.19482e-04
 Reference value :  5.59482e-04
 Reference value :  5.89482e-04
 Reference value :  6.29482e-04
 Reference value :  6.69482e-04
 Reference value :  6.99482e-04
 Reference value :  7.39482e-04
 Reference value :  7.79482e-04
 Reference value :  8.09482e-04
 Reference value :  8.49482e-04
 Reference value :  8.89482e-04
 Reference value :  9.29482e-04
 Reference value :  9.69482e-04
 Reference value :  9.99482e-04
 Reference value :  1.03948e-03
 Reference value :  1.07948e-03
 Reference value :  1.11948e-03
 Reference value :  1.14948e-03
 Reference value :  1.18948e-03
 Reference value :  1.21948e-03
 Reference value :  1.25948e-03
 Reference value :  1.29948e-03
 Reference value :  1.33948e-03
 Reference value :  1.37948e-03
 Reference value :  1.41948e-03
 Reference value :  1.45948e-03
 Reference value :  1.49948e-03
 Reference value :  1.53948e-03
 Reference value :  1.56948e-03
 Reference value :  1.59948e-03
 Reference value :  1.62948e-03
 Reference value :  1.65948e-03
 Reference value :  1.69948e-03
 Reference value :  1.72948e-03
 Reference value :  1.76948e-03
 Reference value :  1.80948e-03
 Reference value :  1.83948e-03
 Reference value :  1.87948e-03
 Reference value :  1.92948e-03
 Reference value :  1.97948e-03
 Reference value :  2.03948e-03
 Reference value :  2.09948e-03
 Reference value :  2.13948e-03
 Reference value :  2.18948e-03
 Reference value :  2.22948e-03
 Reference value :  2.28948e-03
 Reference value :  2.33948e-03
 Reference value :  2.38948e-03
 Reference value :  2.43948e-03
 Reference value :  2.47948e-03
 Reference value :  2.51948e-03
 Reference value :  2.57948e-03
 Reference value :  2.62948e-03
 Reference value :  2.67948e-03
 Reference value :  2.72948e-03
 Reference value :  2.77948e-03
 Reference value :  2.82948e-03
 Reference value :  2.87948e-03
 Reference value :  2.93948e-03
 Reference value :  2.98948e-03
 Reference value :  3.03948e-03
 Reference value :  3.08948e-03
 Reference value :  3.13948e-03
 Reference value :  3.18948e-03
 Reference value :  3.23948e-03
 Reference value :  3.28948e-03
 Reference value :  3.33948e-03
 Reference value :  3.38948e-03
 Reference value :  3.44948e-03
 Reference value :  3.49948e-03
 Reference value :  3.54948e-03
 Reference value :  3.59948e-03
 Reference value :  3.64948e-03
 Reference value :  3.69948e-03
 Reference value :  3.74948e-03
 Reference value :  3.79948e-03
 Reference value :  3.84948e-03
 Reference value :  3.89948e-03
 Reference value :  3.94948e-03
 Reference value :  3.99948e-03
 Reference value :  4.04948e-03
 Reference value :  4.09948e-03
 Reference value :  4.14948e-03
 Reference value :  4.20948e-03
 Reference value :  4.26948e-03
 Reference value :  4.31948e-03
 Reference value :  4.37948e-03
 Reference value :  4.43948e-03
 Reference value :  4.49948e-03
 Reference value :  4.54948e-03
 Reference value :  4.60948e-03
 Reference value :  4.65948e-03
 Reference value :  4.71948e-03
 Reference value :  4.76948e-03
 Reference value :  4.81948e-03
 Reference value :  4.87948e-03
 Reference value :  4.92948e-03
 Reference value :  4.98948e-03
 Reference value :  5.04948e-03
 Reference value :  5.09948e-03
 Reference value :  5.14948e-03
 Reference value :  5.20948e-03
 Reference value :  5.26948e-03
 Reference value :  5.32948e-03
 Reference value :  5.38948e-03
 Reference value :  5.44948e-03
 Reference value :  5.49948e-03
 Reference value :  5.54948e-03
 Reference value :  5.60948e-03
 Reference value :  5.66948e-03
 Reference value :  5.72948e-03
 Reference value :  5.78948e-03
 Reference value :  5.83948e-03
 Reference value :  5.89948e-03
 Reference value :  5.94948e-03
 Reference value :  6.00948e-03
 Reference value :  6.06948e-03
 Reference value :  6.11948e-03
 Reference value :  6.16948e-03
 Reference value :  6.22948e-03
 Reference value :  6.28948e-03
 Reference value :  6.34948e-03
 Reference value :  6.40948e-03
 Reference value :  6.46948e-03
 Reference value :  6.52948e-03
 Reference value :  6.58948e-03
 Reference value :  6.64948e-03
 Reference value :  6.70948e-03
 Reference value :  6.75948e-03
 Reference value :  6.81948e-03
 Reference value :  6.86948e-03
 Reference value :  6.90948e-03
 Reference value :  6.95948e-03
 Reference value :  7.00948e-03
 Reference value :  7.05948e-03
 Reference value :  7.11948e-03
 Reference value :  7.17948e-03
 Reference value :  7.22948e-03
 Reference value :  7.28948e-03
 Reference value :  7.33948e-03
 Reference value :  7.39948e-03
 Reference value :  7.44948e-03
 Reference value :  7.50948e-03
 Reference value :  7.56948e-03
 Reference value :  7.61948e-03
 Reference value :  7.67948e-03
 Reference value :  7.72948e-03
 Reference value :  7.78948e-03
 Reference value :  7.84948e-03
 Reference value :  7.90948e-03
 Reference value :  7.95948e-03
 Reference value :  7.98948e-03
 Reference value :  8.03948e-03
 Reference value :  8.07948e-03
 Reference value :  8.11948e-03
 Reference value :  8.15948e-03
 Reference value :  8.19948e-03
 Reference value :  8.23948e-03
 Reference value :  8.27948e-03
 Reference value :  8.32948e-03
 Reference value :  8.37948e-03
 Reference value :  8.41948e-03
 Reference value :  8.45948e-03
 Reference value :  8.48948e-03
 Reference value :  8.51948e-03
 Reference value :  8.54948e-03
 Reference value :  8.58948e-03
 Reference value :  8.62948e-03
 Reference value :  8.66948e-03
 Reference value :  8.70948e-03
 Reference value :  8.74948e-03
 Reference value :  8.78948e-03
 Reference value :  8.81948e-03
 Reference value :  8.85948e-03
 Reference value :  8.88948e-03
 Reference value :  8.91948e-03
 Reference value :  8.95948e-03
 Reference value :  8.98948e-03
 Reference value :  9.01948e-03
 Reference value :  9.04948e-03
 Reference value :  9.07948e-03
 Reference value :  9.10948e-03
 Reference value :  9.13948e-03
 Reference value :  9.16948e-03
 Reference value :  9.19948e-03
 Reference value :  9.22948e-03
 Reference value :  9.25948e-03
 Reference value :  9.29948e-03
 Reference value :  9.33948e-03
 Reference value :  9.36948e-03
 Reference value :  9.40948e-03
 Reference value :  9.44948e-03
 Reference value :  9.48948e-03
 Reference value :  9.52948e-03
 Reference value :  9.56948e-03
 Reference value :  9.60948e-03
 Reference value :  9.64948e-03
 Reference value :  9.68948e-03
 Reference value :  9.72948e-03
 Reference value :  9.75948e-03
 Reference value :  9.79948e-03
 Reference value :  9.82948e-03
 Reference value :  9.85948e-03
 Reference value :  9.88948e-03
 Reference value :  9.92948e-03
 Reference value :  9.95948e-03
 Reference value :  9.98948e-03
No. of Data Rows : 1023
meas_vref = 1.257201e+00
meas_vref_settled = 4.195156e-09
meas_ibias = 2.970000e+00
meas_bias_ok = 2.969935e+00
meas_isup = 1.160607e-06
ngspice-46 done

# ==== ngspice stderr ====

