# corner: tt_125c_3.30v
# process=tt temp=125C supply=3.30V
# ngspice exit: 0
# wall clock: 71.4s (--timeout was 300s)
# result: PASS

# ==== deck (exact input given to ngspice) ====
| * bias-core-startup corner deck -- generated by sim/bin/corner-run.py, do not edit
| * corner: tt_125c_3.30v
| .param vsup=3.3
| .param tramp=100u
| .param tstop=10m
| .option wnflag=1
| .temp 125
| .lib "/home/ubuntu/.volare/sky130A/libs.tech/combined/sky130.lib.spice" tt
| ** sch_path: sim/bias-core-startup/testbench/tb_bias_core_startup.sch
| **.subckt tb_bias_core_startup
| V1 VDD 0 PWL(0 0 'tramp' 'vsup' 'tstop' 'vsup')
| .save i(v1)
| XDUT VDD 0 IBIAS VREF BIAS_OK bias_core
| **.ends
| 
| * expanding   symbol:  design/bias_core.sym # of pins=5
| ** sym_path: design/bias_core.sym
| ** sch_path: design/bias_core.sch
| .subckt bias_core VDD VSS IBIAS VREF BIAS_OK
| *.iopin VDD
| *.iopin VSS
| *.opin IBIAS
| *.opin VREF
| *.opin BIAS_OK
| XMP1 NA PG VDD VDD sky130_fd_pr__pfet_g5v0d10v5 L=4 W=8 nf=1 ad=2.32 as=2.32 pd=16.58 ps=16.58 nrd=0.03625 nrs=0.03625 sa=0 sb=0
| + sd=0 mult=1 m=1
| XMP2 NBTOP PG VDD VDD sky130_fd_pr__pfet_g5v0d10v5 L=4 W=8 nf=1 ad=2.32 as=2.32 pd=16.58 ps=16.58 nrd=0.03625 nrs=0.03625 sa=0
| + sb=0 sd=0 mult=1 m=1
| XMP3 VREF PG VDD VDD sky130_fd_pr__pfet_g5v0d10v5 L=4 W=8 nf=1 ad=2.32 as=2.32 pd=16.58 ps=16.58 nrd=0.03625 nrs=0.03625 sa=0 sb=0
| + sd=0 mult=1 m=1
| XMPBN NBG PG VDD VDD sky130_fd_pr__pfet_g5v0d10v5 L=4 W=2 nf=1 ad=0.58 as=0.58 pd=4.58 ps=4.58 nrd=0.145 nrs=0.145 sa=0 sb=0 sd=0
| + mult=1 m=1
| XQ1 VSS VSS NA sky130_fd_pr__pnp_05v5_W3p40L3p40 m=1 mult=1
| XRT NBTOP NB VSS sky130_fd_pr__res_xhigh_po W=2 L=17.5 mult=1 m=1
| XR1 NB EC VSS sky130_fd_pr__res_xhigh_po W=2 L=350.0 mult=1 m=1
| XQ8A VSS VSS EC sky130_fd_pr__pnp_05v5_W3p40L3p40 m=1 mult=1
| XQ8B VSS VSS EC sky130_fd_pr__pnp_05v5_W3p40L3p40 m=1 mult=1
| XQ8C VSS VSS EC sky130_fd_pr__pnp_05v5_W3p40L3p40 m=1 mult=1
| XQ8D VSS VSS EC sky130_fd_pr__pnp_05v5_W3p40L3p40 m=1 mult=1
| XQ8E VSS VSS EC sky130_fd_pr__pnp_05v5_W3p40L3p40 m=1 mult=1
| XQ8F VSS VSS EC sky130_fd_pr__pnp_05v5_W3p40L3p40 m=1 mult=1
| XQ8G VSS VSS EC sky130_fd_pr__pnp_05v5_W3p40L3p40 m=1 mult=1
| XQ8H VSS VSS EC sky130_fd_pr__pnp_05v5_W3p40L3p40 m=1 mult=1
| XR2 VREF ER VSS sky130_fd_pr__res_xhigh_po W=2 L=4104.0 mult=1 m=1
| XQR VSS VSS ER sky130_fd_pr__pnp_05v5_W3p40L3p40 m=1 mult=1
| XMBN NBG NBG VSS VSS sky130_fd_pr__nfet_g5v0d10v5 L=4 W=2 nf=1 ad=0.58 as=0.58 pd=4.58 ps=4.58 nrd=0.145 nrs=0.145 sa=0 sb=0 sd=0
| + mult=1 m=1
| XMBN2 PB NBG VSS VSS sky130_fd_pr__nfet_g5v0d10v5 L=4 W=2 nf=1 ad=0.58 as=0.58 pd=4.58 ps=4.58 nrd=0.145 nrs=0.145 sa=0 sb=0 sd=0
| + mult=1 m=1
| XMBP PB PB VDD VDD sky130_fd_pr__pfet_g5v0d10v5 L=4 W=2 nf=1 ad=0.58 as=0.58 pd=4.58 ps=4.58 nrd=0.145 nrs=0.145 sa=0 sb=0 sd=0
| + mult=1 m=1
| XMPIB IBIAS PB VDD VDD sky130_fd_pr__pfet_g5v0d10v5 L=4 W=40 nf=1 ad=11.6 as=11.6 pd=80.58 ps=80.58 nrd=0.00725 nrs=0.00725 sa=0
| + sb=0 sd=0 mult=1 m=1
| XMPT NT PB VDD VDD sky130_fd_pr__pfet_g5v0d10v5 L=4 W=2 nf=1 ad=0.58 as=0.58 pd=4.58 ps=4.58 nrd=0.145 nrs=0.145 sa=0 sb=0 sd=0
| + mult=1 m=1
| XMI1 N1 NA NT VDD sky130_fd_pr__pfet_g5v0d10v5 L=4 W=16 nf=1 ad=4.64 as=4.64 pd=32.58 ps=32.58 nrd=0.018125 nrs=0.018125 sa=0 sb=0
| + sd=0 mult=1 m=1
| XMI2 N2 NB NT VDD sky130_fd_pr__pfet_g5v0d10v5 L=4 W=16 nf=1 ad=4.64 as=4.64 pd=32.58 ps=32.58 nrd=0.018125 nrs=0.018125 sa=0 sb=0
| + sd=0 mult=1 m=1
| XML1 N1 N1 VSS VSS sky130_fd_pr__nfet_g5v0d10v5 L=8 W=4 nf=1 ad=1.16 as=1.16 pd=8.58 ps=8.58 nrd=0.0725 nrs=0.0725 sa=0 sb=0 sd=0
| + mult=1 m=1
| XML2 N2 N1 VSS VSS sky130_fd_pr__nfet_g5v0d10v5 L=8 W=4 nf=1 ad=1.16 as=1.16 pd=8.58 ps=8.58 nrd=0.0725 nrs=0.0725 sa=0 sb=0 sd=0
| + mult=1 m=1
| XMS2N PG N2 VSS VSS sky130_fd_pr__nfet_g5v0d10v5 L=8 W=8 nf=1 ad=2.32 as=2.32 pd=16.58 ps=16.58 nrd=0.03625 nrs=0.03625 sa=0 sb=0
| + sd=0 mult=1 m=1
| XMS2P PG PB VDD VDD sky130_fd_pr__pfet_g5v0d10v5 L=4 W=2 nf=1 ad=0.58 as=0.58 pd=4.58 ps=4.58 nrd=0.145 nrs=0.145 sa=0 sb=0 sd=0
| + mult=1 m=1
| XCC PG NZ sky130_fd_pr__cap_mim_m3_1 W=20 L=20 MF=1 m=1
| XRZ NZ N2 VSS sky130_fd_pr__res_xhigh_po W=2 L=1016.0 mult=1 m=1
| XKS0 VDD VDD KS1 VSS sky130_fd_pr__nfet_g5v0d10v5 L=8 W=1 nf=1 ad=0.29 as=0.29 pd=2.58 ps=2.58 nrd=0.29 nrs=0.29 sa=0 sb=0 sd=0
| + mult=1 m=1
| XKS1 KS1 KS1 KS2 VSS sky130_fd_pr__nfet_g5v0d10v5 L=8 W=1 nf=1 ad=0.29 as=0.29 pd=2.58 ps=2.58 nrd=0.29 nrs=0.29 sa=0 sb=0 sd=0
| + mult=1 m=1
| XKS2 KS2 KS2 KS3 VSS sky130_fd_pr__nfet_g5v0d10v5 L=8 W=1 nf=1 ad=0.29 as=0.29 pd=2.58 ps=2.58 nrd=0.29 nrs=0.29 sa=0 sb=0 sd=0
| + mult=1 m=1
| XKS3 KS3 KS3 KS4 VSS sky130_fd_pr__nfet_g5v0d10v5 L=8 W=1 nf=1 ad=0.29 as=0.29 pd=2.58 ps=2.58 nrd=0.29 nrs=0.29 sa=0 sb=0 sd=0
| + mult=1 m=1
| XKS4 KS4 KS4 NKG VSS sky130_fd_pr__nfet_g5v0d10v5 L=8 W=1 nf=1 ad=0.29 as=0.29 pd=2.58 ps=2.58 nrd=0.29 nrs=0.29 sa=0 sb=0 sd=0
| + mult=1 m=1
| XKA NKM PB VDD VDD sky130_fd_pr__pfet_g5v0d10v5 L=4 W=1 nf=1 ad=0.29 as=0.29 pd=2.58 ps=2.58 nrd=0.29 nrs=0.29 sa=0 sb=0 sd=0
| + mult=1 m=1
| XKAN NKM NKM VSS VSS sky130_fd_pr__nfet_g5v0d10v5 L=4 W=2 nf=1 ad=0.58 as=0.58 pd=4.58 ps=4.58 nrd=0.145 nrs=0.145 sa=0 sb=0 sd=0
| + mult=1 m=1
| XKPD NKG NKM VSS VSS sky130_fd_pr__nfet_g5v0d10v5 L=4 W=8 nf=1 ad=2.32 as=2.32 pd=16.58 ps=16.58 nrd=0.03625 nrs=0.03625 sa=0 sb=0
| + sd=0 mult=1 m=1
| XKICK PG NKG VSS VSS sky130_fd_pr__nfet_g5v0d10v5 L=4 W=1 nf=1 ad=0.29 as=0.29 pd=2.58 ps=2.58 nrd=0.29 nrs=0.29 sa=0 sb=0 sd=0
| + mult=1 m=1
| XMPOK TOK PB VDD VDD sky130_fd_pr__pfet_g5v0d10v5 L=4 W=1 nf=1 ad=0.29 as=0.29 pd=2.58 ps=2.58 nrd=0.29 nrs=0.29 sa=0 sb=0 sd=0
| + mult=1 m=1
| XMOKA NOKO NA TOK VDD sky130_fd_pr__pfet_g5v0d10v5 L=4 W=8 nf=1 ad=2.32 as=2.32 pd=16.58 ps=16.58 nrd=0.03625 nrs=0.03625 sa=0
| + sb=0 sd=0 mult=1 m=1
| XMOKB NOKL NBTOP TOK VDD sky130_fd_pr__pfet_g5v0d10v5 L=4 W=8 nf=1 ad=2.32 as=2.32 pd=16.58 ps=16.58 nrd=0.03625 nrs=0.03625 sa=0
| + sb=0 sd=0 mult=1 m=1
| XMOL1 NOKL NOKL VSS VSS sky130_fd_pr__nfet_g5v0d10v5 L=4 W=2 nf=1 ad=0.58 as=0.58 pd=4.58 ps=4.58 nrd=0.145 nrs=0.145 sa=0 sb=0
| + sd=0 mult=1 m=1
| XMOL2 NOKO NOKL VSS VSS sky130_fd_pr__nfet_g5v0d10v5 L=4 W=2 nf=1 ad=0.58 as=0.58 pd=4.58 ps=4.58 nrd=0.145 nrs=0.145 sa=0 sb=0
| + sd=0 mult=1 m=1
| XMOKC NOKO NKG VSS VSS sky130_fd_pr__nfet_g5v0d10v5 L=1 W=2 nf=1 ad=0.58 as=0.58 pd=4.58 ps=4.58 nrd=0.145 nrs=0.145 sa=0 sb=0
| + sd=0 mult=1 m=1
| XMOK2 NOKX NOKO VSS VSS sky130_fd_pr__nfet_g5v0d10v5 L=4 W=2 nf=1 ad=0.58 as=0.58 pd=4.58 ps=4.58 nrd=0.145 nrs=0.145 sa=0 sb=0
| + sd=0 mult=1 m=1
| XMOK2P NOKX PB VDD VDD sky130_fd_pr__pfet_g5v0d10v5 L=4 W=1 nf=1 ad=0.29 as=0.29 pd=2.58 ps=2.58 nrd=0.29 nrs=0.29 sa=0 sb=0 sd=0
| + mult=1 m=1
| XCOK VDD NOKX sky130_fd_pr__cap_mim_m3_1 W=6 L=6 MF=1 m=1
| XMO1P BIAS_OK NOKX VDD VDD sky130_fd_pr__pfet_g5v0d10v5 L=4 W=1 nf=1 ad=0.29 as=0.29 pd=2.58 ps=2.58 nrd=0.29 nrs=0.29 sa=0 sb=0
| + sd=0 mult=1 m=1
| XMO1N BIAS_OK NOKX VSS VSS sky130_fd_pr__nfet_g5v0d10v5 L=0.5 W=4 nf=1 ad=1.16 as=1.16 pd=8.58 ps=8.58 nrd=0.0725 nrs=0.0725 sa=0
| + sb=0 sd=0 mult=1 m=1
| .ends
| 
| .control
| save all
| tran 10u 10m uic
| let nlast = length(v(vref))-1
| let meas_vref = v(vref)[nlast]
| let meas_vref_settled = abs(v(vref)[nlast] - v(vref)[nlast-100])
| let meas_ibias = v(ibias)[nlast]
| let meas_bias_ok = v(bias_ok)[nlast]
| let meas_isup = -i(v1)[nlast]
| print meas_vref
| print meas_vref_settled
| print meas_ibias
| print meas_bias_ok
| print meas_isup
| quit
| .endc
| .end

# ==== ngspice stdout ====

Note: Compatibility modes selected: hs a


Circuit: * bias-core-startup corner deck -- generated by sim/bin/corner-run.py, do not edit

option SCALE: Scale is set to 1e-06 for instance and model parameters
option SCALE: Scale is set to 1e-06 for instance and model parameters
option SCALE: Scale is set to 1e-06 for instance and model parameters
option SCALE: Scale is set to 1e-06 for instance and model parameters
Doing analysis at TEMP = 125.000000 and TNOM = 27.000000

Using KLU as Direct Linear Solver
Operating point simulation skipped by 'uic',
  now using transient initial conditions.
 Reference value :  1.00000e-07
 Reference value :  8.00000e-07
 Reference value :  6.40000e-06
 Reference value :  1.19200e-05
 Reference value :  2.69542e-05
 Reference value :  3.40570e-05
 Reference value :  4.15151e-05
 Reference value :  4.20315e-05
 Reference value :  4.47283e-05
 Reference value :  4.63765e-05
 Reference value :  4.83708e-05
 Reference value :  5.04818e-05
 Reference value :  5.19617e-05
 Reference value :  5.33311e-05
 Reference value :  5.48456e-05
 Reference value :  5.95848e-05
 Reference value :  8.25346e-05
 Reference value :  1.01000e-04
 Reference value :  1.07000e-04
 Reference value :  1.19927e-04
 Reference value :  1.49927e-04
 Reference value :  1.79927e-04
 Reference value :  2.19927e-04
 Reference value :  2.49927e-04
 Reference value :  2.79927e-04
 Reference value :  3.09927e-04
 Reference value :  3.39927e-04
 Reference value :  3.69927e-04
 Reference value :  3.99927e-04
 Reference value :  4.29927e-04
 Reference value :  4.59927e-04
 Reference value :  4.89927e-04
 Reference value :  5.19927e-04
 Reference value :  5.49927e-04
 Reference value :  5.89927e-04
 Reference value :  6.19927e-04
 Reference value :  6.49927e-04
 Reference value :  6.89927e-04
 Reference value :  7.29927e-04
 Reference value :  7.69927e-04
 Reference value :  8.09927e-04
 Reference value :  8.39927e-04
 Reference value :  8.79927e-04
 Reference value :  9.09927e-04
 Reference value :  9.39927e-04
 Reference value :  9.69927e-04
 Reference value :  1.00993e-03
 Reference value :  1.04993e-03
 Reference value :  1.08993e-03
 Reference value :  1.12993e-03
 Reference value :  1.16993e-03
 Reference value :  1.19993e-03
 Reference value :  1.22993e-03
 Reference value :  1.25993e-03
 Reference value :  1.28993e-03
 Reference value :  1.31993e-03
 Reference value :  1.34993e-03
 Reference value :  1.38993e-03
 Reference value :  1.42993e-03
 Reference value :  1.46993e-03
 Reference value :  1.49993e-03
 Reference value :  1.53993e-03
 Reference value :  1.56993e-03
 Reference value :  1.59993e-03
 Reference value :  1.62993e-03
 Reference value :  1.65993e-03
 Reference value :  1.68993e-03
 Reference value :  1.71993e-03
 Reference value :  1.74993e-03
 Reference value :  1.77993e-03
 Reference value :  1.81993e-03
 Reference value :  1.84993e-03
 Reference value :  1.87993e-03
 Reference value :  1.90993e-03
 Reference value :  1.93993e-03
 Reference value :  1.96993e-03
 Reference value :  1.99993e-03
 Reference value :  2.02993e-03
 Reference value :  2.05993e-03
 Reference value :  2.08993e-03
 Reference value :  2.11993e-03
 Reference value :  2.14993e-03
 Reference value :  2.17993e-03
 Reference value :  2.20993e-03
 Reference value :  2.23993e-03
 Reference value :  2.26993e-03
 Reference value :  2.30993e-03
 Reference value :  2.33993e-03
 Reference value :  2.37993e-03
 Reference value :  2.41993e-03
 Reference value :  2.45993e-03
 Reference value :  2.49993e-03
 Reference value :  2.52993e-03
 Reference value :  2.55993e-03
 Reference value :  2.58993e-03
 Reference value :  2.61993e-03
 Reference value :  2.64993e-03
 Reference value :  2.67993e-03
 Reference value :  2.70993e-03
 Reference value :  2.73993e-03
 Reference value :  2.76993e-03
 Reference value :  2.80993e-03
 Reference value :  2.83993e-03
 Reference value :  2.87993e-03
 Reference value :  2.91993e-03
 Reference value :  2.95993e-03
 Reference value :  2.98993e-03
 Reference value :  3.02993e-03
 Reference value :  3.05993e-03
 Reference value :  3.09993e-03
 Reference value :  3.12993e-03
 Reference value :  3.16993e-03
 Reference value :  3.20993e-03
 Reference value :  3.23993e-03
 Reference value :  3.26993e-03
 Reference value :  3.29993e-03
 Reference value :  3.32993e-03
 Reference value :  3.36993e-03
 Reference value :  3.39993e-03
 Reference value :  3.42993e-03
 Reference value :  3.46993e-03
 Reference value :  3.50993e-03
 Reference value :  3.54993e-03
 Reference value :  3.58993e-03
 Reference value :  3.61993e-03
 Reference value :  3.64993e-03
 Reference value :  3.68993e-03
 Reference value :  3.71993e-03
 Reference value :  3.75993e-03
 Reference value :  3.79993e-03
 Reference value :  3.82993e-03
 Reference value :  3.85993e-03
 Reference value :  3.89993e-03
 Reference value :  3.93993e-03
 Reference value :  3.97993e-03
 Reference value :  4.01993e-03
 Reference value :  4.05993e-03
 Reference value :  4.09993e-03
 Reference value :  4.13993e-03
 Reference value :  4.17993e-03
 Reference value :  4.22993e-03
 Reference value :  4.27993e-03
 Reference value :  4.30993e-03
 Reference value :  4.34993e-03
 Reference value :  4.38993e-03
 Reference value :  4.42993e-03
 Reference value :  4.46993e-03
 Reference value :  4.50993e-03
 Reference value :  4.55993e-03
 Reference value :  4.59993e-03
 Reference value :  4.64993e-03
 Reference value :  4.70993e-03
 Reference value :  4.76993e-03
 Reference value :  4.81993e-03
 Reference value :  4.87993e-03
 Reference value :  4.92993e-03
 Reference value :  4.98993e-03
 Reference value :  5.04993e-03
 Reference value :  5.10993e-03
 Reference value :  5.15993e-03
 Reference value :  5.20993e-03
 Reference value :  5.25993e-03
 Reference value :  5.31993e-03
 Reference value :  5.36993e-03
 Reference value :  5.40993e-03
 Reference value :  5.44993e-03
 Reference value :  5.48993e-03
 Reference value :  5.52993e-03
 Reference value :  5.56993e-03
 Reference value :  5.60993e-03
 Reference value :  5.64993e-03
 Reference value :  5.67993e-03
 Reference value :  5.70993e-03
 Reference value :  5.73993e-03
 Reference value :  5.76993e-03
 Reference value :  5.80993e-03
 Reference value :  5.83993e-03
 Reference value :  5.86993e-03
 Reference value :  5.90993e-03
 Reference value :  5.93993e-03
 Reference value :  5.96993e-03
 Reference value :  6.00993e-03
 Reference value :  6.03993e-03
 Reference value :  6.07993e-03
 Reference value :  6.11993e-03
 Reference value :  8.46993e-03
No. of Data Rows : 1025
meas_vref = 1.257430e+00
meas_vref_settled = 1.847633e-10
meas_ibias = 3.300000e+00
meas_bias_ok = 3.299937e+00
meas_isup = 1.164218e-06
ngspice-46 done

# ==== ngspice stderr ====

