# corner: tt_27c_3.30v
# process=tt temp=27C supply=3.30V
# ngspice exit: 0
# wall clock: 106.2s (--timeout was 300s)
# result: PASS

# ==== deck (exact input given to ngspice) ====
| * bias-core-startup corner deck -- generated by sim/bin/corner-run.py, do not edit
| * corner: tt_27c_3.30v
| .param vsup=3.3
| .param tramp=100u
| .param tstop=10m
| .option wnflag=1
| .temp 27
| .lib "/home/ubuntu/.volare/sky130A/libs.tech/combined/sky130.lib.spice" tt
| ** sch_path: sim/bias-core-startup/testbench/tb_bias_core_startup.sch
| **.subckt tb_bias_core_startup
| V1 VDD 0 PWL(0 0 'tramp' 'vsup' 'tstop' 'vsup')
| .save i(v1)
| XDUT VDD 0 IBIAS VREF BIAS_OK bias_core
| **.ends
| 
| * expanding   symbol:  design/bias_core.sym # of pins=5
| ** sym_path: design/bias_core.sym
| ** sch_path: design/bias_core.sch
| .subckt bias_core VDD VSS IBIAS VREF BIAS_OK
| *.iopin VDD
| *.iopin VSS
| *.opin IBIAS
| *.opin VREF
| *.opin BIAS_OK
| XMP1 NA PG VDD VDD sky130_fd_pr__pfet_g5v0d10v5 L=4 W=8 nf=1 ad=2.32 as=2.32 pd=16.58 ps=16.58 nrd=0.03625 nrs=0.03625 sa=0 sb=0
| + sd=0 mult=1 m=1
| XMP2 NBTOP PG VDD VDD sky130_fd_pr__pfet_g5v0d10v5 L=4 W=8 nf=1 ad=2.32 as=2.32 pd=16.58 ps=16.58 nrd=0.03625 nrs=0.03625 sa=0
| + sb=0 sd=0 mult=1 m=1
| XMP3 VREF PG VDD VDD sky130_fd_pr__pfet_g5v0d10v5 L=4 W=8 nf=1 ad=2.32 as=2.32 pd=16.58 ps=16.58 nrd=0.03625 nrs=0.03625 sa=0 sb=0
| + sd=0 mult=1 m=1
| XMPBN NBG PG VDD VDD sky130_fd_pr__pfet_g5v0d10v5 L=4 W=2 nf=1 ad=0.58 as=0.58 pd=4.58 ps=4.58 nrd=0.145 nrs=0.145 sa=0 sb=0 sd=0
| + mult=1 m=1
| XQ1 VSS VSS NA sky130_fd_pr__pnp_05v5_W3p40L3p40 m=1 mult=1
| XRT NBTOP NB VSS sky130_fd_pr__res_xhigh_po W=2 L=17.5 mult=1 m=1
| XR1 NB EC VSS sky130_fd_pr__res_xhigh_po W=2 L=350.0 mult=1 m=1
| XQ8A VSS VSS EC sky130_fd_pr__pnp_05v5_W3p40L3p40 m=1 mult=1
| XQ8B VSS VSS EC sky130_fd_pr__pnp_05v5_W3p40L3p40 m=1 mult=1
| XQ8C VSS VSS EC sky130_fd_pr__pnp_05v5_W3p40L3p40 m=1 mult=1
| XQ8D VSS VSS EC sky130_fd_pr__pnp_05v5_W3p40L3p40 m=1 mult=1
| XQ8E VSS VSS EC sky130_fd_pr__pnp_05v5_W3p40L3p40 m=1 mult=1
| XQ8F VSS VSS EC sky130_fd_pr__pnp_05v5_W3p40L3p40 m=1 mult=1
| XQ8G VSS VSS EC sky130_fd_pr__pnp_05v5_W3p40L3p40 m=1 mult=1
| XQ8H VSS VSS EC sky130_fd_pr__pnp_05v5_W3p40L3p40 m=1 mult=1
| XR2 VREF ER VSS sky130_fd_pr__res_xhigh_po W=2 L=4104.0 mult=1 m=1
| XQR VSS VSS ER sky130_fd_pr__pnp_05v5_W3p40L3p40 m=1 mult=1
| XMBN NBG NBG VSS VSS sky130_fd_pr__nfet_g5v0d10v5 L=4 W=2 nf=1 ad=0.58 as=0.58 pd=4.58 ps=4.58 nrd=0.145 nrs=0.145 sa=0 sb=0 sd=0
| + mult=1 m=1
| XMBN2 PB NBG VSS VSS sky130_fd_pr__nfet_g5v0d10v5 L=4 W=2 nf=1 ad=0.58 as=0.58 pd=4.58 ps=4.58 nrd=0.145 nrs=0.145 sa=0 sb=0 sd=0
| + mult=1 m=1
| XMBP PB PB VDD VDD sky130_fd_pr__pfet_g5v0d10v5 L=4 W=2 nf=1 ad=0.58 as=0.58 pd=4.58 ps=4.58 nrd=0.145 nrs=0.145 sa=0 sb=0 sd=0
| + mult=1 m=1
| XMPIB IBIAS PB VDD VDD sky130_fd_pr__pfet_g5v0d10v5 L=4 W=40 nf=1 ad=11.6 as=11.6 pd=80.58 ps=80.58 nrd=0.00725 nrs=0.00725 sa=0
| + sb=0 sd=0 mult=1 m=1
| XMPT NT PB VDD VDD sky130_fd_pr__pfet_g5v0d10v5 L=4 W=2 nf=1 ad=0.58 as=0.58 pd=4.58 ps=4.58 nrd=0.145 nrs=0.145 sa=0 sb=0 sd=0
| + mult=1 m=1
| XMI1 N1 NA NT VDD sky130_fd_pr__pfet_g5v0d10v5 L=4 W=16 nf=1 ad=4.64 as=4.64 pd=32.58 ps=32.58 nrd=0.018125 nrs=0.018125 sa=0 sb=0
| + sd=0 mult=1 m=1
| XMI2 N2 NB NT VDD sky130_fd_pr__pfet_g5v0d10v5 L=4 W=16 nf=1 ad=4.64 as=4.64 pd=32.58 ps=32.58 nrd=0.018125 nrs=0.018125 sa=0 sb=0
| + sd=0 mult=1 m=1
| XML1 N1 N1 VSS VSS sky130_fd_pr__nfet_g5v0d10v5 L=8 W=4 nf=1 ad=1.16 as=1.16 pd=8.58 ps=8.58 nrd=0.0725 nrs=0.0725 sa=0 sb=0 sd=0
| + mult=1 m=1
| XML2 N2 N1 VSS VSS sky130_fd_pr__nfet_g5v0d10v5 L=8 W=4 nf=1 ad=1.16 as=1.16 pd=8.58 ps=8.58 nrd=0.0725 nrs=0.0725 sa=0 sb=0 sd=0
| + mult=1 m=1
| XMS2N PG N2 VSS VSS sky130_fd_pr__nfet_g5v0d10v5 L=8 W=8 nf=1 ad=2.32 as=2.32 pd=16.58 ps=16.58 nrd=0.03625 nrs=0.03625 sa=0 sb=0
| + sd=0 mult=1 m=1
| XMS2P PG PB VDD VDD sky130_fd_pr__pfet_g5v0d10v5 L=4 W=2 nf=1 ad=0.58 as=0.58 pd=4.58 ps=4.58 nrd=0.145 nrs=0.145 sa=0 sb=0 sd=0
| + mult=1 m=1
| XCC PG NZ sky130_fd_pr__cap_mim_m3_1 W=20 L=20 MF=1 m=1
| XRZ NZ N2 VSS sky130_fd_pr__res_xhigh_po W=2 L=1016.0 mult=1 m=1
| XKS0 VDD VDD KS1 VSS sky130_fd_pr__nfet_g5v0d10v5 L=8 W=1 nf=1 ad=0.29 as=0.29 pd=2.58 ps=2.58 nrd=0.29 nrs=0.29 sa=0 sb=0 sd=0
| + mult=1 m=1
| XKS1 KS1 KS1 KS2 VSS sky130_fd_pr__nfet_g5v0d10v5 L=8 W=1 nf=1 ad=0.29 as=0.29 pd=2.58 ps=2.58 nrd=0.29 nrs=0.29 sa=0 sb=0 sd=0
| + mult=1 m=1
| XKS2 KS2 KS2 KS3 VSS sky130_fd_pr__nfet_g5v0d10v5 L=8 W=1 nf=1 ad=0.29 as=0.29 pd=2.58 ps=2.58 nrd=0.29 nrs=0.29 sa=0 sb=0 sd=0
| + mult=1 m=1
| XKS3 KS3 KS3 KS4 VSS sky130_fd_pr__nfet_g5v0d10v5 L=8 W=1 nf=1 ad=0.29 as=0.29 pd=2.58 ps=2.58 nrd=0.29 nrs=0.29 sa=0 sb=0 sd=0
| + mult=1 m=1
| XKS4 KS4 KS4 NKG VSS sky130_fd_pr__nfet_g5v0d10v5 L=8 W=1 nf=1 ad=0.29 as=0.29 pd=2.58 ps=2.58 nrd=0.29 nrs=0.29 sa=0 sb=0 sd=0
| + mult=1 m=1
| XKA NKM PB VDD VDD sky130_fd_pr__pfet_g5v0d10v5 L=4 W=1 nf=1 ad=0.29 as=0.29 pd=2.58 ps=2.58 nrd=0.29 nrs=0.29 sa=0 sb=0 sd=0
| + mult=1 m=1
| XKAN NKM NKM VSS VSS sky130_fd_pr__nfet_g5v0d10v5 L=4 W=2 nf=1 ad=0.58 as=0.58 pd=4.58 ps=4.58 nrd=0.145 nrs=0.145 sa=0 sb=0 sd=0
| + mult=1 m=1
| XKPD NKG NKM VSS VSS sky130_fd_pr__nfet_g5v0d10v5 L=4 W=8 nf=1 ad=2.32 as=2.32 pd=16.58 ps=16.58 nrd=0.03625 nrs=0.03625 sa=0 sb=0
| + sd=0 mult=1 m=1
| XKICK PG NKG VSS VSS sky130_fd_pr__nfet_g5v0d10v5 L=4 W=1 nf=1 ad=0.29 as=0.29 pd=2.58 ps=2.58 nrd=0.29 nrs=0.29 sa=0 sb=0 sd=0
| + mult=1 m=1
| XMPOK TOK PB VDD VDD sky130_fd_pr__pfet_g5v0d10v5 L=4 W=1 nf=1 ad=0.29 as=0.29 pd=2.58 ps=2.58 nrd=0.29 nrs=0.29 sa=0 sb=0 sd=0
| + mult=1 m=1
| XMOKA NOKO NA TOK VDD sky130_fd_pr__pfet_g5v0d10v5 L=4 W=8 nf=1 ad=2.32 as=2.32 pd=16.58 ps=16.58 nrd=0.03625 nrs=0.03625 sa=0
| + sb=0 sd=0 mult=1 m=1
| XMOKB NOKL NBTOP TOK VDD sky130_fd_pr__pfet_g5v0d10v5 L=4 W=8 nf=1 ad=2.32 as=2.32 pd=16.58 ps=16.58 nrd=0.03625 nrs=0.03625 sa=0
| + sb=0 sd=0 mult=1 m=1
| XMOL1 NOKL NOKL VSS VSS sky130_fd_pr__nfet_g5v0d10v5 L=4 W=2 nf=1 ad=0.58 as=0.58 pd=4.58 ps=4.58 nrd=0.145 nrs=0.145 sa=0 sb=0
| + sd=0 mult=1 m=1
| XMOL2 NOKO NOKL VSS VSS sky130_fd_pr__nfet_g5v0d10v5 L=4 W=2 nf=1 ad=0.58 as=0.58 pd=4.58 ps=4.58 nrd=0.145 nrs=0.145 sa=0 sb=0
| + sd=0 mult=1 m=1
| XMOKC NOKO NKG VSS VSS sky130_fd_pr__nfet_g5v0d10v5 L=1 W=2 nf=1 ad=0.58 as=0.58 pd=4.58 ps=4.58 nrd=0.145 nrs=0.145 sa=0 sb=0
| + sd=0 mult=1 m=1
| XMOK2 NOKX NOKO VSS VSS sky130_fd_pr__nfet_g5v0d10v5 L=4 W=2 nf=1 ad=0.58 as=0.58 pd=4.58 ps=4.58 nrd=0.145 nrs=0.145 sa=0 sb=0
| + sd=0 mult=1 m=1
| XMOK2P NOKX PB VDD VDD sky130_fd_pr__pfet_g5v0d10v5 L=4 W=1 nf=1 ad=0.29 as=0.29 pd=2.58 ps=2.58 nrd=0.29 nrs=0.29 sa=0 sb=0 sd=0
| + mult=1 m=1
| XCOK VDD NOKX sky130_fd_pr__cap_mim_m3_1 W=6 L=6 MF=1 m=1
| XMO1P BIAS_OK NOKX VDD VDD sky130_fd_pr__pfet_g5v0d10v5 L=4 W=1 nf=1 ad=0.29 as=0.29 pd=2.58 ps=2.58 nrd=0.29 nrs=0.29 sa=0 sb=0
| + sd=0 mult=1 m=1
| XMO1N BIAS_OK NOKX VSS VSS sky130_fd_pr__nfet_g5v0d10v5 L=0.5 W=4 nf=1 ad=1.16 as=1.16 pd=8.58 ps=8.58 nrd=0.0725 nrs=0.0725 sa=0
| + sb=0 sd=0 mult=1 m=1
| .ends
| 
| .control
| save all
| tran 10u 10m uic
| let nlast = length(v(vref))-1
| let meas_vref = v(vref)[nlast]
| let meas_vref_settled = abs(v(vref)[nlast] - v(vref)[nlast-100])
| let meas_ibias = v(ibias)[nlast]
| let meas_bias_ok = v(bias_ok)[nlast]
| let meas_isup = -i(v1)[nlast]
| print meas_vref
| print meas_vref_settled
| print meas_ibias
| print meas_bias_ok
| print meas_isup
| quit
| .endc
| .end

# ==== ngspice stdout ====

Note: Compatibility modes selected: hs a


Circuit: * bias-core-startup corner deck -- generated by sim/bin/corner-run.py, do not edit

option SCALE: Scale is set to 1e-06 for instance and model parameters
option SCALE: Scale is set to 1e-06 for instance and model parameters
option SCALE: Scale is set to 1e-06 for instance and model parameters
option SCALE: Scale is set to 1e-06 for instance and model parameters
Doing analysis at TEMP = 27.000000 and TNOM = 27.000000

Using KLU as Direct Linear Solver
Operating point simulation skipped by 'uic',
  now using transient initial conditions.
 Reference value :  1.00000e-07
 Reference value :  3.20000e-06
 Reference value :  1.19200e-05
 Reference value :  1.96000e-05
 Reference value :  3.84216e-05
 Reference value :  4.84216e-05
 Reference value :  5.58912e-05
 Reference value :  6.25240e-05
 Reference value :  6.75113e-05
 Reference value :  7.82006e-05
 Reference value :  8.45124e-05
 Reference value :  9.00569e-05
 Reference value :  9.50285e-05
 Reference value :  9.75142e-05
 Reference value :  1.00000e-04
 Reference value :  1.01244e-04
 Reference value :  1.04422e-04
 Reference value :  1.08866e-04
 Reference value :  1.19455e-04
 Reference value :  1.49455e-04
 Reference value :  1.69455e-04
 Reference value :  1.99455e-04
 Reference value :  2.29455e-04
 Reference value :  2.59455e-04
 Reference value :  2.89455e-04
 Reference value :  3.19455e-04
 Reference value :  3.49455e-04
 Reference value :  3.79455e-04
 Reference value :  4.09455e-04
 Reference value :  4.39455e-04
 Reference value :  4.69455e-04
 Reference value :  4.99455e-04
 Reference value :  5.29455e-04
 Reference value :  5.59455e-04
 Reference value :  5.99455e-04
 Reference value :  6.29455e-04
 Reference value :  6.59455e-04
 Reference value :  6.89455e-04
 Reference value :  7.19455e-04
 Reference value :  7.49455e-04
 Reference value :  7.89455e-04
 Reference value :  8.29455e-04
 Reference value :  8.69455e-04
 Reference value :  9.09455e-04
 Reference value :  9.49455e-04
 Reference value :  9.79455e-04
 Reference value :  1.00945e-03
 Reference value :  1.04945e-03
 Reference value :  1.07945e-03
 Reference value :  1.10945e-03
 Reference value :  1.13945e-03
 Reference value :  1.16945e-03
 Reference value :  1.19945e-03
 Reference value :  1.23945e-03
 Reference value :  1.26945e-03
 Reference value :  1.30945e-03
 Reference value :  1.33945e-03
 Reference value :  1.36945e-03
 Reference value :  1.39945e-03
 Reference value :  1.43945e-03
 Reference value :  1.47945e-03
 Reference value :  1.50945e-03
 Reference value :  1.53945e-03
 Reference value :  1.56945e-03
 Reference value :  1.59945e-03
 Reference value :  1.62945e-03
 Reference value :  1.65945e-03
 Reference value :  1.68945e-03
 Reference value :  1.72945e-03
 Reference value :  1.76945e-03
 Reference value :  1.80945e-03
 Reference value :  1.84945e-03
 Reference value :  1.88945e-03
 Reference value :  1.92945e-03
 Reference value :  1.95945e-03
 Reference value :  1.98945e-03
 Reference value :  2.01945e-03
 Reference value :  2.04945e-03
 Reference value :  2.07945e-03
 Reference value :  2.11945e-03
 Reference value :  2.14945e-03
 Reference value :  2.17945e-03
 Reference value :  2.20945e-03
 Reference value :  2.23945e-03
 Reference value :  2.26945e-03
 Reference value :  2.29945e-03
 Reference value :  2.32945e-03
 Reference value :  2.36945e-03
 Reference value :  2.40945e-03
 Reference value :  2.43945e-03
 Reference value :  2.46945e-03
 Reference value :  2.49945e-03
 Reference value :  2.52945e-03
 Reference value :  2.56945e-03
 Reference value :  2.59945e-03
 Reference value :  2.63945e-03
 Reference value :  2.67945e-03
 Reference value :  2.71945e-03
 Reference value :  2.75945e-03
 Reference value :  2.78945e-03
 Reference value :  2.82945e-03
 Reference value :  2.85945e-03
 Reference value :  2.88945e-03
 Reference value :  2.91945e-03
 Reference value :  2.94945e-03
 Reference value :  2.97945e-03
 Reference value :  3.00945e-03
 Reference value :  3.03945e-03
 Reference value :  3.06945e-03
 Reference value :  3.09945e-03
 Reference value :  3.13945e-03
 Reference value :  3.17945e-03
 Reference value :  3.20945e-03
 Reference value :  3.23945e-03
 Reference value :  3.27945e-03
 Reference value :  3.30945e-03
 Reference value :  3.34945e-03
 Reference value :  3.38945e-03
 Reference value :  3.42945e-03
 Reference value :  3.45945e-03
 Reference value :  3.49945e-03
 Reference value :  3.52945e-03
 Reference value :  3.55945e-03
 Reference value :  3.58945e-03
 Reference value :  3.62945e-03
 Reference value :  3.65945e-03
 Reference value :  3.68945e-03
 Reference value :  3.71945e-03
 Reference value :  3.74945e-03
 Reference value :  3.77945e-03
 Reference value :  3.80945e-03
 Reference value :  3.83945e-03
 Reference value :  3.86945e-03
 Reference value :  3.89945e-03
 Reference value :  3.92945e-03
 Reference value :  3.96945e-03
 Reference value :  4.00945e-03
 Reference value :  4.04945e-03
 Reference value :  4.07945e-03
 Reference value :  4.10945e-03
 Reference value :  4.14945e-03
 Reference value :  4.18945e-03
 Reference value :  4.22945e-03
 Reference value :  4.26945e-03
 Reference value :  4.30945e-03
 Reference value :  4.34945e-03
 Reference value :  4.38945e-03
 Reference value :  4.42945e-03
 Reference value :  4.45945e-03
 Reference value :  4.48945e-03
 Reference value :  4.51945e-03
 Reference value :  4.54945e-03
 Reference value :  4.57945e-03
 Reference value :  4.61945e-03
 Reference value :  4.64945e-03
 Reference value :  4.67945e-03
 Reference value :  4.70945e-03
 Reference value :  4.73945e-03
 Reference value :  4.77945e-03
 Reference value :  4.80945e-03
 Reference value :  4.83945e-03
 Reference value :  4.86945e-03
 Reference value :  4.89945e-03
 Reference value :  4.92945e-03
 Reference value :  4.96945e-03
 Reference value :  4.99945e-03
 Reference value :  5.03945e-03
 Reference value :  5.07945e-03
 Reference value :  5.11945e-03
 Reference value :  5.15945e-03
 Reference value :  5.19945e-03
 Reference value :  5.22945e-03
 Reference value :  5.25945e-03
 Reference value :  5.28945e-03
 Reference value :  5.31945e-03
 Reference value :  5.35945e-03
 Reference value :  5.38945e-03
 Reference value :  5.41945e-03
 Reference value :  5.45945e-03
 Reference value :  5.48945e-03
 Reference value :  5.52945e-03
 Reference value :  5.56945e-03
 Reference value :  5.59945e-03
 Reference value :  5.62945e-03
 Reference value :  5.66945e-03
 Reference value :  5.70945e-03
 Reference value :  5.73945e-03
 Reference value :  5.77945e-03
 Reference value :  5.80945e-03
 Reference value :  5.83945e-03
 Reference value :  5.86945e-03
 Reference value :  5.89945e-03
 Reference value :  5.93945e-03
 Reference value :  5.96945e-03
 Reference value :  6.00945e-03
 Reference value :  6.04945e-03
 Reference value :  6.08945e-03
 Reference value :  6.11945e-03
 Reference value :  6.14945e-03
 Reference value :  6.17945e-03
 Reference value :  6.20945e-03
 Reference value :  6.23945e-03
 Reference value :  6.26945e-03
 Reference value :  6.30945e-03
 Reference value :  6.33945e-03
 Reference value :  6.36945e-03
 Reference value :  6.39945e-03
 Reference value :  6.42945e-03
 Reference value :  6.45945e-03
 Reference value :  6.48945e-03
 Reference value :  6.51945e-03
 Reference value :  6.54945e-03
 Reference value :  6.58945e-03
 Reference value :  6.62945e-03
 Reference value :  6.65945e-03
 Reference value :  6.68945e-03
 Reference value :  6.71945e-03
 Reference value :  6.75945e-03
 Reference value :  6.78945e-03
 Reference value :  6.81945e-03
 Reference value :  6.85945e-03
 Reference value :  6.88945e-03
 Reference value :  6.91945e-03
 Reference value :  6.94945e-03
 Reference value :  6.98945e-03
 Reference value :  7.02945e-03
 Reference value :  7.05945e-03
 Reference value :  7.08945e-03
 Reference value :  7.12945e-03
 Reference value :  7.16945e-03
 Reference value :  7.20945e-03
 Reference value :  7.24945e-03
 Reference value :  7.28945e-03
 Reference value :  7.32945e-03
 Reference value :  7.35945e-03
 Reference value :  7.39945e-03
 Reference value :  7.42945e-03
 Reference value :  7.45945e-03
 Reference value :  7.48945e-03
 Reference value :  7.51945e-03
 Reference value :  7.55945e-03
 Reference value :  7.58945e-03
 Reference value :  7.61945e-03
 Reference value :  7.65945e-03
 Reference value :  7.69945e-03
 Reference value :  7.73945e-03
 Reference value :  7.76945e-03
 Reference value :  7.79945e-03
 Reference value :  7.82945e-03
 Reference value :  7.85945e-03
 Reference value :  7.88945e-03
 Reference value :  7.91945e-03
 Reference value :  7.94945e-03
 Reference value :  7.97945e-03
 Reference value :  8.00945e-03
 Reference value :  8.04945e-03
 Reference value :  8.08945e-03
 Reference value :  8.13945e-03
 Reference value :  8.19945e-03
 Reference value :  8.25945e-03
 Reference value :  8.31945e-03
 Reference value :  8.36945e-03
 Reference value :  8.40945e-03
 Reference value :  8.45945e-03
 Reference value :  8.50945e-03
 Reference value :  8.56945e-03
 Reference value :  8.62945e-03
 Reference value :  8.67945e-03
 Reference value :  8.72945e-03
 Reference value :  8.77945e-03
 Reference value :  8.83945e-03
 Reference value :  8.88945e-03
 Reference value :  8.94945e-03
 Reference value :  9.00945e-03
 Reference value :  9.05945e-03
 Reference value :  9.11945e-03
 Reference value :  9.16945e-03
 Reference value :  9.22945e-03
 Reference value :  9.28945e-03
 Reference value :  9.32945e-03
 Reference value :  9.36945e-03
 Reference value :  9.39945e-03
 Reference value :  9.42945e-03
 Reference value :  9.46945e-03
 Reference value :  9.50945e-03
 Reference value :  9.53945e-03
 Reference value :  9.56945e-03
 Reference value :  9.59945e-03
 Reference value :  9.63945e-03
 Reference value :  9.67945e-03
 Reference value :  9.71945e-03
 Reference value :  9.74945e-03
 Reference value :  9.78945e-03
 Reference value :  9.81945e-03
 Reference value :  9.85945e-03
 Reference value :  9.88945e-03
 Reference value :  9.91945e-03
 Reference value :  9.94945e-03
 Reference value :  9.98945e-03
No. of Data Rows : 1022
meas_vref = 1.256189e+00
meas_vref_settled = 9.626569e-09
meas_ibias = 3.300000e+00
meas_bias_ok = 3.299999e+00
meas_isup = 9.359311e-07
ngspice-46 done

# ==== ngspice stderr ====

