# corner: tt_27c_2.97v
# process=tt temp=27C supply=2.97V
# ngspice exit: 0
# wall clock: 110.9s (--timeout was 300s)
# result: PASS

# ==== deck (exact input given to ngspice) ====
| * bias-core-startup corner deck -- generated by sim/bin/corner-run.py, do not edit
| * corner: tt_27c_2.97v
| .param vsup=2.97
| .param tramp=100u
| .param tstop=10m
| .option wnflag=1
| .temp 27
| .lib "/home/ubuntu/.volare/sky130A/libs.tech/combined/sky130.lib.spice" tt
| ** sch_path: sim/bias-core-startup/testbench/tb_bias_core_startup.sch
| **.subckt tb_bias_core_startup
| V1 VDD 0 PWL(0 0 'tramp' 'vsup' 'tstop' 'vsup')
| .save i(v1)
| XDUT VDD 0 IBIAS VREF BIAS_OK bias_core
| **.ends
| 
| * expanding   symbol:  design/bias_core.sym # of pins=5
| ** sym_path: design/bias_core.sym
| ** sch_path: design/bias_core.sch
| .subckt bias_core VDD VSS IBIAS VREF BIAS_OK
| *.iopin VDD
| *.iopin VSS
| *.opin IBIAS
| *.opin VREF
| *.opin BIAS_OK
| XMP1 NA PG VDD VDD sky130_fd_pr__pfet_g5v0d10v5 L=4 W=8 nf=1 ad=2.32 as=2.32 pd=16.58 ps=16.58 nrd=0.03625 nrs=0.03625 sa=0 sb=0
| + sd=0 mult=1 m=1
| XMP2 NBTOP PG VDD VDD sky130_fd_pr__pfet_g5v0d10v5 L=4 W=8 nf=1 ad=2.32 as=2.32 pd=16.58 ps=16.58 nrd=0.03625 nrs=0.03625 sa=0
| + sb=0 sd=0 mult=1 m=1
| XMP3 VREF PG VDD VDD sky130_fd_pr__pfet_g5v0d10v5 L=4 W=8 nf=1 ad=2.32 as=2.32 pd=16.58 ps=16.58 nrd=0.03625 nrs=0.03625 sa=0 sb=0
| + sd=0 mult=1 m=1
| XMPBN NBG PG VDD VDD sky130_fd_pr__pfet_g5v0d10v5 L=4 W=2 nf=1 ad=0.58 as=0.58 pd=4.58 ps=4.58 nrd=0.145 nrs=0.145 sa=0 sb=0 sd=0
| + mult=1 m=1
| XQ1 VSS VSS NA sky130_fd_pr__pnp_05v5_W3p40L3p40 m=1 mult=1
| XRT NBTOP NB VSS sky130_fd_pr__res_xhigh_po W=2 L=17.5 mult=1 m=1
| XR1 NB EC VSS sky130_fd_pr__res_xhigh_po W=2 L=350.0 mult=1 m=1
| XQ8A VSS VSS EC sky130_fd_pr__pnp_05v5_W3p40L3p40 m=1 mult=1
| XQ8B VSS VSS EC sky130_fd_pr__pnp_05v5_W3p40L3p40 m=1 mult=1
| XQ8C VSS VSS EC sky130_fd_pr__pnp_05v5_W3p40L3p40 m=1 mult=1
| XQ8D VSS VSS EC sky130_fd_pr__pnp_05v5_W3p40L3p40 m=1 mult=1
| XQ8E VSS VSS EC sky130_fd_pr__pnp_05v5_W3p40L3p40 m=1 mult=1
| XQ8F VSS VSS EC sky130_fd_pr__pnp_05v5_W3p40L3p40 m=1 mult=1
| XQ8G VSS VSS EC sky130_fd_pr__pnp_05v5_W3p40L3p40 m=1 mult=1
| XQ8H VSS VSS EC sky130_fd_pr__pnp_05v5_W3p40L3p40 m=1 mult=1
| XR2 VREF ER VSS sky130_fd_pr__res_xhigh_po W=2 L=4104.0 mult=1 m=1
| XQR VSS VSS ER sky130_fd_pr__pnp_05v5_W3p40L3p40 m=1 mult=1
| XMBN NBG NBG VSS VSS sky130_fd_pr__nfet_g5v0d10v5 L=4 W=2 nf=1 ad=0.58 as=0.58 pd=4.58 ps=4.58 nrd=0.145 nrs=0.145 sa=0 sb=0 sd=0
| + mult=1 m=1
| XMBN2 PB NBG VSS VSS sky130_fd_pr__nfet_g5v0d10v5 L=4 W=2 nf=1 ad=0.58 as=0.58 pd=4.58 ps=4.58 nrd=0.145 nrs=0.145 sa=0 sb=0 sd=0
| + mult=1 m=1
| XMBP PB PB VDD VDD sky130_fd_pr__pfet_g5v0d10v5 L=4 W=2 nf=1 ad=0.58 as=0.58 pd=4.58 ps=4.58 nrd=0.145 nrs=0.145 sa=0 sb=0 sd=0
| + mult=1 m=1
| XMPIB IBIAS PB VDD VDD sky130_fd_pr__pfet_g5v0d10v5 L=4 W=40 nf=1 ad=11.6 as=11.6 pd=80.58 ps=80.58 nrd=0.00725 nrs=0.00725 sa=0
| + sb=0 sd=0 mult=1 m=1
| XMPT NT PB VDD VDD sky130_fd_pr__pfet_g5v0d10v5 L=4 W=2 nf=1 ad=0.58 as=0.58 pd=4.58 ps=4.58 nrd=0.145 nrs=0.145 sa=0 sb=0 sd=0
| + mult=1 m=1
| XMI1 N1 NA NT VDD sky130_fd_pr__pfet_g5v0d10v5 L=4 W=16 nf=1 ad=4.64 as=4.64 pd=32.58 ps=32.58 nrd=0.018125 nrs=0.018125 sa=0 sb=0
| + sd=0 mult=1 m=1
| XMI2 N2 NB NT VDD sky130_fd_pr__pfet_g5v0d10v5 L=4 W=16 nf=1 ad=4.64 as=4.64 pd=32.58 ps=32.58 nrd=0.018125 nrs=0.018125 sa=0 sb=0
| + sd=0 mult=1 m=1
| XML1 N1 N1 VSS VSS sky130_fd_pr__nfet_g5v0d10v5 L=8 W=4 nf=1 ad=1.16 as=1.16 pd=8.58 ps=8.58 nrd=0.0725 nrs=0.0725 sa=0 sb=0 sd=0
| + mult=1 m=1
| XML2 N2 N1 VSS VSS sky130_fd_pr__nfet_g5v0d10v5 L=8 W=4 nf=1 ad=1.16 as=1.16 pd=8.58 ps=8.58 nrd=0.0725 nrs=0.0725 sa=0 sb=0 sd=0
| + mult=1 m=1
| XMS2N PG N2 VSS VSS sky130_fd_pr__nfet_g5v0d10v5 L=8 W=8 nf=1 ad=2.32 as=2.32 pd=16.58 ps=16.58 nrd=0.03625 nrs=0.03625 sa=0 sb=0
| + sd=0 mult=1 m=1
| XMS2P PG PB VDD VDD sky130_fd_pr__pfet_g5v0d10v5 L=4 W=2 nf=1 ad=0.58 as=0.58 pd=4.58 ps=4.58 nrd=0.145 nrs=0.145 sa=0 sb=0 sd=0
| + mult=1 m=1
| XCC PG NZ sky130_fd_pr__cap_mim_m3_1 W=20 L=20 MF=1 m=1
| XRZ NZ N2 VSS sky130_fd_pr__res_xhigh_po W=2 L=1016.0 mult=1 m=1
| XKS0 VDD VDD KS1 VSS sky130_fd_pr__nfet_g5v0d10v5 L=8 W=1 nf=1 ad=0.29 as=0.29 pd=2.58 ps=2.58 nrd=0.29 nrs=0.29 sa=0 sb=0 sd=0
| + mult=1 m=1
| XKS1 KS1 KS1 KS2 VSS sky130_fd_pr__nfet_g5v0d10v5 L=8 W=1 nf=1 ad=0.29 as=0.29 pd=2.58 ps=2.58 nrd=0.29 nrs=0.29 sa=0 sb=0 sd=0
| + mult=1 m=1
| XKS2 KS2 KS2 KS3 VSS sky130_fd_pr__nfet_g5v0d10v5 L=8 W=1 nf=1 ad=0.29 as=0.29 pd=2.58 ps=2.58 nrd=0.29 nrs=0.29 sa=0 sb=0 sd=0
| + mult=1 m=1
| XKS3 KS3 KS3 KS4 VSS sky130_fd_pr__nfet_g5v0d10v5 L=8 W=1 nf=1 ad=0.29 as=0.29 pd=2.58 ps=2.58 nrd=0.29 nrs=0.29 sa=0 sb=0 sd=0
| + mult=1 m=1
| XKS4 KS4 KS4 NKG VSS sky130_fd_pr__nfet_g5v0d10v5 L=8 W=1 nf=1 ad=0.29 as=0.29 pd=2.58 ps=2.58 nrd=0.29 nrs=0.29 sa=0 sb=0 sd=0
| + mult=1 m=1
| XKA NKM PB VDD VDD sky130_fd_pr__pfet_g5v0d10v5 L=4 W=1 nf=1 ad=0.29 as=0.29 pd=2.58 ps=2.58 nrd=0.29 nrs=0.29 sa=0 sb=0 sd=0
| + mult=1 m=1
| XKAN NKM NKM VSS VSS sky130_fd_pr__nfet_g5v0d10v5 L=4 W=2 nf=1 ad=0.58 as=0.58 pd=4.58 ps=4.58 nrd=0.145 nrs=0.145 sa=0 sb=0 sd=0
| + mult=1 m=1
| XKPD NKG NKM VSS VSS sky130_fd_pr__nfet_g5v0d10v5 L=4 W=8 nf=1 ad=2.32 as=2.32 pd=16.58 ps=16.58 nrd=0.03625 nrs=0.03625 sa=0 sb=0
| + sd=0 mult=1 m=1
| XKICK PG NKG VSS VSS sky130_fd_pr__nfet_g5v0d10v5 L=4 W=1 nf=1 ad=0.29 as=0.29 pd=2.58 ps=2.58 nrd=0.29 nrs=0.29 sa=0 sb=0 sd=0
| + mult=1 m=1
| XMPOK TOK PB VDD VDD sky130_fd_pr__pfet_g5v0d10v5 L=4 W=1 nf=1 ad=0.29 as=0.29 pd=2.58 ps=2.58 nrd=0.29 nrs=0.29 sa=0 sb=0 sd=0
| + mult=1 m=1
| XMOKA NOKO NA TOK VDD sky130_fd_pr__pfet_g5v0d10v5 L=4 W=8 nf=1 ad=2.32 as=2.32 pd=16.58 ps=16.58 nrd=0.03625 nrs=0.03625 sa=0
| + sb=0 sd=0 mult=1 m=1
| XMOKB NOKL NBTOP TOK VDD sky130_fd_pr__pfet_g5v0d10v5 L=4 W=8 nf=1 ad=2.32 as=2.32 pd=16.58 ps=16.58 nrd=0.03625 nrs=0.03625 sa=0
| + sb=0 sd=0 mult=1 m=1
| XMOL1 NOKL NOKL VSS VSS sky130_fd_pr__nfet_g5v0d10v5 L=4 W=2 nf=1 ad=0.58 as=0.58 pd=4.58 ps=4.58 nrd=0.145 nrs=0.145 sa=0 sb=0
| + sd=0 mult=1 m=1
| XMOL2 NOKO NOKL VSS VSS sky130_fd_pr__nfet_g5v0d10v5 L=4 W=2 nf=1 ad=0.58 as=0.58 pd=4.58 ps=4.58 nrd=0.145 nrs=0.145 sa=0 sb=0
| + sd=0 mult=1 m=1
| XMOKC NOKO NKG VSS VSS sky130_fd_pr__nfet_g5v0d10v5 L=1 W=2 nf=1 ad=0.58 as=0.58 pd=4.58 ps=4.58 nrd=0.145 nrs=0.145 sa=0 sb=0
| + sd=0 mult=1 m=1
| XMOK2 NOKX NOKO VSS VSS sky130_fd_pr__nfet_g5v0d10v5 L=4 W=2 nf=1 ad=0.58 as=0.58 pd=4.58 ps=4.58 nrd=0.145 nrs=0.145 sa=0 sb=0
| + sd=0 mult=1 m=1
| XMOK2P NOKX PB VDD VDD sky130_fd_pr__pfet_g5v0d10v5 L=4 W=1 nf=1 ad=0.29 as=0.29 pd=2.58 ps=2.58 nrd=0.29 nrs=0.29 sa=0 sb=0 sd=0
| + mult=1 m=1
| XCOK VDD NOKX sky130_fd_pr__cap_mim_m3_1 W=6 L=6 MF=1 m=1
| XMO1P BIAS_OK NOKX VDD VDD sky130_fd_pr__pfet_g5v0d10v5 L=4 W=1 nf=1 ad=0.29 as=0.29 pd=2.58 ps=2.58 nrd=0.29 nrs=0.29 sa=0 sb=0
| + sd=0 mult=1 m=1
| XMO1N BIAS_OK NOKX VSS VSS sky130_fd_pr__nfet_g5v0d10v5 L=0.5 W=4 nf=1 ad=1.16 as=1.16 pd=8.58 ps=8.58 nrd=0.0725 nrs=0.0725 sa=0
| + sb=0 sd=0 mult=1 m=1
| .ends
| 
| .control
| save all
| tran 10u 10m uic
| let nlast = length(v(vref))-1
| let meas_vref = v(vref)[nlast]
| let meas_vref_settled = abs(v(vref)[nlast] - v(vref)[nlast-100])
| let meas_ibias = v(ibias)[nlast]
| let meas_bias_ok = v(bias_ok)[nlast]
| let meas_isup = -i(v1)[nlast]
| print meas_vref
| print meas_vref_settled
| print meas_ibias
| print meas_bias_ok
| print meas_isup
| quit
| .endc
| .end

# ==== ngspice stdout ====

Note: Compatibility modes selected: hs a


Circuit: * bias-core-startup corner deck -- generated by sim/bin/corner-run.py, do not edit

option SCALE: Scale is set to 1e-06 for instance and model parameters
option SCALE: Scale is set to 1e-06 for instance and model parameters
option SCALE: Scale is set to 1e-06 for instance and model parameters
option SCALE: Scale is set to 1e-06 for instance and model parameters
Doing analysis at TEMP = 27.000000 and TNOM = 27.000000

Using KLU as Direct Linear Solver
Operating point simulation skipped by 'uic',
  now using transient initial conditions.
 Reference value :  1.00000e-07
 Reference value :  8.00000e-07
 Reference value :  6.40000e-06
 Reference value :  1.19200e-05
 Reference value :  1.96000e-05
 Reference value :  2.96000e-05
 Reference value :  4.96000e-05
 Reference value :  5.96000e-05
 Reference value :  6.06364e-05
 Reference value :  6.27093e-05
 Reference value :  6.52413e-05
 Reference value :  6.74979e-05
 Reference value :  6.91931e-05
 Reference value :  7.24858e-05
 Reference value :  7.67669e-05
 Reference value :  8.36231e-05
 Reference value :  9.47765e-05
 Reference value :  1.03000e-04
 Reference value :  1.12134e-04
 Reference value :  1.30195e-04
 Reference value :  1.60195e-04
 Reference value :  2.00195e-04
 Reference value :  2.40195e-04
 Reference value :  2.80195e-04
 Reference value :  3.20195e-04
 Reference value :  3.60195e-04
 Reference value :  3.90195e-04
 Reference value :  4.30195e-04
 Reference value :  4.60195e-04
 Reference value :  4.90195e-04
 Reference value :  5.30195e-04
 Reference value :  5.60195e-04
 Reference value :  6.00195e-04
 Reference value :  6.30195e-04
 Reference value :  6.60195e-04
 Reference value :  6.90195e-04
 Reference value :  7.20195e-04
 Reference value :  7.50195e-04
 Reference value :  7.80195e-04
 Reference value :  8.20195e-04
 Reference value :  8.70195e-04
 Reference value :  9.10195e-04
 Reference value :  9.50195e-04
 Reference value :  9.90195e-04
 Reference value :  1.03019e-03
 Reference value :  1.06019e-03
 Reference value :  1.09019e-03
 Reference value :  1.12019e-03
 Reference value :  1.15019e-03
 Reference value :  1.19019e-03
 Reference value :  1.22019e-03
 Reference value :  1.27019e-03
 Reference value :  1.30019e-03
 Reference value :  1.34019e-03
 Reference value :  1.38019e-03
 Reference value :  1.42019e-03
 Reference value :  1.45019e-03
 Reference value :  1.48019e-03
 Reference value :  1.51019e-03
 Reference value :  1.55019e-03
 Reference value :  1.59019e-03
 Reference value :  1.63019e-03
 Reference value :  1.67019e-03
 Reference value :  1.71019e-03
 Reference value :  1.75019e-03
 Reference value :  1.79019e-03
 Reference value :  1.83019e-03
 Reference value :  1.87019e-03
 Reference value :  1.90019e-03
 Reference value :  1.94019e-03
 Reference value :  1.98019e-03
 Reference value :  2.02019e-03
 Reference value :  2.06019e-03
 Reference value :  2.11019e-03
 Reference value :  2.15019e-03
 Reference value :  2.19019e-03
 Reference value :  2.23019e-03
 Reference value :  2.27019e-03
 Reference value :  2.31019e-03
 Reference value :  2.35019e-03
 Reference value :  2.39019e-03
 Reference value :  2.43019e-03
 Reference value :  2.47019e-03
 Reference value :  2.51019e-03
 Reference value :  2.55019e-03
 Reference value :  2.59019e-03
 Reference value :  2.63019e-03
 Reference value :  2.67019e-03
 Reference value :  2.71019e-03
 Reference value :  2.75019e-03
 Reference value :  2.79019e-03
 Reference value :  2.83019e-03
 Reference value :  2.87019e-03
 Reference value :  2.91019e-03
 Reference value :  2.95019e-03
 Reference value :  2.98019e-03
 Reference value :  3.01019e-03
 Reference value :  3.04019e-03
 Reference value :  3.08019e-03
 Reference value :  3.11019e-03
 Reference value :  3.14019e-03
 Reference value :  3.17019e-03
 Reference value :  3.20019e-03
 Reference value :  3.24019e-03
 Reference value :  3.28019e-03
 Reference value :  3.32019e-03
 Reference value :  3.35019e-03
 Reference value :  3.38019e-03
 Reference value :  3.41019e-03
 Reference value :  3.44019e-03
 Reference value :  3.47019e-03
 Reference value :  3.50019e-03
 Reference value :  3.53019e-03
 Reference value :  3.56019e-03
 Reference value :  3.59019e-03
 Reference value :  3.62019e-03
 Reference value :  3.65019e-03
 Reference value :  3.68019e-03
 Reference value :  3.71019e-03
 Reference value :  3.74019e-03
 Reference value :  3.77019e-03
 Reference value :  3.81019e-03
 Reference value :  3.85019e-03
 Reference value :  3.88019e-03
 Reference value :  3.92019e-03
 Reference value :  3.96019e-03
 Reference value :  4.00019e-03
 Reference value :  4.04019e-03
 Reference value :  4.07019e-03
 Reference value :  4.10019e-03
 Reference value :  4.13019e-03
 Reference value :  4.16019e-03
 Reference value :  4.20019e-03
 Reference value :  4.23019e-03
 Reference value :  4.27019e-03
 Reference value :  4.31019e-03
 Reference value :  4.34019e-03
 Reference value :  4.38019e-03
 Reference value :  4.41019e-03
 Reference value :  4.44019e-03
 Reference value :  4.48019e-03
 Reference value :  4.51019e-03
 Reference value :  4.55019e-03
 Reference value :  4.59019e-03
 Reference value :  4.63019e-03
 Reference value :  4.67019e-03
 Reference value :  4.71019e-03
 Reference value :  4.74019e-03
 Reference value :  4.78019e-03
 Reference value :  4.82019e-03
 Reference value :  4.86019e-03
 Reference value :  4.89019e-03
 Reference value :  4.93019e-03
 Reference value :  4.96019e-03
 Reference value :  4.99019e-03
 Reference value :  5.02019e-03
 Reference value :  5.05019e-03
 Reference value :  5.09019e-03
 Reference value :  5.12019e-03
 Reference value :  5.16019e-03
 Reference value :  5.19019e-03
 Reference value :  5.22019e-03
 Reference value :  5.25019e-03
 Reference value :  5.29019e-03
 Reference value :  5.33019e-03
 Reference value :  5.37019e-03
 Reference value :  5.41019e-03
 Reference value :  5.45019e-03
 Reference value :  5.49019e-03
 Reference value :  5.53019e-03
 Reference value :  5.56019e-03
 Reference value :  5.59019e-03
 Reference value :  5.62019e-03
 Reference value :  5.65019e-03
 Reference value :  5.68019e-03
 Reference value :  5.72019e-03
 Reference value :  5.76019e-03
 Reference value :  5.79019e-03
 Reference value :  5.83019e-03
 Reference value :  5.87019e-03
 Reference value :  5.91019e-03
 Reference value :  5.95019e-03
 Reference value :  5.99019e-03
 Reference value :  6.03019e-03
 Reference value :  6.07019e-03
 Reference value :  6.11019e-03
 Reference value :  6.15019e-03
 Reference value :  6.18019e-03
 Reference value :  6.21019e-03
 Reference value :  6.25019e-03
 Reference value :  6.29019e-03
 Reference value :  6.33019e-03
 Reference value :  6.37019e-03
 Reference value :  6.40019e-03
 Reference value :  6.44019e-03
 Reference value :  6.48019e-03
 Reference value :  6.52019e-03
 Reference value :  6.55019e-03
 Reference value :  6.58019e-03
 Reference value :  6.61019e-03
 Reference value :  6.64019e-03
 Reference value :  6.67019e-03
 Reference value :  6.71019e-03
 Reference value :  6.74019e-03
 Reference value :  6.77019e-03
 Reference value :  6.80019e-03
 Reference value :  6.84019e-03
 Reference value :  6.87019e-03
 Reference value :  6.90019e-03
 Reference value :  6.93019e-03
 Reference value :  6.96019e-03
 Reference value :  7.00019e-03
 Reference value :  7.03019e-03
 Reference value :  7.06019e-03
 Reference value :  7.09019e-03
 Reference value :  7.13019e-03
 Reference value :  7.17019e-03
 Reference value :  7.21019e-03
 Reference value :  7.24019e-03
 Reference value :  7.27019e-03
 Reference value :  7.30019e-03
 Reference value :  7.33019e-03
 Reference value :  7.36019e-03
 Reference value :  7.40019e-03
 Reference value :  7.43019e-03
 Reference value :  7.46019e-03
 Reference value :  7.49019e-03
 Reference value :  7.52019e-03
 Reference value :  7.55019e-03
 Reference value :  7.58019e-03
 Reference value :  7.61019e-03
 Reference value :  7.64019e-03
 Reference value :  7.67019e-03
 Reference value :  7.70019e-03
 Reference value :  7.74019e-03
 Reference value :  7.77019e-03
 Reference value :  7.81019e-03
 Reference value :  7.85019e-03
 Reference value :  7.88019e-03
 Reference value :  7.91019e-03
 Reference value :  7.94019e-03
 Reference value :  7.97019e-03
 Reference value :  8.00019e-03
 Reference value :  8.03019e-03
 Reference value :  8.07019e-03
 Reference value :  8.10019e-03
 Reference value :  8.14019e-03
 Reference value :  8.17019e-03
 Reference value :  8.21019e-03
 Reference value :  8.25019e-03
 Reference value :  8.29019e-03
 Reference value :  8.32019e-03
 Reference value :  8.36019e-03
 Reference value :  8.40019e-03
 Reference value :  8.44019e-03
 Reference value :  8.47019e-03
 Reference value :  8.51019e-03
 Reference value :  8.55019e-03
 Reference value :  8.58019e-03
 Reference value :  8.61019e-03
 Reference value :  8.64019e-03
 Reference value :  8.67019e-03
 Reference value :  8.70019e-03
 Reference value :  8.73019e-03
 Reference value :  8.76019e-03
 Reference value :  8.79019e-03
 Reference value :  8.82019e-03
 Reference value :  8.86019e-03
 Reference value :  8.89019e-03
 Reference value :  8.92019e-03
 Reference value :  8.95019e-03
 Reference value :  8.98019e-03
 Reference value :  9.01019e-03
 Reference value :  9.05019e-03
 Reference value :  9.08019e-03
 Reference value :  9.11019e-03
 Reference value :  9.15019e-03
 Reference value :  9.18019e-03
 Reference value :  9.21019e-03
 Reference value :  9.25019e-03
 Reference value :  9.28019e-03
 Reference value :  9.32019e-03
 Reference value :  9.35019e-03
 Reference value :  9.39019e-03
 Reference value :  9.43019e-03
 Reference value :  9.47019e-03
 Reference value :  9.51019e-03
 Reference value :  9.55019e-03
 Reference value :  9.58019e-03
 Reference value :  9.62019e-03
 Reference value :  9.65019e-03
 Reference value :  9.69019e-03
 Reference value :  9.73019e-03
 Reference value :  9.76019e-03
 Reference value :  9.80019e-03
 Reference value :  9.84019e-03
 Reference value :  9.87019e-03
 Reference value :  9.91019e-03
 Reference value :  9.95019e-03
 Reference value :  9.99019e-03
No. of Data Rows : 1023
meas_vref = 1.256029e+00
meas_vref_settled = 4.747669e-11
meas_ibias = 2.970000e+00
meas_bias_ok = 2.969999e+00
meas_isup = 9.323883e-07
ngspice-46 done

# ==== ngspice stderr ====

