# corner: tt_27c_3.63v
# process=tt temp=27C supply=3.63V
# ngspice exit: 0
# wall clock: 76.7s (--timeout was 300s)
# result: PASS

# ==== deck (exact input given to ngspice) ====
| * bias-core-startup corner deck -- generated by sim/bin/corner-run.py, do not edit
| * corner: tt_27c_3.63v
| .param vsup=3.63
| .param tramp=100u
| .param tstop=10m
| .option wnflag=1
| .temp 27
| .lib "/home/ubuntu/.volare/sky130A/libs.tech/combined/sky130.lib.spice" tt
| ** sch_path: sim/bias-core-startup/testbench/tb_bias_core_startup.sch
| **.subckt tb_bias_core_startup
| V1 VDD 0 PWL(0 0 'tramp' 'vsup' 'tstop' 'vsup')
| .save i(v1)
| XDUT VDD 0 IBIAS VREF BIAS_OK bias_core
| **.ends
| 
| * expanding   symbol:  design/bias_core.sym # of pins=5
| ** sym_path: design/bias_core.sym
| ** sch_path: design/bias_core.sch
| .subckt bias_core VDD VSS IBIAS VREF BIAS_OK
| *.iopin VDD
| *.iopin VSS
| *.opin IBIAS
| *.opin VREF
| *.opin BIAS_OK
| XMP1 NA PG VDD VDD sky130_fd_pr__pfet_g5v0d10v5 L=4 W=8 nf=1 ad=2.32 as=2.32 pd=16.58 ps=16.58 nrd=0.03625 nrs=0.03625 sa=0 sb=0
| + sd=0 mult=1 m=1
| XMP2 NBTOP PG VDD VDD sky130_fd_pr__pfet_g5v0d10v5 L=4 W=8 nf=1 ad=2.32 as=2.32 pd=16.58 ps=16.58 nrd=0.03625 nrs=0.03625 sa=0
| + sb=0 sd=0 mult=1 m=1
| XMP3 VREF PG VDD VDD sky130_fd_pr__pfet_g5v0d10v5 L=4 W=8 nf=1 ad=2.32 as=2.32 pd=16.58 ps=16.58 nrd=0.03625 nrs=0.03625 sa=0 sb=0
| + sd=0 mult=1 m=1
| XMPBN NBG PG VDD VDD sky130_fd_pr__pfet_g5v0d10v5 L=4 W=2 nf=1 ad=0.58 as=0.58 pd=4.58 ps=4.58 nrd=0.145 nrs=0.145 sa=0 sb=0 sd=0
| + mult=1 m=1
| XQ1 VSS VSS NA sky130_fd_pr__pnp_05v5_W3p40L3p40 m=1 mult=1
| XRT NBTOP NB VSS sky130_fd_pr__res_xhigh_po W=2 L=17.5 mult=1 m=1
| XR1 NB EC VSS sky130_fd_pr__res_xhigh_po W=2 L=350.0 mult=1 m=1
| XQ8A VSS VSS EC sky130_fd_pr__pnp_05v5_W3p40L3p40 m=1 mult=1
| XQ8B VSS VSS EC sky130_fd_pr__pnp_05v5_W3p40L3p40 m=1 mult=1
| XQ8C VSS VSS EC sky130_fd_pr__pnp_05v5_W3p40L3p40 m=1 mult=1
| XQ8D VSS VSS EC sky130_fd_pr__pnp_05v5_W3p40L3p40 m=1 mult=1
| XQ8E VSS VSS EC sky130_fd_pr__pnp_05v5_W3p40L3p40 m=1 mult=1
| XQ8F VSS VSS EC sky130_fd_pr__pnp_05v5_W3p40L3p40 m=1 mult=1
| XQ8G VSS VSS EC sky130_fd_pr__pnp_05v5_W3p40L3p40 m=1 mult=1
| XQ8H VSS VSS EC sky130_fd_pr__pnp_05v5_W3p40L3p40 m=1 mult=1
| XR2 VREF ER VSS sky130_fd_pr__res_xhigh_po W=2 L=4104.0 mult=1 m=1
| XQR VSS VSS ER sky130_fd_pr__pnp_05v5_W3p40L3p40 m=1 mult=1
| XMBN NBG NBG VSS VSS sky130_fd_pr__nfet_g5v0d10v5 L=4 W=2 nf=1 ad=0.58 as=0.58 pd=4.58 ps=4.58 nrd=0.145 nrs=0.145 sa=0 sb=0 sd=0
| + mult=1 m=1
| XMBN2 PB NBG VSS VSS sky130_fd_pr__nfet_g5v0d10v5 L=4 W=2 nf=1 ad=0.58 as=0.58 pd=4.58 ps=4.58 nrd=0.145 nrs=0.145 sa=0 sb=0 sd=0
| + mult=1 m=1
| XMBP PB PB VDD VDD sky130_fd_pr__pfet_g5v0d10v5 L=4 W=2 nf=1 ad=0.58 as=0.58 pd=4.58 ps=4.58 nrd=0.145 nrs=0.145 sa=0 sb=0 sd=0
| + mult=1 m=1
| XMPIB IBIAS PB VDD VDD sky130_fd_pr__pfet_g5v0d10v5 L=4 W=40 nf=1 ad=11.6 as=11.6 pd=80.58 ps=80.58 nrd=0.00725 nrs=0.00725 sa=0
| + sb=0 sd=0 mult=1 m=1
| XMPT NT PB VDD VDD sky130_fd_pr__pfet_g5v0d10v5 L=4 W=2 nf=1 ad=0.58 as=0.58 pd=4.58 ps=4.58 nrd=0.145 nrs=0.145 sa=0 sb=0 sd=0
| + mult=1 m=1
| XMI1 N1 NA NT VDD sky130_fd_pr__pfet_g5v0d10v5 L=4 W=16 nf=1 ad=4.64 as=4.64 pd=32.58 ps=32.58 nrd=0.018125 nrs=0.018125 sa=0 sb=0
| + sd=0 mult=1 m=1
| XMI2 N2 NB NT VDD sky130_fd_pr__pfet_g5v0d10v5 L=4 W=16 nf=1 ad=4.64 as=4.64 pd=32.58 ps=32.58 nrd=0.018125 nrs=0.018125 sa=0 sb=0
| + sd=0 mult=1 m=1
| XML1 N1 N1 VSS VSS sky130_fd_pr__nfet_g5v0d10v5 L=8 W=4 nf=1 ad=1.16 as=1.16 pd=8.58 ps=8.58 nrd=0.0725 nrs=0.0725 sa=0 sb=0 sd=0
| + mult=1 m=1
| XML2 N2 N1 VSS VSS sky130_fd_pr__nfet_g5v0d10v5 L=8 W=4 nf=1 ad=1.16 as=1.16 pd=8.58 ps=8.58 nrd=0.0725 nrs=0.0725 sa=0 sb=0 sd=0
| + mult=1 m=1
| XMS2N PG N2 VSS VSS sky130_fd_pr__nfet_g5v0d10v5 L=8 W=8 nf=1 ad=2.32 as=2.32 pd=16.58 ps=16.58 nrd=0.03625 nrs=0.03625 sa=0 sb=0
| + sd=0 mult=1 m=1
| XMS2P PG PB VDD VDD sky130_fd_pr__pfet_g5v0d10v5 L=4 W=2 nf=1 ad=0.58 as=0.58 pd=4.58 ps=4.58 nrd=0.145 nrs=0.145 sa=0 sb=0 sd=0
| + mult=1 m=1
| XCC PG NZ sky130_fd_pr__cap_mim_m3_1 W=20 L=20 MF=1 m=1
| XRZ NZ N2 VSS sky130_fd_pr__res_xhigh_po W=2 L=1016.0 mult=1 m=1
| XKS0 VDD VDD KS1 VSS sky130_fd_pr__nfet_g5v0d10v5 L=8 W=1 nf=1 ad=0.29 as=0.29 pd=2.58 ps=2.58 nrd=0.29 nrs=0.29 sa=0 sb=0 sd=0
| + mult=1 m=1
| XKS1 KS1 KS1 KS2 VSS sky130_fd_pr__nfet_g5v0d10v5 L=8 W=1 nf=1 ad=0.29 as=0.29 pd=2.58 ps=2.58 nrd=0.29 nrs=0.29 sa=0 sb=0 sd=0
| + mult=1 m=1
| XKS2 KS2 KS2 KS3 VSS sky130_fd_pr__nfet_g5v0d10v5 L=8 W=1 nf=1 ad=0.29 as=0.29 pd=2.58 ps=2.58 nrd=0.29 nrs=0.29 sa=0 sb=0 sd=0
| + mult=1 m=1
| XKS3 KS3 KS3 KS4 VSS sky130_fd_pr__nfet_g5v0d10v5 L=8 W=1 nf=1 ad=0.29 as=0.29 pd=2.58 ps=2.58 nrd=0.29 nrs=0.29 sa=0 sb=0 sd=0
| + mult=1 m=1
| XKS4 KS4 KS4 NKG VSS sky130_fd_pr__nfet_g5v0d10v5 L=8 W=1 nf=1 ad=0.29 as=0.29 pd=2.58 ps=2.58 nrd=0.29 nrs=0.29 sa=0 sb=0 sd=0
| + mult=1 m=1
| XKA NKM PB VDD VDD sky130_fd_pr__pfet_g5v0d10v5 L=4 W=1 nf=1 ad=0.29 as=0.29 pd=2.58 ps=2.58 nrd=0.29 nrs=0.29 sa=0 sb=0 sd=0
| + mult=1 m=1
| XKAN NKM NKM VSS VSS sky130_fd_pr__nfet_g5v0d10v5 L=4 W=2 nf=1 ad=0.58 as=0.58 pd=4.58 ps=4.58 nrd=0.145 nrs=0.145 sa=0 sb=0 sd=0
| + mult=1 m=1
| XKPD NKG NKM VSS VSS sky130_fd_pr__nfet_g5v0d10v5 L=4 W=8 nf=1 ad=2.32 as=2.32 pd=16.58 ps=16.58 nrd=0.03625 nrs=0.03625 sa=0 sb=0
| + sd=0 mult=1 m=1
| XKICK PG NKG VSS VSS sky130_fd_pr__nfet_g5v0d10v5 L=4 W=1 nf=1 ad=0.29 as=0.29 pd=2.58 ps=2.58 nrd=0.29 nrs=0.29 sa=0 sb=0 sd=0
| + mult=1 m=1
| XMPOK TOK PB VDD VDD sky130_fd_pr__pfet_g5v0d10v5 L=4 W=1 nf=1 ad=0.29 as=0.29 pd=2.58 ps=2.58 nrd=0.29 nrs=0.29 sa=0 sb=0 sd=0
| + mult=1 m=1
| XMOKA NOKO NA TOK VDD sky130_fd_pr__pfet_g5v0d10v5 L=4 W=8 nf=1 ad=2.32 as=2.32 pd=16.58 ps=16.58 nrd=0.03625 nrs=0.03625 sa=0
| + sb=0 sd=0 mult=1 m=1
| XMOKB NOKL NBTOP TOK VDD sky130_fd_pr__pfet_g5v0d10v5 L=4 W=8 nf=1 ad=2.32 as=2.32 pd=16.58 ps=16.58 nrd=0.03625 nrs=0.03625 sa=0
| + sb=0 sd=0 mult=1 m=1
| XMOL1 NOKL NOKL VSS VSS sky130_fd_pr__nfet_g5v0d10v5 L=4 W=2 nf=1 ad=0.58 as=0.58 pd=4.58 ps=4.58 nrd=0.145 nrs=0.145 sa=0 sb=0
| + sd=0 mult=1 m=1
| XMOL2 NOKO NOKL VSS VSS sky130_fd_pr__nfet_g5v0d10v5 L=4 W=2 nf=1 ad=0.58 as=0.58 pd=4.58 ps=4.58 nrd=0.145 nrs=0.145 sa=0 sb=0
| + sd=0 mult=1 m=1
| XMOKC NOKO NKG VSS VSS sky130_fd_pr__nfet_g5v0d10v5 L=1 W=2 nf=1 ad=0.58 as=0.58 pd=4.58 ps=4.58 nrd=0.145 nrs=0.145 sa=0 sb=0
| + sd=0 mult=1 m=1
| XMOK2 NOKX NOKO VSS VSS sky130_fd_pr__nfet_g5v0d10v5 L=4 W=2 nf=1 ad=0.58 as=0.58 pd=4.58 ps=4.58 nrd=0.145 nrs=0.145 sa=0 sb=0
| + sd=0 mult=1 m=1
| XMOK2P NOKX PB VDD VDD sky130_fd_pr__pfet_g5v0d10v5 L=4 W=1 nf=1 ad=0.29 as=0.29 pd=2.58 ps=2.58 nrd=0.29 nrs=0.29 sa=0 sb=0 sd=0
| + mult=1 m=1
| XCOK VDD NOKX sky130_fd_pr__cap_mim_m3_1 W=6 L=6 MF=1 m=1
| XMO1P BIAS_OK NOKX VDD VDD sky130_fd_pr__pfet_g5v0d10v5 L=4 W=1 nf=1 ad=0.29 as=0.29 pd=2.58 ps=2.58 nrd=0.29 nrs=0.29 sa=0 sb=0
| + sd=0 mult=1 m=1
| XMO1N BIAS_OK NOKX VSS VSS sky130_fd_pr__nfet_g5v0d10v5 L=0.5 W=4 nf=1 ad=1.16 as=1.16 pd=8.58 ps=8.58 nrd=0.0725 nrs=0.0725 sa=0
| + sb=0 sd=0 mult=1 m=1
| .ends
| 
| .control
| save all
| tran 10u 10m uic
| let nlast = length(v(vref))-1
| let meas_vref = v(vref)[nlast]
| let meas_vref_settled = abs(v(vref)[nlast] - v(vref)[nlast-100])
| let meas_ibias = v(ibias)[nlast]
| let meas_bias_ok = v(bias_ok)[nlast]
| let meas_isup = -i(v1)[nlast]
| print meas_vref
| print meas_vref_settled
| print meas_ibias
| print meas_bias_ok
| print meas_isup
| quit
| .endc
| .end

# ==== ngspice stdout ====

Note: Compatibility modes selected: hs a


Circuit: * bias-core-startup corner deck -- generated by sim/bin/corner-run.py, do not edit

option SCALE: Scale is set to 1e-06 for instance and model parameters
option SCALE: Scale is set to 1e-06 for instance and model parameters
option SCALE: Scale is set to 1e-06 for instance and model parameters
option SCALE: Scale is set to 1e-06 for instance and model parameters
Doing analysis at TEMP = 27.000000 and TNOM = 27.000000

Using KLU as Direct Linear Solver
Operating point simulation skipped by 'uic',
  now using transient initial conditions.
 Reference value :  1.00000e-07
 Reference value :  1.60000e-06
 Reference value :  1.00000e-05
 Reference value :  1.19200e-05
 Reference value :  1.96000e-05
 Reference value :  2.68082e-05
 Reference value :  3.53904e-05
 Reference value :  4.37860e-05
 Reference value :  5.00963e-05
 Reference value :  5.57100e-05
 Reference value :  5.99380e-05
 Reference value :  6.39000e-05
 Reference value :  6.66945e-05
 Reference value :  6.90448e-05
 Reference value :  7.13161e-05
 Reference value :  7.34471e-05
 Reference value :  7.57177e-05
 Reference value :  8.17325e-05
 Reference value :  9.06426e-05
 Reference value :  1.00000e-04
 Reference value :  1.02687e-04
 Reference value :  1.05514e-04
 Reference value :  1.14103e-04
 Reference value :  1.41403e-04
 Reference value :  1.71403e-04
 Reference value :  2.01403e-04
 Reference value :  2.31403e-04
 Reference value :  2.61403e-04
 Reference value :  2.91403e-04
 Reference value :  3.21403e-04
 Reference value :  3.51403e-04
 Reference value :  3.81403e-04
 Reference value :  4.01403e-04
 Reference value :  4.31403e-04
 Reference value :  4.61403e-04
 Reference value :  4.91403e-04
 Reference value :  5.21403e-04
 Reference value :  5.61403e-04
 Reference value :  6.01403e-04
 Reference value :  6.41403e-04
 Reference value :  6.81403e-04
 Reference value :  7.11403e-04
 Reference value :  7.51403e-04
 Reference value :  7.91403e-04
 Reference value :  8.31403e-04
 Reference value :  8.71403e-04
 Reference value :  9.11403e-04
 Reference value :  9.51403e-04
 Reference value :  9.81403e-04
 Reference value :  1.02140e-03
 Reference value :  1.06140e-03
 Reference value :  1.09140e-03
 Reference value :  1.13140e-03
 Reference value :  1.16140e-03
 Reference value :  1.19140e-03
 Reference value :  1.22140e-03
 Reference value :  1.26140e-03
 Reference value :  1.30140e-03
 Reference value :  1.34140e-03
 Reference value :  1.38140e-03
 Reference value :  1.42140e-03
 Reference value :  1.46140e-03
 Reference value :  1.50140e-03
 Reference value :  1.54140e-03
 Reference value :  1.58140e-03
 Reference value :  1.62140e-03
 Reference value :  1.65140e-03
 Reference value :  1.68140e-03
 Reference value :  1.71140e-03
 Reference value :  1.75140e-03
 Reference value :  1.78140e-03
 Reference value :  1.82140e-03
 Reference value :  1.85140e-03
 Reference value :  1.88140e-03
 Reference value :  1.92140e-03
 Reference value :  1.96140e-03
 Reference value :  1.99140e-03
 Reference value :  2.02140e-03
 Reference value :  2.06140e-03
 Reference value :  2.09140e-03
 Reference value :  2.12140e-03
 Reference value :  2.16140e-03
 Reference value :  2.19140e-03
 Reference value :  2.22140e-03
 Reference value :  2.26140e-03
 Reference value :  2.30140e-03
 Reference value :  2.34140e-03
 Reference value :  2.38140e-03
 Reference value :  2.42140e-03
 Reference value :  2.45140e-03
 Reference value :  2.48140e-03
 Reference value :  2.51140e-03
 Reference value :  2.54140e-03
 Reference value :  2.57140e-03
 Reference value :  2.60140e-03
 Reference value :  2.63140e-03
 Reference value :  2.66140e-03
 Reference value :  2.70140e-03
 Reference value :  2.73140e-03
 Reference value :  2.77140e-03
 Reference value :  2.81140e-03
 Reference value :  2.85140e-03
 Reference value :  2.89140e-03
 Reference value :  2.93140e-03
 Reference value :  2.97140e-03
 Reference value :  3.00140e-03
 Reference value :  3.04140e-03
 Reference value :  3.07140e-03
 Reference value :  3.11140e-03
 Reference value :  3.14140e-03
 Reference value :  3.17140e-03
 Reference value :  3.21140e-03
 Reference value :  3.24140e-03
 Reference value :  3.28140e-03
 Reference value :  3.32140e-03
 Reference value :  3.36140e-03
 Reference value :  3.40140e-03
 Reference value :  3.44140e-03
 Reference value :  3.48140e-03
 Reference value :  3.53140e-03
 Reference value :  3.59140e-03
 Reference value :  3.64140e-03
 Reference value :  3.70140e-03
 Reference value :  3.75140e-03
 Reference value :  3.80140e-03
 Reference value :  3.86140e-03
 Reference value :  3.91140e-03
 Reference value :  3.97140e-03
 Reference value :  4.02140e-03
 Reference value :  4.07140e-03
 Reference value :  4.12140e-03
 Reference value :  4.18140e-03
 Reference value :  4.23140e-03
 Reference value :  4.28140e-03
 Reference value :  4.34140e-03
 Reference value :  4.39140e-03
 Reference value :  4.45140e-03
 Reference value :  4.51140e-03
 Reference value :  4.57140e-03
 Reference value :  4.63140e-03
 Reference value :  4.68140e-03
 Reference value :  4.74140e-03
 Reference value :  4.79140e-03
 Reference value :  4.85140e-03
 Reference value :  4.91140e-03
 Reference value :  4.97140e-03
 Reference value :  5.03140e-03
 Reference value :  5.08140e-03
 Reference value :  5.13140e-03
 Reference value :  5.19140e-03
 Reference value :  5.25140e-03
 Reference value :  5.31140e-03
 Reference value :  5.37140e-03
 Reference value :  5.42140e-03
 Reference value :  5.47140e-03
 Reference value :  5.52140e-03
 Reference value :  5.57140e-03
 Reference value :  5.62140e-03
 Reference value :  5.67140e-03
 Reference value :  5.72140e-03
 Reference value :  5.76140e-03
 Reference value :  5.82140e-03
 Reference value :  5.87140e-03
 Reference value :  5.93140e-03
 Reference value :  5.98140e-03
 Reference value :  6.04140e-03
 Reference value :  6.10140e-03
 Reference value :  6.16140e-03
 Reference value :  6.22140e-03
 Reference value :  6.27140e-03
 Reference value :  6.33140e-03
 Reference value :  6.39140e-03
 Reference value :  6.45140e-03
 Reference value :  6.51140e-03
 Reference value :  6.56140e-03
 Reference value :  6.62140e-03
 Reference value :  6.68140e-03
 Reference value :  6.73140e-03
 Reference value :  6.79140e-03
 Reference value :  6.84140e-03
 Reference value :  6.89140e-03
 Reference value :  6.95140e-03
 Reference value :  7.01140e-03
 Reference value :  7.07140e-03
 Reference value :  7.11140e-03
 Reference value :  7.15140e-03
 Reference value :  7.19140e-03
 Reference value :  7.23140e-03
 Reference value :  7.27140e-03
 Reference value :  7.31140e-03
 Reference value :  7.35140e-03
 Reference value :  7.39140e-03
 Reference value :  7.43140e-03
 Reference value :  7.47140e-03
 Reference value :  7.51140e-03
 Reference value :  7.54140e-03
 Reference value :  7.58140e-03
 Reference value :  7.63140e-03
 Reference value :  7.67140e-03
 Reference value :  7.71140e-03
 Reference value :  7.75140e-03
 Reference value :  7.79140e-03
 Reference value :  7.82140e-03
 Reference value :  7.85140e-03
 Reference value :  7.88140e-03
 Reference value :  7.92140e-03
 Reference value :  7.96140e-03
 Reference value :  8.00140e-03
 Reference value :  8.04140e-03
 Reference value :  8.08140e-03
 Reference value :  8.12140e-03
 Reference value :  8.16140e-03
 Reference value :  8.20140e-03
 Reference value :  8.24140e-03
 Reference value :  8.28140e-03
 Reference value :  8.32140e-03
 Reference value :  8.36140e-03
 Reference value :  8.40140e-03
 Reference value :  8.44140e-03
 Reference value :  8.48140e-03
 Reference value :  8.52140e-03
 Reference value :  8.55140e-03
 Reference value :  8.59140e-03
 Reference value :  8.63140e-03
 Reference value :  8.67140e-03
 Reference value :  8.70140e-03
 Reference value :  8.73140e-03
 Reference value :  8.77140e-03
 Reference value :  8.80140e-03
 Reference value :  8.83140e-03
 Reference value :  8.86140e-03
 Reference value :  8.89140e-03
 Reference value :  8.93140e-03
 Reference value :  8.96140e-03
 Reference value :  8.99140e-03
 Reference value :  9.02140e-03
 Reference value :  9.05140e-03
 Reference value :  9.09140e-03
 Reference value :  9.12140e-03
 Reference value :  9.15140e-03
 Reference value :  9.18140e-03
 Reference value :  9.21140e-03
 Reference value :  9.25140e-03
 Reference value :  9.29140e-03
 Reference value :  9.33140e-03
 Reference value :  9.37140e-03
 Reference value :  9.42140e-03
 Reference value :  9.46140e-03
 Reference value :  9.50140e-03
 Reference value :  9.54140e-03
 Reference value :  9.58140e-03
 Reference value :  9.62140e-03
 Reference value :  9.66140e-03
 Reference value :  9.70140e-03
 Reference value :  9.73140e-03
 Reference value :  9.76140e-03
 Reference value :  9.79140e-03
 Reference value :  9.82140e-03
 Reference value :  9.86140e-03
 Reference value :  9.90140e-03
 Reference value :  9.94140e-03
 Reference value :  9.98140e-03
No. of Data Rows : 1024
meas_vref = 1.256232e+00
meas_vref_settled = 4.697065e-10
meas_ibias = 3.630000e+00
meas_bias_ok = 3.630000e+00
meas_isup = 9.391796e-07
ngspice-46 done

# ==== ngspice stderr ====

