# point: supply-ramp-top diag-mn1-l20 r50000 sf_27c_3.63v
# process=sf temp=27C final_supply=3.63V rate=50000 V/s tstop=0.0150726s
# klt status: pass   runtime on runner: 126.765 s   outcome: FAIL

# ==== klt sim deck (exact input given to ngspice on the runner) ====
| * klt sim -- generated corner deck, do not edit
| .lib /opt/pdk/sky130A/libs.tech/combined/sky130.lib.spice sf
| .include /var/tmp/eda-job-klt-sim-1af01fbf0b36/inputs/netlist.cir
| .temp 27
| .meas tran vdd_end FIND v(vdd) AT=0.0149726
| .meas tran resetn_end FIND v(resetn) AT=0.0149726
| .meas tran resetn_max MAX v(resetn)
| .meas tran por_raw_max MAX v(xdut.por_raw)
| .meas tran ibias_end FIND v(xdut.ibias) AT=0.0149726
| .control
| alter vset=3.63
| set filetype=ascii
| tran 1u 0.0150726 0 5e-06
| write /var/tmp/eda-job-klt-sim-1af01fbf0b36/outputs/artifacts/sf_3p630V_27C/waveform.raw
| quit
| .endc
| .end

# ==== klt diagnostics ====

# ==== ngspice stdout+stderr ====

Note: No compatibility mode selected!


Circuit: * klt sim -- generated corner deck, do not edit

Doing analysis at TEMP = 27.000000 and TNOM = 27.000000

Using SPARSE 1.3 as Direct Linear Solver

Initial Transient Solution
--------------------------

Node                                   Voltage
----                                   -------
vsetn                                     3.63
vdd                                          0
xdut.xbias.na                      7.63082e-66
xdut.xbias.pg                     -2.60864e-36
xdut.xbias.nbtop                   1.37003e-62
xdut.vref                           -2.547e-66
xdut.xbias.nbg                     1.73268e-42
xdut.xbias.xrt.t1                  1.37003e-62
xdut.xbias.xrt.t2                  1.37003e-62
xdut.xbias.nb                      1.37003e-62
xdut.xbias.xr1.t1                  1.37003e-62
xdut.xbias.xr1.t2                  1.37003e-62
xdut.xbias.ec                      1.37003e-62
xdut.xbias.xr2.t1                   -2.547e-66
xdut.xbias.xr2.t2                 -2.54701e-66
xdut.xbias.er                     -2.54701e-66
xdut.xbias.pb                      2.52072e-45
xdut.ibias                         8.58336e-19
xdut.xbias.nt                      2.30379e-77
xdut.xbias.n1                     -1.67572e-75
xdut.xbias.n2                     -1.61554e-75
xdut.xbias.nz                     -1.61554e-75
xdut.xbias.xrz.t1                 -1.61554e-75
xdut.xbias.xrz.t2                 -1.61554e-75
xdut.xbias.ks1                     2.23935e-47
xdut.xbias.ks2                    -8.58435e-46
xdut.xbias.ks3                      3.2885e-44
xdut.xbias.ks4                    -1.25976e-42
xdut.xbias.nkg                     4.82589e-41
xdut.xbias.nkm                     9.96777e-57
xdut.xbias.tok                    -4.68031e-24
xdut.xbias.noko                    5.84305e-19
xdut.xbias.nokl                    5.67706e-29
xdut.xbias.nokx                   -3.59239e-50
xdut.bias_ok                      -5.65158e-23
xdut.xcmp.bias_okb                 3.90493e-19
xdut.xcmp.nbg                     -5.06373e-19
xdut.xcmp.sns                                0
xdut.xcmp.xrtop.t1                           0
xdut.xcmp.xrtop.t2                           0
xdut.xcmp.snsb                               0
xdut.xcmp.xrbot.t1                           0
xdut.xcmp.xrbot.t2                           0
xdut.xcmp.xrhys.t1                           0
xdut.xcmp.xrhys.t2                           0
xdut.xcmp.n1                         2.488e-19
xdut.xcmp.tn                      -7.55342e-19
xdut.xcmp.na                       1.71548e-19
xdut.xcmp.cmpo                     3.21245e-19
xdut.xcmp.vdda                     2.22726e-23
xdut.por_raw                       2.54165e-19
xdut.xpor.pdn                     -8.18203e-84
xdut.xpor.ndl                     -2.05624e-60
xdut.xpor.ndgp                     9.37528e-24
xdut.xpor.ndg                      -9.9535e-19
xdut.xpor.ndgn                     9.95628e-19
xdut.xpor.pgdg                     1.79721e-18
xdut.xpor.pgdgb                    8.57705e-19
xdut.xpor.nts                      2.42902e-23
xdut.xpor.tim                      -1.3772e-18
xdut.xpor.nd1                      8.78767e-19
xdut.xpor.trip                    -9.02663e-19
resetn                             6.25936e-19
xdut.xpor.rstb                     3.18269e-18
xdut.xpor.nnand                    9.91074e-19
xdut.xtemp.nbg                    -1.25618e-18
xdut.xtemp.enb                     1.15307e-19
xdut.xtemp.pb                        8.539e-20
xdut.xtemp.pcas                    3.90631e-19
xdut.xtemp.nt                      -6.0861e-18
xdut.xtemp.n1                     -2.90008e-18
xdut.xtemp.na                      1.14646e-18
xdut.xtemp.n2                     -6.38284e-18
xdut.xtemp.nb                          1.53729
xdut.xtemp.pg                       2.1151e-18
xdut.xtemp.nz                     -6.38284e-18
xdut.xtemp.xrz.t1                 -6.38284e-18
xdut.xtemp.xrz.t2                 -6.38284e-18
xdut.xtemp.m1d                     -4.8499e-23
xdut.xtemp.m2d                        0.923714
xdut.xtemp.m3d                    -1.47788e-05
ptat                                  -2.02422
xdut.xtemp.nd                      1.96947e-18
xdut.xtemp.nr                      -3.1152e-20
ctat                               1.14646e-18
xdut.xtemp.nc                     -5.86639e+08
xdut.xtemp.xr1.t1                       1.8004
xdut.xtemp.xr1.t2                 -5.86639e+08
xdut.xtemp.xr2.t1                     -2.37065
xdut.xtemp.xr2.t2                      -7119.4
xdut.xtemp.ptat_trim                  -7119.74
xdut.xtemp.xr2trim.t1                 -7120.09
xdut.xtemp.xr2trim.t2                 0.346428
xdut.xtemp.xriso.t1                1.14646e-18
xdut.xtemp.xriso.t2                1.14646e-18
bvdd#branch                         0.00469332
vset#branch                                  0


No. of Data Rows : 3063

  Measurements for Transient Analysis

vdd_end             =  3.63000e+00
resetn_end          =  3.28996e+00
resetn_max          =  3.28998e+00 at=  1.97203e-03
por_raw_max         =  3.63001e+00 at=  8.48422e-05
ibias_end           =  7.49490e-01

ASCII raw file "/var/tmp/eda-job-klt-sim-1af01fbf0b36/outputs/artifacts/sf_3p630V_27C/waveform.raw"
ngspice-46 done
