corner fs_-40c_3.63v  combo en-high__base  verdict-input status=pass
graded: ptat=1.09996; ctat=0.783342; na=0.783342; nb=0.783345; isup=5.82948e-06; bias_ok=3.63; ptat_settled=4.0189e-10; ctat_settled=7.93576e-12  fails=[]
--- deck ---
* klt sim -- generated corner deck, do not edit
.lib /opt/pdk/sky130A/libs.tech/combined/sky130.lib.spice fs
.include /var/tmp/eda-job-klt-sim-2c8d2822f83b/inputs/netlist.cir
.temp -40
.meas tran vdd_end FIND v(vdd) AT=0.01
.control
alter vset=3.63
set filetype=ascii
tran 1e-05 0.01 uic
write /var/tmp/eda-job-klt-sim-2c8d2822f83b/outputs/artifacts/fs_3p630V_n40C/waveform.raw
quit
.endc
.end

--- ngspice log ---

Note: No compatibility mode selected!


Circuit: * klt sim -- generated corner deck, do not edit

Doing analysis at TEMP = -40.000000 and TNOM = 27.000000

Using SPARSE 1.3 as Direct Linear Solver
Operating point simulation skipped by 'uic',
  now using transient initial conditions.

No. of Data Rows : 1036

  Measurements for Transient Analysis

vdd_end             =  3.63000e+00

ASCII raw file "/var/tmp/eda-job-klt-sim-2c8d2822f83b/outputs/artifacts/fs_3p630V_n40C/waveform.raw"
ngspice-46 done

