# point: supply-ramp-top diag-mn1-l20 r500000 fs_27c_3.63v
# process=fs temp=27C final_supply=3.63V rate=500000 V/s tstop=0.0150073s
# klt status: pass   runtime on runner: 93.314 s   outcome: FAIL

# ==== klt sim deck (exact input given to ngspice on the runner) ====
| * klt sim -- generated corner deck, do not edit
| .lib /opt/pdk/sky130A/libs.tech/combined/sky130.lib.spice fs
| .include /var/tmp/eda-job-klt-sim-b08255ab006a/inputs/netlist.cir
| .temp 27
| .meas tran vdd_end FIND v(vdd) AT=0.01490726
| .meas tran resetn_end FIND v(resetn) AT=0.01490726
| .meas tran resetn_max MAX v(resetn)
| .meas tran por_raw_max MAX v(xdut.por_raw)
| .meas tran ibias_end FIND v(xdut.ibias) AT=0.01490726
| .control
| alter vset=3.63
| set filetype=ascii
| tran 1u 0.01500726 0 5e-06
| write /var/tmp/eda-job-klt-sim-b08255ab006a/outputs/artifacts/fs_3p630V_27C/waveform.raw
| quit
| .endc
| .end

# ==== klt diagnostics ====

# ==== ngspice stdout+stderr ====

Note: No compatibility mode selected!


Circuit: * klt sim -- generated corner deck, do not edit

Doing analysis at TEMP = 27.000000 and TNOM = 27.000000

Using SPARSE 1.3 as Direct Linear Solver

Initial Transient Solution
--------------------------

Node                                   Voltage
----                                   -------
vsetn                                     3.63
vdd                                          0
xdut.xbias.na                     3.25961e-104
xdut.xbias.pg                    -1.14057e-109
xdut.xbias.nbtop                  1.91523e-100
xdut.vref                        -8.29196e-102
xdut.xbias.nbg                    9.62016e-128
xdut.xbias.xrt.t1                 1.91523e-100
xdut.xbias.xrt.t2                 1.91523e-100
xdut.xbias.nb                     1.91523e-100
xdut.xbias.xr1.t1                 1.91523e-100
xdut.xbias.xr1.t2                 1.91523e-100
xdut.xbias.ec                     1.91523e-100
xdut.xbias.xr2.t1                -8.29196e-102
xdut.xbias.xr2.t2                -8.29197e-102
xdut.xbias.er                    -8.29197e-102
xdut.xbias.pb                    -2.53615e-131
xdut.ibias                         7.34531e-21
xdut.xbias.nt                     3.41188e-131
xdut.xbias.n1                     3.32683e-129
xdut.xbias.n2                     9.62145e-130
xdut.xbias.nz                     9.62145e-130
xdut.xbias.xrz.t1                 9.62145e-130
xdut.xbias.xrz.t2                 9.62145e-130
xdut.xbias.ks1                   -1.92556e-101
xdut.xbias.ks2                     2.11582e-99
xdut.xbias.ks3                    -2.32468e-97
xdut.xbias.ks4                     2.55415e-95
xdut.xbias.nkg                    -2.80628e-93
xdut.xbias.nkm                    6.75411e-130
xdut.xbias.tok                    -2.97472e-39
xdut.xbias.noko                    5.78565e-37
xdut.xbias.nokl                    2.30582e-41
xdut.xbias.nokx                              0
xdut.bias_ok                      -1.10176e-27
xdut.xcmp.bias_okb                -5.87336e-18
xdut.xcmp.nbg                     -3.74609e-20
xdut.xcmp.sns                                0
xdut.xcmp.xrtop.t1                           0
xdut.xcmp.xrtop.t2                           0
xdut.xcmp.snsb                               0
xdut.xcmp.xrbot.t1                           0
xdut.xcmp.xrbot.t2                           0
xdut.xcmp.xrhys.t1                           0
xdut.xcmp.xrhys.t2                           0
xdut.xcmp.n1                       1.71724e-18
xdut.xcmp.tn                       4.63367e-23
xdut.xcmp.na                      -3.59184e-23
xdut.xcmp.cmpo                    -3.18599e-23
xdut.xcmp.vdda                     3.78113e-25
xdut.por_raw                      -1.71639e-18
xdut.xpor.pdn                      1.12761e-64
xdut.xpor.ndl                     4.40022e-133
xdut.xpor.ndgp                     8.23158e-19
xdut.xpor.ndg                      3.77558e-18
xdut.xpor.ndgn                     -4.5232e-18
xdut.xpor.pgdg                    -3.60351e-27
xdut.xpor.pgdgb                              0
xdut.xpor.nts                      3.19002e-28
xdut.xpor.tim                     -1.40995e-26
xdut.xpor.nd1                     -5.43993e-25
xdut.xpor.trip                     1.86423e-21
resetn                             -2.5959e-18
xdut.xpor.rstb                    -9.32636e-21
xdut.xpor.nnand                    2.87225e-20
xdut.xtemp.nbg                    -1.20044e-21
xdut.xtemp.enb                     1.71721e-18
xdut.xtemp.pb                     -1.33888e-26
xdut.xtemp.pcas                   -1.34538e-26
xdut.xtemp.nt                     -1.11088e-20
xdut.xtemp.n1                     -5.52342e-21
xdut.xtemp.na                     -1.00121e-16
xdut.xtemp.n2                     -1.38932e-20
xdut.xtemp.nb                     -6.98574e-30
xdut.xtemp.pg                     -7.30089e-20
xdut.xtemp.nz                     -1.38932e-20
xdut.xtemp.xrz.t1                 -1.38932e-20
xdut.xtemp.xrz.t2                 -1.38932e-20
xdut.xtemp.m1d                    -1.02506e-17
xdut.xtemp.m2d                     2.45414e-29
xdut.xtemp.m3d                     1.25281e-29
ptat                              -6.10116e-35
xdut.xtemp.nd                     -3.77757e-22
xdut.xtemp.nr                      3.21065e-25
ctat                              -1.00121e-16
xdut.xtemp.nc                     -6.98574e-30
xdut.xtemp.xr1.t1                 -6.98574e-30
xdut.xtemp.xr1.t2                 -6.98574e-30
xdut.xtemp.xr2.t1                 -6.10105e-35
xdut.xtemp.xr2.t2                 -8.86565e-36
xdut.xtemp.ptat_trim              -8.86458e-36
xdut.xtemp.xr2trim.t1             -8.86351e-36
xdut.xtemp.xr2trim.t2             -1.07121e-39
xdut.xtemp.xriso.t1               -1.00121e-16
xdut.xtemp.xriso.t2               -1.00121e-16
bvdd#branch                       -1.25438e-28
vset#branch                                  0


No. of Data Rows : 3058

  Measurements for Transient Analysis

vdd_end             =  3.63000e+00
resetn_end          =  3.33758e+00
resetn_max          =  3.33759e+00 at=  3.28286e-03
por_raw_max         =  3.63002e+00 at=  1.02556e-04
ibias_end           =  8.68388e-01

ASCII raw file "/var/tmp/eda-job-klt-sim-b08255ab006a/outputs/artifacts/fs_3p630V_27C/waveform.raw"
ngspice-46 done
