corner sf_125c_3.30v  combo en-high__ramp2m  verdict-input status=pass
graded: ptat=1.87503; ctat=0.464519; na=0.464532; nb=0.464526; isup=9.62356e-06; bias_ok=3.2997; ptat_settled=3.47494e-10; ctat_settled=5.93475e-12  fails=[]
--- deck ---
* klt sim -- generated corner deck, do not edit
.lib /opt/pdk/sky130A/libs.tech/combined/sky130.lib.spice sf
.include /var/tmp/eda-job-klt-sim-646278cd4131/inputs/netlist.cir
.temp 125
.meas tran vdd_end FIND v(vdd) AT=0.01
.control
alter vset=3.3
set filetype=ascii
tran 1e-05 0.01 uic
write /var/tmp/eda-job-klt-sim-646278cd4131/outputs/artifacts/sf_3p300V_125C/waveform.raw
quit
.endc
.end

--- ngspice log ---

Note: No compatibility mode selected!


Circuit: * klt sim -- generated corner deck, do not edit

Doing analysis at TEMP = 125.000000 and TNOM = 27.000000

Using SPARSE 1.3 as Direct Linear Solver
Operating point simulation skipped by 'uic',
  now using transient initial conditions.

No. of Data Rows : 1017

  Measurements for Transient Analysis

vdd_end             =  3.30000e+00

ASCII raw file "/var/tmp/eda-job-klt-sim-646278cd4131/outputs/artifacts/sf_3p300V_125C/waveform.raw"
ngspice-46 done

