corner sf_27c_3.30v  combo en-high__ramp2m  verdict-input status=fail
graded: ptat=-1.597; ctat=0.329221; na=0.329221; nb=0.25766; isup=-0.00152147; bias_ok=3.3; ptat_settled=9.10443e-06; ctat_settled=0.000488524  fails=['ptat', 'isup']
--- deck ---
* klt sim -- generated corner deck, do not edit
.lib /opt/pdk/sky130A/libs.tech/combined/sky130.lib.spice sf
.include /var/tmp/eda-job-klt-sim-646278cd4131/inputs/netlist.cir
.temp 27
.meas tran vdd_end FIND v(vdd) AT=0.01
.control
alter vset=3.3
set filetype=ascii
tran 1e-05 0.01 uic
write /var/tmp/eda-job-klt-sim-646278cd4131/outputs/artifacts/sf_3p300V_27C/waveform.raw
quit
.endc
.end

--- ngspice log ---

Note: No compatibility mode selected!


Circuit: * klt sim -- generated corner deck, do not edit

Doing analysis at TEMP = 27.000000 and TNOM = 27.000000

Using SPARSE 1.3 as Direct Linear Solver
Operating point simulation skipped by 'uic',
  now using transient initial conditions.

No. of Data Rows : 1014

  Measurements for Transient Analysis

vdd_end             =  3.30000e+00

ASCII raw file "/var/tmp/eda-job-klt-sim-646278cd4131/outputs/artifacts/sf_3p300V_27C/waveform.raw"
ngspice-46 done

