# point: supply-ramp-top as-drawn r1000 sf_27c_3.63v
# process=sf temp=27C final_supply=3.63V rate=1000 V/s tstop=0.01863s
# klt status: pass   runtime on runner: 44.89 s   outcome: FAIL

# ==== klt sim deck (exact input given to ngspice on the runner) ====
| * klt sim -- generated corner deck, do not edit
| .lib /opt/pdk/sky130A/libs.tech/combined/sky130.lib.spice sf
| .include /var/tmp/eda-job-klt-sim-1679a0865717/inputs/netlist.cir
| .temp 27
| .meas tran vdd_end FIND v(vdd) AT=0.01853
| .meas tran resetn_end FIND v(resetn) AT=0.01853
| .meas tran resetn_max MAX v(resetn)
| .meas tran por_raw_max MAX v(xdut.por_raw)
| .meas tran ibias_end FIND v(xdut.ibias) AT=0.01853
| .control
| alter vset=3.63
| set filetype=ascii
| tran 1u 0.01863 0 5e-06
| write /var/tmp/eda-job-klt-sim-1679a0865717/outputs/artifacts/sf_3p630V_27C/waveform.raw
| quit
| .endc
| .end

# ==== klt diagnostics ====

# ==== ngspice stdout+stderr ====

Note: No compatibility mode selected!


Circuit: * klt sim -- generated corner deck, do not edit

Doing analysis at TEMP = 27.000000 and TNOM = 27.000000

Using SPARSE 1.3 as Direct Linear Solver

Initial Transient Solution
--------------------------

Node                                   Voltage
----                                   -------
vsetn                                     3.63
vdd                                          0
xdut.xbias.na                      4.48764e-83
xdut.xbias.pg                      3.44139e-46
xdut.xbias.nbtop                    7.0896e-78
xdut.vref                         -1.32923e-83
xdut.xbias.nbg                     1.30937e-50
xdut.xbias.xrt.t1                   7.0896e-78
xdut.xbias.xrt.t2                   7.0896e-78
xdut.xbias.nb                       7.0896e-78
xdut.xbias.xr1.t1                   7.0896e-78
xdut.xbias.xr1.t2                   7.0896e-78
xdut.xbias.ec                       7.0896e-78
xdut.xbias.xr2.t1                 -1.32923e-83
xdut.xbias.xr2.t2                 -1.32924e-83
xdut.xbias.er                     -1.32924e-83
xdut.xbias.pb                      1.98729e-53
xdut.ibias                        -7.24716e-19
xdut.xbias.nt                      6.65953e-90
xdut.xbias.n1                     -4.89843e-88
xdut.xbias.n2                     -4.61184e-88
xdut.xbias.nz                     -4.61184e-88
xdut.xbias.xrz.t1                 -4.61184e-88
xdut.xbias.xrz.t2                 -4.61184e-88
xdut.xbias.ks1                     1.93866e-51
xdut.xbias.ks2                     -7.4317e-50
xdut.xbias.ks3                     2.84694e-48
xdut.xbias.ks4                    -1.09061e-46
xdut.xbias.nkg                      4.1779e-45
xdut.xbias.nkm                     9.03768e-65
xdut.xbias.tok                    -2.47377e-24
xdut.xbias.noko                    3.08833e-19
xdut.xbias.nokl                     3.0006e-29
xdut.xbias.nokx                  -1.07222e-106
xdut.bias_ok                      -5.38359e-25
xdut.xcmp.bias_okb                 8.36762e-19
xdut.xcmp.nbg                     -2.73717e-19
xdut.xcmp.sns                                0
xdut.xcmp.xrtop.t1                           0
xdut.xcmp.xrtop.t2                           0
xdut.xcmp.snsb                               0
xdut.xcmp.xrbot.t1                           0
xdut.xcmp.xrbot.t2                           0
xdut.xcmp.xrhys.t1                           0
xdut.xcmp.xrhys.t2                           0
xdut.xcmp.n1                      -1.73157e-18
xdut.xcmp.tn                      -8.44342e-19
xdut.xcmp.na                       1.25412e-18
xdut.xcmp.cmpo                    -3.12063e-19
xdut.xcmp.vdda                    -3.59361e-24
xdut.por_raw                        2.2443e-18
xdut.xpor.pdn                     -6.64647e-36
xdut.xpor.ndl                      -3.6862e-40
xdut.xpor.ndgp                     1.52912e-23
xdut.xpor.ndg                     -1.62343e-18
xdut.xpor.ndgn                     1.55515e-18
xdut.xpor.pgdg                    -2.03035e-18
xdut.xpor.pgdgb                    -9.1306e-13
xdut.xpor.nts                     -2.23926e-17
xdut.xpor.tim                     -3.60868e-14
xdut.xpor.nd1                       2.5249e-18
xdut.xpor.trip                       2.122e-18
resetn                            -1.51474e-18
xdut.xpor.rstb                     4.13586e-18
xdut.xpor.nnand                    1.58238e-18
xdut.xtemp.nbg                     1.65218e-18
xdut.xtemp.enb                     2.25994e-18
xdut.xtemp.pb                      -1.7524e-18
xdut.xtemp.pcas                   -1.84882e-18
xdut.xtemp.nt                      2.11393e-18
xdut.xtemp.n1                      1.06104e-18
xdut.xtemp.na                      1.74674e-18
xdut.xtemp.n2                      2.11393e-18
xdut.xtemp.nb                         -3191.16
xdut.xtemp.pg                     -2.26899e-18
xdut.xtemp.nz                      2.11393e-18
xdut.xtemp.xrz.t1                  2.11393e-18
xdut.xtemp.xrz.t2                  2.11393e-18
xdut.xtemp.m1d                    -7.40976e-23
xdut.xtemp.m2d                       -0.096056
xdut.xtemp.m3d                     1.05384e-31
ptat                              -1.28631e-37
xdut.xtemp.nd                     -1.64576e-18
xdut.xtemp.nr                      6.94897e-20
ctat                               1.74674e-18
xdut.xtemp.nc                         0.879301
xdut.xtemp.xr1.t1                      -3191.5
xdut.xtemp.xr1.t2                       1.2118
xdut.xtemp.xr2.t1                 -1.28629e-37
xdut.xtemp.xr2.t2                 -1.86915e-38
xdut.xtemp.ptat_trim              -1.86893e-38
xdut.xtemp.xr2trim.t1              -1.8687e-38
xdut.xtemp.xr2trim.t2             -2.25845e-42
xdut.xtemp.xriso.t1                1.74674e-18
xdut.xtemp.xriso.t2                1.74674e-18
bvdd#branch                        -0.00593094
vset#branch                                  0


No. of Data Rows : 3767

  Measurements for Transient Analysis

vdd_end             =  3.63000e+00
resetn_end          =  3.28996e+00
resetn_max          =  3.28996e+00 at=  4.72131e-03
por_raw_max         =  3.63000e+00 at=  4.71999e-03
ibias_end           =  7.49490e-01

ASCII raw file "/var/tmp/eda-job-klt-sim-1679a0865717/outputs/artifacts/sf_3p630V_27C/waveform.raw"
ngspice-46 done
