# point: por-comparator-thresholds real-bias-core-postlayout r100 ff_-40c
# process=ff temp=-40C rate=100 V/s tstop=0.0726s klt status: pass

# ==== klt sim deck ====
| * klt sim -- generated corner deck, do not edit
| .lib /opt/pdk/sky130A/libs.tech/combined/sky130.lib.spice ff
| .include /var/tmp/eda-job-klt-sim-b4affcc5853d/inputs/netlist.cir
| .temp -40
| .meas tran vdd_end FIND v(vdd) AT=0.072599
| .meas tran por_raw_max MAX v(por_raw)
| .control
| alter vset=3.63
| set filetype=ascii
| tran 1u 0.0726 0 2e-05
| write /var/tmp/eda-job-klt-sim-b4affcc5853d/outputs/artifacts/ff_3p630V_n40C/waveform.raw
| quit
| .endc
| .end

# ==== klt diagnostics ====

# ==== ngspice stdout+stderr ====

Note: No compatibility mode selected!


Circuit: * klt sim -- generated corner deck, do not edit

Doing analysis at TEMP = -40.000000 and TNOM = 27.000000

Using SPARSE 1.3 as Direct Linear Solver

Initial Transient Solution
--------------------------

Node                                   Voltage
----                                   -------
vsetn                                     3.63
vdd                                          0
xdut.xpex.vss__t0                 1.33364e-249
xdut.xpex.n1__t0                  -1.73191e-20
xdut.xpex.snsb__t2                 1.3666e-246
xdut.xpex.vss__t13               -2.66729e-249
xdut.xpex.bias_okb__t3             6.78354e-28
xdut.xpex.bias_ok__t0             1.17461e-260
xdut.xpex.vss__t2                 -2.71243e-37
xdut.xpex.vss__t14                 1.35632e-37
xdut.xpex.ibias__t0               -1.86915e-24
xdut.xpex.bias_okb__t1             6.78354e-28
xdut.xpex.vss__t3                  8.54472e-35
xdut.xpex.vss__t17                -3.66499e-34
xdut.xpex.tn__t0                   4.73493e-22
xdut.xpex.nbg__t0                  6.16641e-24
xdut.xpex.vss__t7                 -1.15001e-33
xdut.xpex.vss__t18                 9.20321e-32
xdut.xpex.n1__t3                  -1.73191e-20
xdut.xpex.cmpo__t1                 2.80618e-21
xdut.xpex.vss__t9                  6.59344e-30
xdut.xpex.vss__t15                -3.29699e-30
xdut.xpex.por_raw__t0              6.09626e-19
xdut.xpex.n1__t1                  -1.73191e-20
xdut.xpex.vss__t8                 -2.30775e-28
xdut.xpex.vss__t16                 1.15386e-28
xdut.xpex.nbg__t3                  6.16641e-24
xdut.xpex.bias_okb__t4             6.78354e-28
xdut.xpex.vss__t4                 -1.06492e-33
xdut.xpex.vss__t19                 1.22618e-33
xdut.xpex.ibias__t1               -1.86915e-24
xdut.xpex.nbg__t1                  6.16641e-24
xdut.xpex.vss__t5                  1.25015e-35
xdut.xpex.vss__t21                -3.69951e-34
xdut.xpex.ibias__t2               -1.86915e-24
xdut.xpex.bias_ok__t2             1.17461e-260
xdut.xpex.nbg__t2                  6.16641e-24
xdut.xpex.vss__t20                 8.46274e-34
xdut.xpex.na__t0                  -2.48721e-21
xdut.xpex.sns__t2                 7.35404e-247
xdut.xpex.tn__t1                   4.73493e-22
xdut.xpex.vss__t22                -3.88235e-31
xdut.xpex.cmpo__t4                 2.80618e-21
xdut.xpex.vref__t0                 1.87774e-59
xdut.xpex.tn__t2                   4.73493e-22
xdut.xpex.vss__t23                 6.31299e-31
xdut.xpex.cmpo__t3                 2.80618e-21
xdut.xpex.bias_okb__t5             6.78354e-28
xdut.xpex.vss__t6                  -9.2875e-31
xdut.xpex.vss__t24                  5.3641e-31
xdut.xpex.bias_okb__t2             6.78354e-28
xdut.xpex.bias_ok__t1             1.17461e-260
xdut.xpex.vdd__t0                 -4.44242e-41
xdut.xpex.vdd__t1                  2.73729e-37
xdut.xpex.n1__t4                  -1.73191e-20
xdut.xpex.cmpo__t0                 2.80618e-21
xdut.xpex.vdd__t10                 9.40947e-34
xdut.xpex.vdd__t8                 -5.79784e-30
xdut.xpex.por_raw__t1              6.09626e-19
xdut.xpex.n1__t2                  -1.73191e-20
xdut.xpex.vdd__t9                  6.70287e-33
xdut.xpex.vdd__t7                  1.99292e-28
xdut.xpex.vdda__t0                -8.32215e-27
xdut.xpex.bias_okb__t0             6.78354e-28
xdut.xpex.vdd__t2                  2.34929e-38
xdut.xpex.vdd__t3                 -3.03119e-36
xdut.xpex.na__t1                  -2.48721e-21
xdut.xpex.na__t2                  -2.48721e-21
xdut.xpex.vdda__t1                -8.32215e-27
xdut.xpex.vdd__t4                 -8.90656e-31
xdut.xpex.cmpo__t2                 2.80618e-21
xdut.xpex.na__t3                  -2.48721e-21
xdut.xpex.vdda__t2                -8.32215e-27
xdut.xpex.vdd__t6                  9.98697e-31
xdut.xpex.snsb__t0                1.36427e-246
xdut.xpex.x$19.t1                 1.36418e-246
xdut.xpex.x$19.t2                 1.44836e-249
xdut.xpex.vss__t1                 1.35504e-249
xdut.xpex.vss__t10                           0
xdut.xpex.sns__t0                 7.35414e-247
xdut.xpex.x$20.t1                 7.35419e-247
xdut.xpex.x$20.t2                 1.36546e-246
xdut.xpex.snsb__t1                1.36547e-246
xdut.xpex.vss__t11                           0
xdut.xpex.sns__t1                 7.35388e-247
xdut.xpex.x$21.t1                 7.35383e-247
xdut.xpex.x$21.t2                 3.28173e-250
xdut.xpex.vdd__t5                 3.23233e-250
xdut.xpex.vss__t12                           0
bias_ok                           1.17461e-260
vsubs                                        0
xdut.xpex.bias_okb                 6.78354e-28
xdut.xpex.cmpo                     2.80618e-21
ibias                             -1.86915e-24
xdut.xpex.n1                      -1.73191e-20
xdut.xpex.na                      -2.48721e-21
xdut.xpex.nbg                      6.16641e-24
por_raw                            6.09626e-19
xdut.xpex.sns                     7.35404e-247
xdut.xpex.snsb                    1.36559e-246
xdut.xpex.tn                       4.73493e-22
xdut.xpex.vdda                    -8.32215e-27
vref                               1.87774e-59
xbias.na                            1.8907e-67
xbias.pg                          -7.22767e-65
xbias.nbtop                        1.66581e-55
xbias.nbg                         -1.44354e-62
xbias.xrt.t1                       1.66581e-55
xbias.xrt.t2                       1.66581e-55
xbias.nb                           1.66581e-55
xbias.xr1.t1                       1.66581e-55
xbias.xr1.t2                       1.66581e-55
xbias.ec                           1.66581e-55
xbias.xr2.t1                       1.87774e-59
xbias.xr2.t2                       1.87775e-59
xbias.er                           1.87775e-59
xbias.pb                           2.48244e-52
xbias.nt                          -8.32047e-81
xbias.n1                           4.05419e-80
xbias.n2                            2.0449e-81
xbias.nz                            2.0449e-81
xbias.xrz.t1                        2.0449e-81
xbias.xrz.t2                        2.0449e-81
xbias.ks1                         -1.04098e-25
xbias.ks2                          1.45107e-25
xbias.ks3                          2.13103e-23
xbias.ks4                          1.26199e-19
xbias.nkg                         -5.50536e-18
xbias.nkm                          -6.7429e-91
xbias.tok                         -8.92559e-84
xbias.noko                           4.012e-82
xbias.nokl                         3.26391e-80
xbias.nokx                         9.26268e-58
bvdd#branch                        5.92647e-31
vset#branch                                  0


No. of Data Rows : 3657

  Measurements for Transient Analysis

vdd_end             =  1.00000e-04
por_raw_max         =  3.62992e+00 at=  3.62992e-02

ASCII raw file "/var/tmp/eda-job-klt-sim-b4affcc5853d/outputs/artifacts/ff_3p630V_n40C/waveform.raw"
ngspice-46 done
