# point: por-comparator-thresholds real-bias-core-postlayout r100 fs_-40c
# process=fs temp=-40C rate=100 V/s tstop=0.0726s klt status: pass

# ==== klt sim deck ====
| * klt sim -- generated corner deck, do not edit
| .lib /opt/pdk/sky130A/libs.tech/combined/sky130.lib.spice fs
| .include /var/tmp/eda-job-klt-sim-b4affcc5853d/inputs/netlist.cir
| .temp -40
| .meas tran vdd_end FIND v(vdd) AT=0.072599
| .meas tran por_raw_max MAX v(por_raw)
| .control
| alter vset=3.63
| set filetype=ascii
| tran 1u 0.0726 0 2e-05
| write /var/tmp/eda-job-klt-sim-b4affcc5853d/outputs/artifacts/fs_3p630V_n40C/waveform.raw
| quit
| .endc
| .end

# ==== klt diagnostics ====

# ==== ngspice stdout+stderr ====

Note: No compatibility mode selected!


Circuit: * klt sim -- generated corner deck, do not edit

Doing analysis at TEMP = -40.000000 and TNOM = 27.000000

Using SPARSE 1.3 as Direct Linear Solver

Initial Transient Solution
--------------------------

Node                                   Voltage
----                                   -------
vsetn                                     3.63
vdd                                          0
xdut.xpex.vss__t0                            0
xdut.xpex.n1__t0                  -2.19946e-23
xdut.xpex.snsb__t2                           0
xdut.xpex.vss__t13                           0
xdut.xpex.bias_okb__t3             1.80784e-36
xdut.xpex.bias_ok__t0             -1.86307e-35
xdut.xpex.vss__t2                 -7.08403e-46
xdut.xpex.vss__t14                  3.6146e-46
xdut.xpex.ibias__t0                3.53341e-35
xdut.xpex.bias_okb__t1             1.80784e-36
xdut.xpex.vss__t3                 -4.51359e-45
xdut.xpex.vss__t17                 6.92821e-45
xdut.xpex.tn__t0                    1.4173e-21
xdut.xpex.nbg__t0                 -1.02017e-34
xdut.xpex.vss__t7                 -1.64234e-35
xdut.xpex.vss__t18                 2.75475e-31
xdut.xpex.n1__t3                  -2.19946e-23
xdut.xpex.cmpo__t1                 8.99258e-21
xdut.xpex.vss__t9                  8.20583e-33
xdut.xpex.vss__t15                -4.18701e-33
xdut.xpex.por_raw__t0             6.15701e-141
xdut.xpex.n1__t1                  -2.19946e-23
xdut.xpex.vss__t8                 2.65666e-150
xdut.xpex.vss__t16               -4.08576e-150
xdut.xpex.nbg__t3                 -1.02017e-34
xdut.xpex.bias_okb__t4             1.80784e-36
xdut.xpex.vss__t4                   1.7293e-44
xdut.xpex.vss__t19                -2.02857e-44
xdut.xpex.ibias__t1                3.53341e-35
xdut.xpex.nbg__t1                 -1.02017e-34
xdut.xpex.vss__t5                  -2.3407e-46
xdut.xpex.vss__t21                 6.99342e-45
xdut.xpex.ibias__t2                3.53341e-35
xdut.xpex.bias_ok__t2             -1.86307e-35
xdut.xpex.nbg__t2                 -1.02017e-34
xdut.xpex.vss__t20                 -1.3132e-44
xdut.xpex.na__t0                  -1.16608e-21
xdut.xpex.sns__t2                            0
xdut.xpex.tn__t1                    1.4173e-21
xdut.xpex.vss__t22                 4.84222e-32
xdut.xpex.cmpo__t4                 8.99258e-21
xdut.xpex.vref__t0                 8.03796e-81
xdut.xpex.tn__t2                    1.4173e-21
xdut.xpex.vss__t23                 2.00377e-30
xdut.xpex.cmpo__t3                 8.99258e-21
xdut.xpex.bias_okb__t5             1.80784e-36
xdut.xpex.vss__t6                 -5.51857e-30
xdut.xpex.vss__t24                 1.71895e-30
xdut.xpex.bias_okb__t2             1.80784e-36
xdut.xpex.bias_ok__t1             -1.86307e-35
xdut.xpex.vdd__t0                 -2.93102e-47
xdut.xpex.vdd__t1                  7.29497e-46
xdut.xpex.n1__t4                  -2.19946e-23
xdut.xpex.cmpo__t0                 8.99258e-21
xdut.xpex.vdd__t10                 2.95837e-34
xdut.xpex.vdd__t8                 -7.36304e-33
xdut.xpex.por_raw__t1             6.15701e-141
xdut.xpex.n1__t2                  -2.19946e-23
xdut.xpex.vdd__t9                -4.36182e-151
xdut.xpex.vdd__t7                 2.90449e-150
xdut.xpex.vdda__t0                 1.58449e-22
xdut.xpex.bias_okb__t0             1.80784e-36
xdut.xpex.vdd__t2                 -1.83111e-31
xdut.xpex.vdd__t3                  5.77081e-32
xdut.xpex.na__t1                  -1.16608e-21
xdut.xpex.na__t2                  -1.16608e-21
xdut.xpex.vdda__t1                 1.58449e-22
xdut.xpex.vdd__t4                 -3.60826e-31
xdut.xpex.cmpo__t2                 8.99258e-21
xdut.xpex.na__t3                  -1.16608e-21
xdut.xpex.vdda__t2                 1.58449e-22
xdut.xpex.vdd__t6                  3.25679e-30
xdut.xpex.snsb__t0                           0
xdut.xpex.x$19.t1                            0
xdut.xpex.x$19.t2                            0
xdut.xpex.vss__t1                            0
xdut.xpex.vss__t10                           0
xdut.xpex.sns__t0                            0
xdut.xpex.x$20.t1                            0
xdut.xpex.x$20.t2                            0
xdut.xpex.snsb__t1                           0
xdut.xpex.vss__t11                           0
xdut.xpex.sns__t1                            0
xdut.xpex.x$21.t1                            0
xdut.xpex.x$21.t2                            0
xdut.xpex.vdd__t5                            0
xdut.xpex.vss__t12                           0
bias_ok                           -1.86307e-35
vsubs                                        0
xdut.xpex.bias_okb                 1.80784e-36
xdut.xpex.cmpo                     8.99258e-21
ibias                              3.53341e-35
xdut.xpex.n1                      -2.19946e-23
xdut.xpex.na                      -1.16608e-21
xdut.xpex.nbg                     -1.02017e-34
por_raw                           6.15701e-141
xdut.xpex.sns                                0
xdut.xpex.snsb                               0
xdut.xpex.tn                        1.4173e-21
xdut.xpex.vdda                     1.58449e-22
vref                               8.03796e-81
xbias.na                           7.06906e-85
xbias.pg                          -2.14735e-98
xbias.nbtop                        2.20035e-81
xbias.nbg                         -3.83139e-98
xbias.xrt.t1                       2.20035e-81
xbias.xrt.t2                       2.20035e-81
xbias.nb                           2.20035e-81
xbias.xr1.t1                       2.20035e-81
xbias.xr1.t2                       2.20035e-81
xbias.ec                           2.20035e-81
xbias.xr2.t1                       8.03796e-81
xbias.xr2.t2                       8.03797e-81
xbias.er                           8.03797e-81
xbias.pb                          6.29747e-169
xbias.nt                          3.02881e-127
xbias.n1                         -1.49974e-125
xbias.n2                         -6.14829e-127
xbias.nz                         -6.14829e-127
xbias.xrz.t1                     -6.14829e-127
xbias.xrz.t2                     -6.14829e-127
xbias.ks1                          1.40503e-39
xbias.ks2                          1.84105e-35
xbias.ks3                          -1.2681e-33
xbias.ks4                          7.44859e-32
xbias.nkg                         -4.33427e-30
xbias.nkm                         1.54896e-138
xbias.tok                         -2.48755e-87
xbias.noko                         1.00241e-87
xbias.nokl                         2.15065e-87
xbias.nokx                         7.30192e-79
bvdd#branch                        7.77798e-33
vset#branch                                  0


No. of Data Rows : 3657

  Measurements for Transient Analysis

vdd_end             =  1.00000e-04
por_raw_max         =  3.62995e+00 at=  3.63005e-02

ASCII raw file "/var/tmp/eda-job-klt-sim-b4affcc5853d/outputs/artifacts/fs_3p630V_n40C/waveform.raw"
ngspice-46 done
