# point: por-comparator-thresholds real-bias-core-postlayout r100 fs_125c
# process=fs temp=125C rate=100 V/s tstop=0.0726s klt status: pass

# ==== klt sim deck ====
| * klt sim -- generated corner deck, do not edit
| .lib /opt/pdk/sky130A/libs.tech/combined/sky130.lib.spice fs
| .include /var/tmp/eda-job-klt-sim-b4affcc5853d/inputs/netlist.cir
| .temp 125
| .meas tran vdd_end FIND v(vdd) AT=0.072599
| .meas tran por_raw_max MAX v(por_raw)
| .control
| alter vset=3.63
| set filetype=ascii
| tran 1u 0.0726 0 2e-05
| write /var/tmp/eda-job-klt-sim-b4affcc5853d/outputs/artifacts/fs_3p630V_125C/waveform.raw
| quit
| .endc
| .end

# ==== klt diagnostics ====

# ==== ngspice stdout+stderr ====

Note: No compatibility mode selected!


Circuit: * klt sim -- generated corner deck, do not edit

Doing analysis at TEMP = 125.000000 and TNOM = 27.000000

Using SPARSE 1.3 as Direct Linear Solver

Initial Transient Solution
--------------------------

Node                                   Voltage
----                                   -------
vsetn                                     3.63
vdd                                          0
xdut.xpex.vss__t0                 -3.09374e-32
xdut.xpex.n1__t0                   -1.5056e-18
xdut.xpex.snsb__t2                 7.68925e-29
xdut.xpex.vss__t13                -4.41025e-32
xdut.xpex.bias_okb__t3              1.4952e-18
xdut.xpex.bias_ok__t0              3.60634e-19
xdut.xpex.vss__t2                  -2.1217e-28
xdut.xpex.vss__t14                 1.63927e-28
xdut.xpex.ibias__t0                1.28941e-18
xdut.xpex.bias_okb__t1              1.4952e-18
xdut.xpex.vss__t3                 -1.14914e-28
xdut.xpex.vss__t17                 1.38408e-28
xdut.xpex.tn__t0                   5.93788e-19
xdut.xpex.nbg__t0                  1.35684e-19
xdut.xpex.vss__t7                  7.06397e-32
xdut.xpex.vss__t18                 1.41016e-28
xdut.xpex.n1__t3                   -1.5056e-18
xdut.xpex.cmpo__t1                -2.06809e-18
xdut.xpex.vss__t9                  2.03413e-28
xdut.xpex.vss__t15                -1.57162e-28
xdut.xpex.por_raw__t0             -2.66409e-18
xdut.xpex.n1__t1                   -1.5056e-18
xdut.xpex.vss__t8                  1.88675e-25
xdut.xpex.vss__t16                 1.30101e-26
xdut.xpex.nbg__t3                  1.35684e-19
xdut.xpex.bias_okb__t4              1.4952e-18
xdut.xpex.vss__t4                 -7.63306e-29
xdut.xpex.vss__t19                -4.13282e-29
xdut.xpex.ibias__t1                1.28941e-18
xdut.xpex.nbg__t1                  1.35684e-19
xdut.xpex.vss__t5                 -6.89313e-29
xdut.xpex.vss__t21                 4.55986e-29
xdut.xpex.ibias__t2                1.28941e-18
xdut.xpex.bias_ok__t2              3.60634e-19
xdut.xpex.nbg__t2                  1.35684e-19
xdut.xpex.vss__t20                 4.43991e-30
xdut.xpex.na__t0                  -1.03451e-18
xdut.xpex.sns__t2                  4.13781e-29
xdut.xpex.tn__t1                   5.93788e-19
xdut.xpex.vss__t22                 2.27504e-28
xdut.xpex.cmpo__t4                -2.06809e-18
xdut.xpex.vref__t0                 1.48477e-18
xdut.xpex.tn__t2                   5.93788e-19
xdut.xpex.vss__t23                  1.0011e-28
xdut.xpex.cmpo__t3                -2.06809e-18
xdut.xpex.bias_okb__t5              1.4952e-18
xdut.xpex.vss__t6                  3.01801e-28
xdut.xpex.vss__t24                -5.97859e-29
xdut.xpex.bias_okb__t2              1.4952e-18
xdut.xpex.bias_ok__t1              3.60634e-19
xdut.xpex.vdd__t0                  -4.8883e-28
xdut.xpex.vdd__t1                  5.86191e-28
xdut.xpex.n1__t4                   -1.5056e-18
xdut.xpex.cmpo__t0                -2.06809e-18
xdut.xpex.vdd__t10                 4.08361e-28
xdut.xpex.vdd__t8                 -4.89696e-28
xdut.xpex.por_raw__t1             -2.66409e-18
xdut.xpex.n1__t2                   -1.5056e-18
xdut.xpex.vdd__t9                 -3.30844e-25
xdut.xpex.vdd__t7                 -1.75029e-26
xdut.xpex.vdda__t0                -2.25827e-18
xdut.xpex.bias_okb__t0              1.4952e-18
xdut.xpex.vdd__t2                  1.90782e-27
xdut.xpex.vdd__t3                 -7.32402e-28
xdut.xpex.na__t1                  -1.03451e-18
xdut.xpex.na__t2                  -1.03451e-18
xdut.xpex.vdda__t1                -2.25827e-18
xdut.xpex.vdd__t4                 -1.05816e-27
xdut.xpex.cmpo__t2                -2.06809e-18
xdut.xpex.na__t3                  -1.03451e-18
xdut.xpex.vdda__t2                -2.25827e-18
xdut.xpex.vdd__t6                 -1.41081e-27
xdut.xpex.snsb__t0                  7.6762e-29
xdut.xpex.x$19.t1                  7.67575e-29
xdut.xpex.x$19.t2                  8.07068e-32
xdut.xpex.vss__t1                  7.62439e-32
xdut.xpex.vss__t10                           0
xdut.xpex.sns__t0                  4.13786e-29
xdut.xpex.x$20.t1                  4.13789e-29
xdut.xpex.x$20.t2                  7.68289e-29
xdut.xpex.snsb__t1                 7.68292e-29
xdut.xpex.vss__t11                           0
xdut.xpex.sns__t1                  4.13772e-29
xdut.xpex.x$21.t1                  4.13769e-29
xdut.xpex.x$21.t2                  1.84232e-32
xdut.xpex.vdd__t5                   1.8187e-32
xdut.xpex.vss__t12                           0
bias_ok                            3.60634e-19
vsubs                                        0
xdut.xpex.bias_okb                  1.4952e-18
xdut.xpex.cmpo                    -2.06809e-18
ibias                              1.28941e-18
xdut.xpex.n1                       -1.5056e-18
xdut.xpex.na                      -1.03451e-18
xdut.xpex.nbg                      1.35684e-19
por_raw                           -2.66409e-18
xdut.xpex.sns                      4.13781e-29
xdut.xpex.snsb                     7.68359e-29
xdut.xpex.tn                       5.93788e-19
xdut.xpex.vdda                    -2.25827e-18
vref                               1.48477e-18
xbias.na                           1.06624e-18
xbias.pg                          -6.61896e-19
xbias.nbtop                        1.32875e-18
xbias.nbg                         -2.07166e-18
xbias.xrt.t1                       1.32875e-18
xbias.xrt.t2                       1.32875e-18
xbias.nb                           1.32875e-18
xbias.xr1.t1                       1.32875e-18
xbias.xr1.t2                       1.32875e-18
xbias.ec                           1.32875e-18
xbias.xr2.t1                       1.48477e-18
xbias.xr2.t2                       1.48477e-18
xbias.er                           1.48477e-18
xbias.pb                           -8.7318e-19
xbias.nt                            1.8615e-19
xbias.n1                          -2.09338e-18
xbias.n2                          -2.03065e-18
xbias.nz                          -2.03065e-18
xbias.xrz.t1                      -2.03065e-18
xbias.xrz.t2                      -2.03065e-18
xbias.ks1                         -1.46303e-18
xbias.ks2                          7.27129e-19
xbias.ks3                         -3.24318e-19
xbias.ks4                         -1.13204e-18
xbias.nkg                         -3.21491e-18
xbias.nkm                          5.62027e-19
xbias.tok                          1.43332e-18
xbias.noko                         6.02792e-20
xbias.nokl                         1.45744e-18
xbias.nokx                         1.22792e-18
bvdd#branch                       -1.45726e-27
vset#branch                                  0


No. of Data Rows : 3657

  Measurements for Transient Analysis

vdd_end             =  1.00000e-04
por_raw_max         =  3.62995e+00 at=  3.63005e-02

ASCII raw file "/var/tmp/eda-job-klt-sim-b4affcc5853d/outputs/artifacts/fs_3p630V_125C/waveform.raw"
ngspice-46 done
