# point: por-comparator-thresholds real-bias-core-postlayout r100 fs_27c
# process=fs temp=27C rate=100 V/s tstop=0.0726s klt status: pass

# ==== klt sim deck ====
| * klt sim -- generated corner deck, do not edit
| .lib /opt/pdk/sky130A/libs.tech/combined/sky130.lib.spice fs
| .include /var/tmp/eda-job-klt-sim-b4affcc5853d/inputs/netlist.cir
| .temp 27
| .meas tran vdd_end FIND v(vdd) AT=0.072599
| .meas tran por_raw_max MAX v(por_raw)
| .control
| alter vset=3.63
| set filetype=ascii
| tran 1u 0.0726 0 2e-05
| write /var/tmp/eda-job-klt-sim-b4affcc5853d/outputs/artifacts/fs_3p630V_27C/waveform.raw
| quit
| .endc
| .end

# ==== klt diagnostics ====

# ==== ngspice stdout+stderr ====

Note: No compatibility mode selected!


Circuit: * klt sim -- generated corner deck, do not edit

Doing analysis at TEMP = 27.000000 and TNOM = 27.000000

Using SPARSE 1.3 as Direct Linear Solver

Initial Transient Solution
--------------------------

Node                                   Voltage
----                                   -------
vsetn                                     3.63
vdd                                          0
xdut.xpex.vss__t0                 1.84121e-251
xdut.xpex.n1__t0                  -5.81824e-18
xdut.xpex.snsb__t2                 1.8867e-248
xdut.xpex.vss__t13               -3.68241e-251
xdut.xpex.bias_okb__t3             -5.8712e-18
xdut.xpex.bias_ok__t0              9.20368e-22
xdut.xpex.vss__t2                  2.80523e-27
xdut.xpex.vss__t14                -1.17904e-27
xdut.xpex.ibias__t0                7.93345e-19
xdut.xpex.bias_okb__t1             -5.8712e-18
xdut.xpex.vss__t3                 -3.53374e-28
xdut.xpex.vss__t17                 1.55692e-28
xdut.xpex.tn__t0                   2.86818e-20
xdut.xpex.nbg__t0                 -5.76406e-18
xdut.xpex.vss__t7                  1.00471e-33
xdut.xpex.vss__t18                 5.59807e-30
xdut.xpex.n1__t3                  -5.81824e-18
xdut.xpex.cmpo__t1                 4.85151e-19
xdut.xpex.vss__t9                  2.64525e-27
xdut.xpex.vss__t15                -1.11257e-27
xdut.xpex.por_raw__t0              5.87838e-18
xdut.xpex.n1__t1                  -5.81824e-18
xdut.xpex.vss__t8                 -2.66274e-27
xdut.xpex.vss__t16                 1.12107e-27
xdut.xpex.nbg__t3                 -5.76406e-18
xdut.xpex.bias_okb__t4             -5.8712e-18
xdut.xpex.vss__t4                  2.28161e-27
xdut.xpex.vss__t19                -1.16029e-27
xdut.xpex.ibias__t1                7.93345e-19
xdut.xpex.nbg__t1                 -5.76406e-18
xdut.xpex.vss__t5                 -1.76452e-28
xdut.xpex.vss__t21                 1.57271e-28
xdut.xpex.ibias__t2                7.93345e-19
xdut.xpex.bias_ok__t2              9.20368e-22
xdut.xpex.nbg__t2                 -5.76406e-18
xdut.xpex.vss__t20                -9.92629e-28
xdut.xpex.na__t0                  -4.22571e-19
xdut.xpex.sns__t2                 1.01529e-248
xdut.xpex.tn__t1                   2.86818e-20
xdut.xpex.vss__t22                -7.49382e-29
xdut.xpex.cmpo__t4                 4.85151e-19
xdut.xpex.vref__t0                -4.42314e-54
xdut.xpex.tn__t2                   2.86818e-20
xdut.xpex.vss__t23                 9.81704e-29
xdut.xpex.cmpo__t3                 4.85151e-19
xdut.xpex.bias_okb__t5             -5.8712e-18
xdut.xpex.vss__t6                 -1.33639e-28
xdut.xpex.vss__t24                 9.19654e-29
xdut.xpex.bias_okb__t2             -5.8712e-18
xdut.xpex.bias_ok__t1              9.20368e-22
xdut.xpex.vdd__t0                 -9.11851e-28
xdut.xpex.vdd__t1                 -2.37007e-27
xdut.xpex.n1__t4                  -5.81824e-18
xdut.xpex.cmpo__t0                 4.85151e-19
xdut.xpex.vdd__t10                -7.46724e-28
xdut.xpex.vdd__t8                 -1.94854e-27
xdut.xpex.por_raw__t1              5.87838e-18
xdut.xpex.n1__t2                  -5.81824e-18
xdut.xpex.vdd__t9                  7.40293e-28
xdut.xpex.vdd__t7                  1.92245e-27
xdut.xpex.vdda__t0                 7.20273e-21
xdut.xpex.bias_okb__t0             -5.8712e-18
xdut.xpex.vdd__t2                 -5.93041e-30
xdut.xpex.vdd__t3                  2.61051e-30
xdut.xpex.na__t1                  -4.22571e-19
xdut.xpex.na__t2                  -4.22571e-19
xdut.xpex.vdda__t1                 7.20273e-21
xdut.xpex.vdd__t4                 -1.48587e-28
xdut.xpex.cmpo__t2                 4.85151e-19
xdut.xpex.na__t3                  -4.22571e-19
xdut.xpex.vdda__t2                 7.20273e-21
xdut.xpex.vdd__t6                  1.75079e-28
xdut.xpex.snsb__t0                1.88349e-248
xdut.xpex.x$19.t1                 1.88336e-248
xdut.xpex.x$19.t2                 2.00303e-251
xdut.xpex.vss__t1                 1.87074e-251
xdut.xpex.vss__t10                           0
xdut.xpex.sns__t0                  1.0153e-248
xdut.xpex.x$20.t1                 1.01531e-248
xdut.xpex.x$20.t2                 1.88514e-248
xdut.xpex.snsb__t1                1.88514e-248
xdut.xpex.vss__t11                           0
xdut.xpex.sns__t1                 1.01526e-248
xdut.xpex.x$21.t1                 1.01526e-248
xdut.xpex.x$21.t2                 4.53252e-252
xdut.xpex.vdd__t5                  4.4625e-252
xdut.xpex.vss__t12                           0
bias_ok                            9.20368e-22
vsubs                                        0
xdut.xpex.bias_okb                 -5.8712e-18
xdut.xpex.cmpo                     4.85151e-19
ibias                              7.93345e-19
xdut.xpex.n1                      -5.81824e-18
xdut.xpex.na                      -4.22571e-19
xdut.xpex.nbg                     -5.76406e-18
por_raw                            5.87838e-18
xdut.xpex.sns                     1.01529e-248
xdut.xpex.snsb                    1.88531e-248
xdut.xpex.tn                       2.86818e-20
xdut.xpex.vdda                     7.20273e-21
vref                              -4.42314e-54
xbias.na                          -1.74208e-52
xbias.pg                                     0
xbias.nbtop                       -4.78407e-50
xbias.nbg                          5.48468e-71
xbias.xrt.t1                      -4.78407e-50
xbias.xrt.t2                      -4.78407e-50
xbias.nb                          -4.78407e-50
xbias.xr1.t1                      -4.78407e-50
xbias.xr1.t2                      -4.78407e-50
xbias.ec                          -4.78407e-50
xbias.xr2.t1                      -4.42314e-54
xbias.xr2.t2                      -4.42315e-54
xbias.er                          -4.42315e-54
xbias.pb                           2.00209e-64
xbias.nt                          -7.26594e-49
xbias.n1                           8.05412e-49
xbias.n2                           8.05532e-49
xbias.nz                           8.05532e-49
xbias.xrz.t1                       8.05532e-49
xbias.xrz.t2                       8.05532e-49
xbias.ks1                          -1.1964e-60
xbias.ks2                           1.3146e-58
xbias.ks3                         -1.44437e-56
xbias.ks4                          1.58695e-54
xbias.nkg                          -1.7436e-52
xbias.nkm                          2.15279e-61
xbias.tok                          2.74531e-28
xbias.noko                        -5.33946e-26
xbias.nokl                        -2.12799e-30
xbias.nokx                         4.03518e-76
bvdd#branch                       -7.46375e-30
vset#branch                                  0


No. of Data Rows : 3654

  Measurements for Transient Analysis

vdd_end             =  1.00000e-04
por_raw_max         =  3.62986e+00 at=  3.62986e-02

ASCII raw file "/var/tmp/eda-job-klt-sim-b4affcc5853d/outputs/artifacts/fs_3p630V_27C/waveform.raw"
ngspice-46 done
