# point: por-comparator-thresholds real-bias-core-postlayout r100 ss_27c
# process=ss temp=27C rate=100 V/s tstop=0.0726s klt status: pass

# ==== klt sim deck ====
| * klt sim -- generated corner deck, do not edit
| .lib /opt/pdk/sky130A/libs.tech/combined/sky130.lib.spice ss
| .include /var/tmp/eda-job-klt-sim-b4affcc5853d/inputs/netlist.cir
| .temp 27
| .meas tran vdd_end FIND v(vdd) AT=0.072599
| .meas tran por_raw_max MAX v(por_raw)
| .control
| alter vset=3.63
| set filetype=ascii
| tran 1u 0.0726 0 2e-05
| write /var/tmp/eda-job-klt-sim-b4affcc5853d/outputs/artifacts/ss_3p630V_27C/waveform.raw
| quit
| .endc
| .end

# ==== klt diagnostics ====

# ==== ngspice stdout+stderr ====

Note: No compatibility mode selected!


Circuit: * klt sim -- generated corner deck, do not edit

Doing analysis at TEMP = 27.000000 and TNOM = 27.000000

Using SPARSE 1.3 as Direct Linear Solver

Initial Transient Solution
--------------------------

Node                                   Voltage
----                                   -------
vsetn                                     3.63
vdd                                          0
xdut.xpex.vss__t0                -2.07333e-189
xdut.xpex.n1__t0                  -7.46957e-15
xdut.xpex.snsb__t2               -2.12452e-186
xdut.xpex.vss__t13                4.14661e-189
xdut.xpex.bias_okb__t3             2.50894e-20
xdut.xpex.bias_ok__t0              1.27204e-19
xdut.xpex.vss__t2                 -1.00065e-29
xdut.xpex.vss__t14                 5.00623e-30
xdut.xpex.ibias__t0               -1.08955e-18
xdut.xpex.bias_okb__t1             2.50894e-20
xdut.xpex.vss__t3                   2.6376e-28
xdut.xpex.vss__t17                -2.18406e-28
xdut.xpex.tn__t0                  -2.89308e-19
xdut.xpex.nbg__t0                 -2.43111e-18
xdut.xpex.vss__t7                  1.00208e-32
xdut.xpex.vss__t18                -5.61363e-29
xdut.xpex.n1__t3                  -7.46957e-15
xdut.xpex.cmpo__t1                -2.76269e-19
xdut.xpex.vss__t9                  2.86891e-24
xdut.xpex.vss__t15                -1.41302e-24
xdut.xpex.por_raw__t0             -3.02161e-15
xdut.xpex.n1__t1                  -7.46957e-15
xdut.xpex.vss__t8                  1.16203e-24
xdut.xpex.vss__t16                -5.74347e-25
xdut.xpex.nbg__t3                 -2.43111e-18
xdut.xpex.bias_okb__t4             2.50894e-20
xdut.xpex.vss__t4                  1.69862e-27
xdut.xpex.vss__t19                -4.89448e-28
xdut.xpex.ibias__t1               -1.08955e-18
xdut.xpex.nbg__t1                 -2.43111e-18
xdut.xpex.vss__t5                 -8.92255e-29
xdut.xpex.vss__t21                -2.24385e-28
xdut.xpex.ibias__t2               -1.08955e-18
xdut.xpex.bias_ok__t2              1.27204e-19
xdut.xpex.nbg__t2                 -2.43111e-18
xdut.xpex.vss__t20                -7.07994e-28
xdut.xpex.na__t0                   5.56415e-19
xdut.xpex.sns__t2                -1.14326e-186
xdut.xpex.tn__t1                  -2.89308e-19
xdut.xpex.vss__t22                 5.12717e-29
xdut.xpex.cmpo__t4                -2.76269e-19
xdut.xpex.vref__t0                -2.63808e-44
xdut.xpex.tn__t2                  -2.89308e-19
xdut.xpex.vss__t23                -1.08397e-28
xdut.xpex.cmpo__t3                -2.76269e-19
xdut.xpex.bias_okb__t5             2.50894e-20
xdut.xpex.vss__t6                  1.10995e-28
xdut.xpex.vss__t24                -5.25138e-29
xdut.xpex.bias_okb__t2             2.50894e-20
xdut.xpex.bias_ok__t1              1.27204e-19
xdut.xpex.vdd__t0                 -3.08457e-32
xdut.xpex.vdd__t1                  1.01222e-29
xdut.xpex.n1__t4                  -7.46957e-15
xdut.xpex.cmpo__t0                -2.76269e-19
xdut.xpex.vdd__t10                -5.60767e-26
xdut.xpex.vdd__t8                 -2.50416e-24
xdut.xpex.por_raw__t1             -3.02161e-15
xdut.xpex.n1__t2                  -7.46957e-15
xdut.xpex.vdd__t9                 -2.65651e-26
xdut.xpex.vdd__t7                 -9.88472e-25
xdut.xpex.vdda__t0                -2.64648e-23
xdut.xpex.bias_okb__t0             2.50894e-20
xdut.xpex.vdd__t2                 -5.41119e-35
xdut.xpex.vdd__t3                 -9.64317e-33
xdut.xpex.na__t1                   5.56415e-19
xdut.xpex.na__t2                   5.56415e-19
xdut.xpex.vdda__t1                -2.64648e-23
xdut.xpex.vdd__t4                   1.9917e-28
xdut.xpex.cmpo__t2                -2.76269e-19
xdut.xpex.na__t3                   5.56415e-19
xdut.xpex.vdda__t2                -2.64648e-23
xdut.xpex.vdd__t6                 -9.82804e-29
xdut.xpex.snsb__t0               -2.12091e-186
xdut.xpex.x$19.t1                -2.12076e-186
xdut.xpex.x$19.t2                -2.25551e-189
xdut.xpex.vss__t1                -2.10654e-189
xdut.xpex.vss__t10                           0
xdut.xpex.sns__t0                -1.14328e-186
xdut.xpex.x$20.t1                -1.14329e-186
xdut.xpex.x$20.t2                -2.12276e-186
xdut.xpex.snsb__t1               -2.12277e-186
xdut.xpex.vss__t11                           0
xdut.xpex.sns__t1                -1.14324e-186
xdut.xpex.x$21.t1                -1.14323e-186
xdut.xpex.x$21.t2                -5.10385e-190
xdut.xpex.vdd__t5                  -5.025e-190
xdut.xpex.vss__t12                           0
bias_ok                            1.27204e-19
vsubs                                        0
xdut.xpex.bias_okb                 2.50894e-20
xdut.xpex.cmpo                    -2.76269e-19
ibias                             -1.08955e-18
xdut.xpex.n1                      -7.46957e-15
xdut.xpex.na                       5.56415e-19
xdut.xpex.nbg                     -2.43111e-18
por_raw                           -3.02161e-15
xdut.xpex.sns                    -1.14326e-186
xdut.xpex.snsb                   -2.12295e-186
xdut.xpex.tn                      -2.89308e-19
xdut.xpex.vdda                    -2.64648e-23
vref                              -2.63808e-44
xbias.na                          -2.64704e-43
xbias.pg                                     0
xbias.nbtop                       -2.31942e-39
xbias.nbg                         -8.26218e-54
xbias.xrt.t1                      -2.31942e-39
xbias.xrt.t2                      -2.31942e-39
xbias.nb                          -2.31942e-39
xbias.xr1.t1                      -2.31942e-39
xbias.xr1.t2                      -2.31942e-39
xbias.ec                          -2.31942e-39
xbias.xr2.t1                      -2.63808e-44
xbias.xr2.t2                      -2.63809e-44
xbias.er                          -2.63809e-44
xbias.pb                          -8.91861e-47
xbias.nt                          -9.75841e-52
xbias.n1                           4.96855e-50
xbias.n2                          -2.92954e-50
xbias.nz                          -2.92954e-50
xbias.xrz.t1                      -2.92954e-50
xbias.xrz.t2                      -2.92954e-50
xbias.ks1                          8.63692e-45
xbias.ks2                         -6.37728e-43
xbias.ks3                          6.19156e-41
xbias.ks4                          1.03891e-30
xbias.nkg                          3.32451e-19
xbias.nkm                         -4.93689e-50
xbias.tok                         -4.73806e-25
xbias.noko                         2.97548e-21
xbias.nokl                         1.14086e-28
xbias.nokx                       -4.69099e-260
bvdd#branch                       -1.07535e-26
vset#branch                                  0


No. of Data Rows : 3643

  Measurements for Transient Analysis

vdd_end             =  1.00000e-04
por_raw_max         =  3.62995e+00 at=  3.63005e-02

ASCII raw file "/var/tmp/eda-job-klt-sim-b4affcc5853d/outputs/artifacts/ss_3p630V_27C/waveform.raw"
ngspice-46 done
