corner ff_27c_2.97v  combo en-high__trtol7  verdict-input status=pass
graded: ptat=1.41381; ctat=0.65789; na=0.65789; nb=0.65789; isup=7.24673e-06; bias_ok=2.97; ptat_settled=4.38682e-10; ctat_settled=7.94675e-12  fails=[]
--- deck ---
* klt sim -- generated corner deck, do not edit
.lib /opt/pdk/sky130A/libs.tech/combined/sky130.lib.spice ff
.include /var/tmp/eda-job-klt-sim-ac9e922b1e7e/inputs/netlist.cir
.temp 27
.meas tran vdd_end FIND v(vdd) AT=0.01
.control
alter vset=2.97
set filetype=ascii
tran 1e-05 0.01 uic
write /var/tmp/eda-job-klt-sim-ac9e922b1e7e/outputs/artifacts/ff_2p970V_27C/waveform.raw
quit
.endc
.end

--- ngspice log ---

Note: No compatibility mode selected!


Circuit: * klt sim -- generated corner deck, do not edit

Doing analysis at TEMP = 27.000000 and TNOM = 27.000000

Using SPARSE 1.3 as Direct Linear Solver
Operating point simulation skipped by 'uic',
  now using transient initial conditions.

No. of Data Rows : 1151

  Measurements for Transient Analysis

vdd_end             =  2.97000e+00

ASCII raw file "/var/tmp/eda-job-klt-sim-ac9e922b1e7e/outputs/artifacts/ff_2p970V_27C/waveform.raw"
ngspice-46 done

