corner tt_-40c_3.63v  combo en-high__trtol7  verdict-input status=fail
graded: ptat=0.00216647; ctat=0.652814; na=0.652814; nb=0.607579; isup=-0.0055403; bias_ok=3.63; ptat_settled=0.000105528; ctat_settled=0.00101005  fails=['ptat', 'isup', 'ctat_settled']
--- deck ---
* klt sim -- generated corner deck, do not edit
.lib /opt/pdk/sky130A/libs.tech/combined/sky130.lib.spice tt
.include /var/tmp/eda-job-klt-sim-ac9e922b1e7e/inputs/netlist.cir
.temp -40
.meas tran vdd_end FIND v(vdd) AT=0.01
.control
alter vset=3.63
set filetype=ascii
tran 1e-05 0.01 uic
write /var/tmp/eda-job-klt-sim-ac9e922b1e7e/outputs/artifacts/tt_3p630V_n40C/waveform.raw
quit
.endc
.end

--- ngspice log ---

Note: No compatibility mode selected!


Circuit: * klt sim -- generated corner deck, do not edit

Doing analysis at TEMP = -40.000000 and TNOM = 27.000000

Using SPARSE 1.3 as Direct Linear Solver
Operating point simulation skipped by 'uic',
  now using transient initial conditions.

No. of Data Rows : 1938

  Measurements for Transient Analysis

vdd_end             =  3.63000e+00

ASCII raw file "/var/tmp/eda-job-klt-sim-ac9e922b1e7e/outputs/artifacts/tt_3p630V_n40C/waveform.raw"
ngspice-46 done

