# point: por-comparator-thresholds real-bias-core-postlayout r50 ff_125c
# process=ff temp=125C rate=50 V/s tstop=0.1452s klt status: pass

# ==== klt sim deck ====
| * klt sim -- generated corner deck, do not edit
| .lib /opt/pdk/sky130A/libs.tech/combined/sky130.lib.spice ff
| .include /var/tmp/eda-job-klt-sim-7356c0a842ae/inputs/netlist.cir
| .temp 125
| .meas tran vdd_end FIND v(vdd) AT=0.145199
| .meas tran por_raw_max MAX v(por_raw)
| .control
| alter vset=3.63
| set filetype=ascii
| tran 1u 0.1452 0 2e-05
| write /var/tmp/eda-job-klt-sim-7356c0a842ae/outputs/artifacts/ff_3p630V_125C/waveform.raw
| quit
| .endc
| .end

# ==== klt diagnostics ====

# ==== ngspice stdout+stderr ====

Note: No compatibility mode selected!


Circuit: * klt sim -- generated corner deck, do not edit

Doing analysis at TEMP = 125.000000 and TNOM = 27.000000

Using SPARSE 1.3 as Direct Linear Solver

Initial Transient Solution
--------------------------

Node                                   Voltage
----                                   -------
vsetn                                     3.63
vdd                                          0
xdut.xpex.vss__t0                 -1.0175e-127
xdut.xpex.n1__t0                   1.66548e-14
xdut.xpex.snsb__t2               -1.02198e-124
xdut.xpex.vss__t13                2.01486e-127
xdut.xpex.bias_okb__t3            -1.14252e-18
xdut.xpex.bias_ok__t0             -3.49526e-19
xdut.xpex.vss__t2                  4.15382e-28
xdut.xpex.vss__t14                -2.05814e-28
xdut.xpex.ibias__t0               -1.42476e-18
xdut.xpex.bias_okb__t1            -1.14252e-18
xdut.xpex.vss__t3                  3.95738e-28
xdut.xpex.vss__t17                -2.11167e-28
xdut.xpex.tn__t0                  -5.18718e-15
xdut.xpex.nbg__t0                 -3.62849e-18
xdut.xpex.vss__t7                 -4.47204e-24
xdut.xpex.vss__t18                -2.25675e-22
xdut.xpex.n1__t3                   1.66548e-14
xdut.xpex.cmpo__t1                -1.28901e-13
xdut.xpex.vss__t9                 -2.48073e-21
xdut.xpex.vss__t15                  8.9696e-22
xdut.xpex.por_raw__t0             -2.3914e-132
xdut.xpex.n1__t1                   1.66548e-14
xdut.xpex.vss__t8                -4.12006e-138
xdut.xpex.vss__t16                4.20706e-138
xdut.xpex.nbg__t3                 -3.62849e-18
xdut.xpex.bias_okb__t4            -1.14252e-18
xdut.xpex.vss__t4                  1.33077e-27
xdut.xpex.vss__t19                -6.06247e-28
xdut.xpex.ibias__t1               -1.42476e-18
xdut.xpex.nbg__t1                 -3.62849e-18
xdut.xpex.vss__t5                  2.19039e-28
xdut.xpex.vss__t21                -1.57062e-28
xdut.xpex.ibias__t2               -1.42476e-18
xdut.xpex.bias_ok__t2             -3.49526e-19
xdut.xpex.nbg__t2                 -3.62849e-18
xdut.xpex.vss__t20                -7.56684e-28
xdut.xpex.na__t0                  -4.44533e-15
xdut.xpex.sns__t2                -5.49958e-125
xdut.xpex.tn__t1                  -5.18718e-15
xdut.xpex.vss__t22                -7.55367e-22
xdut.xpex.cmpo__t4                -1.28901e-13
xdut.xpex.vref__t0                -6.89501e-19
xdut.xpex.tn__t2                  -5.18718e-15
xdut.xpex.vss__t23                 3.58211e-21
xdut.xpex.cmpo__t3                -1.28901e-13
xdut.xpex.bias_okb__t5            -1.14252e-18
xdut.xpex.vss__t6                 -3.46319e-21
xdut.xpex.vss__t24                 3.95831e-21
xdut.xpex.bias_okb__t2            -1.14252e-18
xdut.xpex.bias_ok__t1             -3.49526e-19
xdut.xpex.vdd__t0                  3.52115e-29
xdut.xpex.vdd__t1                 -4.58154e-28
xdut.xpex.n1__t4                   1.66548e-14
xdut.xpex.cmpo__t0                -1.28901e-13
xdut.xpex.vdd__t10                 2.70941e-21
xdut.xpex.vdd__t8                  7.56952e-23
xdut.xpex.por_raw__t1             -2.3914e-132
xdut.xpex.n1__t2                   1.66548e-14
xdut.xpex.vdd__t9                -1.46725e-139
xdut.xpex.vdd__t7                -3.54707e-141
xdut.xpex.vdda__t0                -1.95929e-14
xdut.xpex.bias_okb__t0            -1.14252e-18
xdut.xpex.vdd__t2                 -2.30093e-21
xdut.xpex.vdd__t3                 -2.40192e-22
xdut.xpex.na__t1                  -4.44533e-15
xdut.xpex.na__t2                  -4.44533e-15
xdut.xpex.vdda__t1                -1.95929e-14
xdut.xpex.vdd__t4                 -2.84002e-22
xdut.xpex.cmpo__t2                -1.28901e-13
xdut.xpex.na__t3                  -4.44533e-15
xdut.xpex.vdda__t2                -1.95929e-14
xdut.xpex.vdd__t6                  -2.9638e-21
xdut.xpex.snsb__t0               -1.02025e-124
xdut.xpex.x$19.t1                -1.02019e-124
xdut.xpex.x$19.t2                -1.07268e-127
xdut.xpex.vss__t1                -1.01336e-127
xdut.xpex.vss__t10                           0
xdut.xpex.sns__t0                -5.49966e-125
xdut.xpex.x$20.t1                -5.49969e-125
xdut.xpex.x$20.t2                -1.02114e-124
xdut.xpex.snsb__t1               -1.02114e-124
xdut.xpex.vss__t11                           0
xdut.xpex.sns__t1                -5.49946e-125
xdut.xpex.x$21.t1                -5.49943e-125
xdut.xpex.x$21.t2                -2.44864e-128
xdut.xpex.vdd__t5                -2.41725e-128
xdut.xpex.vss__t12                           0
bias_ok                           -3.49526e-19
vsubs                                        0
xdut.xpex.bias_okb                -1.14252e-18
xdut.xpex.cmpo                    -1.28901e-13
ibias                             -1.42476e-18
xdut.xpex.n1                       1.66548e-14
xdut.xpex.na                      -4.44533e-15
xdut.xpex.nbg                     -3.62849e-18
por_raw                           -2.3914e-132
xdut.xpex.sns                    -5.49958e-125
xdut.xpex.snsb                   -1.02123e-124
xdut.xpex.tn                      -5.18718e-15
xdut.xpex.vdda                    -1.95929e-14
vref                              -6.89501e-19
xbias.na                           6.72799e-19
xbias.pg                           -1.5371e-18
xbias.nbtop                       -1.47336e-19
xbias.nbg                          1.46134e-19
xbias.xrt.t1                      -1.47336e-19
xbias.xrt.t2                      -1.47336e-19
xbias.nb                          -1.47336e-19
xbias.xr1.t1                      -1.47336e-19
xbias.xr1.t2                      -1.47336e-19
xbias.ec                          -1.47336e-19
xbias.xr2.t1                      -6.89501e-19
xbias.xr2.t2                        -6.895e-19
xbias.er                            -6.895e-19
xbias.pb                           5.41664e-19
xbias.nt                          -1.40343e-18
xbias.n1                          -2.72325e-18
xbias.n2                          -2.57388e-18
xbias.nz                          -2.57388e-18
xbias.xrz.t1                      -2.57388e-18
xbias.xrz.t2                      -2.57388e-18
xbias.ks1                         -5.71223e-19
xbias.ks2                         -5.73375e-19
xbias.ks3                         -3.64108e-19
xbias.ks4                         -6.33349e-19
xbias.nkg                         -3.70324e-19
xbias.nkm                         -8.91843e-20
xbias.tok                         -5.90893e-19
xbias.noko                        -1.97959e-19
xbias.nokl                         8.34815e-19
xbias.nokx                        -5.83906e-19
bvdd#branch                       -7.77845e-24
vset#branch                                  0


No. of Data Rows : 7273

  Measurements for Transient Analysis

vdd_end             =  5.00000e-05
por_raw_max         =  3.62997e+00 at=  7.26005e-02

ASCII raw file "/var/tmp/eda-job-klt-sim-7356c0a842ae/outputs/artifacts/ff_3p630V_125C/waveform.raw"
ngspice-46 done
