# point: por-comparator-thresholds real-bias-core-postlayout r50 sf_125c
# process=sf temp=125C rate=50 V/s tstop=0.1452s klt status: pass

# ==== klt sim deck ====
| * klt sim -- generated corner deck, do not edit
| .lib /opt/pdk/sky130A/libs.tech/combined/sky130.lib.spice sf
| .include /var/tmp/eda-job-klt-sim-7356c0a842ae/inputs/netlist.cir
| .temp 125
| .meas tran vdd_end FIND v(vdd) AT=0.145199
| .meas tran por_raw_max MAX v(por_raw)
| .control
| alter vset=3.63
| set filetype=ascii
| tran 1u 0.1452 0 2e-05
| write /var/tmp/eda-job-klt-sim-7356c0a842ae/outputs/artifacts/sf_3p630V_125C/waveform.raw
| quit
| .endc
| .end

# ==== klt diagnostics ====

# ==== ngspice stdout+stderr ====

Note: No compatibility mode selected!


Circuit: * klt sim -- generated corner deck, do not edit

Doing analysis at TEMP = 125.000000 and TNOM = 27.000000

Using SPARSE 1.3 as Direct Linear Solver

Initial Transient Solution
--------------------------

Node                                   Voltage
----                                   -------
vsetn                                     3.63
vdd                                          0
xdut.xpex.vss__t0                 -8.41746e-78
xdut.xpex.n1__t0                  -1.21094e-18
xdut.xpex.snsb__t2                -8.24413e-75
xdut.xpex.vss__t13                  1.6463e-77
xdut.xpex.bias_okb__t3            -4.36765e-20
xdut.xpex.bias_ok__t0             -3.06551e-18
xdut.xpex.vss__t2                  7.94062e-27
xdut.xpex.vss__t14                -7.14136e-27
xdut.xpex.ibias__t0               -3.54321e-15
xdut.xpex.bias_okb__t1            -4.36765e-20
xdut.xpex.vss__t3                 -1.21462e-22
xdut.xpex.vss__t17                 8.15947e-23
xdut.xpex.tn__t0                  -5.95354e-16
xdut.xpex.nbg__t0                 -6.52185e-17
xdut.xpex.vss__t7                 -1.00478e-24
xdut.xpex.vss__t18                -2.73647e-23
xdut.xpex.n1__t3                  -1.21094e-18
xdut.xpex.cmpo__t1                -4.58107e-16
xdut.xpex.vss__t9                  8.69717e-26
xdut.xpex.vss__t15                -8.56378e-26
xdut.xpex.por_raw__t0              5.40336e-19
xdut.xpex.n1__t1                  -1.21094e-18
xdut.xpex.vss__t8                 -9.29936e-26
xdut.xpex.vss__t16                 8.36334e-26
xdut.xpex.nbg__t3                 -6.52184e-17
xdut.xpex.bias_okb__t4            -4.36765e-20
xdut.xpex.vss__t4                 -1.45998e-22
xdut.xpex.vss__t19                -5.58673e-24
xdut.xpex.ibias__t1               -3.54321e-15
xdut.xpex.nbg__t1                 -6.52185e-17
xdut.xpex.vss__t5                  2.23399e-22
xdut.xpex.vss__t21                 1.50439e-22
xdut.xpex.ibias__t2               -3.54321e-15
xdut.xpex.bias_ok__t2             -3.06551e-18
xdut.xpex.nbg__t2                 -6.52185e-17
xdut.xpex.vss__t20                 1.44468e-22
xdut.xpex.na__t0                  -1.00084e-15
xdut.xpex.sns__t2                  -4.4364e-75
xdut.xpex.tn__t1                  -5.95354e-16
xdut.xpex.vss__t22                -1.21678e-22
xdut.xpex.cmpo__t4                -4.58107e-16
xdut.xpex.vref__t0                 -8.5893e-19
xdut.xpex.tn__t2                  -5.95354e-16
xdut.xpex.vss__t23                -8.64428e-23
xdut.xpex.cmpo__t3                -4.58106e-16
xdut.xpex.bias_okb__t5            -4.36765e-20
xdut.xpex.vss__t6                  -2.9408e-22
xdut.xpex.vss__t24                -3.71694e-23
xdut.xpex.bias_okb__t2            -4.36765e-20
xdut.xpex.bias_ok__t1             -3.06551e-18
xdut.xpex.vdd__t0                 -6.89476e-28
xdut.xpex.vdd__t1                 -9.23562e-28
xdut.xpex.n1__t4                  -1.21094e-18
xdut.xpex.cmpo__t0                -4.58107e-16
xdut.xpex.vdd__t10                 1.01408e-26
xdut.xpex.vdd__t8                 -1.24866e-26
xdut.xpex.por_raw__t1              5.40336e-19
xdut.xpex.n1__t2                  -1.21094e-18
xdut.xpex.vdd__t9                  6.91031e-27
xdut.xpex.vdd__t7                  9.25644e-27
xdut.xpex.vdda__t0                 9.96215e-13
xdut.xpex.bias_okb__t0            -4.36765e-20
xdut.xpex.vdd__t2                 -2.28796e-21
xdut.xpex.vdd__t3                  1.12738e-21
xdut.xpex.na__t1                  -1.00084e-15
xdut.xpex.na__t2                  -1.00084e-15
xdut.xpex.vdda__t1                 9.96215e-13
xdut.xpex.vdd__t4                  1.09704e-21
xdut.xpex.cmpo__t2                -4.58108e-16
xdut.xpex.na__t3                  -1.00084e-15
xdut.xpex.vdda__t2                 9.96215e-13
xdut.xpex.vdd__t6                  1.09682e-21
xdut.xpex.snsb__t0                -8.23013e-75
xdut.xpex.x$19.t1                 -8.22965e-75
xdut.xpex.x$19.t2                 -8.65308e-78
xdut.xpex.vss__t1                 -8.17458e-78
xdut.xpex.vss__t10                           0
xdut.xpex.sns__t0                 -4.43646e-75
xdut.xpex.x$20.t1                 -4.43649e-75
xdut.xpex.x$20.t2                 -8.23731e-75
xdut.xpex.snsb__t1                -8.23734e-75
xdut.xpex.vss__t11                           0
xdut.xpex.sns__t1                  -4.4363e-75
xdut.xpex.x$21.t1                 -4.43628e-75
xdut.xpex.x$21.t2                 -1.97527e-78
xdut.xpex.vdd__t5                 -1.94994e-78
xdut.xpex.vss__t12                           0
bias_ok                           -3.06551e-18
vsubs                                        0
xdut.xpex.bias_okb                -4.36765e-20
xdut.xpex.cmpo                    -4.58107e-16
ibias                             -3.54321e-15
xdut.xpex.n1                      -1.21094e-18
xdut.xpex.na                      -1.00084e-15
xdut.xpex.nbg                     -6.52185e-17
por_raw                            5.40336e-19
xdut.xpex.sns                      -4.4364e-75
xdut.xpex.snsb                    -8.23806e-75
xdut.xpex.tn                      -5.95354e-16
xdut.xpex.vdda                     9.96215e-13
vref                               -8.5893e-19
xbias.na                          -8.88744e-19
xbias.pg                          -1.69396e-18
xbias.nbtop                        1.81312e-18
xbias.nbg                          -7.8418e-19
xbias.xrt.t1                       1.81312e-18
xbias.xrt.t2                       1.81312e-18
xbias.nb                           1.81312e-18
xbias.xr1.t1                       1.81312e-18
xbias.xr1.t2                       1.81312e-18
xbias.ec                           1.81312e-18
xbias.xr2.t1                       -8.5893e-19
xbias.xr2.t2                       -8.5893e-19
xbias.er                           -8.5893e-19
xbias.pb                          -5.19817e-21
xbias.nt                           3.38568e-18
xbias.n1                          -5.38359e-19
xbias.n2                          -4.73374e-19
xbias.nz                          -4.73374e-19
xbias.xrz.t1                      -4.73374e-19
xbias.xrz.t2                      -4.73374e-19
xbias.ks1                         -2.73112e-18
xbias.ks2                         -1.37699e-18
xbias.ks3                         -1.80448e-18
xbias.ks4                         -2.93168e-18
xbias.nkg                         -3.22899e-18
xbias.nkm                         -7.85789e-21
xbias.tok                          2.09646e-18
xbias.noko                        -3.18618e-18
xbias.nokl                        -4.13051e-20
xbias.nokx                        -3.47808e-18
bvdd#branch                        1.30203e-24
vset#branch                                  0


No. of Data Rows : 7275

  Measurements for Transient Analysis

vdd_end             =  5.00000e-05
por_raw_max         =  3.62996e+00 at=  7.26005e-02

ASCII raw file "/var/tmp/eda-job-klt-sim-7356c0a842ae/outputs/artifacts/sf_3p630V_125C/waveform.raw"
ngspice-46 done
