# point: por-comparator-thresholds real-bias-core-postlayout r50 ss_-40c
# process=ss temp=-40C rate=50 V/s tstop=0.1452s klt status: pass

# ==== klt sim deck ====
| * klt sim -- generated corner deck, do not edit
| .lib /opt/pdk/sky130A/libs.tech/combined/sky130.lib.spice ss
| .include /var/tmp/eda-job-klt-sim-7356c0a842ae/inputs/netlist.cir
| .temp -40
| .meas tran vdd_end FIND v(vdd) AT=0.145199
| .meas tran por_raw_max MAX v(por_raw)
| .control
| alter vset=3.63
| set filetype=ascii
| tran 1u 0.1452 0 2e-05
| write /var/tmp/eda-job-klt-sim-7356c0a842ae/outputs/artifacts/ss_3p630V_n40C/waveform.raw
| quit
| .endc
| .end

# ==== klt diagnostics ====

# ==== ngspice stdout+stderr ====

Note: No compatibility mode selected!


Circuit: * klt sim -- generated corner deck, do not edit

Doing analysis at TEMP = -40.000000 and TNOM = 27.000000

Using SPARSE 1.3 as Direct Linear Solver

Initial Transient Solution
--------------------------

Node                                   Voltage
----                                   -------
vsetn                                     3.63
vdd                                          0
xdut.xpex.vss__t0                  1.5945e-280
xdut.xpex.n1__t0                   3.25809e-20
xdut.xpex.snsb__t2                1.63389e-277
xdut.xpex.vss__t13               -3.18899e-280
xdut.xpex.bias_okb__t3                       0
xdut.xpex.bias_ok__t0             -1.66703e-55
xdut.xpex.vss__t2                            0
xdut.xpex.vss__t14                           0
xdut.xpex.ibias__t0                2.82485e-43
xdut.xpex.bias_okb__t1                       0
xdut.xpex.vss__t3                 -2.81184e-53
xdut.xpex.vss__t17                  5.5389e-53
xdut.xpex.tn__t0                  -1.82887e-20
xdut.xpex.nbg__t0                 -8.54739e-43
xdut.xpex.vss__t7                  3.33026e-35
xdut.xpex.vss__t18                -3.55476e-30
xdut.xpex.n1__t3                   3.25809e-20
xdut.xpex.cmpo__t1                 1.77777e-20
xdut.xpex.vss__t9                 -1.24043e-29
xdut.xpex.vss__t15                 6.20232e-30
xdut.xpex.por_raw__t0             1.02521e-202
xdut.xpex.n1__t1                   3.25809e-20
xdut.xpex.vss__t8                 4.47663e-212
xdut.xpex.vss__t16               -6.85546e-212
xdut.xpex.nbg__t3                 -8.54739e-43
xdut.xpex.bias_okb__t4                       0
xdut.xpex.vss__t4                  1.45862e-52
xdut.xpex.vss__t19                -1.69963e-52
xdut.xpex.ibias__t1                2.82485e-43
xdut.xpex.nbg__t1                 -8.54739e-43
xdut.xpex.vss__t5                 -2.08905e-54
xdut.xpex.vss__t21                 5.59106e-53
xdut.xpex.ibias__t2                2.82485e-43
xdut.xpex.bias_ok__t2             -1.66703e-55
xdut.xpex.nbg__t2                 -8.54739e-43
xdut.xpex.vss__t20                -1.12696e-52
xdut.xpex.na__t0                  -2.68633e-21
xdut.xpex.sns__t2                 8.79244e-278
xdut.xpex.tn__t1                  -1.82887e-20
xdut.xpex.vss__t22                -4.04391e-30
xdut.xpex.cmpo__t4                 1.77777e-20
xdut.xpex.vref__t0                1.18047e-161
xdut.xpex.tn__t2                  -1.82887e-20
xdut.xpex.vss__t23                -9.83956e-32
xdut.xpex.cmpo__t3                 1.77777e-20
xdut.xpex.bias_okb__t5                       0
xdut.xpex.vss__t6                  1.32015e-30
xdut.xpex.vss__t24                 3.39826e-30
xdut.xpex.bias_okb__t2                       0
xdut.xpex.bias_ok__t1             -1.66703e-55
xdut.xpex.vdd__t0                            0
xdut.xpex.vdd__t1                            0
xdut.xpex.n1__t4                   3.25809e-20
xdut.xpex.cmpo__t0                 1.77777e-20
xdut.xpex.vdd__t10                -6.16834e-34
xdut.xpex.vdd__t8                   1.0907e-29
xdut.xpex.por_raw__t1             1.02521e-202
xdut.xpex.n1__t2                   3.25809e-20
xdut.xpex.vdd__t9                -7.25697e-213
xdut.xpex.vdd__t7                 4.83436e-212
xdut.xpex.vdda__t0                -1.26357e-24
xdut.xpex.bias_okb__t0                       0
xdut.xpex.vdd__t2                  1.29668e-33
xdut.xpex.vdd__t3                 -4.61926e-34
xdut.xpex.na__t1                  -2.68633e-21
xdut.xpex.na__t2                  -2.68633e-21
xdut.xpex.vdda__t1                -1.26357e-24
xdut.xpex.vdd__t4                 -9.62407e-31
xdut.xpex.cmpo__t2                 1.77777e-20
xdut.xpex.na__t3                  -2.68633e-21
xdut.xpex.vdda__t2                -1.26357e-24
xdut.xpex.vdd__t6                  6.32653e-30
xdut.xpex.snsb__t0                1.63112e-277
xdut.xpex.x$19.t1                 1.63101e-277
xdut.xpex.x$19.t2                 1.73165e-280
xdut.xpex.vss__t1                 1.62008e-280
xdut.xpex.vss__t10                           0
xdut.xpex.sns__t0                 8.79256e-278
xdut.xpex.x$20.t1                 8.79262e-278
xdut.xpex.x$20.t2                 1.63254e-277
xdut.xpex.snsb__t1                1.63255e-277
xdut.xpex.vss__t11                           0
xdut.xpex.sns__t1                 8.79225e-278
xdut.xpex.x$21.t1                 8.79219e-278
xdut.xpex.x$21.t2                 3.92361e-281
xdut.xpex.vdd__t5                 3.86456e-281
xdut.xpex.vss__t12                           0
bias_ok                           -1.66703e-55
vsubs                                        0
xdut.xpex.bias_okb                           0
xdut.xpex.cmpo                     1.77777e-20
ibias                              2.82485e-43
xdut.xpex.n1                       3.25809e-20
xdut.xpex.na                      -2.68633e-21
xdut.xpex.nbg                     -8.54739e-43
por_raw                           1.02521e-202
xdut.xpex.sns                     8.79244e-278
xdut.xpex.snsb                    1.63269e-277
xdut.xpex.tn                      -1.82887e-20
xdut.xpex.vdda                    -1.26357e-24
vref                              1.18047e-161
xbias.na                           3.5819e-166
xbias.pg                           9.0348e-187
xbias.nbtop                       3.60995e-151
xbias.nbg                        -9.38354e-177
xbias.xrt.t1                      3.60995e-151
xbias.xrt.t2                      3.60995e-151
xbias.nb                          3.60995e-151
xbias.xr1.t1                      3.60995e-151
xbias.xr1.t2                      3.60996e-151
xbias.ec                          3.60996e-151
xbias.xr2.t1                      1.18047e-161
xbias.xr2.t2                      1.18048e-161
xbias.er                          1.18048e-161
xbias.pb                         -2.40092e-176
xbias.nt                           -2.107e-216
xbias.n1                         -2.53924e-209
xbias.n2                         -3.19696e-209
xbias.nz                         -3.19696e-209
xbias.xrz.t1                     -3.19696e-209
xbias.xrz.t2                     -3.19696e-209
xbias.ks1                         9.99541e-142
xbias.ks2                         -5.5929e-140
xbias.ks3                         3.12848e-138
xbias.ks4                        -1.74997e-136
xbias.nkg                         9.78878e-135
xbias.nkm                         6.79476e-187
xbias.tok                         -3.13736e-78
xbias.noko                         6.45275e-73
xbias.nokl                         2.28897e-83
xbias.nokx                        8.67607e-168
bvdd#branch                        4.76702e-32
vset#branch                                  0


No. of Data Rows : 7282

  Measurements for Transient Analysis

vdd_end             =  5.00000e-05
por_raw_max         =  3.62953e+00 at=  7.25905e-02

ASCII raw file "/var/tmp/eda-job-klt-sim-7356c0a842ae/outputs/artifacts/ss_3p630V_n40C/waveform.raw"
ngspice-46 done
