# point: por-comparator-thresholds real-bias-core-postlayout r50 tt_125c
# process=tt temp=125C rate=50 V/s tstop=0.1452s klt status: pass

# ==== klt sim deck ====
| * klt sim -- generated corner deck, do not edit
| .lib /opt/pdk/sky130A/libs.tech/combined/sky130.lib.spice tt
| .include /var/tmp/eda-job-klt-sim-7356c0a842ae/inputs/netlist.cir
| .temp 125
| .meas tran vdd_end FIND v(vdd) AT=0.145199
| .meas tran por_raw_max MAX v(por_raw)
| .control
| alter vset=3.63
| set filetype=ascii
| tran 1u 0.1452 0 2e-05
| write /var/tmp/eda-job-klt-sim-7356c0a842ae/outputs/artifacts/tt_3p630V_125C/waveform.raw
| quit
| .endc
| .end

# ==== klt diagnostics ====

# ==== ngspice stdout+stderr ====

Note: No compatibility mode selected!


Circuit: * klt sim -- generated corner deck, do not edit

Doing analysis at TEMP = 125.000000 and TNOM = 27.000000

Using SPARSE 1.3 as Direct Linear Solver

Initial Transient Solution
--------------------------

Node                                   Voltage
----                                   -------
vsetn                                     3.63
vdd                                          0
xdut.xpex.vss__t0                  7.19015e-59
xdut.xpex.n1__t0                   1.17346e-18
xdut.xpex.snsb__t2                 7.28623e-56
xdut.xpex.vss__t13                -1.43008e-58
xdut.xpex.bias_okb__t3             1.98906e-18
xdut.xpex.bias_ok__t0              1.51611e-18
xdut.xpex.vss__t2                 -6.80826e-28
xdut.xpex.vss__t14                 3.13223e-28
xdut.xpex.ibias__t0               -1.68966e-18
xdut.xpex.bias_okb__t1             1.98906e-18
xdut.xpex.vss__t3                  3.48437e-28
xdut.xpex.vss__t17                -2.25196e-28
xdut.xpex.tn__t0                  -1.19545e-18
xdut.xpex.nbg__t0                 -2.54036e-18
xdut.xpex.vss__t7                  9.23679e-31
xdut.xpex.vss__t18                -1.44976e-28
xdut.xpex.n1__t3                   1.17346e-18
xdut.xpex.cmpo__t1                 9.22138e-19
xdut.xpex.vss__t9                 -3.82421e-28
xdut.xpex.vss__t15                 1.75938e-28
xdut.xpex.por_raw__t0             -2.06308e-18
xdut.xpex.n1__t1                   1.17346e-18
xdut.xpex.vss__t8                  1.61412e-25
xdut.xpex.vss__t16                -9.20853e-26
xdut.xpex.nbg__t3                 -2.54036e-18
xdut.xpex.bias_okb__t4             1.98906e-18
xdut.xpex.vss__t4                  8.67653e-28
xdut.xpex.vss__t19                -3.43504e-28
xdut.xpex.ibias__t1               -1.68966e-18
xdut.xpex.nbg__t1                 -2.54036e-18
xdut.xpex.vss__t5                   2.0619e-28
xdut.xpex.vss__t21                -1.40039e-28
xdut.xpex.ibias__t2               -1.68966e-18
xdut.xpex.bias_ok__t2              1.51611e-18
xdut.xpex.nbg__t2                 -2.54036e-18
xdut.xpex.vss__t20                -4.79532e-28
xdut.xpex.na__t0                  -1.34634e-18
xdut.xpex.sns__t2                  3.92093e-56
xdut.xpex.tn__t1                  -1.19545e-18
xdut.xpex.vss__t22                -1.02059e-28
xdut.xpex.cmpo__t4                 9.22138e-19
xdut.xpex.vref__t0                -3.21028e-19
xdut.xpex.tn__t2                  -1.19545e-18
xdut.xpex.vss__t23                 8.04112e-29
xdut.xpex.cmpo__t3                 9.22138e-19
xdut.xpex.bias_okb__t5             1.98906e-18
xdut.xpex.vss__t6                 -6.39193e-29
xdut.xpex.vss__t24                 1.52406e-28
xdut.xpex.bias_okb__t2             1.98906e-18
xdut.xpex.bias_ok__t1              1.51611e-18
xdut.xpex.vdd__t0                 -5.00109e-29
xdut.xpex.vdd__t1                  7.91895e-28
xdut.xpex.n1__t4                   1.17346e-18
xdut.xpex.cmpo__t0                 9.22138e-19
xdut.xpex.vdd__t10                -2.44772e-29
xdut.xpex.vdd__t8                  3.87583e-28
xdut.xpex.por_raw__t1             -2.06308e-18
xdut.xpex.n1__t2                   1.17346e-18
xdut.xpex.vdd__t9                  -1.1716e-25
xdut.xpex.vdd__t7                 -2.58066e-27
xdut.xpex.vdda__t0                 1.56575e-18
xdut.xpex.bias_okb__t0             1.98906e-18
xdut.xpex.vdd__t2                 -8.15244e-28
xdut.xpex.vdd__t3                  3.62073e-28
xdut.xpex.na__t1                  -1.34634e-18
xdut.xpex.na__t2                  -1.34634e-18
xdut.xpex.vdda__t1                 1.56575e-18
xdut.xpex.vdd__t4                 -9.81305e-29
xdut.xpex.cmpo__t2                 9.22138e-19
xdut.xpex.na__t3                  -1.34634e-18
xdut.xpex.vdda__t2                 1.56575e-18
xdut.xpex.vdd__t6                  6.79062e-28
xdut.xpex.snsb__t0                 7.27386e-56
xdut.xpex.x$19.t1                  7.27343e-56
xdut.xpex.x$19.t2                  7.64767e-59
xdut.xpex.vss__t1                  7.22476e-59
xdut.xpex.vss__t10                           0
xdut.xpex.sns__t0                  3.92098e-56
xdut.xpex.x$20.t1                    3.921e-56
xdut.xpex.x$20.t2                   7.2802e-56
xdut.xpex.snsb__t1                 7.28022e-56
xdut.xpex.vss__t11                           0
xdut.xpex.sns__t1                  3.92084e-56
xdut.xpex.x$21.t1                  3.92082e-56
xdut.xpex.x$21.t2                  1.74576e-59
xdut.xpex.vdd__t5                  1.72337e-59
xdut.xpex.vss__t12                           0
bias_ok                            1.51611e-18
vsubs                                        0
xdut.xpex.bias_okb                 1.98906e-18
xdut.xpex.cmpo                     9.22138e-19
ibias                             -1.68966e-18
xdut.xpex.n1                       1.17346e-18
xdut.xpex.na                      -1.34634e-18
xdut.xpex.nbg                     -2.54036e-18
por_raw                           -2.06308e-18
xdut.xpex.sns                      3.92093e-56
xdut.xpex.snsb                     7.28087e-56
xdut.xpex.tn                      -1.19545e-18
xdut.xpex.vdda                     1.56575e-18
vref                              -3.21028e-19
xbias.na                           2.84282e-19
xbias.pg                          -8.34761e-19
xbias.nbtop                       -9.00769e-19
xbias.nbg                          9.16001e-19
xbias.xrt.t1                      -9.00769e-19
xbias.xrt.t2                      -9.00769e-19
xbias.nb                          -9.00769e-19
xbias.xr1.t1                      -9.00769e-19
xbias.xr1.t2                      -9.00769e-19
xbias.ec                          -9.00769e-19
xbias.xr2.t1                      -3.21028e-19
xbias.xr2.t2                      -3.21028e-19
xbias.er                          -3.21028e-19
xbias.pb                          -2.22359e-18
xbias.nt                           2.88383e-19
xbias.n1                          -2.64932e-18
xbias.n2                          -2.76169e-18
xbias.nz                          -2.76169e-18
xbias.xrz.t1                      -2.76169e-18
xbias.xrz.t2                      -2.76169e-18
xbias.ks1                         -5.77947e-19
xbias.ks2                         -8.92253e-19
xbias.ks3                          -3.9391e-19
xbias.ks4                          1.21132e-18
xbias.nkg                          6.79634e-19
xbias.nkm                         -6.95702e-19
xbias.tok                         -3.38927e-19
xbias.noko                         1.73537e-18
xbias.nokl                        -2.71614e-19
xbias.nokx                          1.5412e-18
bvdd#branch                       -4.03665e-28
vset#branch                                  0


No. of Data Rows : 7282

  Measurements for Transient Analysis

vdd_end             =  5.00000e-05
por_raw_max         =  3.62997e+00 at=  7.26005e-02

ASCII raw file "/var/tmp/eda-job-klt-sim-7356c0a842ae/outputs/artifacts/tt_3p630V_125C/waveform.raw"
ngspice-46 done
