# point: supply-ramp-top diag-mn1-l20 r1e06 ff_125c_3.30v
# process=ff temp=125C final_supply=3.30V rate=1e+06 V/s tstop=0.0150036s
# klt status: pass   runtime on runner: 123.459 s   outcome: PASS

# ==== klt sim deck (exact input given to ngspice on the runner) ====
| * klt sim -- generated corner deck, do not edit
| .lib /opt/pdk/sky130A/libs.tech/combined/sky130.lib.spice ff
| .include /var/tmp/eda-job-klt-sim-e2045033d7c9/inputs/netlist.cir
| .temp 125
| .meas tran vdd_end FIND v(vdd) AT=0.01490363
| .meas tran resetn_end FIND v(resetn) AT=0.01490363
| .meas tran resetn_max MAX v(resetn)
| .meas tran por_raw_max MAX v(xdut.por_raw)
| .meas tran ibias_end FIND v(xdut.ibias) AT=0.01490363
| .control
| alter vset=3.3
| set filetype=ascii
| tran 1u 0.01500363 0 5e-06
| write /var/tmp/eda-job-klt-sim-e2045033d7c9/outputs/artifacts/ff_3p300V_125C/waveform.raw
| quit
| .endc
| .end

# ==== klt diagnostics ====

# ==== ngspice stdout+stderr ====

Note: No compatibility mode selected!


Circuit: * klt sim -- generated corner deck, do not edit

Doing analysis at TEMP = 125.000000 and TNOM = 27.000000

Using SPARSE 1.3 as Direct Linear Solver

Initial Transient Solution
--------------------------

Node                                   Voltage
----                                   -------
vsetn                                      3.3
vdd                                          0
xdut.xbias.na                      9.09163e-19
xdut.xbias.pg                      8.71445e-19
xdut.xbias.nbtop                   4.76694e-19
xdut.vref                         -1.48841e-18
xdut.xbias.nbg                    -9.02096e-20
xdut.xbias.xrt.t1                  4.76694e-19
xdut.xbias.xrt.t2                  4.76694e-19
xdut.xbias.nb                      4.76694e-19
xdut.xbias.xr1.t1                  4.76694e-19
xdut.xbias.xr1.t2                  4.76694e-19
xdut.xbias.ec                      4.76694e-19
xdut.xbias.xr2.t1                 -1.48841e-18
xdut.xbias.xr2.t2                 -1.48841e-18
xdut.xbias.er                     -1.48841e-18
xdut.xbias.pb                     -9.85875e-19
xdut.ibias                         1.50075e-18
xdut.xbias.nt                      2.80852e-19
xdut.xbias.n1                     -2.82362e-18
xdut.xbias.n2                     -2.72096e-18
xdut.xbias.nz                     -2.72096e-18
xdut.xbias.xrz.t1                 -2.72096e-18
xdut.xbias.xrz.t2                 -2.72096e-18
xdut.xbias.ks1                     5.62064e-19
xdut.xbias.ks2                    -1.31316e-18
xdut.xbias.ks3                    -2.05285e-18
xdut.xbias.ks4                    -4.54181e-19
xdut.xbias.nkg                     2.09208e-19
xdut.xbias.nkm                     1.54854e-18
xdut.xbias.tok                     1.43124e-19
xdut.xbias.noko                   -2.56596e-18
xdut.xbias.nokl                   -1.40429e-18
xdut.xbias.nokx                   -1.89288e-18
xdut.bias_ok                      -3.38174e-18
xdut.xcmp.bias_okb                -1.56455e-18
xdut.xcmp.nbg                      1.71529e-18
xdut.xcmp.sns                    -1.03164e-115
xdut.xcmp.xrtop.t1               -1.03164e-115
xdut.xcmp.xrtop.t2               -5.89211e-121
xdut.xcmp.snsb                   -1.91591e-115
xdut.xcmp.xrbot.t1               -1.91591e-115
xdut.xcmp.xrbot.t2               -1.03165e-115
xdut.xcmp.xrhys.t1               -1.11503e-119
xdut.xcmp.xrhys.t2                -1.9158e-115
xdut.xcmp.n1                       1.20439e-18
xdut.xcmp.tn                      -2.27145e-15
xdut.xcmp.na                      -6.70323e-14
xdut.xcmp.cmpo                    -9.21725e-16
xdut.xcmp.vdda                    -2.70633e-15
xdut.por_raw                      -1.91573e-18
xdut.xpor.pdn                     -5.13951e-19
xdut.xpor.ndl                     -7.61554e-19
xdut.xpor.ndgp                    -1.79381e-18
xdut.xpor.ndg                      -2.3885e-19
xdut.xpor.ndgn                    -1.60854e-18
xdut.xpor.pgdg                    -1.64415e-18
xdut.xpor.pgdgb                   -2.11308e-18
xdut.xpor.nts                       9.6679e-19
xdut.xpor.tim                      1.76365e-18
xdut.xpor.nd1                     -2.61212e-18
xdut.xpor.trip                    -2.33719e-18
resetn                            -1.81551e-18
xdut.xpor.rstb                     5.49319e-20
xdut.xpor.nnand                     1.9269e-18
xdut.xtemp.nbg                    -3.90855e-18
xdut.xtemp.enb                     1.91183e-18
xdut.xtemp.pb                     -2.52262e-18
xdut.xtemp.pcas                    -1.9869e-18
xdut.xtemp.nt                      1.46485e-18
xdut.xtemp.n1                     -3.82184e-19
xdut.xtemp.na                     -8.58065e-19
xdut.xtemp.n2                      9.06056e-19
xdut.xtemp.nb                     -8.11175e-19
xdut.xtemp.pg                     -2.52818e-31
xdut.xtemp.nz                      9.06056e-19
xdut.xtemp.xrz.t1                  9.06056e-19
xdut.xtemp.xrz.t2                  9.06056e-19
xdut.xtemp.m1d                    -1.27314e-18
xdut.xtemp.m2d                     1.50634e-18
xdut.xtemp.m3d                    -1.31032e-18
ptat                               3.03846e-24
xdut.xtemp.nd                      1.77393e-18
xdut.xtemp.nr                      1.84872e-18
ctat                              -8.58065e-19
xdut.xtemp.nc                     -8.11175e-19
xdut.xtemp.xr1.t1                 -8.11175e-19
xdut.xtemp.xr1.t2                 -8.11175e-19
xdut.xtemp.xr2.t1                  3.03842e-24
xdut.xtemp.xr2.t2                  4.41499e-25
xdut.xtemp.ptat_trim               4.41455e-25
xdut.xtemp.xr2trim.t1              4.41411e-25
xdut.xtemp.xr2trim.t2              4.41595e-29
xdut.xtemp.xriso.t1               -8.58065e-19
xdut.xtemp.xriso.t2               -8.58065e-19
bvdd#branch                       -4.13198e-24
vset#branch                                  0


No. of Data Rows : 3066

  Measurements for Transient Analysis

vdd_end             =  3.30000e+00
resetn_end          =  3.05977e+00
resetn_max          =  3.05978e+00 at=  2.21535e-03
por_raw_max         =  3.30001e+00 at=  2.49769e-05
ibias_end           =  6.74816e-01

ASCII raw file "/var/tmp/eda-job-klt-sim-e2045033d7c9/outputs/artifacts/ff_3p300V_125C/waveform.raw"
ngspice-46 done
