# point: supply-ramp-top diag-mn1-l20 r1e06 sf_-40c_2.97v
# process=sf temp=-40C final_supply=2.97V rate=1e+06 V/s tstop=0.0150036s
# klt status: pass   runtime on runner: 28.658 s   outcome: FAIL

# ==== klt sim deck (exact input given to ngspice on the runner) ====
| * klt sim -- generated corner deck, do not edit
| .lib /opt/pdk/sky130A/libs.tech/combined/sky130.lib.spice sf
| .include /var/tmp/eda-job-klt-sim-e2045033d7c9/inputs/netlist.cir
| .temp -40
| .meas tran vdd_end FIND v(vdd) AT=0.01490363
| .meas tran resetn_end FIND v(resetn) AT=0.01490363
| .meas tran resetn_max MAX v(resetn)
| .meas tran por_raw_max MAX v(xdut.por_raw)
| .meas tran ibias_end FIND v(xdut.ibias) AT=0.01490363
| .control
| alter vset=2.97
| set filetype=ascii
| tran 1u 0.01500363 0 5e-06
| write /var/tmp/eda-job-klt-sim-e2045033d7c9/outputs/artifacts/sf_2p970V_n40C/waveform.raw
| quit
| .endc
| .end

# ==== klt diagnostics ====

# ==== ngspice stdout+stderr ====

Note: No compatibility mode selected!


Circuit: * klt sim -- generated corner deck, do not edit

Doing analysis at TEMP = -40.000000 and TNOM = 27.000000

Using SPARSE 1.3 as Direct Linear Solver

Initial Transient Solution
--------------------------

Node                                   Voltage
----                                   -------
vsetn                                     2.97
vdd                                          0
xdut.xbias.na                     6.53579e-160
xdut.xbias.pg                     -1.5077e-148
xdut.xbias.nbtop                 -6.35425e-145
xdut.vref                         2.97652e-155
xdut.xbias.nbg                    4.04947e-159
xdut.xbias.xrt.t1                -6.35425e-145
xdut.xbias.xrt.t2                -6.35425e-145
xdut.xbias.nb                    -6.35425e-145
xdut.xbias.xr1.t1                -6.35425e-145
xdut.xbias.xr1.t2                -6.35425e-145
xdut.xbias.ec                    -6.35425e-145
xdut.xbias.xr2.t1                 2.97652e-155
xdut.xbias.xr2.t2                 2.97654e-155
xdut.xbias.er                     2.97654e-155
xdut.xbias.pb                      8.3743e-154
xdut.ibias                        -6.64412e-22
xdut.xbias.nt                     1.14871e-238
xdut.xbias.n1                     5.48136e-231
xdut.xbias.n2                     5.51007e-231
xdut.xbias.nz                     5.51007e-231
xdut.xbias.xrz.t1                 5.51007e-231
xdut.xbias.xrz.t2                 5.51007e-231
xdut.xbias.ks1                   -2.24093e-138
xdut.xbias.ks2                    8.52585e-137
xdut.xbias.ks3                   -3.24151e-135
xdut.xbias.ks4                    1.23241e-133
xdut.xbias.nkg                   -4.68561e-132
xdut.xbias.nkm                   -3.61573e-169
xdut.xbias.tok                   -5.34931e-187
xdut.xbias.noko                  -9.86605e-179
xdut.xbias.nokl                  -5.40346e-186
xdut.xbias.nokx                  -4.77241e-124
xdut.bias_ok                       3.97867e-32
xdut.xcmp.bias_okb                -3.31998e-27
xdut.xcmp.nbg                      2.30815e-21
xdut.xcmp.sns                                0
xdut.xcmp.xrtop.t1                           0
xdut.xcmp.xrtop.t2                           0
xdut.xcmp.snsb                               0
xdut.xcmp.xrbot.t1                           0
xdut.xcmp.xrbot.t2                           0
xdut.xcmp.xrhys.t1                           0
xdut.xcmp.xrhys.t2                           0
xdut.xcmp.n1                      -6.06519e-26
xdut.xcmp.tn                      -2.11706e-31
xdut.xcmp.na                       1.62463e-31
xdut.xcmp.cmpo                     1.45513e-31
xdut.xcmp.vdda                    -1.48301e-38
xdut.por_raw                       5.54468e-25
xdut.xpor.pdn                     4.02414e-301
xdut.xpor.ndl                     2.50895e-165
xdut.xpor.ndgp                    -1.57125e-29
xdut.xpor.ndg                       1.6265e-22
xdut.xpor.ndgn                     -1.6265e-22
xdut.xpor.pgdg                    -9.53366e-25
xdut.xpor.pgdgb                  -7.27284e-312
xdut.xpor.nts                     -2.11578e-29
xdut.xpor.tim                      1.45275e-22
xdut.xpor.nd1                      1.59519e-31
xdut.xpor.trip                    9.18547e-268
resetn                            -2.68929e-18
xdut.xpor.rstb                     1.05661e-22
xdut.xpor.nnand                   -3.76317e-22
xdut.xtemp.nbg                     1.60474e-21
xdut.xtemp.enb                    -5.27318e-22
xdut.xtemp.pb                     -4.57872e-26
xdut.xtemp.pcas                    9.68457e-27
xdut.xtemp.nt                     -1.69453e-24
xdut.xtemp.n1                     -8.47357e-25
xdut.xtemp.na                     -8.46243e-19
xdut.xtemp.n2                     -2.19104e-24
xdut.xtemp.nb                    -2.84222e-119
xdut.xtemp.pg                     -2.41824e-26
xdut.xtemp.nz                     -2.19104e-24
xdut.xtemp.xrz.t1                 -2.19104e-24
xdut.xtemp.xrz.t2                 -2.19104e-24
xdut.xtemp.m1d                    -1.79064e-25
xdut.xtemp.m2d                   -3.81471e-127
xdut.xtemp.m3d                    1.13828e-248
ptat                              7.26897e-254
xdut.xtemp.nd                      1.03927e-23
xdut.xtemp.nr                     -1.37594e-52
ctat                              -8.46243e-19
xdut.xtemp.nc                    -2.84222e-119
xdut.xtemp.xr1.t1                -2.84222e-119
xdut.xtemp.xr1.t2                -2.84222e-119
xdut.xtemp.xr2.t1                 7.26885e-254
xdut.xtemp.xr2.t2                 1.05625e-254
xdut.xtemp.ptat_trim              1.05613e-254
xdut.xtemp.xr2trim.t1             1.05601e-254
xdut.xtemp.xr2trim.t2             1.24296e-258
xdut.xtemp.xriso.t1               -8.46243e-19
xdut.xtemp.xriso.t2               -8.46243e-19
bvdd#branch                       -3.53609e-30
vset#branch                                  0


No. of Data Rows : 3041

  Measurements for Transient Analysis

vdd_end             =  2.97000e+00
resetn_end          =  2.63828e+00
resetn_max          =  2.63896e+00 at=  1.53466e-03
por_raw_max         =  2.97003e+00 at=  8.33576e-05
ibias_end           =  8.22545e-01

ASCII raw file "/var/tmp/eda-job-klt-sim-e2045033d7c9/outputs/artifacts/sf_2p970V_n40C/waveform.raw"
ngspice-46 done
