# point: supply-ramp-top diag-mn1-l20 r1e06 sf_125c_3.63v
# process=sf temp=125C final_supply=3.63V rate=1e+06 V/s tstop=0.0150036s
# klt status: pass   runtime on runner: 119.792 s   outcome: FAIL

# ==== klt sim deck (exact input given to ngspice on the runner) ====
| * klt sim -- generated corner deck, do not edit
| .lib /opt/pdk/sky130A/libs.tech/combined/sky130.lib.spice sf
| .include /var/tmp/eda-job-klt-sim-e2045033d7c9/inputs/netlist.cir
| .temp 125
| .meas tran vdd_end FIND v(vdd) AT=0.01490363
| .meas tran resetn_end FIND v(resetn) AT=0.01490363
| .meas tran resetn_max MAX v(resetn)
| .meas tran por_raw_max MAX v(xdut.por_raw)
| .meas tran ibias_end FIND v(xdut.ibias) AT=0.01490363
| .control
| alter vset=3.63
| set filetype=ascii
| tran 1u 0.01500363 0 5e-06
| write /var/tmp/eda-job-klt-sim-e2045033d7c9/outputs/artifacts/sf_3p630V_125C/waveform.raw
| quit
| .endc
| .end

# ==== klt diagnostics ====

# ==== ngspice stdout+stderr ====

Note: No compatibility mode selected!


Circuit: * klt sim -- generated corner deck, do not edit

Doing analysis at TEMP = 125.000000 and TNOM = 27.000000

Using SPARSE 1.3 as Direct Linear Solver

Initial Transient Solution
--------------------------

Node                                   Voltage
----                                   -------
vsetn                                     3.63
vdd                                          0
xdut.xbias.na                     -1.00775e-18
xdut.xbias.pg                     -7.28563e-19
xdut.xbias.nbtop                   1.12358e-18
xdut.vref                         -9.75182e-19
xdut.xbias.nbg                    -1.59689e-19
xdut.xbias.xrt.t1                  1.12358e-18
xdut.xbias.xrt.t2                  1.12358e-18
xdut.xbias.nb                      1.12358e-18
xdut.xbias.xr1.t1                  1.12358e-18
xdut.xbias.xr1.t2                  1.12358e-18
xdut.xbias.ec                      1.12358e-18
xdut.xbias.xr2.t1                 -9.75182e-19
xdut.xbias.xr2.t2                 -9.75182e-19
xdut.xbias.er                     -9.75182e-19
xdut.xbias.pb                     -3.67296e-20
xdut.ibias                        -1.01746e-19
xdut.xbias.nt                       2.4784e-18
xdut.xbias.n1                     -4.21155e-19
xdut.xbias.n2                     -9.11739e-19
xdut.xbias.nz                     -9.11739e-19
xdut.xbias.xrz.t1                 -9.11739e-19
xdut.xbias.xrz.t2                 -9.11739e-19
xdut.xbias.ks1                    -1.28692e-18
xdut.xbias.ks2                    -3.51206e-18
xdut.xbias.ks3                    -2.98989e-18
xdut.xbias.ks4                    -1.36112e-18
xdut.xbias.nkg                     1.48067e-18
xdut.xbias.nkm                     1.69195e-18
xdut.xbias.tok                      2.3701e-18
xdut.xbias.noko                    2.03205e-19
xdut.xbias.nokl                    1.94371e-18
xdut.xbias.nokx                   -1.28209e-18
xdut.bias_ok                       1.92888e-18
xdut.xcmp.bias_okb                 1.28428e-20
xdut.xcmp.nbg                     -1.72731e-18
xdut.xcmp.sns                      5.99424e-84
xdut.xcmp.xrtop.t1                 5.99421e-84
xdut.xcmp.xrtop.t2                 3.42353e-89
xdut.xcmp.snsb                     1.11322e-83
xdut.xcmp.xrbot.t1                 1.11321e-83
xdut.xcmp.xrbot.t2                 5.99428e-84
xdut.xcmp.xrhys.t1                 6.47871e-88
xdut.xcmp.xrhys.t2                 1.11315e-83
xdut.xcmp.n1                       -1.0475e-19
xdut.xcmp.tn                       1.64104e-18
xdut.xcmp.na                      -1.32261e-18
xdut.xcmp.cmpo                     1.60654e-18
xdut.xcmp.vdda                      2.2036e-18
xdut.por_raw                      -1.13788e-18
xdut.xpor.pdn                       1.0976e-18
xdut.xpor.ndl                     -9.20573e-20
xdut.xpor.ndgp                     7.11756e-19
xdut.xpor.ndg                      6.62588e-19
xdut.xpor.ndgn                    -1.42235e-18
xdut.xpor.pgdg                    -3.01592e-18
xdut.xpor.pgdgb                    4.11893e-18
xdut.xpor.nts                      2.15622e-18
xdut.xpor.tim                      5.26095e-19
xdut.xpor.nd1                        1.838e-18
xdut.xpor.trip                     -1.3161e-18
resetn                            -4.51753e-20
xdut.xpor.rstb                    -3.14198e-18
xdut.xpor.nnand                   -1.63445e-18
xdut.xtemp.nbg                    -1.78508e-18
xdut.xtemp.enb                    -1.09488e-19
xdut.xtemp.pb                      1.86491e-18
xdut.xtemp.pcas                   -2.74228e-18
xdut.xtemp.nt                      1.46917e-18
xdut.xtemp.n1                       -8.195e-19
xdut.xtemp.na                       4.6249e-19
xdut.xtemp.n2                     -3.14664e-18
xdut.xtemp.nb                      1.59274e-18
xdut.xtemp.pg                      6.02281e-19
xdut.xtemp.nz                     -3.14664e-18
xdut.xtemp.xrz.t1                 -3.14664e-18
xdut.xtemp.xrz.t2                 -3.14664e-18
xdut.xtemp.m1d                     1.39868e-18
xdut.xtemp.m2d                     6.65384e-19
xdut.xtemp.m3d                     6.66697e-19
ptat                              -2.58076e-25
xdut.xtemp.nd                      2.54451e-19
xdut.xtemp.nr                     -1.49792e-18
ctat                                4.6249e-19
xdut.xtemp.nc                      1.59274e-18
xdut.xtemp.xr1.t1                  1.59274e-18
xdut.xtemp.xr1.t2                  1.59274e-18
xdut.xtemp.xr2.t1                 -2.58073e-25
xdut.xtemp.xr2.t2                 -3.74995e-26
xdut.xtemp.ptat_trim              -3.74957e-26
xdut.xtemp.xr2trim.t1              -3.7492e-26
xdut.xtemp.xr2trim.t2             -3.75076e-30
xdut.xtemp.xriso.t1                 4.6249e-19
xdut.xtemp.xriso.t2                 4.6249e-19
bvdd#branch                       -6.84284e-28
vset#branch                                  0


No. of Data Rows : 3050

  Measurements for Transient Analysis

vdd_end             =  3.63000e+00
resetn_end          =  3.34705e+00
resetn_max          =  3.34705e+00 at=  2.04104e-03
por_raw_max         =  3.63000e+00 at=  2.46034e-05
ibias_end           =  6.43599e-01

ASCII raw file "/var/tmp/eda-job-klt-sim-e2045033d7c9/outputs/artifacts/sf_3p630V_125C/waveform.raw"
ngspice-46 done
