# point: por-comparator-thresholds real-bias-core r50 hh_125c
# process=hh temp=125C rate=50 V/s tstop=0.1452s klt status: pass

# ==== klt sim deck ====
| * klt sim -- generated corner deck, do not edit
| .lib /opt/pdk/sky130A/libs.tech/combined/sky130.lib.spice hh
| .include /var/tmp/eda-job-klt-sim-fdcda9473f5a/inputs/netlist.cir
| .temp 125
| .meas tran vdd_end FIND v(vdd) AT=0.145199
| .meas tran por_raw_max MAX v(por_raw)
| .control
| alter vset=3.63
| set filetype=ascii
| tran 1u 0.1452 0 2e-05
| write /var/tmp/eda-job-klt-sim-fdcda9473f5a/outputs/artifacts/hh_3p630V_125C/waveform.raw
| quit
| .endc
| .end

# ==== klt diagnostics ====

# ==== ngspice stdout+stderr ====

Note: No compatibility mode selected!


Circuit: * klt sim -- generated corner deck, do not edit

Doing analysis at TEMP = 125.000000 and TNOM = 27.000000

Using SPARSE 1.3 as Direct Linear Solver

Initial Transient Solution
--------------------------

Node                                   Voltage
----                                   -------
vsetn                                     3.63
vdd                                          0
xdut.bias_okb                      1.95446e-18
bias_ok                           -7.30923e-19
ibias                              7.15104e-19
xdut.nbg                           1.47666e-18
xdut.sns                          -3.07629e-32
xdut.xrtop.t1                     -3.07627e-32
xdut.xrtop.t2                     -1.71879e-37
xdut.snsb                         -5.71311e-32
xdut.xrbot.t1                     -5.71309e-32
xdut.xrbot.t2                      -3.0763e-32
xdut.xrhys.t1                     -3.25265e-36
xdut.xrhys.t2                     -5.71278e-32
xdut.n1                           -1.60056e-18
xdut.tn                           -2.04974e-18
xdut.na                           -5.73076e-18
xdut.cmpo                         -3.56585e-18
vref                               2.14637e-21
xdut.vdda                          2.12298e-15
por_raw                            -1.1337e-18
xbias.na                          -5.51318e-19
xbias.pg                           1.12168e-18
xbias.nbtop                        5.19615e-20
xbias.nbg                          2.65279e-19
xbias.xrt.t1                       5.19615e-20
xbias.xrt.t2                       5.19615e-20
xbias.nb                           5.19615e-20
xbias.xr1.t1                       5.19615e-20
xbias.xr1.t2                       5.19615e-20
xbias.ec                           5.19615e-20
xbias.xr2.t1                       2.14637e-21
xbias.xr2.t2                       2.14637e-21
xbias.er                           2.14637e-21
xbias.pb                          -2.10154e-18
xbias.nt                           -1.0988e-18
xbias.n1                          -2.34336e-18
xbias.n2                          -2.70399e-18
xbias.nz                          -2.70399e-18
xbias.xrz.t1                      -2.70399e-18
xbias.xrz.t2                      -2.70399e-18
xbias.ks1                          5.07275e-19
xbias.ks2                         -2.52863e-18
xbias.ks3                         -2.77067e-18
xbias.ks4                         -2.62289e-18
xbias.nkg                         -3.55832e-19
xbias.nkm                         -1.14289e-19
xbias.tok                          7.10015e-19
xbias.noko                         1.22808e-18
xbias.nokl                        -1.81197e-19
xbias.nokx                        -1.28303e-18
bvdd#branch                        1.11384e-26
vset#branch                                  0


No. of Data Rows : 7284

  Measurements for Transient Analysis

vdd_end             =  5.00000e-05
por_raw_max         =  3.62967e+00 at=  7.26065e-02

ASCII raw file "/var/tmp/eda-job-klt-sim-fdcda9473f5a/outputs/artifacts/hh_3p630V_125C/waveform.raw"
ngspice-46 done
