# point: por-comparator-thresholds real-bias-core r50 ll_-40c
# process=ll temp=-40C rate=50 V/s tstop=0.1452s klt status: pass

# ==== klt sim deck ====
| * klt sim -- generated corner deck, do not edit
| .lib /opt/pdk/sky130A/libs.tech/combined/sky130.lib.spice ll
| .include /var/tmp/eda-job-klt-sim-fdcda9473f5a/inputs/netlist.cir
| .temp -40
| .meas tran vdd_end FIND v(vdd) AT=0.145199
| .meas tran por_raw_max MAX v(por_raw)
| .control
| alter vset=3.63
| set filetype=ascii
| tran 1u 0.1452 0 2e-05
| write /var/tmp/eda-job-klt-sim-fdcda9473f5a/outputs/artifacts/ll_3p630V_n40C/waveform.raw
| quit
| .endc
| .end

# ==== klt diagnostics ====

# ==== ngspice stdout+stderr ====

Note: No compatibility mode selected!


Circuit: * klt sim -- generated corner deck, do not edit

Doing analysis at TEMP = -40.000000 and TNOM = 27.000000

Using SPARSE 1.3 as Direct Linear Solver

Initial Transient Solution
--------------------------

Node                                   Voltage
----                                   -------
vsetn                                     3.63
vdd                                          0
xdut.bias_okb                     -1.78475e-47
bias_ok                            -6.3314e-45
ibias                             -6.66132e-29
xdut.nbg                           2.12261e-28
xdut.sns                          5.81027e-231
xdut.xrtop.t1                     5.81029e-231
xdut.xrtop.t2                    -1.84993e-236
xdut.snsb                        -1.18206e-232
xdut.xrbot.t1                    -1.18188e-232
xdut.xrbot.t2                     5.81025e-231
xdut.xrhys.t1                     1.84993e-236
xdut.xrhys.t2                    -1.18225e-232
xdut.n1                           -2.63831e-25
xdut.tn                           -3.98771e-25
xdut.na                            1.99109e-25
xdut.cmpo                          4.23366e-25
vref                              4.58642e-154
xdut.vdda                          8.46494e-31
por_raw                           -6.07061e-14
xbias.na                          2.15922e-158
xbias.pg                          1.26069e-157
xbias.nbtop                       1.66738e-145
xbias.nbg                        -1.82156e-158
xbias.xrt.t1                      1.66738e-145
xbias.xrt.t2                      1.66738e-145
xbias.nb                          1.66738e-145
xbias.xr1.t1                      1.66738e-145
xbias.xr1.t2                      1.66738e-145
xbias.ec                          1.66738e-145
xbias.xr2.t1                      4.58642e-154
xbias.xr2.t2                      4.58644e-154
xbias.er                          4.58644e-154
xbias.pb                          2.90071e-169
xbias.nt                          3.63322e-200
xbias.n1                         -1.22717e-193
xbias.n2                          4.54113e-193
xbias.nz                          4.54113e-193
xbias.xrz.t1                      4.54113e-193
xbias.xrz.t2                      4.54113e-193
xbias.ks1                        -9.35829e-152
xbias.ks2                         4.32915e-150
xbias.ks3                        -2.00173e-148
xbias.ks4                          9.2557e-147
xbias.nkg                         -4.2797e-145
xbias.nkm                          3.3797e-177
xbias.tok                          3.07786e-65
xbias.noko                        -4.62087e-60
xbias.nokl                        -3.07661e-70
xbias.nokx                        4.53251e-152
bvdd#branch                       -6.07142e-26
vset#branch                                  0


No. of Data Rows : 7292

  Measurements for Transient Analysis

vdd_end             =  5.00000e-05
por_raw_max         =  3.62955e+00 at=  7.26090e-02

ASCII raw file "/var/tmp/eda-job-klt-sim-fdcda9473f5a/outputs/artifacts/ll_3p630V_n40C/waveform.raw"
ngspice-46 done
