# point: supply-ramp-top diag-mn1-l20 r500 ss_125c_3.30v
# process=ss temp=125C final_supply=3.30V rate=500 V/s tstop=0.02226s
# klt status: pass   runtime on runner: 174.76 s   outcome: FAIL

# ==== klt sim deck (exact input given to ngspice on the runner) ====
| * klt sim -- generated corner deck, do not edit
| .lib /opt/pdk/sky130A/libs.tech/combined/sky130.lib.spice ss
| .include /var/tmp/eda-job-klt-sim-acdd8384a515/inputs/netlist.cir
| .temp 125
| .meas tran vdd_end FIND v(vdd) AT=0.02216
| .meas tran resetn_end FIND v(resetn) AT=0.02216
| .meas tran resetn_max MAX v(resetn)
| .meas tran por_raw_max MAX v(xdut.por_raw)
| .meas tran ibias_end FIND v(xdut.ibias) AT=0.02216
| .control
| alter vset=3.3
| set filetype=ascii
| tran 1u 0.02226 0 5e-06
| write /var/tmp/eda-job-klt-sim-acdd8384a515/outputs/artifacts/ss_3p300V_125C/waveform.raw
| quit
| .endc
| .end

# ==== klt diagnostics ====

# ==== ngspice stdout+stderr ====

Note: No compatibility mode selected!


Circuit: * klt sim -- generated corner deck, do not edit

Doing analysis at TEMP = 125.000000 and TNOM = 27.000000

Using SPARSE 1.3 as Direct Linear Solver

Initial Transient Solution
--------------------------

Node                                   Voltage
----                                   -------
vsetn                                      3.3
vdd                                          0
xdut.xbias.na                      3.27484e-19
xdut.xbias.pg                      8.83508e-19
xdut.xbias.nbtop                  -2.19457e-20
xdut.vref                          5.89585e-19
xdut.xbias.nbg                    -5.59069e-19
xdut.xbias.xrt.t1                 -2.19457e-20
xdut.xbias.xrt.t2                 -2.19457e-20
xdut.xbias.nb                     -2.19457e-20
xdut.xbias.xr1.t1                 -2.19457e-20
xdut.xbias.xr1.t2                 -2.19457e-20
xdut.xbias.ec                     -2.19457e-20
xdut.xbias.xr2.t1                  5.89585e-19
xdut.xbias.xr2.t2                  5.89585e-19
xdut.xbias.er                      5.89585e-19
xdut.xbias.pb                     -5.76271e-19
xdut.ibias                        -2.19443e-18
xdut.xbias.nt                      1.27269e-18
xdut.xbias.n1                      6.51038e-19
xdut.xbias.n2                     -2.55084e-19
xdut.xbias.nz                     -2.55084e-19
xdut.xbias.xrz.t1                 -2.55084e-19
xdut.xbias.xrz.t2                 -2.55084e-19
xdut.xbias.ks1                    -5.92487e-19
xdut.xbias.ks2                    -2.58718e-18
xdut.xbias.ks3                    -1.36728e-18
xdut.xbias.ks4                    -5.26791e-19
xdut.xbias.nkg                    -3.12742e-18
xdut.xbias.nkm                    -6.64623e-19
xdut.xbias.tok                     3.35871e-19
xdut.xbias.noko                   -1.12284e-18
xdut.xbias.nokl                    8.31361e-19
xdut.xbias.nokx                    1.09277e-18
xdut.bias_ok                       1.14892e-18
xdut.xcmp.bias_okb                 1.50253e-18
xdut.xcmp.nbg                     -6.00643e-19
xdut.xcmp.sns                    -2.92337e-199
xdut.xcmp.xrtop.t1               -2.92335e-199
xdut.xcmp.xrtop.t2               -1.66964e-204
xdut.xcmp.snsb                   -5.42912e-199
xdut.xcmp.xrbot.t1                -5.4291e-199
xdut.xcmp.xrbot.t2               -2.92339e-199
xdut.xcmp.xrhys.t1               -3.15965e-203
xdut.xcmp.xrhys.t2                -5.4288e-199
xdut.xcmp.n1                       1.47937e-18
xdut.xcmp.tn                      -2.16894e-19
xdut.xcmp.na                      -1.79196e-18
xdut.xcmp.cmpo                     8.58629e-19
xdut.xcmp.vdda                    -7.55226e-19
xdut.por_raw                       1.72129e-18
xdut.xpor.pdn                     -1.39892e-18
xdut.xpor.ndl                      1.62337e-18
xdut.xpor.ndgp                    -1.07131e-18
xdut.xpor.ndg                     -2.25915e-18
xdut.xpor.ndgn                    -1.81491e-18
xdut.xpor.pgdg                    -1.09098e-18
xdut.xpor.pgdgb                   -7.78274e-19
xdut.xpor.nts                      1.00719e-12
xdut.xpor.tim                     -3.78493e-15
xdut.xpor.nd1                     -7.55287e-19
xdut.xpor.trip                    -2.49801e-18
resetn                             2.02629e-18
xdut.xpor.rstb                    -2.25862e-18
xdut.xpor.nnand                   -2.06912e-18
xdut.xtemp.nbg                    -6.46991e-19
xdut.xtemp.enb                    -8.63016e-19
xdut.xtemp.pb                     -1.86775e-18
xdut.xtemp.pcas                    1.25483e-89
xdut.xtemp.nt                      2.27048e-19
xdut.xtemp.n1                     -7.42769e-19
xdut.xtemp.na                     -1.12232e-18
xdut.xtemp.n2                      7.66489e-19
xdut.xtemp.nb                       1.9893e-19
xdut.xtemp.pg                      5.00336e-18
xdut.xtemp.nz                      7.66489e-19
xdut.xtemp.xrz.t1                  7.66489e-19
xdut.xtemp.xrz.t2                  7.66489e-19
xdut.xtemp.m1d                     1.14855e-18
xdut.xtemp.m2d                     9.58827e-20
xdut.xtemp.m3d                     6.49532e-19
ptat                              -4.81035e-25
xdut.xtemp.nd                       -1.203e-18
xdut.xtemp.nr                      3.49975e-19
ctat                              -1.12232e-18
xdut.xtemp.nc                       1.9893e-19
xdut.xtemp.xr1.t1                   1.9893e-19
xdut.xtemp.xr1.t2                   1.9893e-19
xdut.xtemp.xr2.t1                 -4.81028e-25
xdut.xtemp.xr2.t2                 -6.98961e-26
xdut.xtemp.ptat_trim              -6.98891e-26
xdut.xtemp.xr2trim.t1             -6.98821e-26
xdut.xtemp.xr2trim.t2             -6.99112e-30
xdut.xtemp.xriso.t1               -1.12232e-18
xdut.xtemp.xriso.t2               -1.12232e-18
bvdd#branch                        2.32768e-24
vset#branch                                  0


No. of Data Rows : 4478

  Measurements for Transient Analysis

vdd_end             =  3.30000e+00
resetn_end          =  3.05518e+00
resetn_max          =  3.05634e+00 at=  7.80814e-03
por_raw_max         =  3.30000e+00 at=  6.60505e-03
ibias_end           =  7.30310e-01

ASCII raw file "/var/tmp/eda-job-klt-sim-acdd8384a515/outputs/artifacts/ss_3p300V_125C/waveform.raw"
ngspice-46 done
