# point: supply-ramp-top diag-mn1-l20 r500 ss_27c_3.63v
# process=ss temp=27C final_supply=3.63V rate=500 V/s tstop=0.02226s
# klt status: pass   runtime on runner: 137.638 s   outcome: FAIL

# ==== klt sim deck (exact input given to ngspice on the runner) ====
| * klt sim -- generated corner deck, do not edit
| .lib /opt/pdk/sky130A/libs.tech/combined/sky130.lib.spice ss
| .include /var/tmp/eda-job-klt-sim-acdd8384a515/inputs/netlist.cir
| .temp 27
| .meas tran vdd_end FIND v(vdd) AT=0.02216
| .meas tran resetn_end FIND v(resetn) AT=0.02216
| .meas tran resetn_max MAX v(resetn)
| .meas tran por_raw_max MAX v(xdut.por_raw)
| .meas tran ibias_end FIND v(xdut.ibias) AT=0.02216
| .control
| alter vset=3.63
| set filetype=ascii
| tran 1u 0.02226 0 5e-06
| write /var/tmp/eda-job-klt-sim-acdd8384a515/outputs/artifacts/ss_3p630V_27C/waveform.raw
| quit
| .endc
| .end

# ==== klt diagnostics ====

# ==== ngspice stdout+stderr ====

Note: No compatibility mode selected!


Circuit: * klt sim -- generated corner deck, do not edit

Doing analysis at TEMP = 27.000000 and TNOM = 27.000000

Using SPARSE 1.3 as Direct Linear Solver

Initial Transient Solution
--------------------------

Node                                   Voltage
----                                   -------
vsetn                                     3.63
vdd                                          0
xdut.xbias.na                    -9.64808e-119
xdut.xbias.pg                    -9.85181e-115
xdut.xbias.nbtop                  1.01212e-107
xdut.vref                         9.82847e-117
xdut.xbias.nbg                   -1.24145e-120
xdut.xbias.xrt.t1                 1.01212e-107
xdut.xbias.xrt.t2                 1.01212e-107
xdut.xbias.nb                     1.01212e-107
xdut.xbias.xr1.t1                 1.01212e-107
xdut.xbias.xr1.t2                 1.01212e-107
xdut.xbias.ec                     1.01212e-107
xdut.xbias.xr2.t1                 9.82847e-117
xdut.xbias.xr2.t2                  9.8285e-117
xdut.xbias.er                      9.8285e-117
xdut.xbias.pb                      1.7941e-122
xdut.ibias                        -1.08321e-19
xdut.xbias.nt                    -6.22743e-134
xdut.xbias.n1                     1.35923e-132
xdut.xbias.n2                     8.70146e-134
xdut.xbias.nz                     8.70146e-134
xdut.xbias.xrz.t1                 8.70146e-134
xdut.xbias.xrz.t2                 8.70146e-134
xdut.xbias.ks1                     3.50325e-56
xdut.xbias.ks2                     1.12104e-44
xdut.xbias.ks3                    -2.29589e-41
xdut.xbias.ks4                    -1.03891e-30
xdut.xbias.nkg                    -3.32451e-19
xdut.xbias.nkm                    1.92705e-135
xdut.xbias.tok                     5.65885e-34
xdut.xbias.noko                   -3.55372e-30
xdut.xbias.nokl                   -1.36255e-37
xdut.xbias.nokx                              0
xdut.bias_ok                      -1.05015e-22
xdut.xcmp.bias_okb                 1.40935e-23
xdut.xcmp.nbg                     -7.31719e-19
xdut.xcmp.sns                                0
xdut.xcmp.xrtop.t1                           0
xdut.xcmp.xrtop.t2                           0
xdut.xcmp.snsb                               0
xdut.xcmp.xrbot.t1                           0
xdut.xcmp.xrbot.t2                           0
xdut.xcmp.xrhys.t1                           0
xdut.xcmp.xrhys.t2                           0
xdut.xcmp.n1                       3.47273e-19
xdut.xcmp.tn                      -5.95273e-19
xdut.xcmp.na                       6.80185e-19
xdut.xcmp.cmpo                     6.93944e-20
xdut.xcmp.vdda                    -6.89347e-23
xdut.por_raw                       -2.6633e-19
xdut.xpor.pdn                     -4.80685e-45
xdut.xpor.ndl                     -4.37636e-42
xdut.xpor.ndgp                     2.37211e-22
xdut.xpor.ndg                      -2.6884e-19
xdut.xpor.ndgn                     2.69607e-19
xdut.xpor.pgdg                     -1.1296e-19
xdut.xpor.pgdgb                   -1.95628e-18
xdut.xpor.nts                      9.13035e-24
xdut.xpor.tim                      9.42966e-21
xdut.xpor.nd1                     -1.35254e-22
xdut.xpor.trip                    -1.06971e-20
resetn                             1.09822e-17
xdut.xpor.rstb                    -1.13468e-19
xdut.xpor.nnand                    4.03647e-19
xdut.xtemp.nbg                     1.20027e-18
xdut.xtemp.enb                     2.01564e-19
xdut.xtemp.pb                      2.19983e-19
xdut.xtemp.pcas                    4.48979e-19
xdut.xtemp.nt                     -5.82837e-18
xdut.xtemp.n1                     -2.86796e-18
xdut.xtemp.na                     -2.64405e-17
xdut.xtemp.n2                     -4.55574e-18
xdut.xtemp.nb                          1.53712
xdut.xtemp.pg                     -1.07747e-18
xdut.xtemp.nz                     -4.55574e-18
xdut.xtemp.xrz.t1                 -4.55574e-18
xdut.xtemp.xrz.t2                 -4.55574e-18
xdut.xtemp.m1d                    -9.26881e-20
xdut.xtemp.m2d                        0.931612
xdut.xtemp.m3d                    -3.75254e-05
ptat                                  -2.02444
xdut.xtemp.nd                      1.86039e-19
xdut.xtemp.nr                     -4.31279e-19
ctat                              -2.64405e-17
xdut.xtemp.nc                     -5.86623e+08
xdut.xtemp.xr1.t1                      1.80023
xdut.xtemp.xr1.t2                 -5.86623e+08
xdut.xtemp.xr2.t1                     -2.37087
xdut.xtemp.xr2.t2                      -7119.4
xdut.xtemp.ptat_trim                  -7119.74
xdut.xtemp.xr2trim.t1                 -7120.09
xdut.xtemp.xr2trim.t2                 0.346428
xdut.xtemp.xriso.t1               -2.64405e-17
xdut.xtemp.xriso.t2               -2.64405e-17
bvdd#branch                         0.00469332
vset#branch                                  0


No. of Data Rows : 4489

  Measurements for Transient Analysis

vdd_end             =  3.63000e+00
resetn_end          =  3.31250e+00
resetn_max          =  3.31250e+00 at=  8.03673e-03
por_raw_max         =  3.63000e+00 at=  8.03289e-03
ibias_end           =  8.36269e-01

ASCII raw file "/var/tmp/eda-job-klt-sim-acdd8384a515/outputs/artifacts/ss_3p630V_27C/waveform.raw"
ngspice-46 done
