corner ff_125c_3.63v  combo en-delayed__base  verdict-input status=pass
graded: ptat=1.87636; ctat=0.465827; na=0.465835; nb=0.465841; isup=9.87366e-06; bias_ok=3.62987; ptat_settled=8.27609e-11; ctat_settled=5.13534e-13  fails=[]
--- deck ---
* klt sim -- generated corner deck, do not edit
.lib /opt/pdk/sky130A/libs.tech/combined/sky130.lib.spice ff
.include /var/tmp/eda-job-klt-sim-550d9ad1ae03/inputs/netlist.cir
.temp 125
.meas tran vdd_end FIND v(vdd) AT=0.01
.control
alter vset=3.63
set filetype=ascii
tran 1e-05 0.01 uic
write /var/tmp/eda-job-klt-sim-550d9ad1ae03/outputs/artifacts/ff_3p630V_125C/waveform.raw
quit
.endc
.end

--- ngspice log ---

Note: No compatibility mode selected!


Circuit: * klt sim -- generated corner deck, do not edit

Doing analysis at TEMP = 125.000000 and TNOM = 27.000000

Using SPARSE 1.3 as Direct Linear Solver
Operating point simulation skipped by 'uic',
  now using transient initial conditions.

No. of Data Rows : 1037

  Measurements for Transient Analysis

vdd_end             =  3.63000e+00

ASCII raw file "/var/tmp/eda-job-klt-sim-550d9ad1ae03/outputs/artifacts/ff_3p630V_125C/waveform.raw"
ngspice-46 done

