corner ss_-40c_3.63v  combo en-delayed__base  verdict-input status=fail
graded: ptat=5.36534; ctat=0.782886; na=0.782886; nb=0.782887; isup=-0.00622135; bias_ok=3.63; ptat_settled=8.49099e-13; ctat_settled=4.85056e-12  fails=['ptat', 'isup']
--- deck ---
* klt sim -- generated corner deck, do not edit
.lib /opt/pdk/sky130A/libs.tech/combined/sky130.lib.spice ss
.include /var/tmp/eda-job-klt-sim-550d9ad1ae03/inputs/netlist.cir
.temp -40
.meas tran vdd_end FIND v(vdd) AT=0.01
.control
alter vset=3.63
set filetype=ascii
tran 1e-05 0.01 uic
write /var/tmp/eda-job-klt-sim-550d9ad1ae03/outputs/artifacts/ss_3p630V_n40C/waveform.raw
quit
.endc
.end

--- ngspice log ---

Note: No compatibility mode selected!


Circuit: * klt sim -- generated corner deck, do not edit

Doing analysis at TEMP = -40.000000 and TNOM = 27.000000

Using SPARSE 1.3 as Direct Linear Solver
Operating point simulation skipped by 'uic',
  now using transient initial conditions.

No. of Data Rows : 1040

  Measurements for Transient Analysis

vdd_end             =  3.63000e+00

ASCII raw file "/var/tmp/eda-job-klt-sim-550d9ad1ae03/outputs/artifacts/ss_3p630V_n40C/waveform.raw"
ngspice-46 done

