corner ss_-40c_3.30v  combo en-delayed__base  verdict-input status=fail
graded: ptat=0.000169379; ctat=0.602313; na=0.602313; nb=0.551617; isup=-2.82792e-06; bias_ok=1.59347e-09; ptat_settled=5.87542e-06; ctat_settled=0.000770559  fails=['ptat', 'isup', 'bias_ok']
--- deck ---
* klt sim -- generated corner deck, do not edit
.lib /opt/pdk/sky130A/libs.tech/combined/sky130.lib.spice ss
.include /var/tmp/eda-job-klt-sim-550d9ad1ae03/inputs/netlist.cir
.temp -40
.meas tran vdd_end FIND v(vdd) AT=0.01
.control
alter vset=3.3
set filetype=ascii
tran 1e-05 0.01 uic
write /var/tmp/eda-job-klt-sim-550d9ad1ae03/outputs/artifacts/ss_3p300V_n40C/waveform.raw
quit
.endc
.end

--- ngspice log ---

Note: No compatibility mode selected!


Circuit: * klt sim -- generated corner deck, do not edit

Doing analysis at TEMP = -40.000000 and TNOM = 27.000000

Using SPARSE 1.3 as Direct Linear Solver
Operating point simulation skipped by 'uic',
  now using transient initial conditions.

No. of Data Rows : 1027

  Measurements for Transient Analysis

vdd_end             =  3.30000e+00

ASCII raw file "/var/tmp/eda-job-klt-sim-550d9ad1ae03/outputs/artifacts/ss_3p300V_n40C/waveform.raw"
ngspice-46 done

