# point: por-comparator-thresholds ideal-bias-postlayout r50 fs_125c
# process=fs temp=125C rate=50 V/s tstop=0.1452s klt status: pass

# ==== klt sim deck ====
| * klt sim -- generated corner deck, do not edit
| .lib /opt/pdk/sky130A/libs.tech/combined/sky130.lib.spice fs
| .include /var/tmp/eda-job-klt-sim-3eeb6b1413b2/inputs/netlist.cir
| .temp 125
| .meas tran vdd_end FIND v(vdd) AT=0.145199
| .meas tran por_raw_max MAX v(por_raw)
| .control
| alter vset=3.63
| set filetype=ascii
| tran 1u 0.1452 0 2e-05
| write /var/tmp/eda-job-klt-sim-3eeb6b1413b2/outputs/artifacts/fs_3p630V_125C/waveform.raw
| quit
| .endc
| .end

# ==== klt diagnostics ====

# ==== ngspice stdout+stderr ====

Note: No compatibility mode selected!


Circuit: * klt sim -- generated corner deck, do not edit

Doing analysis at TEMP = 125.000000 and TNOM = 27.000000

Using SPARSE 1.3 as Direct Linear Solver

Initial Transient Solution
--------------------------

Node                                   Voltage
----                                   -------
vsetn                                     3.63
vdd                                          0
xdut.xpex.vss__t0                 -9.43639e-84
xdut.xpex.n1__t0                  -4.99153e-19
xdut.xpex.snsb__t2                 -9.6348e-81
xdut.xpex.vss__t13                 1.88391e-83
xdut.xpex.bias_okb__t3              1.3317e-18
xdut.xpex.bias_ok__t0                        0
xdut.xpex.vss__t2                 -1.88969e-28
xdut.xpex.vss__t14                 1.46001e-28
xdut.xpex.ibias__t0                    46.3794
xdut.xpex.bias_okb__t1              1.3317e-18
xdut.xpex.vss__t3                  1.23703e-07
xdut.xpex.vss__t17                 9.66205e-06
xdut.xpex.tn__t0                  -8.70805e-18
xdut.xpex.nbg__t0                     0.432112
xdut.xpex.vss__t7                 -8.02116e-24
xdut.xpex.vss__t18                -5.36129e-25
xdut.xpex.n1__t3                  -4.99148e-19
xdut.xpex.cmpo__t1                -1.47147e-15
xdut.xpex.vss__t9                 -9.17681e-25
xdut.xpex.vss__t15                 1.22579e-25
xdut.xpex.por_raw__t0              3.02685e-18
xdut.xpex.n1__t1                  -4.99153e-19
xdut.xpex.vss__t8                 -2.24505e-25
xdut.xpex.vss__t16                 3.00419e-25
xdut.xpex.nbg__t3                     0.432112
xdut.xpex.bias_okb__t4              1.3317e-18
xdut.xpex.vss__t4                  6.00916e-09
xdut.xpex.vss__t19                 3.23399e-09
xdut.xpex.ibias__t1                    46.3793
xdut.xpex.nbg__t1                     0.432112
xdut.xpex.vss__t5                  8.76829e-06
xdut.xpex.vss__t21                 0.000167804
xdut.xpex.ibias__t2                    46.3794
xdut.xpex.bias_ok__t2                        0
xdut.xpex.nbg__t2                     0.432112
xdut.xpex.vss__t20                 1.14087e-05
xdut.xpex.na__t0                  -2.81336e-17
xdut.xpex.sns__t2                 -5.18476e-81
xdut.xpex.tn__t1                  -8.70805e-18
xdut.xpex.vss__t22                -3.16785e-24
xdut.xpex.cmpo__t4                -1.47147e-15
xdut.xpex.vref__t0                           0
xdut.xpex.tn__t2                  -8.70805e-18
xdut.xpex.vss__t23                 3.60679e-23
xdut.xpex.cmpo__t3                -1.47147e-15
xdut.xpex.bias_okb__t5              1.3317e-18
xdut.xpex.vss__t6                 -8.58661e-24
xdut.xpex.vss__t24                 3.65263e-23
xdut.xpex.bias_okb__t2              1.3317e-18
xdut.xpex.bias_ok__t1                        0
xdut.xpex.vdd__t0                 -4.35376e-28
xdut.xpex.vdd__t1                  5.22091e-28
xdut.xpex.n1__t4                  -4.99157e-19
xdut.xpex.cmpo__t0                -1.47147e-15
xdut.xpex.vdd__t10                 1.41212e-24
xdut.xpex.vdd__t8                 -1.39099e-26
xdut.xpex.por_raw__t1              3.02685e-18
xdut.xpex.n1__t2                  -4.99153e-19
xdut.xpex.vdd__t9                 -1.49222e-25
xdut.xpex.vdd__t7                  1.81038e-26
xdut.xpex.vdda__t0                -2.44749e-16
xdut.xpex.bias_okb__t0              1.3317e-18
xdut.xpex.vdd__t2                 -5.92209e-23
xdut.xpex.vdd__t3                 -2.96555e-24
xdut.xpex.na__t1                  -2.81336e-17
xdut.xpex.na__t2                  -2.81336e-17
xdut.xpex.vdda__t1                -2.44749e-16
xdut.xpex.vdd__t4                 -3.21219e-24
xdut.xpex.cmpo__t2                -1.47147e-15
xdut.xpex.na__t3                  -2.81336e-17
xdut.xpex.vdda__t2                -2.44749e-16
xdut.xpex.vdd__t6                 -3.32331e-23
xdut.xpex.snsb__t0                -9.61844e-81
xdut.xpex.x$19.t1                 -9.61788e-81
xdut.xpex.x$19.t2                 -1.01127e-83
xdut.xpex.vss__t1                 -9.55352e-84
xdut.xpex.vss__t10                           0
xdut.xpex.sns__t0                 -5.18483e-81
xdut.xpex.x$20.t1                 -5.18486e-81
xdut.xpex.x$20.t2                 -9.62684e-81
xdut.xpex.snsb__t1                -9.62686e-81
xdut.xpex.vss__t11                           0
xdut.xpex.sns__t1                 -5.18465e-81
xdut.xpex.x$21.t1                 -5.18462e-81
xdut.xpex.x$21.t2                 -2.30847e-84
xdut.xpex.vdd__t5                 -2.27887e-84
xdut.xpex.vss__t12                           0
bias_ok                                      0
vsubs                                        0
xdut.xpex.bias_okb                  1.3317e-18
xdut.xpex.cmpo                    -1.47147e-15
ibias                                  46.3794
xdut.xpex.n1                      -4.99153e-19
xdut.xpex.na                      -2.81336e-17
xdut.xpex.nbg                         0.432112
por_raw                            3.02685e-18
xdut.xpex.sns                     -5.18476e-81
xdut.xpex.snsb                    -9.62771e-81
xdut.xpex.tn                      -8.70805e-18
xdut.xpex.vdda                    -2.44749e-16
vref                                         0
bbok#branch                                  0
bvref#branch                                 0
bvdd#branch                       -2.69307e-25
vset#branch                                  0


No. of Data Rows : 7275

  Measurements for Transient Analysis

vdd_end             =  5.00000e-05
por_raw_max         =  3.62998e+00 at=  7.26005e-02

ASCII raw file "/var/tmp/eda-job-klt-sim-3eeb6b1413b2/outputs/artifacts/fs_3p630V_125C/waveform.raw"
ngspice-46 done
