# point: por-comparator-thresholds ideal-bias-postlayout r50 sf_125c
# process=sf temp=125C rate=50 V/s tstop=0.1452s klt status: pass

# ==== klt sim deck ====
| * klt sim -- generated corner deck, do not edit
| .lib /opt/pdk/sky130A/libs.tech/combined/sky130.lib.spice sf
| .include /var/tmp/eda-job-klt-sim-3eeb6b1413b2/inputs/netlist.cir
| .temp 125
| .meas tran vdd_end FIND v(vdd) AT=0.145199
| .meas tran por_raw_max MAX v(por_raw)
| .control
| alter vset=3.63
| set filetype=ascii
| tran 1u 0.1452 0 2e-05
| write /var/tmp/eda-job-klt-sim-3eeb6b1413b2/outputs/artifacts/sf_3p630V_125C/waveform.raw
| quit
| .endc
| .end

# ==== klt diagnostics ====

# ==== ngspice stdout+stderr ====

Note: No compatibility mode selected!


Circuit: * klt sim -- generated corner deck, do not edit

Doing analysis at TEMP = 125.000000 and TNOM = 27.000000

Using SPARSE 1.3 as Direct Linear Solver

Initial Transient Solution
--------------------------

Node                                   Voltage
----                                   -------
vsetn                                     3.63
vdd                                          0
xdut.xpex.vss__t0                  1.87457e-56
xdut.xpex.n1__t0                   -5.4907e-18
xdut.xpex.snsb__t2                 1.83597e-53
xdut.xpex.vss__t13                -3.66631e-56
xdut.xpex.bias_okb__t3            -5.88404e-25
xdut.xpex.bias_ok__t0                        0
xdut.xpex.vss__t2                  1.06975e-31
xdut.xpex.vss__t14                -9.62074e-32
xdut.xpex.ibias__t0                    29.9312
xdut.xpex.bias_okb__t1            -5.88404e-25
xdut.xpex.vss__t3                   3.3444e-07
xdut.xpex.vss__t17                 1.66208e-05
xdut.xpex.tn__t0                  -4.65134e-15
xdut.xpex.nbg__t0                     0.372416
xdut.xpex.vss__t7                 -1.43029e-20
xdut.xpex.vss__t18                -2.12094e-22
xdut.xpex.n1__t3                   -5.4907e-18
xdut.xpex.cmpo__t1                -2.04714e-15
xdut.xpex.vss__t9                  3.89479e-25
xdut.xpex.vss__t15                -3.60349e-25
xdut.xpex.por_raw__t0             -2.94603e-20
xdut.xpex.n1__t1                   -5.4907e-18
xdut.xpex.vss__t8                   5.0702e-27
xdut.xpex.vss__t16                -4.55986e-27
xdut.xpex.nbg__t3                     0.372416
xdut.xpex.bias_okb__t4            -5.88404e-25
xdut.xpex.vss__t4                  1.31558e-07
xdut.xpex.vss__t19                 3.22203e-09
xdut.xpex.ibias__t1                    29.9311
xdut.xpex.nbg__t1                     0.372416
xdut.xpex.vss__t5                  7.11187e-06
xdut.xpex.vss__t21                 0.000166292
xdut.xpex.ibias__t2                    29.9312
xdut.xpex.bias_ok__t2                        0
xdut.xpex.nbg__t2                     0.372416
xdut.xpex.vss__t20                 7.23594e-06
xdut.xpex.na__t0                  -6.92371e-13
xdut.xpex.sns__t2                  9.87989e-54
xdut.xpex.tn__t1                  -4.65135e-15
xdut.xpex.vss__t22                 2.47627e-20
xdut.xpex.cmpo__t4                -2.04714e-15
xdut.xpex.vref__t0                           0
xdut.xpex.tn__t2                  -4.65135e-15
xdut.xpex.vss__t23                -5.49151e-22
xdut.xpex.cmpo__t3                -2.04714e-15
xdut.xpex.bias_okb__t5            -5.88404e-25
xdut.xpex.vss__t6                 -1.32818e-21
xdut.xpex.vss__t24                -1.66802e-22
xdut.xpex.bias_okb__t2            -5.88404e-25
xdut.xpex.bias_ok__t1                        0
xdut.xpex.vdd__t0                 -9.28853e-33
xdut.xpex.vdd__t1                 -1.24421e-32
xdut.xpex.n1__t4                   -5.4907e-18
xdut.xpex.cmpo__t0                -2.04714e-15
xdut.xpex.vdd__t10                -2.46108e-26
xdut.xpex.vdd__t8                 -2.66137e-26
xdut.xpex.por_raw__t1             -2.94603e-20
xdut.xpex.n1__t2                   -5.4907e-18
xdut.xpex.vdd__t9                 -3.76765e-28
xdut.xpex.vdd__t7                 -5.04681e-28
xdut.xpex.vdda__t0                -7.82569e-15
xdut.xpex.bias_okb__t0            -5.88404e-25
xdut.xpex.vdd__t2                 -5.84719e-23
xdut.xpex.vdd__t3                 -8.37179e-23
xdut.xpex.na__t1                  -6.92371e-13
xdut.xpex.na__t2                  -6.92371e-13
xdut.xpex.vdda__t1                -7.82569e-15
xdut.xpex.vdd__t4                 -1.51864e-20
xdut.xpex.cmpo__t2                -2.04714e-15
xdut.xpex.na__t3                  -6.92371e-13
xdut.xpex.vdda__t2                -7.82569e-15
xdut.xpex.vdd__t6                 -1.03054e-22
xdut.xpex.snsb__t0                 1.83286e-53
xdut.xpex.x$19.t1                  1.83275e-53
xdut.xpex.x$19.t2                  1.92705e-56
xdut.xpex.vss__t1                  1.82048e-56
xdut.xpex.vss__t10                           0
xdut.xpex.sns__t0                  9.88003e-54
xdut.xpex.x$20.t1                  9.88008e-54
xdut.xpex.x$20.t2                  1.83445e-53
xdut.xpex.snsb__t1                 1.83446e-53
xdut.xpex.vss__t11                           0
xdut.xpex.sns__t1                  9.87967e-54
xdut.xpex.x$21.t1                  9.87962e-54
xdut.xpex.x$21.t2                  4.39894e-57
xdut.xpex.vdd__t5                  4.34253e-57
xdut.xpex.vss__t12                           0
bias_ok                                      0
vsubs                                        0
xdut.xpex.bias_okb                -5.88404e-25
xdut.xpex.cmpo                    -2.04714e-15
ibias                                  29.9312
xdut.xpex.n1                       -5.4907e-18
xdut.xpex.na                      -6.92371e-13
xdut.xpex.nbg                         0.372416
por_raw                           -2.94603e-20
xdut.xpex.sns                      9.87989e-54
xdut.xpex.snsb                     1.83462e-53
xdut.xpex.tn                      -4.65135e-15
xdut.xpex.vdda                    -7.82569e-15
vref                                         0
bbok#branch                                  0
bvref#branch                                 0
bvdd#branch                       -4.30891e-23
vset#branch                                  0


No. of Data Rows : 7275

  Measurements for Transient Analysis

vdd_end             =  5.00000e-05
por_raw_max         =  3.62996e+00 at=  7.26005e-02

ASCII raw file "/var/tmp/eda-job-klt-sim-3eeb6b1413b2/outputs/artifacts/sf_3p630V_125C/waveform.raw"
ngspice-46 done
