# point: por-comparator-thresholds ideal-bias-postlayout r50 ss_-40c
# process=ss temp=-40C rate=50 V/s tstop=0.1452s klt status: pass

# ==== klt sim deck ====
| * klt sim -- generated corner deck, do not edit
| .lib /opt/pdk/sky130A/libs.tech/combined/sky130.lib.spice ss
| .include /var/tmp/eda-job-klt-sim-3eeb6b1413b2/inputs/netlist.cir
| .temp -40
| .meas tran vdd_end FIND v(vdd) AT=0.145199
| .meas tran por_raw_max MAX v(por_raw)
| .control
| alter vset=3.63
| set filetype=ascii
| tran 1u 0.1452 0 2e-05
| write /var/tmp/eda-job-klt-sim-3eeb6b1413b2/outputs/artifacts/ss_3p630V_n40C/waveform.raw
| quit
| .endc
| .end

# ==== klt diagnostics ====

# ==== ngspice stdout+stderr ====

Note: No compatibility mode selected!


Circuit: * klt sim -- generated corner deck, do not edit

Doing analysis at TEMP = -40.000000 and TNOM = 27.000000

Using SPARSE 1.3 as Direct Linear Solver

Initial Transient Solution
--------------------------

Node                                   Voltage
----                                   -------
vsetn                                     3.63
vdd                                          0
xdut.xpex.vss__t0                -1.25594e-111
xdut.xpex.n1__t0                  -5.82349e-14
xdut.xpex.snsb__t2               -1.28579e-108
xdut.xpex.vss__t13                2.51189e-111
xdut.xpex.bias_okb__t3             5.81052e-61
xdut.xpex.bias_ok__t0                        0
xdut.xpex.vss__t2                 -2.32344e-70
xdut.xpex.vss__t14                 1.16177e-70
xdut.xpex.ibias__t0                    171.461
xdut.xpex.bias_okb__t1             5.81052e-61
xdut.xpex.vss__t3                  1.42338e-10
xdut.xpex.vss__t17                 3.92195e-05
xdut.xpex.tn__t0                   3.08395e-41
xdut.xpex.nbg__t0                     0.321625
xdut.xpex.vss__t7                  3.10099e-52
xdut.xpex.vss__t18                 5.99422e-51
xdut.xpex.n1__t3                  -5.82349e-14
xdut.xpex.cmpo__t1                -2.16614e-41
xdut.xpex.vss__t9                   2.2173e-23
xdut.xpex.vss__t15                 -1.1086e-23
xdut.xpex.por_raw__t0              6.29691e-15
xdut.xpex.n1__t1                  -5.82349e-14
xdut.xpex.vss__t8                 -2.38383e-24
xdut.xpex.vss__t16                 1.19184e-24
xdut.xpex.nbg__t3                     0.321625
xdut.xpex.bias_okb__t4             5.81052e-61
xdut.xpex.vss__t4                  1.40761e-13
xdut.xpex.vss__t19                 6.39547e-11
xdut.xpex.ibias__t1                    171.461
xdut.xpex.nbg__t1                     0.321625
xdut.xpex.vss__t5                  2.04698e-08
xdut.xpex.vss__t21                 7.91763e-05
xdut.xpex.ibias__t2                    171.461
xdut.xpex.bias_ok__t2                        0
xdut.xpex.nbg__t2                     0.321625
xdut.xpex.vss__t20                 7.87428e-05
xdut.xpex.na__t0                  -2.40546e-41
xdut.xpex.sns__t2                -6.91362e-109
xdut.xpex.tn__t1                   3.08395e-41
xdut.xpex.vss__t22                 1.30808e-51
xdut.xpex.cmpo__t4                -2.16614e-41
xdut.xpex.vref__t0                           0
xdut.xpex.tn__t2                   3.08395e-41
xdut.xpex.vss__t23                 1.76667e-51
xdut.xpex.cmpo__t3                -2.16614e-41
xdut.xpex.bias_okb__t5             5.81052e-61
xdut.xpex.vss__t6                   3.6279e-51
xdut.xpex.vss__t24                -4.14064e-51
xdut.xpex.bias_okb__t2             5.81052e-61
xdut.xpex.bias_ok__t1                        0
xdut.xpex.vdd__t0                 -2.13509e-74
xdut.xpex.vdd__t1                  2.34466e-70
xdut.xpex.n1__t4                  -5.82349e-14
xdut.xpex.cmpo__t0                -2.16614e-41
xdut.xpex.vdd__t10                -1.82836e-27
xdut.xpex.vdd__t8                 -1.94951e-23
xdut.xpex.por_raw__t1              6.29691e-15
xdut.xpex.n1__t2                  -5.82349e-14
xdut.xpex.vdd__t9                  2.67594e-28
xdut.xpex.vdd__t7                  2.05852e-24
xdut.xpex.vdda__t0                 1.13571e-46
xdut.xpex.bias_okb__t0             5.81052e-61
xdut.xpex.vdd__t2                 -4.54192e-60
xdut.xpex.vdd__t3                  4.13662e-56
xdut.xpex.na__t1                  -2.40546e-41
xdut.xpex.na__t2                  -2.40546e-41
xdut.xpex.vdda__t1                 1.13571e-46
xdut.xpex.vdd__t4                 -8.61376e-51
xdut.xpex.cmpo__t2                -2.16614e-41
xdut.xpex.na__t3                  -2.40546e-41
xdut.xpex.vdda__t2                 1.13571e-46
xdut.xpex.vdd__t6                  -7.7091e-51
xdut.xpex.snsb__t0                -1.2836e-108
xdut.xpex.x$19.t1                -1.28352e-108
xdut.xpex.x$19.t2                -1.36406e-111
xdut.xpex.vss__t1                -1.27617e-111
xdut.xpex.vss__t10                           0
xdut.xpex.sns__t0                -6.91371e-109
xdut.xpex.x$20.t1                -6.91376e-109
xdut.xpex.x$20.t2                -1.28472e-108
xdut.xpex.snsb__t1               -1.28473e-108
xdut.xpex.vss__t11                           0
xdut.xpex.sns__t1                -6.91347e-109
xdut.xpex.x$21.t1                -6.91342e-109
xdut.xpex.x$21.t2                -3.08699e-112
xdut.xpex.vdd__t5                -3.04052e-112
xdut.xpex.vss__t12                           0
bias_ok                                      0
vsubs                                        0
xdut.xpex.bias_okb                 5.81052e-61
xdut.xpex.cmpo                    -2.16614e-41
ibias                                  171.461
xdut.xpex.n1                      -5.82349e-14
xdut.xpex.na                      -2.40546e-41
xdut.xpex.nbg                         0.321625
por_raw                            6.29691e-15
xdut.xpex.sns                    -6.91362e-109
xdut.xpex.snsb                   -1.28484e-108
xdut.xpex.tn                       3.08395e-41
xdut.xpex.vdda                     1.13571e-46
vref                                         0
bbok#branch                                  0
bvref#branch                                 0
bvdd#branch                       -5.19427e-26
vset#branch                                  0


No. of Data Rows : 7273

  Measurements for Transient Analysis

vdd_end             =  5.00000e-05
por_raw_max         =  3.62968e+00 at=  7.25937e-02

ASCII raw file "/var/tmp/eda-job-klt-sim-3eeb6b1413b2/outputs/artifacts/ss_3p630V_n40C/waveform.raw"
ngspice-46 done
