# point: por-comparator-thresholds ideal-bias-postlayout r50 ss_27c
# process=ss temp=27C rate=50 V/s tstop=0.1452s klt status: pass

# ==== klt sim deck ====
| * klt sim -- generated corner deck, do not edit
| .lib /opt/pdk/sky130A/libs.tech/combined/sky130.lib.spice ss
| .include /var/tmp/eda-job-klt-sim-3eeb6b1413b2/inputs/netlist.cir
| .temp 27
| .meas tran vdd_end FIND v(vdd) AT=0.145199
| .meas tran por_raw_max MAX v(por_raw)
| .control
| alter vset=3.63
| set filetype=ascii
| tran 1u 0.1452 0 2e-05
| write /var/tmp/eda-job-klt-sim-3eeb6b1413b2/outputs/artifacts/ss_3p630V_27C/waveform.raw
| quit
| .endc
| .end

# ==== klt diagnostics ====

# ==== ngspice stdout+stderr ====

Note: No compatibility mode selected!


Circuit: * klt sim -- generated corner deck, do not edit

Doing analysis at TEMP = 27.000000 and TNOM = 27.000000

Using SPARSE 1.3 as Direct Linear Solver

Initial Transient Solution
--------------------------

Node                                   Voltage
----                                   -------
vsetn                                     3.63
vdd                                          0
xdut.xpex.vss__t0                 5.09274e-186
xdut.xpex.n1__t0                   1.04546e-14
xdut.xpex.snsb__t2                5.21848e-183
xdut.xpex.vss__t13               -1.01854e-185
xdut.xpex.bias_okb__t3            -5.33821e-21
xdut.xpex.bias_ok__t0                        0
xdut.xpex.vss__t2                  2.12906e-30
xdut.xpex.vss__t14                -1.06516e-30
xdut.xpex.ibias__t0                    105.361
xdut.xpex.bias_okb__t1            -5.33821e-21
xdut.xpex.vss__t3                  1.38582e-08
xdut.xpex.vss__t17                 2.12303e-05
xdut.xpex.tn__t0                   -1.6101e-16
xdut.xpex.nbg__t0                     0.473836
xdut.xpex.vss__t7                  4.27801e-23
xdut.xpex.vss__t18                -3.14861e-26
xdut.xpex.n1__t3                   1.04546e-14
xdut.xpex.cmpo__t1                -1.46704e-13
xdut.xpex.vss__t9                 -4.04742e-24
xdut.xpex.vss__t15                 2.00361e-24
xdut.xpex.por_raw__t0             -1.95451e-18
xdut.xpex.n1__t1                   1.04546e-14
xdut.xpex.vss__t8                  7.55534e-28
xdut.xpex.vss__t16                -3.75803e-28
xdut.xpex.nbg__t3                     0.473836
xdut.xpex.bias_okb__t4            -5.33821e-21
xdut.xpex.vss__t4                  7.34844e-11
xdut.xpex.vss__t19                 9.42837e-11
xdut.xpex.ibias__t1                    105.361
xdut.xpex.nbg__t1                     0.473836
xdut.xpex.vss__t5                  6.99528e-06
xdut.xpex.vss__t21                 0.000127285
xdut.xpex.ibias__t2                    105.361
xdut.xpex.bias_ok__t2                        0
xdut.xpex.nbg__t2                     0.473836
xdut.xpex.vss__t20                 4.19886e-05
xdut.xpex.na__t0                  -1.09454e-16
xdut.xpex.sns__t2                 2.80821e-183
xdut.xpex.tn__t1                   -1.6101e-16
xdut.xpex.vss__t22                -5.27267e-26
xdut.xpex.cmpo__t4                -1.46704e-13
xdut.xpex.vref__t0                           0
xdut.xpex.tn__t2                   -1.6101e-16
xdut.xpex.vss__t23                -2.79928e-23
xdut.xpex.cmpo__t3                -1.46704e-13
xdut.xpex.bias_okb__t5            -5.33821e-21
xdut.xpex.vss__t6                  4.18307e-23
xdut.xpex.vss__t24                -2.77675e-23
xdut.xpex.bias_okb__t2            -5.33821e-21
xdut.xpex.bias_ok__t1                        0
xdut.xpex.vdd__t0                  6.56297e-33
xdut.xpex.vdd__t1                 -2.15368e-30
xdut.xpex.n1__t4                   1.04546e-14
xdut.xpex.cmpo__t0                -1.46704e-13
xdut.xpex.vdd__t10                 9.24455e-26
xdut.xpex.vdd__t8                  3.50165e-24
xdut.xpex.por_raw__t1             -1.95451e-18
xdut.xpex.n1__t2                   1.04546e-14
xdut.xpex.vdd__t9                 -1.64769e-29
xdut.xpex.vdd__t7                 -6.39387e-28
xdut.xpex.vdda__t0                -2.02333e-16
xdut.xpex.bias_okb__t0            -5.33821e-21
xdut.xpex.vdd__t2                 -1.11339e-27
xdut.xpex.vdd__t3                 -7.37737e-26
xdut.xpex.na__t1                  -1.09454e-16
xdut.xpex.na__t2                  -1.09454e-16
xdut.xpex.vdda__t1                -2.02333e-16
xdut.xpex.vdd__t4                 -1.11765e-25
xdut.xpex.cmpo__t2                -1.46704e-13
xdut.xpex.na__t3                  -1.09454e-16
xdut.xpex.vdda__t2                -2.02333e-16
xdut.xpex.vdd__t6                 -5.24187e-23
xdut.xpex.snsb__t0                5.20962e-183
xdut.xpex.x$19.t1                 5.20925e-183
xdut.xpex.x$19.t2                 5.54024e-186
xdut.xpex.vss__t1                 5.17433e-186
xdut.xpex.vss__t10                           0
xdut.xpex.sns__t0                 2.80825e-183
xdut.xpex.x$20.t1                 2.80827e-183
xdut.xpex.x$20.t2                 5.21416e-183
xdut.xpex.snsb__t1                5.21418e-183
xdut.xpex.vss__t11                           0
xdut.xpex.sns__t1                 2.80815e-183
xdut.xpex.x$21.t1                 2.80813e-183
xdut.xpex.x$21.t2                 1.25366e-186
xdut.xpex.vdd__t5                  1.2343e-186
xdut.xpex.vss__t12                           0
bias_ok                                      0
vsubs                                        0
xdut.xpex.bias_okb                -5.33821e-21
xdut.xpex.cmpo                    -1.46704e-13
ibias                                  105.361
xdut.xpex.n1                       1.04546e-14
xdut.xpex.na                      -1.09454e-16
xdut.xpex.nbg                         0.473836
por_raw                           -1.95451e-18
xdut.xpex.sns                     2.80821e-183
xdut.xpex.snsb                    5.21464e-183
xdut.xpex.tn                       -1.6101e-16
xdut.xpex.vdda                    -2.02333e-16
vref                                         0
bbok#branch                                  0
bvref#branch                                 0
bvdd#branch                       -1.37071e-25
vset#branch                                  0


No. of Data Rows : 7273

  Measurements for Transient Analysis

vdd_end             =  5.00000e-05
por_raw_max         =  3.62985e+00 at=  7.25969e-02

ASCII raw file "/var/tmp/eda-job-klt-sim-3eeb6b1413b2/outputs/artifacts/ss_3p630V_27C/waveform.raw"
ngspice-46 done
