corner ss_125c_2.97v  combo en-high__ramp2m  verdict-input status=pass
graded: ptat=1.87668; ctat=0.466414; na=0.466417; nb=0.466418; isup=9.48422e-06; bias_ok=2.96997; ptat_settled=5.73157e-11; ctat_settled=3.41838e-13  fails=[]
--- deck ---
* klt sim -- generated corner deck, do not edit
.lib /opt/pdk/sky130A/libs.tech/combined/sky130.lib.spice ss
.include /var/tmp/eda-job-klt-sim-646278cd4131/inputs/netlist.cir
.temp 125
.meas tran vdd_end FIND v(vdd) AT=0.01
.control
alter vset=2.97
set filetype=ascii
tran 1e-05 0.01 uic
write /var/tmp/eda-job-klt-sim-646278cd4131/outputs/artifacts/ss_2p970V_125C/waveform.raw
quit
.endc
.end

--- ngspice log ---

Note: No compatibility mode selected!


Circuit: * klt sim -- generated corner deck, do not edit

Doing analysis at TEMP = 125.000000 and TNOM = 27.000000

Using SPARSE 1.3 as Direct Linear Solver
Operating point simulation skipped by 'uic',
  now using transient initial conditions.

No. of Data Rows : 1014

  Measurements for Transient Analysis

vdd_end             =  2.97000e+00

ASCII raw file "/var/tmp/eda-job-klt-sim-646278cd4131/outputs/artifacts/ss_2p970V_125C/waveform.raw"
ngspice-46 done

